Archive member included to satisfy reference by file (symbol)

/usr/local/xenon/usr/lib/libxenon.a(argv.o)
                              /usr/local/xenon/lib/gcc/xenon/6.3.0/../../../../xenon/lib/../lib/crt1.o (__check_argv)
/usr/local/xenon/usr/lib/libxenon.a(startup_from_xell.o)
                              (_start)
/usr/local/xenon/usr/lib/libxenon.a(console.o)
                              main.o (console_putch)
/usr/local/xenon/usr/lib/libxenon.a(input.o)
                              main.o (get_controller_data)
/usr/local/xenon/usr/lib/libxenon.a(newlib.o)
                              /usr/local/xenon/usr/lib/libxenon.a(console.o) (stdout_hook)
/usr/local/xenon/usr/lib/libxenon.a(xenon_syscalls.o)
                              /usr/local/xenon/usr/lib/libxenon.a(newlib.o) (__syscalls)
/usr/local/xenon/usr/lib/libxenon.a(lib_malloc.o)
                              main.o (kmem_init)
/usr/local/xenon/usr/lib/libxenon.a(atomic.o)
                              /usr/local/xenon/usr/lib/libxenon.a(startup_from_xell.o) (atomic_clearset)
/usr/local/xenon/usr/lib/libxenon.a(cache.o)
                              /usr/local/xenon/usr/lib/libxenon.a(console.o) (memdcbst)
/usr/local/xenon/usr/lib/libxenon.a(except.o)
                              /usr/local/xenon/usr/lib/libxenon.a(startup_from_xell.o) (secondary_lock)
/usr/local/xenon/usr/lib/libxenon.a(c_except.o)
                              /usr/local/xenon/usr/lib/libxenon.a(except.o) (crashdump)
/usr/local/xenon/usr/lib/libxenon.a(vm.o)
                              /usr/local/xenon/usr/lib/libxenon.a(except.o) (vm_segfault_handler)
/usr/local/xenon/usr/lib/libxenon.a(time.o)
                              /usr/local/xenon/usr/lib/libxenon.a(c_except.o) (delay)
/usr/local/xenon/usr/lib/libxenon.a(usbctrl.o)
                              /usr/local/xenon/usr/lib/libxenon.a(input.o) (usbctrl_set_rumble)
/usr/local/xenon/usr/lib/libxenon.a(usbd.o)
                              /usr/local/xenon/usr/lib/libxenon.a(usbctrl.o) (usb_open_pipe)
/usr/local/xenon/usr/lib/libxenon.a(usbdevs.o)
                              /usr/local/xenon/usr/lib/libxenon.a(usbd.o) (usb_find_driver)
/usr/local/xenon/usr/lib/libxenon.a(usbhid.o)
                              /usr/local/xenon/usr/lib/libxenon.a(usbdevs.o) (usbhid_driver)
/usr/local/xenon/usr/lib/libxenon.a(usbhub.o)
                              /usr/local/xenon/usr/lib/libxenon.a(usbd.o) (usb_scan)
/usr/local/xenon/usr/lib/libxenon.a(usbmain.o)
                              /usr/local/xenon/usr/lib/libxenon.a(xenon_syscalls.o) (usb_shutdown)
/usr/local/xenon/usr/lib/libxenon.a(tinyehci.o)
                              /usr/local/xenon/usr/lib/libxenon.a(usbmain.o) (USBStorage_Init)
/usr/local/xenon/usr/lib/libxenon.a(debug.o)
                              /usr/local/xenon/usr/lib/libxenon.a(xenon_syscalls.o) (data_breakpoint)
/usr/local/xenon/usr/lib/libxenon.a(xenon_smc.o)
                              main.o (xenon_smc_send_message)
/usr/local/xenon/usr/lib/libxenon.a(xenon_power.o)
                              /usr/local/xenon/usr/lib/libxenon.a(xenon_syscalls.o) (xenon_is_thread_task_running)
/usr/local/xenon/usr/lib/libxenon.a(sound.o)
                              main.o (xenon_sound_init)
/usr/local/xenon/usr/lib/libxenon.a(xenon_uart.o)
                              /usr/local/xenon/usr/lib/libxenon.a(newlib.o) (putch)
/usr/local/xenon/usr/lib/libxenon.a(xenon_config.o)
                              /usr/local/xenon/usr/lib/libxenon.a(xenon_power.o) (xenon_config_init)
/usr/local/xenon/usr/lib/libxenon.a(xenos.o)
                              main.o (xenos_init)
/usr/local/xenon/usr/lib/libxenon.a(xenos_edid.o)
                              /usr/local/xenon/usr/lib/libxenon.a(xenos.o) (xenos_get_edid)
/usr/local/xenon/usr/lib/libxenon.a(enet.o)
                              /usr/local/xenon/usr/lib/libxenon.a(xenon_syscalls.o) (enet_quiesce)
/usr/local/xenon/usr/lib/libxenon.a(xb360.o)
                              /usr/local/xenon/usr/lib/libxenon.a(xenos.o) (xenon_get_XenosID)
/usr/local/xenon/usr/lib/libxenon.a(dummy.o)
                              /usr/local/xenon/usr/lib/libxenon.a(usbdevs.o) (dummy_driver)
/usr/local/xenon/usr/lib/libxenon.a(ohci.o)
                              /usr/local/xenon/usr/lib/libxenon.a(usbmain.o) (ohci_driver)
/usr/local/xenon/usr/lib/libxenon.a(usbdebug.o)
                              /usr/local/xenon/usr/lib/libxenon.a(usbhub.o) (usb_dbg_dumpportstatus)
/usr/local/xenon/usr/lib/libxenon.a(usb_os.o)
                              /usr/local/xenon/usr/lib/libxenon.a(tinyehci.o) (ehci_maligned)
/usr/local/xenon/usr/lib/libxenon.a(xenon_gpio.o)
                              /usr/local/xenon/usr/lib/libxenon.a(sound.o) (xenon_gpio_control)
/usr/local/xenon/usr/lib/libxenon.a(cpusleep.o)
                              /usr/local/xenon/usr/lib/libxenon.a(xenon_power.o) (cpusleep)
/usr/local/xenon/usr/lib/libxenon.a(xenon_secotp.o)
[...]
Memory Configuration

Name             Origin             Length             Attributes
*default*        0x0000000000000000 0xffffffffffffffff

Linker script and memory map

LOAD /usr/local/xenon/lib/gcc/xenon/6.3.0/../../../../xenon/lib/../lib/crt1.o
LOAD /usr/local/xenon/lib/gcc/xenon/6.3.0/../../../../xenon/lib/../lib/crti.o
LOAD /usr/local/xenon/lib/gcc/xenon/6.3.0/32/crtbegin.o
LOAD main.o
LOAD /usr/local/xenon/usr/lib/libxenon.a
LOAD /usr/local/xenon/xenon/lib/32/libm.a
LOAD /usr/local/xenon/lib/gcc/xenon/6.3.0/32/libgcc.a
LOAD /usr/local/xenon/xenon/lib/32/libc.a
LOAD /usr/local/xenon/lib/gcc/xenon/6.3.0/32/libgcc.a
LOAD /usr/local/xenon/lib/gcc/xenon/6.3.0/32/crtend.o
LOAD /usr/local/xenon/lib/gcc/xenon/6.3.0/../../../../xenon/lib/../lib/crtn.o
                0x0000000080000000                . = 0x80000000

.text           0x0000000080000000    0x1d90c
 *(.except*)
 .except        0x0000000080000000     0x1e30 /usr/local/xenon/usr/lib/libxenon.a(except.o)
                0x0000000080000000                secondary_lock
                0x0000000080000000                exc_base
                0x0000000080000004                secondary_alive
 *(.pagetable)
 .pagetable     0x0000000080001e30       0x40 /usr/local/xenon/usr/lib/libxenon.a(vm.o)
                0x0000000080001e30                pagetable
                0x0000000080001e70                pagetable_end = .
 *(.init*)
 .init          0x0000000080001e70        0xc /usr/local/xenon/lib/gcc/xenon/6.3.0/../../../../xenon/lib/../lib/crti.o
                0x0000000080001e70                _init
 *(.fini*)
 .fini          0x0000000080001e7c        0xc /usr/local/xenon/lib/gcc/xenon/6.3.0/../../../../xenon/lib/../lib/crti.o
                0x0000000080001e7c                _fini
 *(.text*)
 .text.call_ctors
                0x0000000080001e88       0x48 /usr/local/xenon/lib/gcc/xenon/6.3.0/../../../../xenon/lib/../lib/crt1.o
                0x0000000080001e88                call_ctors
 .text.c_register_frame
                0x0000000080001ed0        0xc /usr/local/xenon/lib/gcc/xenon/6.3.0/../../../../xenon/lib/../lib/crt1.o
                0x0000000080001ed0                c_register_frame
 .text.__crtmain
                0x0000000080001edc       0x2c /usr/local/xenon/lib/gcc/xenon/6.3.0/../../../../xenon/lib/../lib/crt1.o
                0x0000000080001edc                __crtmain
 .text.getTemp  0x0000000080001f08      0x460 main.o
                0x0000000080001f08                getTemp
 .text.reRun    0x0000000080002368      0x1c8 main.o
                0x0000000080002368                reRun
 .text.startup.main
                0x0000000080002530      0x234 main.o
                0x0000000080002530                main
 .text.__check_argv
                0x0000000080002764       0x28 /usr/local/xenon/usr/lib/libxenon.a(argv.o)
                0x0000000080002764                __check_argv
 *fill*         0x000000008000278c       0x74 
 .text          0x0000000080002800      0x2f4 /usr/local/xenon/usr/lib/libxenon.a(startup_from_xell.o)
                0x0000000080002800                _start
                0x00000000800029f8                wait
                0x0000000080002a80                return_to_xell
 .text.console_clrscr
                0x0000000080002af4       0x7c /usr/local/xenon/usr/lib/libxenon.a(console.o)
                0x0000000080002af4                console_clrscr
 .text.console_newline
                0x0000000080002b70       0xd4 /usr/local/xenon/usr/lib/libxenon.a(console.o)
                0x0000000080002b70                console_newline
 .text.console_putch
                0x0000000080002c44      0x184 /usr/local/xenon/usr/lib/libxenon.a(console.o)
                0x0000000080002c44                console_putch
 .text.console_stdout_hook
                0x0000000080002dc8       0x3c /usr/local/xenon/usr/lib/libxenon.a(console.o)
 .text.console_init
                0x0000000080002e04      0x148 /usr/local/xenon/usr/lib/libxenon.a(console.o)
                0x0000000080002e04                console_init
 .text.console_set_colors
                0x0000000080002f4c       0x14 /usr/local/xenon/usr/lib/libxenon.a(console.o)
                0x0000000080002f4c                console_set_colors
 .text.get_controller_data
                0x0000000080002f60       0x5c /usr/local/xenon/usr/lib/libxenon.a(input.o)
                0x0000000080002f60                get_controller_data
 .text.set_controller_data
                0x0000000080002fbc       0x50 /usr/local/xenon/usr/lib/libxenon.a(input.o)
                0x0000000080002fbc                set_controller_data
 .text.vfs_console_write
                0x000000008000300c       0x88 /usr/local/xenon/usr/lib/libxenon.a(newlib.o)
                0x000000008000300c                vfs_console_write
 .text.__malloc_lock
                0x0000000080003094       0x18 /usr/local/xenon/usr/lib/libxenon.a(newlib.o)
                0x0000000080003094                __malloc_lock
 .text.__malloc_unlock
                0x00000000800030ac       0x18 /usr/local/xenon/usr/lib/libxenon.a(newlib.o)
                0x00000000800030ac                __malloc_unlock
 .text._exit    0x00000000800030c4       0x2c /usr/local/xenon/usr/lib/libxenon.a(newlib.o)
                0x00000000800030c4                _exit
 .text.sbrk     0x00000000800030f0       0x34 /usr/local/xenon/usr/lib/libxenon.a(newlib.o)
                0x00000000800030f0                sbrk
 .text.abort    0x0000000080003124       0x2c /usr/local/xenon/usr/lib/libxenon.a(newlib.o)
                0x0000000080003124                abort
 .text.isatty   0x0000000080003150        0x8 /usr/local/xenon/usr/lib/libxenon.a(newlib.o)
                0x0000000080003150                isatty
 .text.__release_handle
                0x0000000080003158       0x4c /usr/local/xenon/usr/lib/libxenon.a(newlib.o)
                0x0000000080003158                __release_handle
 .text.__get_handle
                0x00000000800031a4       0x28 /usr/local/xenon/usr/lib/libxenon.a(newlib.o)
                0x00000000800031a4                __get_handle
 .text.read     0x00000000800031cc       0xa4 /usr/local/xenon/usr/lib/libxenon.a(newlib.o)
                0x00000000800031cc                read
 .text.write    0x0000000080003270       0xb0 /usr/local/xenon/usr/lib/libxenon.a(newlib.o)
                0x0000000080003270                write
 .text.fstat    0x0000000080003320       0xa0 /usr/local/xenon/usr/lib/libxenon.a(newlib.o)
                0x0000000080003320                fstat
 .text.lseek    0x00000000800033c0       0xa4 /usr/local/xenon/usr/lib/libxenon.a(newlib.o)
                0x00000000800033c0                lseek
 .text.close    0x0000000080003464       0x88 /usr/local/xenon/usr/lib/libxenon.a(newlib.o)
                0x0000000080003464                close
 .text.xenon_sbrk
                0x00000000800034ec       0x2c /usr/local/xenon/usr/lib/libxenon.a(xenon_syscalls.o)
 .text.xenon_gettimeofday
                0x0000000080003518       0xa4 /usr/local/xenon/usr/lib/libxenon.a(xenon_syscalls.o)
 .text.xenon_malloc_unlock
                0x00000000800035bc       0xc4 /usr/local/xenon/usr/lib/libxenon.a(xenon_syscalls.o)
 .text.xenon_malloc_lock
                0x0000000080003680       0xf0 /usr/local/xenon/usr/lib/libxenon.a(xenon_syscalls.o)
 .text.shutdown_drivers
                0x0000000080003770       0x30 /usr/local/xenon/usr/lib/libxenon.a(xenon_syscalls.o)
                0x0000000080003770                shutdown_drivers
 .text.try_return_to_xell
                0x00000000800037a0       0x64 /usr/local/xenon/usr/lib/libxenon.a(xenon_syscalls.o)
                0x00000000800037a0                try_return_to_xell
 .text.xenon_exit
                0x0000000080003804      0x154 /usr/local/xenon/usr/lib/libxenon.a(xenon_syscalls.o)
 .text.kfree    0x0000000080003958       0xb4 /usr/local/xenon/usr/lib/libxenon.a(lib_malloc.o)
                0x0000000080003958                kfree
 .text.lib_outofmemory
                0x0000000080003a0c        0xc /usr/local/xenon/usr/lib/libxenon.a(lib_malloc.o)
                0x0000000080003a0c                lib_outofmemory
 .text.kmalloc  0x0000000080003a18      0x130 /usr/local/xenon/usr/lib/libxenon.a(lib_malloc.o)
                0x0000000080003a18                kmalloc
 .text.kmem_init
                0x0000000080003b48       0x70 /usr/local/xenon/usr/lib/libxenon.a(lib_malloc.o)
                0x0000000080003b48                kmem_init
 .text          0x0000000080003bb8       0x94 /usr/local/xenon/usr/lib/libxenon.a(atomic.o)
                0x0000000080003bb8                atomic_inc
                0x0000000080003bcc                atomic_dec
                0x0000000080003be0                atomic_clearset
                0x0000000080003bf8                lock
                0x0000000080003c34                unlock
 .text          0x0000000080003c4c       0xa8 /usr/local/xenon/usr/lib/libxenon.a(cache.o)
                0x0000000080003c4c                memdcbt
                0x0000000080003c74                memdcbst
                0x0000000080003c9c                memdcbf
                0x0000000080003cc4                memicbi
 .text.flush_console
                0x0000000080003cf4       0x48 /usr/local/xenon/usr/lib/libxenon.a(c_except.o)
 .text.crashdump
                0x0000000080003d3c      0x2b4 /usr/local/xenon/usr/lib/libxenon.a(c_except.o)
                0x0000000080003d3c                crashdump
 .text.tdelay   0x0000000080003ff0       0x50 /usr/local/xenon/usr/lib/libxenon.a(time.o)
 .text.udelay   0x0000000080004040       0x24 /usr/local/xenon/usr/lib/libxenon.a(time.o)
                0x0000000080004040                udelay
 .text.mdelay   0x0000000080004064       0x18 /usr/local/xenon/usr/lib/libxenon.a(time.o)
                0x0000000080004064                mdelay
 .text.delay    0x000000008000407c       0x18 /usr/local/xenon/usr/lib/libxenon.a(time.o)
                0x000000008000407c                delay
 .text.usbctrl_queue_intreq
                0x0000000080004094       0x4c /usr/local/xenon/usr/lib/libxenon.a(usbctrl.o)
 .text.usbctrl_set_led_callback
                0x00000000800040e0       0x38 /usr/local/xenon/usr/lib/libxenon.a(usbctrl.o)
 .text.usbctrl_set_rol
                0x0000000080004118       0x2c /usr/local/xenon/usr/lib/libxenon.a(usbctrl.o)
                0x0000000080004118                usbctrl_set_rol
 .text.usbctrl_detach
                0x0000000080004144       0x88 /usr/local/xenon/usr/lib/libxenon.a(usbctrl.o)
 .text.usbctrl_set_leds
                0x00000000800041cc      0x120 /usr/local/xenon/usr/lib/libxenon.a(usbctrl.o)
                0x00000000800041cc                usbctrl_set_leds
 .text.usbctrl_ireq_callback
                0x00000000800042ec      0x260 /usr/local/xenon/usr/lib/libxenon.a(usbctrl.o)
 .text.usbctrl_poll
                0x000000008000454c       0xc0 /usr/local/xenon/usr/lib/libxenon.a(usbctrl.o)
                0x000000008000454c                usbctrl_poll
 .text.usbctrl_attach
                0x000000008000460c      0x2f8 /usr/local/xenon/usr/lib/libxenon.a(usbctrl.o)
 .text.usb_create_pipe
                0x0000000080004904       0xcc /usr/local/xenon/usr/lib/libxenon.a(usbd.o)
                0x0000000080004904                usb_create_pipe
 .text.usb_open_pipe
                0x00000000800049d0       0x78 /usr/local/xenon/usr/lib/libxenon.a(usbd.o)
                0x00000000800049d0                usb_open_pipe
 .text.usb_destroy_all_pipes
                0x0000000080004a48       0x74 /usr/local/xenon/usr/lib/libxenon.a(usbd.o)
                0x0000000080004a48                usb_destroy_all_pipes
 .text.usb_destroy_device
                0x0000000080004abc       0x50 /usr/local/xenon/usr/lib/libxenon.a(usbd.o)
                0x0000000080004abc                usb_destroy_device
 .text.usb_create_device
                0x0000000080004b0c       0x80 /usr/local/xenon/usr/lib/libxenon.a(usbd.o)
                0x0000000080004b0c                usb_create_device
 .text.usb_make_request
                0x0000000080004b8c       0x8c /usr/local/xenon/usr/lib/libxenon.a(usbd.o)
                0x0000000080004b8c                usb_make_request
 .text.usb_poll
                0x0000000080004c18       0x10 /usr/local/xenon/usr/lib/libxenon.a(usbd.o)
                0x0000000080004c18                usb_poll
 .text.usb_daemon
                0x0000000080004c28       0x18 /usr/local/xenon/usr/lib/libxenon.a(usbd.o)
                0x0000000080004c28                usb_daemon
 .text.usb_free_request
                0x0000000080004c40       0x28 /usr/local/xenon/usr/lib/libxenon.a(usbd.o)
                0x0000000080004c40                usb_free_request
 .text.usb_delay_ms
                0x0000000080004c68        0x8 /usr/local/xenon/usr/lib/libxenon.a(usbd.o)
                0x0000000080004c68                usb_delay_ms
 .text.usb_queue_request
                0x0000000080004c70       0x34 /usr/local/xenon/usr/lib/libxenon.a(usbd.o)
                0x0000000080004c70                usb_queue_request
 .text.usb_wait_request
                0x0000000080004ca4       0x3c /usr/local/xenon/usr/lib/libxenon.a(usbd.o)
                0x0000000080004ca4                usb_wait_request
 .text.usb_sync_request
                0x0000000080004ce0       0x30 /usr/local/xenon/usr/lib/libxenon.a(usbd.o)
                0x0000000080004ce0                usb_sync_request
 .text.usb_new_address
                0x0000000080004d10       0x2c /usr/local/xenon/usr/lib/libxenon.a(usbd.o)
                0x0000000080004d10                usb_new_address
 .text.usb_set_ep0mps
                0x0000000080004d3c       0x58 /usr/local/xenon/usr/lib/libxenon.a(usbd.o)
                0x0000000080004d3c                usb_set_ep0mps
 .text.usb_clear_stall
                0x0000000080004d94      0x100 /usr/local/xenon/usr/lib/libxenon.a(usbd.o)
                0x0000000080004d94                usb_clear_stall
 .text.usb_std_request
                0x0000000080004e94      0x22c /usr/local/xenon/usr/lib/libxenon.a(usbd.o)
                0x0000000080004e94                usb_std_request
 .text.usb_simple_request
                0x00000000800050c0       0x18 /usr/local/xenon/usr/lib/libxenon.a(usbd.o)
                0x00000000800050c0                usb_simple_request
 .text.usb_set_configuration
                0x00000000800050d8       0x14 /usr/local/xenon/usr/lib/libxenon.a(usbd.o)
                0x00000000800050d8                usb_set_configuration
 .text.usb_set_address
                0x00000000800050ec       0x98 /usr/local/xenon/usr/lib/libxenon.a(usbd.o)
                0x00000000800050ec                usb_set_address
 .text.usb_get_descriptor
                0x0000000080005184       0x20 /usr/local/xenon/usr/lib/libxenon.a(usbd.o)
                0x0000000080005184                usb_get_descriptor
 .text.usb_get_string
                0x00000000800051a4       0xf8 /usr/local/xenon/usr/lib/libxenon.a(usbd.o)
                0x00000000800051a4                usb_get_string
 .text.usb_get_device_descriptor
                0x000000008000529c       0x94 /usr/local/xenon/usr/lib/libxenon.a(usbd.o)
                0x000000008000529c                usb_get_device_descriptor
 .text.usb_get_config_descriptor
                0x0000000080005330       0x8c /usr/local/xenon/usr/lib/libxenon.a(usbd.o)
                0x0000000080005330                usb_get_config_descriptor
 .text.usb_get_device_status
                0x00000000800053bc       0x1c /usr/local/xenon/usr/lib/libxenon.a(usbd.o)
                0x00000000800053bc                usb_get_device_status
 .text.usb_complete_request
                0x00000000800053d8       0x20 /usr/local/xenon/usr/lib/libxenon.a(usbd.o)
                0x00000000800053d8                usb_complete_request
 .text.usb_initroot
                0x00000000800053f8      0x148 /usr/local/xenon/usr/lib/libxenon.a(usbd.o)
                0x00000000800053f8                usb_initroot
 .text.usb_find_cfg_descr
                0x0000000080005540       0x4c /usr/local/xenon/usr/lib/libxenon.a(usbd.o)
                0x0000000080005540                usb_find_cfg_descr
 .text.usb_find_driver
                0x000000008000558c      0x148 /usr/local/xenon/usr/lib/libxenon.a(usbdevs.o)
                0x000000008000558c                usb_find_driver
 .text.usbhid_detach
                0x00000000800056d4        0x8 /usr/local/xenon/usr/lib/libxenon.a(usbhid.o)
 .text.usbhid_attach
                0x00000000800056dc      0x160 /usr/local/xenon/usr/lib/libxenon.a(usbhid.o)
 .text.usbhid_ireq_callback
                0x000000008000583c      0x170 /usr/local/xenon/usr/lib/libxenon.a(usbhid.o)
 .text.usbhub_markdetached1
                0x00000000800059ac       0x14 /usr/local/xenon/usr/lib/libxenon.a(usbhub.o)
 .text.usbhub_get_port_status
                0x00000000800059c0       0x1c /usr/local/xenon/usr/lib/libxenon.a(usbhub.o)
 .text.usbhub_ireq_callback
                0x00000000800059dc       0x88 /usr/local/xenon/usr/lib/libxenon.a(usbhub.o)
 .text.usbhub_map_tree1
                0x0000000080005a64       0x78 /usr/local/xenon/usr/lib/libxenon.a(usbhub.o)
 .text.usbhub_detach
                0x0000000080005adc      0x144 /usr/local/xenon/usr/lib/libxenon.a(usbhub.o)
 .text.usbhub_attach
                0x0000000080005c20      0x194 /usr/local/xenon/usr/lib/libxenon.a(usbhub.o)
 .text.usbhub_map_tree
                0x0000000080005db4       0x14 /usr/local/xenon/usr/lib/libxenon.a(usbhub.o)
                0x0000000080005db4                usbhub_map_tree
 .text.usbhub_map_from_device
                0x0000000080005dc8       0x10 /usr/local/xenon/usr/lib/libxenon.a(usbhub.o)
                0x0000000080005dc8                usbhub_map_from_device
 .text.usbhub_scan1
                0x0000000080005dd8      0x530 /usr/local/xenon/usr/lib/libxenon.a(usbhub.o)
 .text.usb_scan
                0x0000000080006308       0x10 /usr/local/xenon/usr/lib/libxenon.a(usbhub.o)
                0x0000000080006308                usb_scan
 .text.usb_init_one_ohci
                0x0000000080006318       0xcc /usr/local/xenon/usr/lib/libxenon.a(usbmain.o)
 .text.usb_shutdown
                0x00000000800063e4       0x54 /usr/local/xenon/usr/lib/libxenon.a(usbmain.o)
                0x00000000800063e4                usb_shutdown
 .text.usb_init
                0x0000000080006438       0xe0 /usr/local/xenon/usr/lib/libxenon.a(usbmain.o)
                0x0000000080006438                usb_init
 .text.usb_do_poll
                0x0000000080006518       0xac /usr/local/xenon/usr/lib/libxenon.a(usbmain.o)
                0x0000000080006518                usb_do_poll
 .text.qtd_fill
                0x00000000800065c4       0x9c /usr/local/xenon/usr/lib/libxenon.a(tinyehci.o)
 .text.ehci_qtd_alloc
                0x0000000080006660       0x78 /usr/local/xenon/usr/lib/libxenon.a(tinyehci.o)
 .text.handshake.isra.5
                0x00000000800066d8      0x148 /usr/local/xenon/usr/lib/libxenon.a(tinyehci.o)
 .text.ehci_mem_init
                0x0000000080006820       0xf0 /usr/local/xenon/usr/lib/libxenon.a(tinyehci.o)
                0x0000000080006820                ehci_mem_init
 .text.qh_urb_transaction
                0x0000000080006910      0x1b4 /usr/local/xenon/usr/lib/libxenon.a(tinyehci.o)
                0x0000000080006910                qh_urb_transaction
 .text.ehci_do_urb
                0x0000000080006ac4      0x39c /usr/local/xenon/usr/lib/libxenon.a(tinyehci.o)
                0x0000000080006ac4                ehci_do_urb
 .text.ehci_control_message
                0x0000000080006e60       0x6c /usr/local/xenon/usr/lib/libxenon.a(tinyehci.o)
                0x0000000080006e60                ehci_control_message
 .text.ehci_bulk_message
                0x0000000080006ecc       0x48 /usr/local/xenon/usr/lib/libxenon.a(tinyehci.o)
                0x0000000080006ecc                ehci_bulk_message
 .text.__send_cbw
                0x0000000080006f14      0x11c /usr/local/xenon/usr/lib/libxenon.a(tinyehci.o)
 .text.ehci_reset_port_old
                0x0000000080007030      0x190 /usr/local/xenon/usr/lib/libxenon.a(tinyehci.o)
                0x0000000080007030                ehci_reset_port_old
 .text.ehci_adquire_port
                0x00000000800071c0       0x80 /usr/local/xenon/usr/lib/libxenon.a(tinyehci.o)
                0x00000000800071c0                ehci_adquire_port
 .text.ehci_reset_usb_port
                0x0000000080007240      0x148 /usr/local/xenon/usr/lib/libxenon.a(tinyehci.o)
                0x0000000080007240                ehci_reset_usb_port
 .text.ehci_reset_port2
                0x0000000080007388       0x5c /usr/local/xenon/usr/lib/libxenon.a(tinyehci.o)
                0x0000000080007388                ehci_reset_port2
 .text.USB_FreeDescriptors
                0x00000000800073e4       0xc4 /usr/local/xenon/usr/lib/libxenon.a(tinyehci.o)
                0x00000000800073e4                USB_FreeDescriptors
 .text.USB_GetDescriptors
                0x00000000800074a8      0x348 /usr/local/xenon/usr/lib/libxenon.a(tinyehci.o)
                0x00000000800074a8                USB_GetDescriptors
 .text.USB_GetConfiguration
                0x00000000800077f0       0x80 /usr/local/xenon/usr/lib/libxenon.a(tinyehci.o)
                0x00000000800077f0                USB_GetConfiguration
 .text.USB_SetConfiguration
                0x0000000080007870       0x1c /usr/local/xenon/usr/lib/libxenon.a(tinyehci.o)
                0x0000000080007870                USB_SetConfiguration
 .text.USB_SetAlternativeInterface
                0x000000008000788c       0x28 /usr/local/xenon/usr/lib/libxenon.a(tinyehci.o)
                0x000000008000788c                USB_SetAlternativeInterface
 .text.USB_ClearHalt
                0x00000000800078b4       0x1c /usr/local/xenon/usr/lib/libxenon.a(tinyehci.o)
                0x00000000800078b4                USB_ClearHalt
 .text.ehci_init_port
                0x00000000800078d0      0x148 /usr/local/xenon/usr/lib/libxenon.a(tinyehci.o)
                0x00000000800078d0                ehci_init_port
 .text.ehci_reset_port
                0x0000000080007a18       0x50 /usr/local/xenon/usr/lib/libxenon.a(tinyehci.o)
                0x0000000080007a18                ehci_reset_port
 .text.ehci_reset_device
                0x0000000080007a68        0x8 /usr/local/xenon/usr/lib/libxenon.a(tinyehci.o)
                0x0000000080007a68                ehci_reset_device
 .text.ehci_discover
                0x0000000080007a70       0x54 /usr/local/xenon/usr/lib/libxenon.a(tinyehci.o)
                0x0000000080007a70                ehci_discover
 .text.EHCI_do_one
                0x0000000080007ac4      0x10c /usr/local/xenon/usr/lib/libxenon.a(tinyehci.o)
 .text.find_ehci_data
                0x0000000080007bd0       0x3c /usr/local/xenon/usr/lib/libxenon.a(tinyehci.o)
                0x0000000080007bd0                find_ehci_data
 .text.USBStorage_Close
                0x0000000080007c0c       0x40 /usr/local/xenon/usr/lib/libxenon.a(tinyehci.o)
                0x0000000080007c0c                USBStorage_Close
 .text.USBStorage_ReadCapacity
                0x0000000080007c4c       0xbc /usr/local/xenon/usr/lib/libxenon.a(tinyehci.o)
                0x0000000080007c4c                USBStorage_ReadCapacity
 .text.USBStorage_MountLUN
                0x0000000080007d08      0x1c0 /usr/local/xenon/usr/lib/libxenon.a(tinyehci.o)
                0x0000000080007d08                USBStorage_MountLUN
 .text.__usbstorage_reset.isra.9
                0x0000000080007ec8      0x1a0 /usr/local/xenon/usr/lib/libxenon.a(tinyehci.o)
 .text.USBStorage_Open
                0x0000000080008068      0x320 /usr/local/xenon/usr/lib/libxenon.a(tinyehci.o)
                0x0000000080008068                USBStorage_Open
 .text.__cycle.constprop.14
                0x0000000080008388      0x29c /usr/local/xenon/usr/lib/libxenon.a(tinyehci.o)
 .text.USBStorage_Inquiry
                0x0000000080008624       0xa4 /usr/local/xenon/usr/lib/libxenon.a(tinyehci.o)
                0x0000000080008624                USBStorage_Inquiry
 .text.USBStorage_Try_Device
                0x00000000800086c8      0x154 /usr/local/xenon/usr/lib/libxenon.a(tinyehci.o)
                0x00000000800086c8                USBStorage_Try_Device
 .text.USBStorage_Init
                0x000000008000881c      0x208 /usr/local/xenon/usr/lib/libxenon.a(tinyehci.o)
                0x000000008000881c                USBStorage_Init
 .text.EHCI_Init
                0x0000000080008a24       0x50 /usr/local/xenon/usr/lib/libxenon.a(tinyehci.o)
                0x0000000080008a24                EHCI_Init
 .text.data_breakpoint
                0x0000000080008a74       0x40 /usr/local/xenon/usr/lib/libxenon.a(debug.o)
                0x0000000080008a74                data_breakpoint
 .text.uprintf  0x0000000080008ab4       0x94 /usr/local/xenon/usr/lib/libxenon.a(xenon_smc.o)
                0x0000000080008ab4                uprintf
 .text.xenon_smc_send_message
                0x0000000080008b48       0x50 /usr/local/xenon/usr/lib/libxenon.a(xenon_smc.o)
                0x0000000080008b48                xenon_smc_send_message
 .text.xenon_smc_receive_message
                0x0000000080008b98       0x58 /usr/local/xenon/usr/lib/libxenon.a(xenon_smc.o)
                0x0000000080008b98                xenon_smc_receive_message
 .text.xenon_smc_handle_bulk
                0x0000000080008bf0       0x68 /usr/local/xenon/usr/lib/libxenon.a(xenon_smc.o)
                0x0000000080008bf0                xenon_smc_handle_bulk
 .text.xenon_smc_receive_response
                0x0000000080008c58       0x44 /usr/local/xenon/usr/lib/libxenon.a(xenon_smc.o)
                0x0000000080008c58                xenon_smc_receive_response
 .text.xenon_smc_ana_write
                0x0000000080008c9c       0x98 /usr/local/xenon/usr/lib/libxenon.a(xenon_smc.o)
                0x0000000080008c9c                xenon_smc_ana_write
 .text.xenon_smc_ana_read
                0x0000000080008d34       0x9c /usr/local/xenon/usr/lib/libxenon.a(xenon_smc.o)
                0x0000000080008d34                xenon_smc_ana_read
 .text.xenon_smc_i2c_ddc_lock
                0x0000000080008dd0       0x78 /usr/local/xenon/usr/lib/libxenon.a(xenon_smc.o)
                0x0000000080008dd0                xenon_smc_i2c_ddc_lock
 .text.xenon_smc_i2c_write
                0x0000000080008e48       0xa4 /usr/local/xenon/usr/lib/libxenon.a(xenon_smc.o)
                0x0000000080008e48                xenon_smc_i2c_write
 .text.xenon_smc_i2c_read
                0x0000000080008eec       0xbc /usr/local/xenon/usr/lib/libxenon.a(xenon_smc.o)
                0x0000000080008eec                xenon_smc_i2c_read
 .text.xenon_smc_power_reboot
                0x0000000080008fa8       0x48 /usr/local/xenon/usr/lib/libxenon.a(xenon_smc.o)
                0x0000000080008fa8                xenon_smc_power_reboot
 .text.xenon_smc_read_avpack
                0x0000000080008ff0       0x44 /usr/local/xenon/usr/lib/libxenon.a(xenon_smc.o)
                0x0000000080008ff0                xenon_smc_read_avpack
 .text.xenon_smc_set_fan_algorithm
                0x0000000080009034       0x3c /usr/local/xenon/usr/lib/libxenon.a(xenon_smc.o)
                0x0000000080009034                xenon_smc_set_fan_algorithm
 .text.wakeup_cpus
                0x0000000080009070       0xb8 /usr/local/xenon/usr/lib/libxenon.a(xenon_power.o)
                0x0000000080009070                wakeup_cpus
 .text.prepare_sleep
                0x0000000080009128       0x74 /usr/local/xenon/usr/lib/libxenon.a(xenon_power.o)
                0x0000000080009128                prepare_sleep
 .text.xenon_thread_sleep
                0x000000008000919c       0x58 /usr/local/xenon/usr/lib/libxenon.a(xenon_power.o)
                0x000000008000919c                xenon_thread_sleep
 .text.xenon_set_speed
                0x00000000800091f4      0x304 /usr/local/xenon/usr/lib/libxenon.a(xenon_power.o)
                0x00000000800091f4                xenon_set_speed
 .text.xenon_run_thread_task
                0x00000000800094f8       0x3c /usr/local/xenon/usr/lib/libxenon.a(xenon_power.o)
                0x00000000800094f8                xenon_run_thread_task
 .text.xenon_is_thread_task_running
                0x0000000080009534       0x1c /usr/local/xenon/usr/lib/libxenon.a(xenon_power.o)
                0x0000000080009534                xenon_is_thread_task_running
 .text.xenon_thread_startup
                0x0000000080009550       0x48 /usr/local/xenon/usr/lib/libxenon.a(xenon_power.o)
                0x0000000080009550                xenon_thread_startup
 .text.xenon_set_single_thread_mode
                0x0000000080009598       0x98 /usr/local/xenon/usr/lib/libxenon.a(xenon_power.o)
                0x0000000080009598                xenon_set_single_thread_mode
 .text.xenon_make_it_faster
                0x0000000080009630       0xfc /usr/local/xenon/usr/lib/libxenon.a(xenon_power.o)
                0x0000000080009630                xenon_make_it_faster
 .text.xenon_sound_init
                0x000000008000972c      0x1b4 /usr/local/xenon/usr/lib/libxenon.a(sound.o)
                0x000000008000972c                xenon_sound_init
 .text.putch    0x00000000800098e0       0x50 /usr/local/xenon/usr/lib/libxenon.a(xenon_uart.o)
                0x00000000800098e0                putch
 .text.uart_puts
                0x0000000080009930       0x30 /usr/local/xenon/usr/lib/libxenon.a(xenon_uart.o)
                0x0000000080009930                uart_puts
 .text.xenon_config_init
                0x0000000080009960       0xa4 /usr/local/xenon/usr/lib/libxenon.a(xenon_config.o)
                0x0000000080009960                xenon_config_init
 .text.xenon_config_get_avregion
                0x0000000080009a04       0xa0 /usr/local/xenon/usr/lib/libxenon.a(xenon_config.o)
                0x0000000080009a04                xenon_config_get_avregion
 .text.xenon_config_get_vid_delta
                0x0000000080009aa4       0x40 /usr/local/xenon/usr/lib/libxenon.a(xenon_config.o)
                0x0000000080009aa4                xenon_config_get_vid_delta
 .text.xenos_ana_write
                0x0000000080009ae4       0xac /usr/local/xenon/usr/lib/libxenon.a(xenos.o)
 .text.xenos_init_ana_new
                0x0000000080009b90      0x4fc /usr/local/xenon/usr/lib/libxenon.a(xenos.o)
                0x0000000080009b90                xenos_init_ana_new
 .text.xenos_init_phase0
                0x000000008000a08c       0xa0 /usr/local/xenon/usr/lib/libxenon.a(xenos.o)
                0x000000008000a08c                xenos_init_phase0
 .text.xenos_init_phase1
                0x000000008000a12c      0x334 /usr/local/xenon/usr/lib/libxenon.a(xenos.o)
                0x000000008000a12c                xenos_init_phase1
 .text.xenos_ana_preinit
                0x000000008000a460       0xcc /usr/local/xenon/usr/lib/libxenon.a(xenos.o)
                0x000000008000a460                xenos_ana_preinit
 .text.xenos_set_mode_f1
                0x000000008000a52c       0xf8 /usr/local/xenon/usr/lib/libxenon.a(xenos.o)
                0x000000008000a52c                xenos_set_mode_f1
 .text.xenos_set_mode_f2
                0x000000008000a624      0x248 /usr/local/xenon/usr/lib/libxenon.a(xenos.o)
                0x000000008000a624                xenos_set_mode_f2
 .text.xenos_set_mode
                0x000000008000a86c      0x2c8 /usr/local/xenon/usr/lib/libxenon.a(xenos.o)
                0x000000008000a86c                xenos_set_mode
 .text.xenos_hdmi_vga_mode_fix
                0x000000008000ab34       0x40 /usr/local/xenon/usr/lib/libxenon.a(xenos.o)
                0x000000008000ab34                xenos_hdmi_vga_mode_fix
 .text.xenos_autoset_mode
                0x000000008000ab74      0x150 /usr/local/xenon/usr/lib/libxenon.a(xenos.o)
                0x000000008000ab74                xenos_autoset_mode
 .text.xenos_init
                0x000000008000acc4      0x148 /usr/local/xenon/usr/lib/libxenon.a(xenos.o)
                0x000000008000acc4                xenos_init
 .text.xenos_is_overscan
                0x000000008000ae0c       0x38 /usr/local/xenon/usr/lib/libxenon.a(xenos.o)
                0x000000008000ae0c                xenos_is_overscan
 .text.xenos_is_initialized
                0x000000008000ae44       0x14 /usr/local/xenon/usr/lib/libxenon.a(xenos.o)
                0x000000008000ae44                xenos_is_initialized
 .text.xenos_do_probe_ddc_edid
                0x000000008000ae58      0x194 /usr/local/xenon/usr/lib/libxenon.a(xenos_edid.o)
                0x000000008000ae58                xenos_do_probe_ddc_edid
 .text.xenos_ddc_read_edid
                0x000000008000afec      0x128 /usr/local/xenon/usr/lib/libxenon.a(xenos_edid.o)
 .text.xenos_get_edid
                0x000000008000b114       0xa4 /usr/local/xenon/usr/lib/libxenon.a(xenos_edid.o)
                0x000000008000b114                xenos_get_edid
 .text.xenos_detect_hdmi_monitor
                0x000000008000b1b8       0xe0 /usr/local/xenon/usr/lib/libxenon.a(xenos_edid.o)
                0x000000008000b1b8                xenos_detect_hdmi_monitor
 .text.enet_quiesce
                0x000000008000b298       0x18 /usr/local/xenon/usr/lib/libxenon.a(enet.o)
                0x000000008000b298                enet_quiesce
 .text.xenon_get_DVE
                0x000000008000b2b0       0x34 /usr/local/xenon/usr/lib/libxenon.a(xb360.o)
                0x000000008000b2b0                xenon_get_DVE
 .text.xenon_get_PCIBridgeRevisionID
                0x000000008000b2e4       0x14 /usr/local/xenon/usr/lib/libxenon.a(xb360.o)
                0x000000008000b2e4                xenon_get_PCIBridgeRevisionID
 .text.xenon_get_XenosID
                0x000000008000b2f8       0x10 /usr/local/xenon/usr/lib/libxenon.a(xb360.o)
                0x000000008000b2f8                xenon_get_XenosID
 .text.xenon_get_console_type
                0x000000008000b308       0xc0 /usr/local/xenon/usr/lib/libxenon.a(xb360.o)
                0x000000008000b308                xenon_get_console_type
 .text.xenon_logical_nand_data_ok
                0x000000008000b3c8       0x18 /usr/local/xenon/usr/lib/libxenon.a(xb360.o)
                0x000000008000b3c8                xenon_logical_nand_data_ok
 .text.xenon_get_logical_nand_data
                0x000000008000b3e0       0x50 /usr/local/xenon/usr/lib/libxenon.a(xb360.o)
                0x000000008000b3e0                xenon_get_logical_nand_data
 .text.dummy_attach
                0x000000008000b430        0x8 /usr/local/xenon/usr/lib/libxenon.a(dummy.o)
 .text.dummy_detach
                0x000000008000b438        0x8 /usr/local/xenon/usr/lib/libxenon.a(dummy.o)
 .text._ohci_allocept
                0x000000008000b440       0x64 /usr/local/xenon/usr/lib/libxenon.a(ohci.o)
 .text._ohci_allocxfer
                0x000000008000b4a4       0x5c /usr/local/xenon/usr/lib/libxenon.a(ohci.o)
 .text.ohci_stop
                0x000000008000b500       0x14 /usr/local/xenon/usr/lib/libxenon.a(ohci.o)
 .text.ohci_delete
                0x000000008000b514        0x4 /usr/local/xenon/usr/lib/libxenon.a(ohci.o)
 .text.ohci_ept_cleartoggle
                0x000000008000b518       0x44 /usr/local/xenon/usr/lib/libxenon.a(ohci.o)
 .text.ohci_ept_setaddr
                0x000000008000b55c       0x38 /usr/local/xenon/usr/lib/libxenon.a(ohci.o)
 .text.ohci_ept_setmps
                0x000000008000b594       0x40 /usr/local/xenon/usr/lib/libxenon.a(ohci.o)
 .text._ohci_queueept
                0x000000008000b5d4       0x5c /usr/local/xenon/usr/lib/libxenon.a(ohci.o)
 .text.ohci_ept_create
                0x000000008000b630      0x130 /usr/local/xenon/usr/lib/libxenon.a(ohci.o)
 .text.ohci_ept_delete
                0x000000008000b760      0x1b0 /usr/local/xenon/usr/lib/libxenon.a(ohci.o)
 .text.ohci_start
                0x000000008000b910      0x164 /usr/local/xenon/usr/lib/libxenon.a(ohci.o)
 .text.ohci_roothub_strdscr
                0x000000008000ba74       0x6c /usr/local/xenon/usr/lib/libxenon.a(ohci.o)
 .text.ohci_intr
                0x000000008000bae0      0x1e4 /usr/local/xenon/usr/lib/libxenon.a(ohci.o)
 .text._ohci_dma_alloc
                0x000000008000bcc4       0x50 /usr/local/xenon/usr/lib/libxenon.a(ohci.o)
 .text.ohci_xfer
                0x000000008000bd14      0x728 /usr/local/xenon/usr/lib/libxenon.a(ohci.o)
 .text.ohci_create
                0x000000008000c43c      0x29c /usr/local/xenon/usr/lib/libxenon.a(ohci.o)
 .text.getstringmaybe
                0x000000008000c6d8       0x6c /usr/local/xenon/usr/lib/libxenon.a(usbdebug.o)
 .text.usb_dbg_dumpportstatus
                0x000000008000c744      0x244 /usr/local/xenon/usr/lib/libxenon.a(usbdebug.o)
                0x000000008000c744                usb_dbg_dumpportstatus
 .text.usb_dbg_dumpdescriptors
                0x000000008000c988      0x620 /usr/local/xenon/usr/lib/libxenon.a(usbdebug.o)
                0x000000008000c988                usb_dbg_dumpdescriptors
 .text.ehci_maligned
                0x000000008000cfa8       0x88 /usr/local/xenon/usr/lib/libxenon.a(usb_os.o)
                0x000000008000cfa8                ehci_maligned
 .text.ehci_virt_to_dma
                0x000000008000d030        0x8 /usr/local/xenon/usr/lib/libxenon.a(usb_os.o)
                0x000000008000d030                ehci_virt_to_dma
 .text.ehci_dma_map_to
                0x000000008000d038       0x24 /usr/local/xenon/usr/lib/libxenon.a(usb_os.o)
                0x000000008000d038                ehci_dma_map_to
 .text.ehci_dma_map_from
                0x000000008000d05c       0x24 /usr/local/xenon/usr/lib/libxenon.a(usb_os.o)
                0x000000008000d05c                ehci_dma_map_from
 .text.ehci_dma_map_bidir
                0x000000008000d080       0x24 /usr/local/xenon/usr/lib/libxenon.a(usb_os.o)
                0x000000008000d080                ehci_dma_map_bidir
 .text.ehci_dma_unmap_bidir
                0x000000008000d0a4        0x8 /usr/local/xenon/usr/lib/libxenon.a(usb_os.o)
                0x000000008000d0a4                ehci_dma_unmap_bidir
 .text.ehci_dma_unmap_from
                0x000000008000d0ac        0x4 /usr/local/xenon/usr/lib/libxenon.a(usb_os.o)
                0x000000008000d0ac                ehci_dma_unmap_from
 .text.ehci_dma_unmap_to
                0x000000008000d0b0        0x4 /usr/local/xenon/usr/lib/libxenon.a(usb_os.o)
                0x000000008000d0b0                ehci_dma_unmap_to
 .text.ehci_usleep
                0x000000008000d0b4        0x4 /usr/local/xenon/usr/lib/libxenon.a(usb_os.o)
                0x000000008000d0b4                ehci_usleep
 .text.ehci_msleep
                0x000000008000d0b8        0x4 /usr/local/xenon/usr/lib/libxenon.a(usb_os.o)
                0x000000008000d0b8                ehci_msleep
 .text.USB_Alloc
                0x000000008000d0bc        0x4 /usr/local/xenon/usr/lib/libxenon.a(usb_os.o)
                0x000000008000d0bc                USB_Alloc
 .text.USB_Free
                0x000000008000d0c0        0x4 /usr/local/xenon/usr/lib/libxenon.a(usb_os.o)
                0x000000008000d0c0                USB_Free
 .text.xenon_gpio_control
                0x000000008000d0c4       0x5c /usr/local/xenon/usr/lib/libxenon.a(xenon_gpio.o)
                0x000000008000d0c4                xenon_gpio_control
 .text.xenon_gpio_set_oe
                0x000000008000d120       0x1c /usr/local/xenon/usr/lib/libxenon.a(xenon_gpio.o)
                0x000000008000d120                xenon_gpio_set_oe
 .text.xenon_gpio_set
                0x000000008000d13c       0x1c /usr/local/xenon/usr/lib/libxenon.a(xenon_gpio.o)
                0x000000008000d13c                xenon_gpio_set
 .text          0x000000008000d158       0x3c /usr/local/xenon/usr/lib/libxenon.a(cpusleep.o)
                0x000000008000d158                cpusleep
 .text.sfcx_readreg
                0x000000008000d194       0x10 /usr/local/xenon/usr/lib/libxenon.a(xenon_sfcx.o)
                0x000000008000d194                sfcx_readreg
 .text.sfcx_init
                0x000000008000d1a4      0x2dc /usr/local/xenon/usr/lib/libxenon.a(xenon_sfcx.o)
                0x000000008000d1a4                sfcx_init
 .text.q_enqueue
                0x000000008000d480       0x18 /usr/local/xenon/usr/lib/libxenon.a(lib_queue.o)
                0x000000008000d480                q_enqueue
 .text.q_deqnext
                0x000000008000d498       0x30 /usr/local/xenon/usr/lib/libxenon.a(lib_queue.o)
                0x000000008000d498                q_deqnext
 .text          0x000000008000d4c8       0x4c /usr/local/xenon/lib/gcc/xenon/6.3.0/32/libgcc.a(crtsavgpr.o)
                0x000000008000d4c8                _savegpr_14
                0x000000008000d4cc                _savegpr_15
                0x000000008000d4d0                _savegpr_16
                0x000000008000d4d4                _savegpr_17
                0x000000008000d4d8                _savegpr_18
                0x000000008000d4dc                _savegpr_19
                0x000000008000d4e0                _savegpr_20
                0x000000008000d4e4                _savegpr_21
                0x000000008000d4e8                _savegpr_22
                0x000000008000d4ec                _savegpr_23
                0x000000008000d4f0                _savegpr_24
                0x000000008000d4f4                _savegpr_25
                0x000000008000d4f8                _savegpr_26
                0x000000008000d4fc                _savegpr_27
                0x000000008000d500                _savegpr_28
                0x000000008000d504                _savegpr_29
                0x000000008000d508                _savegpr_30
                0x000000008000d50c                _savegpr_31
 .text          0x000000008000d514       0x58 /usr/local/xenon/lib/gcc/xenon/6.3.0/32/libgcc.a(crtresxgpr.o)
                0x000000008000d514                _restgpr_14_x
                0x000000008000d518                _restgpr_15_x
                0x000000008000d51c                _restgpr_16_x
                0x000000008000d520                _restgpr_17_x
                0x000000008000d524                _restgpr_18_x
                0x000000008000d528                _restgpr_19_x
                0x000000008000d52c                _restgpr_20_x
                0x000000008000d530                _restgpr_21_x
                0x000000008000d534                _restgpr_22_x
                0x000000008000d538                _restgpr_23_x
                0x000000008000d53c                _restgpr_24_x
                0x000000008000d540                _restgpr_25_x
                0x000000008000d544                _restgpr_26_x
                0x000000008000d548                _restgpr_27_x
                0x000000008000d54c                _restgpr_28_x
                0x000000008000d550                _restgpr_29_x
                0x000000008000d554                _restgpr_30_x
                0x000000008000d558                _restgpr_31_x
 *fill*         0x000000008000d56c        0x4 
 .text          0x000000008000d570     0x1af8 /usr/local/xenon/lib/gcc/xenon/6.3.0/32/libgcc.a(unwind-dw2-fde-dip.o)
                0x000000008000e9fc                __register_frame_info_bases
                0x000000008000ea74                __register_frame_info
                0x000000008000eaf4                __register_frame
                0x000000008000eb7c                __register_frame_info_table_bases
                0x000000008000ebe4                __register_frame_info_table
                0x000000008000ec4c                __register_frame_table
                0x000000008000eccc                __deregister_frame_info_bases
                0x000000008000ee28                __deregister_frame_info
                0x000000008000ee40                __deregister_frame
                0x000000008000ee7c                _Unwind_Find_FDE
 .text          0x000000008000f068       0x78 /usr/local/xenon/xenon/lib/32/libc.a(lib_a-assert.o)
                0x000000008000f068                __assert_func
                0x000000008000f0c8                __assert
 .text          0x000000008000f0e0       0x40 /usr/local/xenon/xenon/lib/32/libc.a(lib_a-exit.o)
                0x000000008000f0e0                exit
 .text          0x000000008000f120      0x158 /usr/local/xenon/xenon/lib/32/libc.a(lib_a-fclose.o)
                0x000000008000f120                _fclose_r
                0x000000008000f268                fclose
 .text          0x000000008000f278      0x37c /usr/local/xenon/xenon/lib/32/libc.a(lib_a-fflush.o)
                0x000000008000f278                __sflush_r
                0x000000008000f550                _fflush_r
                0x000000008000f5c8                fflush
 *fill*         0x000000008000f5f4        0x4 
 .text          0x000000008000f5f8      0x3f4 /usr/local/xenon/xenon/lib/32/libc.a(lib_a-findfp.o)
                0x000000008000f600                _cleanup_r
                0x000000008000f7c0                __sfmoreglue
                0x000000008000f840                __sfp
                0x000000008000f978                _cleanup
                0x000000008000f990                __sinit
                0x000000008000f9a0                __sfp_lock_acquire
                0x000000008000f9a8                __sfp_lock_release
                0x000000008000f9b0                __sinit_lock_acquire
                0x000000008000f9b8                __sinit_lock_release
                0x000000008000f9c0                __fp_lock_all
                0x000000008000f9d8                __fp_unlock_all
 *fill*         0x000000008000f9ec        0x4 
 .text          0x000000008000f9f0      0x110 /usr/local/xenon/xenon/lib/32/libc.a(lib_a-fiprintf.o)
                0x000000008000f9f0                _fiprintf_r
                0x000000008000fa70                fiprintf
 .text          0x000000008000fb00      0x468 /usr/local/xenon/xenon/lib/32/libc.a(lib_a-freer.o)
                0x000000008000fb00                _malloc_trim_r
                0x000000008000fc40                _free_r
 .text          0x000000008000ff68       0x80 /usr/local/xenon/xenon/lib/32/libc.a(lib_a-fstatr.o)
                0x000000008000ff68                _fstat_r
 .text          0x000000008000ffe8      0x1d0 /usr/local/xenon/xenon/lib/32/libc.a(lib_a-fwalk.o)
                0x000000008000ffe8                _fwalk
                0x00000000800100c8                _fwalk_reent
 .text          0x00000000800101b8      0x11c /usr/local/xenon/xenon/lib/32/libc.a(lib_a-locale.o)
                0x00000000800101b8                _setlocale_r
                0x0000000080010258                __locale_mb_cur_max
                0x0000000080010288                __locale_ctype_ptr_l
                0x0000000080010290                __locale_ctype_ptr
                0x00000000800102c0                setlocale
 *fill*         0x00000000800102d4        0x4 
 .text          0x00000000800102d8      0x23c /usr/local/xenon/xenon/lib/32/libc.a(lib_a-makebuf.o)
                0x00000000800102d8                __swhatbuf_r
                0x00000000800103c8                __smakebuf_r
 *fill*         0x0000000080010514        0x4 
 .text          0x0000000080010518       0x20 /usr/local/xenon/xenon/lib/32/libc.a(lib_a-malloc.o)
                0x0000000080010518                malloc
                0x0000000080010528                free
 .text          0x0000000080010538      0x94c /usr/local/xenon/xenon/lib/32/libc.a(lib_a-mallocr.o)
                0x0000000080010538                _malloc_r
 *fill*         0x0000000080010e84        0x4 
 .text          0x0000000080010e88       0xc0 /usr/local/xenon/xenon/lib/32/libc.a(lib_a-mbtowc_r.o)
                0x0000000080010e88                _mbtowc_r
                0x0000000080010ec0                __ascii_mbtowc
 .text          0x0000000080010f48       0xa0 /usr/local/xenon/xenon/lib/32/libc.a(lib_a-memcmp.o)
                0x0000000080010f48                memcmp
 .text          0x0000000080010fe8      0x108 /usr/local/xenon/xenon/lib/32/libc.a(lib_a-memcpy.o)
                0x0000000080010fe8                memcpy
 .text          0x00000000800110f0      0x110 /usr/local/xenon/xenon/lib/32/libc.a(lib_a-memset.o)
                0x00000000800110f0                memset
 .text          0x0000000080011200      0x120 /usr/local/xenon/xenon/lib/32/libc.a(lib_a-printf.o)
                0x0000000080011200                _printf_r
                0x0000000080011288                printf
 .text          0x0000000080011320       0x20 /usr/local/xenon/xenon/lib/32/libc.a(lib_a-putchar.o)
                0x0000000080011320                _putchar_r
                0x0000000080011328                putchar
 .text          0x0000000080011340       0xe8 /usr/local/xenon/xenon/lib/32/libc.a(lib_a-puts.o)
                0x0000000080011340                _puts_r
                0x0000000080011418                puts
 .text          0x0000000080011428       0x78 /usr/local/xenon/xenon/lib/32/libc.a(lib_a-sbrkr.o)
                0x0000000080011428                _sbrk_r
 .text          0x00000000800114a0      0x18c /usr/local/xenon/xenon/lib/32/libc.a(lib_a-sprintf.o)
                0x00000000800114a0                _sprintf_r
                0x0000000080011560                sprintf
 *fill*         0x000000008001162c        0x4 
 .text          0x0000000080011630      0x184 /usr/local/xenon/xenon/lib/32/libc.a(lib_a-stdio.o)
                0x0000000080011630                __sread
                0x0000000080011698                __seofread
                0x00000000800116a0                __swrite
                0x0000000080011738                __sseek
                0x00000000800117a8                __sclose
 *fill*         0x00000000800117b4        0x4 
 .text          0x00000000800117b8       0x98 /usr/local/xenon/xenon/lib/32/libc.a(lib_a-strcat.o)
                0x00000000800117b8                strcat
 .text          0x0000000080011850       0xc0 /usr/local/xenon/xenon/lib/32/libc.a(lib_a-strcmp.o)
                0x0000000080011850                strcmp
 .text          0x0000000080011910       0x84 /usr/local/xenon/xenon/lib/32/libc.a(lib_a-strcpy.o)
                0x0000000080011910                strcpy
 *fill*         0x0000000080011994        0x4 
 .text          0x0000000080011998       0xb0 /usr/local/xenon/xenon/lib/32/libc.a(lib_a-strlen.o)
                0x0000000080011998                strlen
 .text          0x0000000080011a48     0x221c /usr/local/xenon/xenon/lib/32/libc.a(lib_a-svfprintf.o)
                0x0000000080011a48                _svfprintf_r
 *fill*         0x0000000080013c64        0x4 
 .text          0x0000000080013c68     0x16a8 /usr/local/xenon/xenon/lib/32/libc.a(lib_a-vfiprintf.o)
                0x0000000080013db0                __sprint_r
                0x0000000080013dd0                _vfiprintf_r
                0x0000000080015220                vfiprintf
 .text          0x0000000080015310     0x2378 /usr/local/xenon/xenon/lib/32/libc.a(lib_a-vfprintf.o)
                0x0000000080015310                _vfprintf_r
                0x0000000080017598                vfprintf
 .text          0x0000000080017688       0x78 /usr/local/xenon/xenon/lib/32/libc.a(lib_a-vsprintf.o)
                0x0000000080017688                _vsprintf_r
                0x00000000800176e8                vsprintf
 .text          0x0000000080017700       0x78 /usr/local/xenon/xenon/lib/32/libc.a(lib_a-wctomb_r.o)
                0x0000000080017700                _wctomb_r
                0x0000000080017738                __ascii_wctomb
 .text          0x0000000080017778       0x80 /usr/local/xenon/xenon/lib/32/libc.a(lib_a-writer.o)
                0x0000000080017778                _write_r
 .text          0x00000000800177f8      0x1b0 /usr/local/xenon/xenon/lib/32/libc.a(lib_a-wsetup.o)
                0x00000000800177f8                __swsetup_r
 .text          0x00000000800179a8      0x1e4 /usr/local/xenon/xenon/lib/32/libc.a(lib_a-__call_atexit.o)
                0x00000000800179a8                __call_exitprocs
 *fill*         0x0000000080017b8c        0x4 
 .text          0x0000000080017b90       0x78 /usr/local/xenon/xenon/lib/32/libc.a(lib_a-closer.o)
                0x0000000080017b90                _close_r
 .text          0x0000000080017c08     0x1500 /usr/local/xenon/xenon/lib/32/libc.a(lib_a-dtoa.o)
                0x0000000080017e60                _dtoa_r
 .text          0x0000000080019108      0x254 /usr/local/xenon/xenon/lib/32/libc.a(lib_a-fputwc.o)
                0x0000000080019108                __fputwc
                0x0000000080019298                _fputwc_r
                0x00000000800192c8                fputwc
 *fill*         0x000000008001935c        0x4 
 .text          0x0000000080019360      0x5cc /usr/local/xenon/xenon/lib/32/libc.a(lib_a-fvwrite.o)
                0x0000000080019360                __sfvwrite_r
 *fill*         0x000000008001992c        0x4 
 .text          0x0000000080019930       0x78 /usr/local/xenon/xenon/lib/32/libc.a(lib_a-isattyr.o)
                0x0000000080019930                _isatty_r
 .text          0x00000000800199a8       0x68 /usr/local/xenon/xenon/lib/32/libc.a(lib_a-localeconv.o)
                0x00000000800199a8                __localeconv_l
                0x00000000800199b0                _localeconv_r
                0x00000000800199e0                localeconv
 .text          0x0000000080019a10       0x80 /usr/local/xenon/xenon/lib/32/libc.a(lib_a-lseekr.o)
                0x0000000080019a10                _lseek_r
 .text          0x0000000080019a90      0x100 /usr/local/xenon/xenon/lib/32/libc.a(lib_a-memchr.o)
                0x0000000080019a90                memchr
 .text          0x0000000080019b90      0x148 /usr/local/xenon/xenon/lib/32/libc.a(lib_a-memmove.o)
                0x0000000080019b90                memmove
 .text          0x0000000080019cd8     0x1350 /usr/local/xenon/xenon/lib/32/libc.a(lib_a-mprec.o)
                0x0000000080019cd8                _Balloc
                0x0000000080019da0                _Bfree
                0x0000000080019dc8                __multadd
                0x0000000080019ee8                __s2b
                0x000000008001a028                __hi0bits
                0x000000008001a0a8                __lo0bits
                0x000000008001a188                __i2b
                0x000000008001a1c8                __multiply
                0x000000008001a448                __pow5mult
                0x000000008001a5c0                __lshift
                0x000000008001a750                __mcmp
                0x000000008001a7b8                __mdiff
                0x000000008001a9f8                __ulp
                0x000000008001aa98                __b2d
                0x000000008001ac28                __d2b
                0x000000008001adc0                __ratio
                0x000000008001aea0                _mprec_log10
                0x000000008001aee8                __copybits
                0x000000008001af80                __any_on
 .text          0x000000008001b028      0x16c /usr/local/xenon/xenon/lib/32/libc.a(lib_a-putc.o)
                0x000000008001b028                _putc_r
                0x000000008001b0d0                putc
 *fill*         0x000000008001b194        0x4 
 .text          0x000000008001b198       0x80 /usr/local/xenon/xenon/lib/32/libc.a(lib_a-readr.o)
                0x000000008001b198                _read_r
 .text          0x000000008001b218      0x5d8 /usr/local/xenon/xenon/lib/32/libc.a(lib_a-reallocr.o)
                0x000000008001b218                _realloc_r
 .text          0x000000008001b7f0     0x1508 /usr/local/xenon/xenon/lib/32/libc.a(lib_a-svfiprintf.o)
                0x000000008001b7f0                __ssprint_r
                0x000000008001ba60                _svfiprintf_r
 .text          0x000000008001ccf8      0x1c4 /usr/local/xenon/xenon/lib/32/libc.a(lib_a-wbuf.o)
                0x000000008001ccf8                __swbuf_r
                0x000000008001cea8                __swbuf
 *fill*         0x000000008001cebc        0x4 
 .text          0x000000008001cec0      0x18c /usr/local/xenon/xenon/lib/32/libc.a(lib_a-wcrtomb.o)
                0x000000008001cec0                _wcrtomb_r
                0x000000008001cf88                wcrtomb
 *fill*         0x000000008001d04c        0x4 
 .text          0x000000008001d050       0xc8 /usr/local/xenon/xenon/lib/32/libc.a(lib_a-callocr.o)
                0x000000008001d050                _calloc_r
 .text          0x000000008001d118      0x424 /usr/local/xenon/lib/gcc/xenon/6.3.0/32/libgcc.a(_udivdi3.o)
                0x000000008001d118                __udivdi3
 *fill*         0x000000008001d53c        0x4 
 .text          0x000000008001d540      0x3cc /usr/local/xenon/lib/gcc/xenon/6.3.0/32/libgcc.a(_umoddi3.o)
                0x000000008001d540                __umoddi3

.glink          0x000000008001d90c        0x0
 .glink         0x000000008001d90c        0x0 /usr/local/xenon/lib/gcc/xenon/6.3.0/../../../../xenon/lib/../lib/crt1.o

.elfldr         0x000000008001d90c        0x0
                0x000000008001d90c                elfldr_start = .
 *(.elfldr)
                0x000000008001d90c                elfldr_end = .

.data           0x000000008001d910     0x7f94
 *(.data*)
 .data.devoptab_list
                0x000000008001d910       0x40 /usr/local/xenon/usr/lib/libxenon.a(newlib.o)
                0x000000008001d910                devoptab_list
 .data.__syscalls
                0x000000008001d950       0x24 /usr/local/xenon/usr/lib/libxenon.a(xenon_syscalls.o)
                0x000000008001d950                __syscalls
 .data.lockowner
                0x000000008001d974        0x4 /usr/local/xenon/usr/lib/libxenon.a(xenon_syscalls.o)
 .data.usbctrl_driver
                0x000000008001d978        0xc /usr/local/xenon/usr/lib/libxenon.a(usbctrl.o)
                0x000000008001d978                usbctrl_driver
 .data.usb_drivers
                0x000000008001d984       0xa0 /usr/local/xenon/usr/lib/libxenon.a(usbdevs.o)
                0x000000008001d984                usb_drivers
 .data.usbhid_driver
                0x000000008001da24        0xc /usr/local/xenon/usr/lib/libxenon.a(usbhid.o)
                0x000000008001da24                usbhid_driver
 .data.usbhid_scantable
                0x000000008001da30      0x650 /usr/local/xenon/usr/lib/libxenon.a(usbhid.o)
 .data.usbhub_driver
                0x000000008001e080        0xc /usr/local/xenon/usr/lib/libxenon.a(usbhub.o)
                0x000000008001e080                usbhub_driver
 .data.usbroothub_driver
                0x000000008001e08c        0xc /usr/local/xenon/usr/lib/libxenon.a(usbhub.o)
                0x000000008001e08c                usbroothub_driver
 .data.smc_snd.2864
                0x000000008001e098       0x20 /usr/local/xenon/usr/lib/libxenon.a(sound.o)
 .data.ana_hdmi_720p
                0x000000008001e0b8      0x400 /usr/local/xenon/usr/lib/libxenon.a(xenos.o)
                0x000000008001e0b8                ana_hdmi_720p
 .data.ana_hdmi_720p_corona
                0x000000008001e4b8      0x400 /usr/local/xenon/usr/lib/libxenon.a(xenos.o)
                0x000000008001e4b8                ana_hdmi_720p_corona
 .data.ana_ntsc
                0x000000008001e8b8      0x400 /usr/local/xenon/usr/lib/libxenon.a(xenos.o)
                0x000000008001e8b8                ana_ntsc
 .data.ana_ntsc_corona
                0x000000008001ecb8      0x400 /usr/local/xenon/usr/lib/libxenon.a(xenos.o)
                0x000000008001ecb8                ana_ntsc_corona
 .data.ana_pal50
                0x000000008001f0b8      0x400 /usr/local/xenon/usr/lib/libxenon.a(xenos.o)
                0x000000008001f0b8                ana_pal50
 .data.ana_pal50_corona
                0x000000008001f4b8      0x400 /usr/local/xenon/usr/lib/libxenon.a(xenos.o)
                0x000000008001f4b8                ana_pal50_corona
 .data.ana_pal60
                0x000000008001f8b8      0x400 /usr/local/xenon/usr/lib/libxenon.a(xenos.o)
                0x000000008001f8b8                ana_pal60
 .data.ana_pal60_corona
                0x000000008001fcb8      0x400 /usr/local/xenon/usr/lib/libxenon.a(xenos.o)
                0x000000008001fcb8                ana_pal60_corona
 .data.ana_vga_1024x768
                0x00000000800200b8      0x400 /usr/local/xenon/usr/lib/libxenon.a(xenos.o)
                0x00000000800200b8                ana_vga_1024x768
 .data.ana_vga_1024x768_corona
                0x00000000800204b8      0x400 /usr/local/xenon/usr/lib/libxenon.a(xenos.o)
                0x00000000800204b8                ana_vga_1024x768_corona
 .data.ana_vga_1280x1024
                0x00000000800208b8      0x400 /usr/local/xenon/usr/lib/libxenon.a(xenos.o)
                0x00000000800208b8                ana_vga_1280x1024
 .data.ana_vga_1280x1024_corona
                0x0000000080020cb8      0x400 /usr/local/xenon/usr/lib/libxenon.a(xenos.o)
                0x0000000080020cb8                ana_vga_1280x1024_corona
 .data.ana_vga_1280x720
                0x00000000800210b8      0x400 /usr/local/xenon/usr/lib/libxenon.a(xenos.o)
                0x00000000800210b8                ana_vga_1280x720
 .data.ana_vga_1280x720_corona
                0x00000000800214b8      0x400 /usr/local/xenon/usr/lib/libxenon.a(xenos.o)
                0x00000000800214b8                ana_vga_1280x720_corona
 .data.ana_vga_1280x768
                0x00000000800218b8      0x400 /usr/local/xenon/usr/lib/libxenon.a(xenos.o)
                0x00000000800218b8                ana_vga_1280x768
 .data.ana_vga_1280x768_corona
                0x0000000080021cb8      0x400 /usr/local/xenon/usr/lib/libxenon.a(xenos.o)
                0x0000000080021cb8                ana_vga_1280x768_corona
 .data.ana_vga_1360x768
                0x00000000800220b8      0x400 /usr/local/xenon/usr/lib/libxenon.a(xenos.o)
                0x00000000800220b8                ana_vga_1360x768
 .data.ana_vga_1360x768_corona
                0x00000000800224b8      0x400 /usr/local/xenon/usr/lib/libxenon.a(xenos.o)
                0x00000000800224b8                ana_vga_1360x768_corona
 .data.ana_vga_1440x900
                0x00000000800228b8      0x400 /usr/local/xenon/usr/lib/libxenon.a(xenos.o)
                0x00000000800228b8                ana_vga_1440x900
 .data.ana_vga_1440x900_corona
                0x0000000080022cb8      0x400 /usr/local/xenon/usr/lib/libxenon.a(xenos.o)
                0x0000000080022cb8                ana_vga_1440x900_corona
 .data.ana_vga_640x480
                0x00000000800230b8      0x400 /usr/local/xenon/usr/lib/libxenon.a(xenos.o)
                0x00000000800230b8                ana_vga_640x480
 .data.ana_vga_640x480_corona
                0x00000000800234b8      0x400 /usr/local/xenon/usr/lib/libxenon.a(xenos.o)
                0x00000000800234b8                ana_vga_640x480_corona
 .data.ana_yuv_480p
                0x00000000800238b8      0x400 /usr/local/xenon/usr/lib/libxenon.a(xenos.o)
                0x00000000800238b8                ana_yuv_480p
 .data.ana_yuv_480p_corona
                0x0000000080023cb8      0x400 /usr/local/xenon/usr/lib/libxenon.a(xenos.o)
                0x0000000080023cb8                ana_yuv_480p_corona
 .data.ana_yuv_720p
                0x00000000800240b8      0x400 /usr/local/xenon/usr/lib/libxenon.a(xenos.o)
                0x00000000800240b8                ana_yuv_720p
 .data.ana_yuv_720p_corona
                0x00000000800244b8      0x400 /usr/local/xenon/usr/lib/libxenon.a(xenos.o)
                0x00000000800244b8                ana_yuv_720p_corona
 .data.xenos_modes
                0x00000000800248b8      0x30c /usr/local/xenon/usr/lib/libxenon.a(xenos.o)
                0x00000000800248b8                xenos_modes
 .data.xenos_modes_corona
                0x0000000080024bc4      0x30c /usr/local/xenon/usr/lib/libxenon.a(xenos.o)
                0x0000000080024bc4                xenos_modes_corona
 .data.dummy_driver
                0x0000000080024ed0        0xc /usr/local/xenon/usr/lib/libxenon.a(dummy.o)
                0x0000000080024ed0                dummy_driver
 .data.ohci_driver
                0x0000000080024edc       0x2c /usr/local/xenon/usr/lib/libxenon.a(ohci.o)
                0x0000000080024edc                ohci_driver
 .data          0x0000000080024f08      0x428 /usr/local/xenon/xenon/lib/32/libc.a(lib_a-impure.o)
 .data          0x0000000080025330      0x16c /usr/local/xenon/xenon/lib/32/libc.a(lib_a-locale.o)
                0x0000000080025330                __global_locale
 .data          0x000000008002549c      0x408 /usr/local/xenon/xenon/lib/32/libc.a(lib_a-mallocr.o)
                0x000000008002549c                __malloc_av_

.got2           0x00000000800258a4       0x14
 .got2          0x00000000800258a4       0x14 /usr/local/xenon/lib/gcc/xenon/6.3.0/32/libgcc.a(unwind-dw2-fde-dip.o)

.sdata          0x00000000800258b8       0x24
 *(.sdata*)
 .sdata         0x00000000800258b8        0x0 /usr/local/xenon/lib/gcc/xenon/6.3.0/../../../../xenon/lib/../lib/crt1.o
                0x000000008002d8b8                _SDA_BASE_
 .sdata2        0x00000000800258b8        0x0 /usr/local/xenon/lib/gcc/xenon/6.3.0/../../../../xenon/lib/../lib/crt1.o
                0x000000008002d8b8                _SDA2_BASE_
 .sdata         0x00000000800258b8        0x4 /usr/local/xenon/usr/lib/libxenon.a(startup_from_xell.o)
                0x00000000800258b8                __system_argv
 .sdata.console_color
                0x00000000800258bc        0x8 /usr/local/xenon/usr/lib/libxenon.a(console.o)
                0x00000000800258bc                console_color
 .sdata.usb_timeout
                0x00000000800258c4        0x4 /usr/local/xenon/usr/lib/libxenon.a(tinyehci.o)
                0x00000000800258c4                usb_timeout
 .sdata.xenon_smc_last_ir
                0x00000000800258c8        0x4 /usr/local/xenon/usr/lib/libxenon.a(xenon_smc.o)
                0x00000000800258c8                xenon_smc_last_ir
 .sdata         0x00000000800258cc        0x8 /usr/local/xenon/xenon/lib/32/libc.a(lib_a-impure.o)
                0x00000000800258cc                _global_impure_ptr
                0x00000000800258d0                _impure_ptr
 .sdata         0x00000000800258d4        0x8 /usr/local/xenon/xenon/lib/32/libc.a(lib_a-mallocr.o)
                0x00000000800258d4                __malloc_sbrk_base
                0x00000000800258d8                __malloc_trim_threshold

.rodata         0x00000000800258e0     0x3494
 *(.rodata*)
 .rodata.getTemp.cst4
                0x00000000800258e0       0x10 main.o
 .rodata.getTemp.cst8
                0x00000000800258f0        0x8 main.o
 .rodata.getTemp.str1.8
                0x00000000800258f8       0x59 main.o
 *fill*         0x0000000080025951        0x7 
 .rodata.main.str1.8
                0x0000000080025958       0x95 main.o
 *fill*         0x00000000800259ed        0x3 
 .rodata.reRun.cst4
                0x00000000800259f0        0x4 main.o
 *fill*         0x00000000800259f4        0x4 
 .rodata.reRun.str1.8
                0x00000000800259f8       0x91 main.o
 *fill*         0x0000000080025a89        0x7 
 .rodata.str1.8
                0x0000000080025a90       0xd0 main.o
                                         0xce (size before relaxing)
 .rodata.console_init.str1.1
                0x0000000080025b60       0x33 /usr/local/xenon/usr/lib/libxenon.a(console.o)
 *fill*         0x0000000080025b93        0x5 
 .rodata.fontdata_8x16
                0x0000000080025b98     0x1000 /usr/local/xenon/usr/lib/libxenon.a(console.o)
                0x0000000080025b98                fontdata_8x16
 .rodata.AddDevice.str1.1
                0x0000000080026b98        0x8 /usr/local/xenon/usr/lib/libxenon.a(newlib.o)
 .rodata.abort.str1.1
                0x0000000080026ba0        0xf /usr/local/xenon/usr/lib/libxenon.a(newlib.o)
 *fill*         0x0000000080026baf        0x1 
 .rodata.console_optab
                0x0000000080026bb0       0x64 /usr/local/xenon/usr/lib/libxenon.a(newlib.o)
                0x0000000080026bb0                console_optab
 .rodata.dotab_stdnull
                0x0000000080026c14       0x64 /usr/local/xenon/usr/lib/libxenon.a(newlib.o)
                0x0000000080026c14                dotab_stdnull
 .rodata.str1.1
                0x0000000080026c78        0x7 /usr/local/xenon/usr/lib/libxenon.a(newlib.o)
 *fill*         0x0000000080026c7f        0x1 
 .rodata.__func__.4659
                0x0000000080026c80       0x12 /usr/local/xenon/usr/lib/libxenon.a(xenon_syscalls.o)
 *fill*         0x0000000080026c92        0x6 
 .rodata.__func__.4665
                0x0000000080026c98       0x14 /usr/local/xenon/usr/lib/libxenon.a(xenon_syscalls.o)
 .rodata.try_return_to_xell.str1.1
                0x0000000080026cac       0x11 /usr/local/xenon/usr/lib/libxenon.a(xenon_syscalls.o)
 .rodata.xenon_exit.str1.1
                0x0000000080026cbd       0x63 /usr/local/xenon/usr/lib/libxenon.a(xenon_syscalls.o)
 .rodata.xenon_malloc_lock.str1.1
                0x0000000080026d20        0x9 /usr/local/xenon/usr/lib/libxenon.a(xenon_syscalls.o)
 .rodata.xenon_malloc_unlock.str1.1
                0x0000000080026d29       0x40 /usr/local/xenon/usr/lib/libxenon.a(xenon_syscalls.o)
 .rodata.kmem_init.str1.1
                0x0000000080026d69       0x35 /usr/local/xenon/usr/lib/libxenon.a(lib_malloc.o)
 .rodata.lib_outofmemory.str1.1
                0x0000000080026d9e       0x16 /usr/local/xenon/usr/lib/libxenon.a(lib_malloc.o)
 .rodata.crashdump.str1.1
                0x0000000080026db4       0xec /usr/local/xenon/usr/lib/libxenon.a(c_except.o)
                                         0xf0 (size before relaxing)
 .rodata.str1.1
                0x0000000080026ea0       0x14 /usr/local/xenon/usr/lib/libxenon.a(usbctrl.o)
 .rodata.usbctrl_attach.str1.1
                0x0000000080026eb4       0x5f /usr/local/xenon/usr/lib/libxenon.a(usbctrl.o)
 .rodata.usbctrl_detach.str1.1
                0x0000000080026f13       0x42 /usr/local/xenon/usr/lib/libxenon.a(usbctrl.o)
 .rodata.usbctrl_set_leds.str1.1
                0x0000000080026f55       0x16 /usr/local/xenon/usr/lib/libxenon.a(usbctrl.o)
 .rodata.usb_create_pipe.str1.1
                0x0000000080026f6b       0x32 /usr/local/xenon/usr/lib/libxenon.a(usbd.o)
 .rodata.usb_free_request.str1.1
                0x0000000080026f9d       0x34 /usr/local/xenon/usr/lib/libxenon.a(usbd.o)
 .rodata.usb_initroot.str1.1
                0x0000000080026fd1       0x73 /usr/local/xenon/usr/lib/libxenon.a(usbd.o)
 .rodata.usb_find_driver.str1.1
                0x0000000080027044       0x5a /usr/local/xenon/usr/lib/libxenon.a(usbdevs.o)
 .rodata.str1.1
                0x000000008002709e       0x2e /usr/local/xenon/usr/lib/libxenon.a(usbhid.o)
 .rodata.usbhid_attach.str1.1
                0x00000000800270cc       0x19 /usr/local/xenon/usr/lib/libxenon.a(usbhid.o)
 *fill*         0x00000000800270e5        0x3 
 .rodata.usbhid_devtypes
                0x00000000800270e8        0xc /usr/local/xenon/usr/lib/libxenon.a(usbhid.o)
 .rodata.usbhid_ireq_callback.str1.1
                0x00000000800270f4        0x3 /usr/local/xenon/usr/lib/libxenon.a(usbhid.o)
 .rodata.str1.1
                0x00000000800270f7       0x11 /usr/local/xenon/usr/lib/libxenon.a(usbhub.o)
 .rodata.usbhub_detach.str1.1
                0x0000000080027108       0x76 /usr/local/xenon/usr/lib/libxenon.a(usbhub.o)
 .rodata.usbhub_scan1.str1.1
                0x000000008002717e      0x176 /usr/local/xenon/usr/lib/libxenon.a(usbhub.o)
 .rodata.usb_init.str1.1
                0x00000000800272f4       0x5a /usr/local/xenon/usr/lib/libxenon.a(usbmain.o)
 .rodata.usb_init_one_ohci.str1.1
                0x000000008002734e       0x75 /usr/local/xenon/usr/lib/libxenon.a(usbmain.o)
 .rodata.EHCI_do_one.str1.1
                0x00000000800273c3       0x20 /usr/local/xenon/usr/lib/libxenon.a(tinyehci.o)
 .rodata.USBStorage_Init.str1.1
                0x00000000800273e3       0x47 /usr/local/xenon/usr/lib/libxenon.a(tinyehci.o)
 .rodata.ehci_reset_usb_port.str1.1
                0x000000008002742a       0x33 /usr/local/xenon/usr/lib/libxenon.a(tinyehci.o)
 .rodata.xenon_smc_ana_read.str1.1
                0x000000008002745d       0x2e /usr/local/xenon/usr/lib/libxenon.a(xenon_smc.o)
 .rodata.xenon_smc_ana_write.str1.1
                0x000000008002748b       0x2f /usr/local/xenon/usr/lib/libxenon.a(xenon_smc.o)
 .rodata.xenon_smc_handle_bulk.str1.1
                0x00000000800274ba       0x46 /usr/local/xenon/usr/lib/libxenon.a(xenon_smc.o)
 .rodata.xenon_smc_i2c_ddc_lock.str1.1
                0x0000000080027500       0x27 /usr/local/xenon/usr/lib/libxenon.a(xenon_smc.o)
 .rodata.xenon_smc_i2c_read.str1.1
                0x0000000080027527       0x2e /usr/local/xenon/usr/lib/libxenon.a(xenon_smc.o)
 .rodata.xenon_smc_i2c_write.str1.1
                0x0000000080027555       0x2f /usr/local/xenon/usr/lib/libxenon.a(xenon_smc.o)
 .rodata.xenon_make_it_faster.str1.1
                0x0000000080027584      0x10a /usr/local/xenon/usr/lib/libxenon.a(xenon_power.o)
 .rodata.xenon_set_speed.str1.1
                0x000000008002768e       0x44 /usr/local/xenon/usr/lib/libxenon.a(xenon_power.o)
 .rodata.xenon_config_get_avregion.str1.1
                0x00000000800276d2       0x20 /usr/local/xenon/usr/lib/libxenon.a(xenon_config.o)
 .rodata.xenon_config_init.str1.1
                0x00000000800276f2       0x20 /usr/local/xenon/usr/lib/libxenon.a(xenon_config.o)
 *fill*         0x0000000080027712        0x2 
 .rodata        0x0000000080027714      0x140 /usr/local/xenon/usr/lib/libxenon.a(xenos.o)
 *fill*         0x0000000080027854        0x4 
 .rodata.CSWTCH.44
                0x0000000080027858        0x4 /usr/local/xenon/usr/lib/libxenon.a(xenos.o)
 *fill*         0x000000008002785c        0x4 
 .rodata.__func__.4400
                0x0000000080027860       0x12 /usr/local/xenon/usr/lib/libxenon.a(xenos.o)
 .rodata.str1.1
                0x0000000080027872       0x94 /usr/local/xenon/usr/lib/libxenon.a(xenos.o)
 .rodata.xenos_ana_write.str1.1
                0x0000000080027906       0x33 /usr/local/xenon/usr/lib/libxenon.a(xenos.o)
 .rodata.xenos_autoset_mode.str1.1
                0x0000000080027939       0x17 /usr/local/xenon/usr/lib/libxenon.a(xenos.o)
 .rodata.xenos_init.str1.1
                0x0000000080027950       0x57 /usr/local/xenon/usr/lib/libxenon.a(xenos.o)
 .rodata.xenos_init_ana_new.str1.1
                0x00000000800279a7       0xf5 /usr/local/xenon/usr/lib/libxenon.a(xenos.o)
 .rodata.xenos_init_phase1.str1.1
                0x0000000080027a9c       0x85 /usr/local/xenon/usr/lib/libxenon.a(xenos.o)
 .rodata.xenos_is_overscan.str1.1
                0x0000000080027b21       0x16 /usr/local/xenon/usr/lib/libxenon.a(xenos.o)
 .rodata.xenos_set_mode.str1.1
                0x0000000080027b37       0x29 /usr/local/xenon/usr/lib/libxenon.a(xenos.o)
 .rodata.edid_header
                0x0000000080027b60        0x8 /usr/local/xenon/usr/lib/libxenon.a(xenos_edid.o)
 .rodata.xenos_ddc_read_edid.str1.1
                0x0000000080027b68       0xa5 /usr/local/xenon/usr/lib/libxenon.a(xenos_edid.o)
 .rodata.xenos_get_edid.str1.1
                0x0000000080027c0d       0x61 /usr/local/xenon/usr/lib/libxenon.a(xenos_edid.o)
 .rodata.str1.1
                0x0000000080027c6e        0xd /usr/local/xenon/usr/lib/libxenon.a(dummy.o)
 *fill*         0x0000000080027c7b        0x1 
 .rodata.ohci_xfer
                0x0000000080027c7c       0x50 /usr/local/xenon/usr/lib/libxenon.a(ohci.o)
 .rodata.ohci_revbits
                0x0000000080027ccc       0x80 /usr/local/xenon/usr/lib/libxenon.a(ohci.o)
 .rodata.ohci_root_cfgdsc
                0x0000000080027d4c        0x9 /usr/local/xenon/usr/lib/libxenon.a(ohci.o)
 .rodata.ohci_root_devdsc
                0x0000000080027d55       0x12 /usr/local/xenon/usr/lib/libxenon.a(ohci.o)
 .rodata.ohci_root_epdsc
                0x0000000080027d67        0x7 /usr/local/xenon/usr/lib/libxenon.a(ohci.o)
 .rodata.ohci_root_hubdsc
                0x0000000080027d6e       0x47 /usr/local/xenon/usr/lib/libxenon.a(ohci.o)
 .rodata.ohci_root_ifdsc
                0x0000000080027db5        0x9 /usr/local/xenon/usr/lib/libxenon.a(ohci.o)
 .rodata.ohci_xfer.str1.1
                0x0000000080027dbe        0x8 /usr/local/xenon/usr/lib/libxenon.a(ohci.o)
                                         0x11 (size before relaxing)
 *fill*         0x0000000080027dc6        0x2 
 .rodata.eptattribs.4047
                0x0000000080027dc8       0x10 /usr/local/xenon/usr/lib/libxenon.a(usbdebug.o)
 .rodata.getstringmaybe.str1.1
                0x0000000080027dd8        0x8 /usr/local/xenon/usr/lib/libxenon.a(usbdebug.o)
                                          0x1 (size before relaxing)
 .rodata.str1.1
                0x0000000080027dd8       0x1c /usr/local/xenon/usr/lib/libxenon.a(usbdebug.o)
 .rodata.usb_dbg_dumpdescriptors.str1.1
                0x0000000080027df4      0x4a8 /usr/local/xenon/usr/lib/libxenon.a(usbdebug.o)
 .rodata.usb_dbg_dumpportstatus.str1.1
                0x000000008002829c       0xd8 /usr/local/xenon/usr/lib/libxenon.a(usbdebug.o)
                                         0xdb (size before relaxing)
 .rodata        0x0000000080028374       0x24 /usr/local/xenon/usr/lib/libxenon.a(xenon_gpio.o)
 .rodata.sfcx_init.str1.1
                0x0000000080028398       0x7e /usr/local/xenon/usr/lib/libxenon.a(xenon_sfcx.o)
 *fill*         0x0000000080028416        0x2 
 .rodata        0x0000000080028418       0x34 /usr/local/xenon/lib/gcc/xenon/6.3.0/32/libgcc.a(unwind-dw2-fde-dip.o)
 .rodata.str1.4
                0x000000008002844c       0x3f /usr/local/xenon/xenon/lib/32/libc.a(lib_a-assert.o)
                                         0x43 (size before relaxing)
 *fill*         0x000000008002848b        0x1 
 .rodata.str1.4
                0x000000008002848c        0xe /usr/local/xenon/xenon/lib/32/libc.a(lib_a-locale.o)
                                         0x12 (size before relaxing)
 *fill*         0x000000008002849a        0x2 
 .rodata.str1.4
                0x000000008002849c        0x2 /usr/local/xenon/xenon/lib/32/libc.a(lib_a-puts.o)
 *fill*         0x000000008002849e        0x2 
 .rodata        0x00000000800284a0      0x184 /usr/local/xenon/xenon/lib/32/libc.a(lib_a-svfprintf.o)
 .rodata.cst4   0x0000000080028624        0x4 /usr/local/xenon/xenon/lib/32/libc.a(lib_a-svfprintf.o)
 *fill*         0x0000000080028624        0x4 
 .rodata.cst8   0x0000000080028628        0x8 /usr/local/xenon/xenon/lib/32/libc.a(lib_a-svfprintf.o)
 .rodata.str1.4
                0x0000000080028630       0x42 /usr/local/xenon/xenon/lib/32/libc.a(lib_a-svfprintf.o)
 *fill*         0x0000000080028672        0x2 
 .rodata        0x0000000080028674      0x184 /usr/local/xenon/xenon/lib/32/libc.a(lib_a-vfiprintf.o)
 .rodata.cst4   0x00000000800287f8        0x8 /usr/local/xenon/xenon/lib/32/libc.a(lib_a-vfiprintf.o)
 .rodata.str1.4
                0x0000000080028800       0x2f /usr/local/xenon/xenon/lib/32/libc.a(lib_a-vfiprintf.o)
 .rodata        0x0000000080028800      0x184 /usr/local/xenon/xenon/lib/32/libc.a(lib_a-vfprintf.o)
 .rodata.cst4   0x0000000080028984        0x4 /usr/local/xenon/xenon/lib/32/libc.a(lib_a-vfprintf.o)
 .rodata.cst8   0x0000000080028984        0x8 /usr/local/xenon/xenon/lib/32/libc.a(lib_a-vfprintf.o)
 .rodata.str1.4
                0x0000000080028984       0x42 /usr/local/xenon/xenon/lib/32/libc.a(lib_a-vfprintf.o)
 .rodata        0x0000000080028984      0x101 /usr/local/xenon/xenon/lib/32/libc.a(lib_a-ctype_.o)
                0x0000000080028984                _ctype_
 *fill*         0x0000000080028a85        0x3 
 .rodata.cst4   0x0000000080028a88       0x18 /usr/local/xenon/xenon/lib/32/libc.a(lib_a-dtoa.o)
                                         0x1c (size before relaxing)
 .rodata.cst8   0x0000000080028aa0       0x18 /usr/local/xenon/xenon/lib/32/libc.a(lib_a-dtoa.o)
 .rodata.str1.4
                0x0000000080028ab8       0x10 /usr/local/xenon/xenon/lib/32/libc.a(lib_a-dtoa.o)
                                         0x12 (size before relaxing)
 .rodata        0x0000000080028ac8      0x128 /usr/local/xenon/xenon/lib/32/libc.a(lib_a-mprec.o)
                0x0000000080028ad8                __mprec_tens
                0x0000000080028ba0                __mprec_tinytens
                0x0000000080028bc8                __mprec_bigtens
 .rodata.cst4   0x0000000080028bf0        0x8 /usr/local/xenon/xenon/lib/32/libc.a(lib_a-mprec.o)
 .rodata        0x0000000080028bf0      0x184 /usr/local/xenon/xenon/lib/32/libc.a(lib_a-svfiprintf.o)
 .rodata.str1.4
                0x0000000080028d74       0x2f /usr/local/xenon/xenon/lib/32/libc.a(lib_a-svfiprintf.o)

.ctors          0x0000000080028d74        0x0
                0x0000000080028d74                __CTOR_LIST__ = .
 *(.ctors)
                0x0000000080028d74                __CTOR_END__ = .

.dtors          0x0000000080028d74        0x0
                0x0000000080028d74                __DTOR_LIST__ = .
 *(.dtors)
                0x0000000080028d74                __DTOR_END__ = .

.eh_frame_hdr   0x0000000080028d74       0xe4
 *(.eh_frame_hdr)
 .eh_frame_hdr  0x0000000080028d74       0xe4 /usr/local/xenon/lib/gcc/xenon/6.3.0/32/libgcc.a(crtsavgpr.o)
                0x0000000080028d74                __GNU_EH_FRAME_HDR

.eh_frame       0x0000000080028e58      0x5e8
                0x0000000080028e58                PROVIDE (__eh_frame_start, .)
 *(.eh_frame)
 .eh_frame      0x0000000080028e58        0x0 /usr/local/xenon/lib/gcc/xenon/6.3.0/../../../../xenon/lib/../lib/crt1.o
 .eh_frame      0x0000000080028e58       0x28 /usr/local/xenon/lib/gcc/xenon/6.3.0/32/libgcc.a(crtsavgpr.o)
 .eh_frame      0x0000000080028e80       0x7c /usr/local/xenon/lib/gcc/xenon/6.3.0/32/libgcc.a(crtresxgpr.o)
 .eh_frame      0x0000000080028efc      0x4b8 /usr/local/xenon/lib/gcc/xenon/6.3.0/32/libgcc.a(unwind-dw2-fde-dip.o)
                                        0x4cc (size before relaxing)
 .eh_frame      0x00000000800293b4       0x40 /usr/local/xenon/lib/gcc/xenon/6.3.0/32/libgcc.a(_udivdi3.o)
                                         0x54 (size before relaxing)
 .eh_frame      0x00000000800293f4       0x44 /usr/local/xenon/lib/gcc/xenon/6.3.0/32/libgcc.a(_umoddi3.o)
                                         0x58 (size before relaxing)
 .eh_frame      0x0000000080029438        0x4 /usr/local/xenon/lib/gcc/xenon/6.3.0/32/crtend.o
                0x000000008002943c        0x4 LONG 0x0

.rela.dyn       0x0000000080029440        0x0
 .rela.iplt     0x0000000080029440        0x0 /usr/local/xenon/lib/gcc/xenon/6.3.0/../../../../xenon/lib/../lib/crt1.o
 .rela.text.call_ctors
                0x0000000080029440        0x0 /usr/local/xenon/lib/gcc/xenon/6.3.0/../../../../xenon/lib/../lib/crt1.o
 .rela.text.c_register_frame
                0x0000000080029440        0x0 /usr/local/xenon/lib/gcc/xenon/6.3.0/../../../../xenon/lib/../lib/crt1.o
 .rela.text.__crtmain
                0x0000000080029440        0x0 /usr/local/xenon/lib/gcc/xenon/6.3.0/../../../../xenon/lib/../lib/crt1.o
 .rela.text     0x0000000080029440        0x0 /usr/local/xenon/lib/gcc/xenon/6.3.0/../../../../xenon/lib/../lib/crt1.o
 .rela.text.__check_argv
                0x0000000080029440        0x0 /usr/local/xenon/lib/gcc/xenon/6.3.0/../../../../xenon/lib/../lib/crt1.o
 .rela.text.console_init
                0x0000000080029440        0x0 /usr/local/xenon/lib/gcc/xenon/6.3.0/../../../../xenon/lib/../lib/crt1.o
 .rela.text.console_close
                0x0000000080029440        0x0 /usr/local/xenon/lib/gcc/xenon/6.3.0/../../../../xenon/lib/../lib/crt1.o
 .rela.text.__dirreset
                0x0000000080029440        0x0 /usr/local/xenon/lib/gcc/xenon/6.3.0/../../../../xenon/lib/../lib/crt1.o
 .rela.text.__dirnext
                0x0000000080029440        0x0 /usr/local/xenon/lib/gcc/xenon/6.3.0/../../../../xenon/lib/../lib/crt1.o
 .rela.text.__libc_lock_init
                0x0000000080029440        0x0 /usr/local/xenon/lib/gcc/xenon/6.3.0/../../../../xenon/lib/../lib/crt1.o
 .rela.text.__libc_lock_close
                0x0000000080029440        0x0 /usr/local/xenon/lib/gcc/xenon/6.3.0/../../../../xenon/lib/../lib/crt1.o
 .rela.text.__libc_lock_release
                0x0000000080029440        0x0 /usr/local/xenon/lib/gcc/xenon/6.3.0/../../../../xenon/lib/../lib/crt1.o
 .rela.text.__libc_lock_acquire
                0x0000000080029440        0x0 /usr/local/xenon/lib/gcc/xenon/6.3.0/../../../../xenon/lib/../lib/crt1.o
 .rela.text.__malloc_lock
                0x0000000080029440        0x0 /usr/local/xenon/lib/gcc/xenon/6.3.0/../../../../xenon/lib/../lib/crt1.o
 .rela.text.__malloc_unlock
                0x0000000080029440        0x0 /usr/local/xenon/lib/gcc/xenon/6.3.0/../../../../xenon/lib/../lib/crt1.o
 .rela.text._exit
                0x0000000080029440        0x0 /usr/local/xenon/lib/gcc/xenon/6.3.0/../../../../xenon/lib/../lib/crt1.o
 .rela.text.sbrk
                0x0000000080029440        0x0 /usr/local/xenon/lib/gcc/xenon/6.3.0/../../../../xenon/lib/../lib/crt1.o
 .rela.text.execve
                0x0000000080029440        0x0 /usr/local/xenon/lib/gcc/xenon/6.3.0/../../../../xenon/lib/../lib/crt1.o
 .rela.text.execv
                0x0000000080029440        0x0 /usr/local/xenon/lib/gcc/xenon/6.3.0/../../../../xenon/lib/../lib/crt1.o
 .rela.text.execvp
                0x0000000080029440        0x0 /usr/local/xenon/lib/gcc/xenon/6.3.0/../../../../xenon/lib/../lib/crt1.o
 .rela.text.fork
                0x0000000080029440        0x0 /usr/local/xenon/lib/gcc/xenon/6.3.0/../../../../xenon/lib/../lib/crt1.o
 .rela.text.getpid
                0x0000000080029440        0x0 /usr/local/xenon/lib/gcc/xenon/6.3.0/../../../../xenon/lib/../lib/crt1.o
 .rela.text.getrusage
                0x0000000080029440        0x0 /usr/local/xenon/lib/gcc/xenon/6.3.0/../../../../xenon/lib/../lib/crt1.o
 .rela.text.gettimeofday
                0x0000000080029440        0x0 /usr/local/xenon/lib/gcc/xenon/6.3.0/../../../../xenon/lib/../lib/crt1.o
 .rela.text.kill
                0x0000000080029440        0x0 /usr/local/xenon/lib/gcc/xenon/6.3.0/../../../../xenon/lib/../lib/crt1.o
 .rela.text.open
                0x0000000080029440        0x0 /usr/local/xenon/lib/gcc/xenon/6.3.0/../../../../xenon/lib/../lib/crt1.o
 .rela.text.read
                0x0000000080029440        0x0 /usr/local/xenon/lib/gcc/xenon/6.3.0/../../../../xenon/lib/../lib/crt1.o
 .rela.text.write
                0x0000000080029440        0x0 /usr/local/xenon/lib/gcc/xenon/6.3.0/../../../../xenon/lib/../lib/crt1.o
 .rela.text.fstat
                0x0000000080029440        0x0 /usr/local/xenon/lib/gcc/xenon/6.3.0/../../../../xenon/lib/../lib/crt1.o
 .rela.text.stat
                0x0000000080029440        0x0 /usr/local/xenon/lib/gcc/xenon/6.3.0/../../../../xenon/lib/../lib/crt1.o
 .rela.text.statvfs
                0x0000000080029440        0x0 /usr/local/xenon/lib/gcc/xenon/6.3.0/../../../../xenon/lib/../lib/crt1.o
 .rela.text.fsync
                0x0000000080029440        0x0 /usr/local/xenon/lib/gcc/xenon/6.3.0/../../../../xenon/lib/../lib/crt1.o
 .rela.text.ftruncate
                0x0000000080029440        0x0 /usr/local/xenon/lib/gcc/xenon/6.3.0/../../../../xenon/lib/../lib/crt1.o
 .rela.text.link
                0x0000000080029440        0x0 /usr/local/xenon/lib/gcc/xenon/6.3.0/../../../../xenon/lib/../lib/crt1.o
 .rela.text.lseek
                0x0000000080029440        0x0 /usr/local/xenon/lib/gcc/xenon/6.3.0/../../../../xenon/lib/../lib/crt1.o
 .rela.text.rename
                0x0000000080029440        0x0 /usr/local/xenon/lib/gcc/xenon/6.3.0/../../../../xenon/lib/../lib/crt1.o
 .rela.text.unlink
                0x0000000080029440        0x0 /usr/local/xenon/lib/gcc/xenon/6.3.0/../../../../xenon/lib/../lib/crt1.o
 .rela.text.close
                0x0000000080029440        0x0 /usr/local/xenon/lib/gcc/xenon/6.3.0/../../../../xenon/lib/../lib/crt1.o
 .rela.text.chdir
                0x0000000080029440        0x0 /usr/local/xenon/lib/gcc/xenon/6.3.0/../../../../xenon/lib/../lib/crt1.o
 .rela.text.getcwd
                0x0000000080029440        0x0 /usr/local/xenon/lib/gcc/xenon/6.3.0/../../../../xenon/lib/../lib/crt1.o
 .rela.text.chmod
                0x0000000080029440        0x0 /usr/local/xenon/lib/gcc/xenon/6.3.0/../../../../xenon/lib/../lib/crt1.o
 .rela.text.fchmod
                0x0000000080029440        0x0 /usr/local/xenon/lib/gcc/xenon/6.3.0/../../../../xenon/lib/../lib/crt1.o
 .rela.text.opendir
                0x0000000080029440        0x0 /usr/local/xenon/lib/gcc/xenon/6.3.0/../../../../xenon/lib/../lib/crt1.o
 .rela.text.closedir
                0x0000000080029440        0x0 /usr/local/xenon/lib/gcc/xenon/6.3.0/../../../../xenon/lib/../lib/crt1.o
 .rela.text.mkdir
                0x0000000080029440        0x0 /usr/local/xenon/lib/gcc/xenon/6.3.0/../../../../xenon/lib/../lib/crt1.o
 .rela.text.xenon_sbrk
                0x0000000080029440        0x0 /usr/local/xenon/lib/gcc/xenon/6.3.0/../../../../xenon/lib/../lib/crt1.o
 .rela.text.kmem_init
                0x0000000080029440        0x0 /usr/local/xenon/lib/gcc/xenon/6.3.0/../../../../xenon/lib/../lib/crt1.o
 .rela.text.usbctrl_set_led_callback
                0x0000000080029440        0x0 /usr/local/xenon/lib/gcc/xenon/6.3.0/../../../../xenon/lib/../lib/crt1.o
 .rela.text.usbctrl_set_rol
                0x0000000080029440        0x0 /usr/local/xenon/lib/gcc/xenon/6.3.0/../../../../xenon/lib/../lib/crt1.o
 .rela.text.usbctrl_set_leds
                0x0000000080029440        0x0 /usr/local/xenon/lib/gcc/xenon/6.3.0/../../../../xenon/lib/../lib/crt1.o
 .rela.text.usbctrl_poll
                0x0000000080029440        0x0 /usr/local/xenon/lib/gcc/xenon/6.3.0/../../../../xenon/lib/../lib/crt1.o
 .rela.text.usbctrl_attach
                0x0000000080029440        0x0 /usr/local/xenon/lib/gcc/xenon/6.3.0/../../../../xenon/lib/../lib/crt1.o
 .rela.text.usbctrl_set_rumble
                0x0000000080029440        0x0 /usr/local/xenon/lib/gcc/xenon/6.3.0/../../../../xenon/lib/../lib/crt1.o
 .rela.text.usb_create_pipe
                0x0000000080029440        0x0 /usr/local/xenon/lib/gcc/xenon/6.3.0/../../../../xenon/lib/../lib/crt1.o
 .rela.text.usb_destroy_pipe
                0x0000000080029440        0x0 /usr/local/xenon/lib/gcc/xenon/6.3.0/../../../../xenon/lib/../lib/crt1.o
 .rela.text.usb_destroy_all_pipes
                0x0000000080029440        0x0 /usr/local/xenon/lib/gcc/xenon/6.3.0/../../../../xenon/lib/../lib/crt1.o
 .rela.text.usb_destroy_device
                0x0000000080029440        0x0 /usr/local/xenon/lib/gcc/xenon/6.3.0/../../../../xenon/lib/../lib/crt1.o
 .rela.text.usb_create_device
                0x0000000080029440        0x0 /usr/local/xenon/lib/gcc/xenon/6.3.0/../../../../xenon/lib/../lib/crt1.o
 .rela.text.usb_make_request
                0x0000000080029440        0x0 /usr/local/xenon/lib/gcc/xenon/6.3.0/../../../../xenon/lib/../lib/crt1.o
 .rela.text.usb_free_request
                0x0000000080029440        0x0 /usr/local/xenon/lib/gcc/xenon/6.3.0/../../../../xenon/lib/../lib/crt1.o
 .rela.text.usb_clear_stall
                0x0000000080029440        0x0 /usr/local/xenon/lib/gcc/xenon/6.3.0/../../../../xenon/lib/../lib/crt1.o
 .rela.text.usb_std_request
                0x0000000080029440        0x0 /usr/local/xenon/lib/gcc/xenon/6.3.0/../../../../xenon/lib/../lib/crt1.o
 .rela.text.usb_get_string
                0x0000000080029440        0x0 /usr/local/xenon/lib/gcc/xenon/6.3.0/../../../../xenon/lib/../lib/crt1.o
 .rela.text.usb_get_device_descriptor
                0x0000000080029440        0x0 /usr/local/xenon/lib/gcc/xenon/6.3.0/../../../../xenon/lib/../lib/crt1.o
 .rela.text.usb_get_config_descriptor
                0x0000000080029440        0x0 /usr/local/xenon/lib/gcc/xenon/6.3.0/../../../../xenon/lib/../lib/crt1.o
 .rela.text.usb_initroot
                0x0000000080029440        0x0 /usr/local/xenon/lib/gcc/xenon/6.3.0/../../../../xenon/lib/../lib/crt1.o
 .rela.data.usb_drivers
                0x0000000080029440        0x0 /usr/local/xenon/lib/gcc/xenon/6.3.0/../../../../xenon/lib/../lib/crt1.o
 .rela.text.usbhid_attach
                0x0000000080029440        0x0 /usr/local/xenon/lib/gcc/xenon/6.3.0/../../../../xenon/lib/../lib/crt1.o
 .rela.text.usbhub_detach
                0x0000000080029440        0x0 /usr/local/xenon/lib/gcc/xenon/6.3.0/../../../../xenon/lib/../lib/crt1.o
 .rela.text.usbhub_attach
                0x0000000080029440        0x0 /usr/local/xenon/lib/gcc/xenon/6.3.0/../../../../xenon/lib/../lib/crt1.o
 .rela.text.usbhub_scan1
                0x0000000080029440        0x0 /usr/local/xenon/lib/gcc/xenon/6.3.0/../../../../xenon/lib/../lib/crt1.o
 .rela.text.usb_init_one_ohci
                0x0000000080029440        0x0 /usr/local/xenon/lib/gcc/xenon/6.3.0/../../../../xenon/lib/../lib/crt1.o
 .rela.text.usb_do_poll
                0x0000000080029440        0x0 /usr/local/xenon/lib/gcc/xenon/6.3.0/../../../../xenon/lib/../lib/crt1.o
 .rela.text.EHCI_do_one
                0x0000000080029440        0x0 /usr/local/xenon/lib/gcc/xenon/6.3.0/../../../../xenon/lib/../lib/crt1.o
 .rela.text.USBStorage_Init
                0x0000000080029440        0x0 /usr/local/xenon/lib/gcc/xenon/6.3.0/../../../../xenon/lib/../lib/crt1.o
 .rela.text.seems_valid
                0x0000000080029440        0x0 /usr/local/xenon/lib/gcc/xenon/6.3.0/../../../../xenon/lib/../lib/crt1.o
 .rela.text.stack_trace
                0x0000000080029440        0x0 /usr/local/xenon/lib/gcc/xenon/6.3.0/../../../../xenon/lib/../lib/crt1.o
 .rela.text.xenon_sound_init
                0x0000000080029440        0x0 /usr/local/xenon/lib/gcc/xenon/6.3.0/../../../../xenon/lib/../lib/crt1.o
 .rela.text.xenon_config_init
                0x0000000080029440        0x0 /usr/local/xenon/lib/gcc/xenon/6.3.0/../../../../xenon/lib/../lib/crt1.o
 .rela.text.enet_init
                0x0000000080029440        0x0 /usr/local/xenon/lib/gcc/xenon/6.3.0/../../../../xenon/lib/../lib/crt1.o
 .rela.text.enet_poll