Archive member included to satisfy reference by file (symbol)

/usr/local/xenon/usr/lib/libxenon.a(argv.o)
                              /usr/local/xenon/lib/gcc/xenon/6.3.0/../../../../xenon/lib/../lib/crt1.o (__check_argv)
/usr/local/xenon/usr/lib/libxenon.a(startup_from_xell.o)
                              (_start)
/usr/local/xenon/usr/lib/libxenon.a(console.o)
                              main.o (console_init)
/usr/local/xenon/usr/lib/libxenon.a(newlib.o)
                              /usr/local/xenon/usr/lib/libxenon.a(console.o) (stdout_hook)
/usr/local/xenon/usr/lib/libxenon.a(xenon_syscalls.o)
                              /usr/local/xenon/usr/lib/libxenon.a(newlib.o) (__syscalls)
/usr/local/xenon/usr/lib/libxenon.a(atomic.o)
                              /usr/local/xenon/usr/lib/libxenon.a(startup_from_xell.o) (atomic_clearset)
/usr/local/xenon/usr/lib/libxenon.a(cache.o)
                              /usr/local/xenon/usr/lib/libxenon.a(console.o) (memdcbst)
/usr/local/xenon/usr/lib/libxenon.a(except.o)
                              /usr/local/xenon/usr/lib/libxenon.a(startup_from_xell.o) (secondary_lock)
/usr/local/xenon/usr/lib/libxenon.a(c_except.o)
                              /usr/local/xenon/usr/lib/libxenon.a(except.o) (crashdump)
/usr/local/xenon/usr/lib/libxenon.a(vm.o)
                              /usr/local/xenon/usr/lib/libxenon.a(except.o) (vm_segfault_handler)
/usr/local/xenon/usr/lib/libxenon.a(time.o)
                              /usr/local/xenon/usr/lib/libxenon.a(c_except.o) (delay)
/usr/local/xenon/usr/lib/libxenon.a(usbmain.o)
                              /usr/local/xenon/usr/lib/libxenon.a(xenon_syscalls.o) (usb_shutdown)
/usr/local/xenon/usr/lib/libxenon.a(tinyehci.o)
                              /usr/local/xenon/usr/lib/libxenon.a(usbmain.o) (USBStorage_Init)
/usr/local/xenon/usr/lib/libxenon.a(debug.o)
                              /usr/local/xenon/usr/lib/libxenon.a(xenon_syscalls.o) (data_breakpoint)
/usr/local/xenon/usr/lib/libxenon.a(xenon_smc.o)
                              main.o (xenon_smc_send_message)
/usr/local/xenon/usr/lib/libxenon.a(xenon_power.o)
                              /usr/local/xenon/usr/lib/libxenon.a(xenon_syscalls.o) (xenon_is_thread_task_running)
/usr/local/xenon/usr/lib/libxenon.a(xenon_uart.o)
                              /usr/local/xenon/usr/lib/libxenon.a(newlib.o) (putch)
/usr/local/xenon/usr/lib/libxenon.a(xenon_config.o)
                              /usr/local/xenon/usr/lib/libxenon.a(xenon_power.o) (xenon_config_init)
/usr/local/xenon/usr/lib/libxenon.a(xenos.o)
                              main.o (xenos_init)
/usr/local/xenon/usr/lib/libxenon.a(xenos_edid.o)
                              /usr/local/xenon/usr/lib/libxenon.a(xenos.o) (xenos_get_edid)
/usr/local/xenon/usr/lib/libxenon.a(enet.o)
                              /usr/local/xenon/usr/lib/libxenon.a(xenon_syscalls.o) (enet_quiesce)
/usr/local/xenon/usr/lib/libxenon.a(xb360.o)
                              /usr/local/xenon/usr/lib/libxenon.a(xenos.o) (xenon_get_XenosID)
/usr/local/xenon/usr/lib/libxenon.a(lib_malloc.o)
                              /usr/local/xenon/usr/lib/libxenon.a(usbmain.o) (kmem_init)
/usr/local/xenon/usr/lib/libxenon.a(ohci.o)
                              /usr/local/xenon/usr/lib/libxenon.a(usbmain.o) (ohci_driver)
/usr/local/xenon/usr/lib/libxenon.a(usbd.o)
                              /usr/local/xenon/usr/lib/libxenon.a(usbmain.o) (usb_poll)
/usr/local/xenon/usr/lib/libxenon.a(usbdevs.o)
                              /usr/local/xenon/usr/lib/libxenon.a(usbd.o) (usb_find_driver)
/usr/local/xenon/usr/lib/libxenon.a(usbhid.o)
                              /usr/local/xenon/usr/lib/libxenon.a(usbdevs.o) (usbhid_driver)
/usr/local/xenon/usr/lib/libxenon.a(usbhub.o)
                              /usr/local/xenon/usr/lib/libxenon.a(usbd.o) (usb_scan)
/usr/local/xenon/usr/lib/libxenon.a(usb_os.o)
                              /usr/local/xenon/usr/lib/libxenon.a(tinyehci.o) (ehci_maligned)
/usr/local/xenon/usr/lib/libxenon.a(xenon_gpio.o)
                              /usr/local/xenon/usr/lib/libxenon.a(enet.o) (xenon_gpio_control)
/usr/local/xenon/usr/lib/libxenon.a(cpusleep.o)
                              /usr/local/xenon/usr/lib/libxenon.a(xenon_power.o) (cpusleep)
/usr/local/xenon/usr/lib/libxenon.a(xenon_secotp.o)
                              /usr/local/xenon/usr/lib/libxenon.a(xb360.o) (xenon_secotp_read_line)
/usr/local/xenon/usr/lib/libxenon.a(xenon_sfcx.o)
                              /usr/local/xenon/usr/lib/libxenon.a(xb360.o) (sfcx_readreg)
/usr/local/xenon/usr/lib/libxenon.a(mem.o)
                              /usr/local/xenon/usr/lib/libxenon.a(enet.o) (mem_malloc)
/usr/local/xenon/usr/lib/libxenon.a(pbuf.o)
                              /usr/local/xenon/usr/lib/libxenon.a(enet.o) (pbuf_free)
/usr/local/xenon/usr/lib/libxenon.a(stats.o)
                              /usr/local/xenon/usr/lib/libxenon.a(enet.o) (lwip_stats)
[...]
Memory Configuration

Name             Origin             Length             Attributes
*default*        0x0000000000000000 0xffffffffffffffff

Linker script and memory map

LOAD /usr/local/xenon/lib/gcc/xenon/6.3.0/../../../../xenon/lib/../lib/crt1.o
LOAD /usr/local/xenon/lib/gcc/xenon/6.3.0/../../../../xenon/lib/../lib/crti.o
LOAD /usr/local/xenon/lib/gcc/xenon/6.3.0/32/crtbegin.o
LOAD main.o
LOAD /usr/local/xenon/usr/lib/libxenon.a
LOAD /usr/local/xenon/xenon/lib/32/libm.a
LOAD /usr/local/xenon/lib/gcc/xenon/6.3.0/32/libgcc.a
LOAD /usr/local/xenon/xenon/lib/32/libc.a
LOAD /usr/local/xenon/lib/gcc/xenon/6.3.0/32/libgcc.a
LOAD /usr/local/xenon/lib/gcc/xenon/6.3.0/32/crtend.o
LOAD /usr/local/xenon/lib/gcc/xenon/6.3.0/../../../../xenon/lib/../lib/crtn.o
                0x0000000080000000                . = 0x80000000

.text           0x0000000080000000    0x1623c
 *(.except*)
 .except        0x0000000080000000     0x1e30 /usr/local/xenon/usr/lib/libxenon.a(except.o)
                0x0000000080000000                secondary_lock
                0x0000000080000000                exc_base
                0x0000000080000004                secondary_alive
 *(.pagetable)
 .pagetable     0x0000000080001e30       0x40 /usr/local/xenon/usr/lib/libxenon.a(vm.o)
                0x0000000080001e30                pagetable
                0x0000000080001e70                pagetable_end = .
 *(.init*)
 .init          0x0000000080001e70        0xc /usr/local/xenon/lib/gcc/xenon/6.3.0/../../../../xenon/lib/../lib/crti.o
                0x0000000080001e70                _init
 *(.fini*)
 .fini          0x0000000080001e7c        0xc /usr/local/xenon/lib/gcc/xenon/6.3.0/../../../../xenon/lib/../lib/crti.o
                0x0000000080001e7c                _fini
 *(.text*)
 .text.call_ctors
                0x0000000080001e88       0x48 /usr/local/xenon/lib/gcc/xenon/6.3.0/../../../../xenon/lib/../lib/crt1.o
                0x0000000080001e88                call_ctors
 .text.c_register_frame
                0x0000000080001ed0        0xc /usr/local/xenon/lib/gcc/xenon/6.3.0/../../../../xenon/lib/../lib/crt1.o
                0x0000000080001ed0                c_register_frame
 .text.__crtmain
                0x0000000080001edc       0x2c /usr/local/xenon/lib/gcc/xenon/6.3.0/../../../../xenon/lib/../lib/crt1.o
                0x0000000080001edc                __crtmain
 .text.startup.main
                0x0000000080001f08      0x1e0 main.o
                0x0000000080001f08                main
 .text.__check_argv
                0x00000000800020e8       0x28 /usr/local/xenon/usr/lib/libxenon.a(argv.o)
                0x00000000800020e8                __check_argv
 *fill*         0x0000000080002110       0xf0 
 .text          0x0000000080002200      0x2f4 /usr/local/xenon/usr/lib/libxenon.a(startup_from_xell.o)
                0x0000000080002200                _start
                0x00000000800023f8                wait
                0x0000000080002480                return_to_xell
 .text.console_clrscr
                0x00000000800024f4       0x7c /usr/local/xenon/usr/lib/libxenon.a(console.o)
                0x00000000800024f4                console_clrscr
 .text.console_newline
                0x0000000080002570       0xd4 /usr/local/xenon/usr/lib/libxenon.a(console.o)
                0x0000000080002570                console_newline
 .text.console_putch
                0x0000000080002644      0x184 /usr/local/xenon/usr/lib/libxenon.a(console.o)
                0x0000000080002644                console_putch
 .text.console_stdout_hook
                0x00000000800027c8       0x3c /usr/local/xenon/usr/lib/libxenon.a(console.o)
 .text.console_init
                0x0000000080002804      0x148 /usr/local/xenon/usr/lib/libxenon.a(console.o)
                0x0000000080002804                console_init
 .text.console_set_colors
                0x000000008000294c       0x14 /usr/local/xenon/usr/lib/libxenon.a(console.o)
                0x000000008000294c                console_set_colors
 .text.vfs_console_write
                0x0000000080002960       0x88 /usr/local/xenon/usr/lib/libxenon.a(newlib.o)
                0x0000000080002960                vfs_console_write
 .text.__malloc_lock
                0x00000000800029e8       0x18 /usr/local/xenon/usr/lib/libxenon.a(newlib.o)
                0x00000000800029e8                __malloc_lock
 .text.__malloc_unlock
                0x0000000080002a00       0x18 /usr/local/xenon/usr/lib/libxenon.a(newlib.o)
                0x0000000080002a00                __malloc_unlock
 .text._exit    0x0000000080002a18       0x2c /usr/local/xenon/usr/lib/libxenon.a(newlib.o)
                0x0000000080002a18                _exit
 .text.sbrk     0x0000000080002a44       0x34 /usr/local/xenon/usr/lib/libxenon.a(newlib.o)
                0x0000000080002a44                sbrk
 .text.abort    0x0000000080002a78       0x2c /usr/local/xenon/usr/lib/libxenon.a(newlib.o)
                0x0000000080002a78                abort
 .text.isatty   0x0000000080002aa4        0x8 /usr/local/xenon/usr/lib/libxenon.a(newlib.o)
                0x0000000080002aa4                isatty
 .text.__release_handle
                0x0000000080002aac       0x4c /usr/local/xenon/usr/lib/libxenon.a(newlib.o)
                0x0000000080002aac                __release_handle
 .text.__get_handle
                0x0000000080002af8       0x28 /usr/local/xenon/usr/lib/libxenon.a(newlib.o)
                0x0000000080002af8                __get_handle
 .text.read     0x0000000080002b20       0xa4 /usr/local/xenon/usr/lib/libxenon.a(newlib.o)
                0x0000000080002b20                read
 .text.write    0x0000000080002bc4       0xb0 /usr/local/xenon/usr/lib/libxenon.a(newlib.o)
                0x0000000080002bc4                write
 .text.fstat    0x0000000080002c74       0xa0 /usr/local/xenon/usr/lib/libxenon.a(newlib.o)
                0x0000000080002c74                fstat
 .text.lseek    0x0000000080002d14       0xa4 /usr/local/xenon/usr/lib/libxenon.a(newlib.o)
                0x0000000080002d14                lseek
 .text.close    0x0000000080002db8       0x88 /usr/local/xenon/usr/lib/libxenon.a(newlib.o)
                0x0000000080002db8                close
 .text.xenon_sbrk
                0x0000000080002e40       0x2c /usr/local/xenon/usr/lib/libxenon.a(xenon_syscalls.o)
 .text.xenon_gettimeofday
                0x0000000080002e6c       0xa4 /usr/local/xenon/usr/lib/libxenon.a(xenon_syscalls.o)
 .text.xenon_malloc_unlock
                0x0000000080002f10       0xc4 /usr/local/xenon/usr/lib/libxenon.a(xenon_syscalls.o)
 .text.xenon_malloc_lock
                0x0000000080002fd4       0xf0 /usr/local/xenon/usr/lib/libxenon.a(xenon_syscalls.o)
 .text.shutdown_drivers
                0x00000000800030c4       0x30 /usr/local/xenon/usr/lib/libxenon.a(xenon_syscalls.o)
                0x00000000800030c4                shutdown_drivers
 .text.try_return_to_xell
                0x00000000800030f4       0x64 /usr/local/xenon/usr/lib/libxenon.a(xenon_syscalls.o)
                0x00000000800030f4                try_return_to_xell
 .text.xenon_exit
                0x0000000080003158      0x154 /usr/local/xenon/usr/lib/libxenon.a(xenon_syscalls.o)
 .text          0x00000000800032ac       0x94 /usr/local/xenon/usr/lib/libxenon.a(atomic.o)
                0x00000000800032ac                atomic_inc
                0x00000000800032c0                atomic_dec
                0x00000000800032d4                atomic_clearset
                0x00000000800032ec                lock
                0x0000000080003328                unlock
 .text          0x0000000080003340       0xa8 /usr/local/xenon/usr/lib/libxenon.a(cache.o)
                0x0000000080003340                memdcbt
                0x0000000080003368                memdcbst
                0x0000000080003390                memdcbf
                0x00000000800033b8                memicbi
 .text.flush_console
                0x00000000800033e8       0x48 /usr/local/xenon/usr/lib/libxenon.a(c_except.o)
 .text.crashdump
                0x0000000080003430      0x2b4 /usr/local/xenon/usr/lib/libxenon.a(c_except.o)
                0x0000000080003430                crashdump
 .text.tdelay   0x00000000800036e4       0x50 /usr/local/xenon/usr/lib/libxenon.a(time.o)
 .text.udelay   0x0000000080003734       0x24 /usr/local/xenon/usr/lib/libxenon.a(time.o)
                0x0000000080003734                udelay
 .text.delay    0x0000000080003758       0x18 /usr/local/xenon/usr/lib/libxenon.a(time.o)
                0x0000000080003758                delay
 .text.usb_shutdown
                0x0000000080003770       0x54 /usr/local/xenon/usr/lib/libxenon.a(usbmain.o)
                0x0000000080003770                usb_shutdown
 .text.data_breakpoint
                0x00000000800037c4       0x40 /usr/local/xenon/usr/lib/libxenon.a(debug.o)
                0x00000000800037c4                data_breakpoint
 .text.uprintf  0x0000000080003804       0x94 /usr/local/xenon/usr/lib/libxenon.a(xenon_smc.o)
                0x0000000080003804                uprintf
 .text.xenon_smc_send_message
                0x0000000080003898       0x50 /usr/local/xenon/usr/lib/libxenon.a(xenon_smc.o)
                0x0000000080003898                xenon_smc_send_message
 .text.xenon_smc_receive_message
                0x00000000800038e8       0x58 /usr/local/xenon/usr/lib/libxenon.a(xenon_smc.o)
                0x00000000800038e8                xenon_smc_receive_message
 .text.xenon_smc_handle_bulk
                0x0000000080003940       0x68 /usr/local/xenon/usr/lib/libxenon.a(xenon_smc.o)
                0x0000000080003940                xenon_smc_handle_bulk
 .text.xenon_smc_receive_response
                0x00000000800039a8       0x44 /usr/local/xenon/usr/lib/libxenon.a(xenon_smc.o)
                0x00000000800039a8                xenon_smc_receive_response
 .text.xenon_smc_ana_write
                0x00000000800039ec       0x98 /usr/local/xenon/usr/lib/libxenon.a(xenon_smc.o)
                0x00000000800039ec                xenon_smc_ana_write
 .text.xenon_smc_ana_read
                0x0000000080003a84       0x9c /usr/local/xenon/usr/lib/libxenon.a(xenon_smc.o)
                0x0000000080003a84                xenon_smc_ana_read
 .text.xenon_smc_i2c_ddc_lock
                0x0000000080003b20       0x78 /usr/local/xenon/usr/lib/libxenon.a(xenon_smc.o)
                0x0000000080003b20                xenon_smc_i2c_ddc_lock
 .text.xenon_smc_i2c_write
                0x0000000080003b98       0xa4 /usr/local/xenon/usr/lib/libxenon.a(xenon_smc.o)
                0x0000000080003b98                xenon_smc_i2c_write
 .text.xenon_smc_i2c_read
                0x0000000080003c3c       0xbc /usr/local/xenon/usr/lib/libxenon.a(xenon_smc.o)
                0x0000000080003c3c                xenon_smc_i2c_read
 .text.xenon_smc_power_reboot
                0x0000000080003cf8       0x48 /usr/local/xenon/usr/lib/libxenon.a(xenon_smc.o)
                0x0000000080003cf8                xenon_smc_power_reboot
 .text.xenon_smc_read_avpack
                0x0000000080003d40       0x44 /usr/local/xenon/usr/lib/libxenon.a(xenon_smc.o)
                0x0000000080003d40                xenon_smc_read_avpack
 .text.prepare_sleep
                0x0000000080003d84       0x74 /usr/local/xenon/usr/lib/libxenon.a(xenon_power.o)
                0x0000000080003d84                prepare_sleep
 .text.xenon_thread_sleep
                0x0000000080003df8       0x58 /usr/local/xenon/usr/lib/libxenon.a(xenon_power.o)
                0x0000000080003df8                xenon_thread_sleep
 .text.xenon_run_thread_task
                0x0000000080003e50       0x3c /usr/local/xenon/usr/lib/libxenon.a(xenon_power.o)
                0x0000000080003e50                xenon_run_thread_task
 .text.xenon_is_thread_task_running
                0x0000000080003e8c       0x1c /usr/local/xenon/usr/lib/libxenon.a(xenon_power.o)
                0x0000000080003e8c                xenon_is_thread_task_running
 .text.xenon_thread_startup
                0x0000000080003ea8       0x48 /usr/local/xenon/usr/lib/libxenon.a(xenon_power.o)
                0x0000000080003ea8                xenon_thread_startup
 .text.xenon_set_single_thread_mode
                0x0000000080003ef0       0x98 /usr/local/xenon/usr/lib/libxenon.a(xenon_power.o)
                0x0000000080003ef0                xenon_set_single_thread_mode
 .text.putch    0x0000000080003f88       0x50 /usr/local/xenon/usr/lib/libxenon.a(xenon_uart.o)
                0x0000000080003f88                putch
 .text.uart_puts
                0x0000000080003fd8       0x30 /usr/local/xenon/usr/lib/libxenon.a(xenon_uart.o)
                0x0000000080003fd8                uart_puts
 .text.xenon_config_init
                0x0000000080004008       0xa4 /usr/local/xenon/usr/lib/libxenon.a(xenon_config.o)
                0x0000000080004008                xenon_config_init
 .text.xenon_config_get_avregion
                0x00000000800040ac       0xa0 /usr/local/xenon/usr/lib/libxenon.a(xenon_config.o)
                0x00000000800040ac                xenon_config_get_avregion
 .text.xenos_ana_write
                0x000000008000414c       0xac /usr/local/xenon/usr/lib/libxenon.a(xenos.o)
 .text.xenos_init_ana_new
                0x00000000800041f8      0x4fc /usr/local/xenon/usr/lib/libxenon.a(xenos.o)
                0x00000000800041f8                xenos_init_ana_new
 .text.xenos_init_phase0
                0x00000000800046f4       0xa0 /usr/local/xenon/usr/lib/libxenon.a(xenos.o)
                0x00000000800046f4                xenos_init_phase0
 .text.xenos_init_phase1
                0x0000000080004794      0x334 /usr/local/xenon/usr/lib/libxenon.a(xenos.o)
                0x0000000080004794                xenos_init_phase1
 .text.xenos_ana_preinit
                0x0000000080004ac8       0xcc /usr/local/xenon/usr/lib/libxenon.a(xenos.o)
                0x0000000080004ac8                xenos_ana_preinit
 .text.xenos_set_mode_f1
                0x0000000080004b94       0xf8 /usr/local/xenon/usr/lib/libxenon.a(xenos.o)
                0x0000000080004b94                xenos_set_mode_f1
 .text.xenos_set_mode_f2
                0x0000000080004c8c      0x248 /usr/local/xenon/usr/lib/libxenon.a(xenos.o)
                0x0000000080004c8c                xenos_set_mode_f2
 .text.xenos_set_mode
                0x0000000080004ed4      0x2c8 /usr/local/xenon/usr/lib/libxenon.a(xenos.o)
                0x0000000080004ed4                xenos_set_mode
 .text.xenos_hdmi_vga_mode_fix
                0x000000008000519c       0x40 /usr/local/xenon/usr/lib/libxenon.a(xenos.o)
                0x000000008000519c                xenos_hdmi_vga_mode_fix
 .text.xenos_autoset_mode
                0x00000000800051dc      0x150 /usr/local/xenon/usr/lib/libxenon.a(xenos.o)
                0x00000000800051dc                xenos_autoset_mode
 .text.xenos_init
                0x000000008000532c      0x148 /usr/local/xenon/usr/lib/libxenon.a(xenos.o)
                0x000000008000532c                xenos_init
 .text.xenos_is_overscan
                0x0000000080005474       0x38 /usr/local/xenon/usr/lib/libxenon.a(xenos.o)
                0x0000000080005474                xenos_is_overscan
 .text.xenos_is_initialized
                0x00000000800054ac       0x14 /usr/local/xenon/usr/lib/libxenon.a(xenos.o)
                0x00000000800054ac                xenos_is_initialized
 .text.xenos_do_probe_ddc_edid
                0x00000000800054c0      0x194 /usr/local/xenon/usr/lib/libxenon.a(xenos_edid.o)
                0x00000000800054c0                xenos_do_probe_ddc_edid
 .text.xenos_ddc_read_edid
                0x0000000080005654      0x128 /usr/local/xenon/usr/lib/libxenon.a(xenos_edid.o)
 .text.xenos_get_edid
                0x000000008000577c       0xa4 /usr/local/xenon/usr/lib/libxenon.a(xenos_edid.o)
                0x000000008000577c                xenos_get_edid
 .text.xenos_detect_hdmi_monitor
                0x0000000080005820       0xe0 /usr/local/xenon/usr/lib/libxenon.a(xenos_edid.o)
                0x0000000080005820                xenos_detect_hdmi_monitor
 .text.enet_quiesce
                0x0000000080005900       0x18 /usr/local/xenon/usr/lib/libxenon.a(enet.o)
                0x0000000080005900                enet_quiesce
 .text.xenon_get_DVE
                0x0000000080005918       0x34 /usr/local/xenon/usr/lib/libxenon.a(xb360.o)
                0x0000000080005918                xenon_get_DVE
 .text.xenon_get_PCIBridgeRevisionID
                0x000000008000594c       0x14 /usr/local/xenon/usr/lib/libxenon.a(xb360.o)
                0x000000008000594c                xenon_get_PCIBridgeRevisionID
 .text.xenon_get_XenosID
                0x0000000080005960       0x10 /usr/local/xenon/usr/lib/libxenon.a(xb360.o)
                0x0000000080005960                xenon_get_XenosID
 .text.xenon_get_console_type
                0x0000000080005970       0xc0 /usr/local/xenon/usr/lib/libxenon.a(xb360.o)
                0x0000000080005970                xenon_get_console_type
 .text.xenon_logical_nand_data_ok
                0x0000000080005a30       0x18 /usr/local/xenon/usr/lib/libxenon.a(xb360.o)
                0x0000000080005a30                xenon_logical_nand_data_ok
 .text.xenon_get_logical_nand_data
                0x0000000080005a48       0x50 /usr/local/xenon/usr/lib/libxenon.a(xb360.o)
                0x0000000080005a48                xenon_get_logical_nand_data
 .text.xenon_gpio_set_oe
                0x0000000080005a98       0x1c /usr/local/xenon/usr/lib/libxenon.a(xenon_gpio.o)
                0x0000000080005a98                xenon_gpio_set_oe
 .text.xenon_gpio_set
                0x0000000080005ab4       0x1c /usr/local/xenon/usr/lib/libxenon.a(xenon_gpio.o)
                0x0000000080005ab4                xenon_gpio_set
 .text          0x0000000080005ad0       0x3c /usr/local/xenon/usr/lib/libxenon.a(cpusleep.o)
                0x0000000080005ad0                cpusleep
 .text.sfcx_readreg
                0x0000000080005b0c       0x10 /usr/local/xenon/usr/lib/libxenon.a(xenon_sfcx.o)
                0x0000000080005b0c                sfcx_readreg
 .text.sfcx_init
                0x0000000080005b1c      0x2dc /usr/local/xenon/usr/lib/libxenon.a(xenon_sfcx.o)
                0x0000000080005b1c                sfcx_init
 .text          0x0000000080005df8       0x4c /usr/local/xenon/lib/gcc/xenon/6.3.0/32/libgcc.a(crtsavgpr.o)
                0x0000000080005df8                _savegpr_14
                0x0000000080005dfc                _savegpr_15
                0x0000000080005e00                _savegpr_16
                0x0000000080005e04                _savegpr_17
                0x0000000080005e08                _savegpr_18
                0x0000000080005e0c                _savegpr_19
                0x0000000080005e10                _savegpr_20
                0x0000000080005e14                _savegpr_21
                0x0000000080005e18                _savegpr_22
                0x0000000080005e1c                _savegpr_23
                0x0000000080005e20                _savegpr_24
                0x0000000080005e24                _savegpr_25
                0x0000000080005e28                _savegpr_26
                0x0000000080005e2c                _savegpr_27
                0x0000000080005e30                _savegpr_28
                0x0000000080005e34                _savegpr_29
                0x0000000080005e38                _savegpr_30
                0x0000000080005e3c                _savegpr_31
 .text          0x0000000080005e44       0x58 /usr/local/xenon/lib/gcc/xenon/6.3.0/32/libgcc.a(crtresxgpr.o)
                0x0000000080005e44                _restgpr_14_x
                0x0000000080005e48                _restgpr_15_x
                0x0000000080005e4c                _restgpr_16_x
                0x0000000080005e50                _restgpr_17_x
                0x0000000080005e54                _restgpr_18_x
                0x0000000080005e58                _restgpr_19_x
                0x0000000080005e5c                _restgpr_20_x
                0x0000000080005e60                _restgpr_21_x
                0x0000000080005e64                _restgpr_22_x
                0x0000000080005e68                _restgpr_23_x
                0x0000000080005e6c                _restgpr_24_x
                0x0000000080005e70                _restgpr_25_x
                0x0000000080005e74                _restgpr_26_x
                0x0000000080005e78                _restgpr_27_x
                0x0000000080005e7c                _restgpr_28_x
                0x0000000080005e80                _restgpr_29_x
                0x0000000080005e84                _restgpr_30_x
                0x0000000080005e88                _restgpr_31_x
 *fill*         0x0000000080005e9c        0x4 
 .text          0x0000000080005ea0     0x1af8 /usr/local/xenon/lib/gcc/xenon/6.3.0/32/libgcc.a(unwind-dw2-fde-dip.o)
                0x000000008000732c                __register_frame_info_bases
                0x00000000800073a4                __register_frame_info
                0x0000000080007424                __register_frame
                0x00000000800074ac                __register_frame_info_table_bases
                0x0000000080007514                __register_frame_info_table
                0x000000008000757c                __register_frame_table
                0x00000000800075fc                __deregister_frame_info_bases
                0x0000000080007758                __deregister_frame_info
                0x0000000080007770                __deregister_frame
                0x00000000800077ac                _Unwind_Find_FDE
 .text          0x0000000080007998       0x78 /usr/local/xenon/xenon/lib/32/libc.a(lib_a-assert.o)
                0x0000000080007998                __assert_func
                0x00000000800079f8                __assert
 .text          0x0000000080007a10       0x40 /usr/local/xenon/xenon/lib/32/libc.a(lib_a-exit.o)
                0x0000000080007a10                exit
 .text          0x0000000080007a50      0x158 /usr/local/xenon/xenon/lib/32/libc.a(lib_a-fclose.o)
                0x0000000080007a50                _fclose_r
                0x0000000080007b98                fclose
 .text          0x0000000080007ba8      0x37c /usr/local/xenon/xenon/lib/32/libc.a(lib_a-fflush.o)
                0x0000000080007ba8                __sflush_r
                0x0000000080007e80                _fflush_r
                0x0000000080007ef8                fflush
 *fill*         0x0000000080007f24        0x4 
 .text          0x0000000080007f28      0x3f4 /usr/local/xenon/xenon/lib/32/libc.a(lib_a-findfp.o)
                0x0000000080007f30                _cleanup_r
                0x00000000800080f0                __sfmoreglue
                0x0000000080008170                __sfp
                0x00000000800082a8                _cleanup
                0x00000000800082c0                __sinit
                0x00000000800082d0                __sfp_lock_acquire
                0x00000000800082d8                __sfp_lock_release
                0x00000000800082e0                __sinit_lock_acquire
                0x00000000800082e8                __sinit_lock_release
                0x00000000800082f0                __fp_lock_all
                0x0000000080008308                __fp_unlock_all
 *fill*         0x000000008000831c        0x4 
 .text          0x0000000080008320      0x110 /usr/local/xenon/xenon/lib/32/libc.a(lib_a-fiprintf.o)
                0x0000000080008320                _fiprintf_r
                0x00000000800083a0                fiprintf
 .text          0x0000000080008430      0x468 /usr/local/xenon/xenon/lib/32/libc.a(lib_a-freer.o)
                0x0000000080008430                _malloc_trim_r
                0x0000000080008570                _free_r
 .text          0x0000000080008898       0x80 /usr/local/xenon/xenon/lib/32/libc.a(lib_a-fstatr.o)
                0x0000000080008898                _fstat_r
 .text          0x0000000080008918      0x1d0 /usr/local/xenon/xenon/lib/32/libc.a(lib_a-fwalk.o)
                0x0000000080008918                _fwalk
                0x00000000800089f8                _fwalk_reent
 .text          0x0000000080008ae8      0x11c /usr/local/xenon/xenon/lib/32/libc.a(lib_a-locale.o)
                0x0000000080008ae8                _setlocale_r
                0x0000000080008b88                __locale_mb_cur_max
                0x0000000080008bb8                __locale_ctype_ptr_l
                0x0000000080008bc0                __locale_ctype_ptr
                0x0000000080008bf0                setlocale
 *fill*         0x0000000080008c04        0x4 
 .text          0x0000000080008c08      0x23c /usr/local/xenon/xenon/lib/32/libc.a(lib_a-makebuf.o)
                0x0000000080008c08                __swhatbuf_r
                0x0000000080008cf8                __smakebuf_r
 *fill*         0x0000000080008e44        0x4 
 .text          0x0000000080008e48       0x20 /usr/local/xenon/xenon/lib/32/libc.a(lib_a-malloc.o)
                0x0000000080008e48                malloc
                0x0000000080008e58                free
 .text          0x0000000080008e68      0x94c /usr/local/xenon/xenon/lib/32/libc.a(lib_a-mallocr.o)
                0x0000000080008e68                _malloc_r
 *fill*         0x00000000800097b4        0x4 
 .text          0x00000000800097b8       0xc0 /usr/local/xenon/xenon/lib/32/libc.a(lib_a-mbtowc_r.o)
                0x00000000800097b8                _mbtowc_r
                0x00000000800097f0                __ascii_mbtowc
 .text          0x0000000080009878       0xa0 /usr/local/xenon/xenon/lib/32/libc.a(lib_a-memcmp.o)
                0x0000000080009878                memcmp
 .text          0x0000000080009918      0x108 /usr/local/xenon/xenon/lib/32/libc.a(lib_a-memcpy.o)
                0x0000000080009918                memcpy
 .text          0x0000000080009a20      0x110 /usr/local/xenon/xenon/lib/32/libc.a(lib_a-memset.o)
                0x0000000080009a20                memset
 .text          0x0000000080009b30      0x120 /usr/local/xenon/xenon/lib/32/libc.a(lib_a-printf.o)
                0x0000000080009b30                _printf_r
                0x0000000080009bb8                printf
 .text          0x0000000080009c50       0x20 /usr/local/xenon/xenon/lib/32/libc.a(lib_a-putchar.o)
                0x0000000080009c50                _putchar_r
                0x0000000080009c58                putchar
 .text          0x0000000080009c70       0xe8 /usr/local/xenon/xenon/lib/32/libc.a(lib_a-puts.o)
                0x0000000080009c70                _puts_r
                0x0000000080009d48                puts
 .text          0x0000000080009d58       0x78 /usr/local/xenon/xenon/lib/32/libc.a(lib_a-sbrkr.o)
                0x0000000080009d58                _sbrk_r
 .text          0x0000000080009dd0      0x18c /usr/local/xenon/xenon/lib/32/libc.a(lib_a-sprintf.o)
                0x0000000080009dd0                _sprintf_r
                0x0000000080009e90                sprintf
 *fill*         0x0000000080009f5c        0x4 
 .text          0x0000000080009f60      0x184 /usr/local/xenon/xenon/lib/32/libc.a(lib_a-stdio.o)
                0x0000000080009f60                __sread
                0x0000000080009fc8                __seofread
                0x0000000080009fd0                __swrite
                0x000000008000a068                __sseek
                0x000000008000a0d8                __sclose
 *fill*         0x000000008000a0e4        0x4 
 .text          0x000000008000a0e8       0x98 /usr/local/xenon/xenon/lib/32/libc.a(lib_a-strcat.o)
                0x000000008000a0e8                strcat
 .text          0x000000008000a180       0xc0 /usr/local/xenon/xenon/lib/32/libc.a(lib_a-strcmp.o)
                0x000000008000a180                strcmp
 .text          0x000000008000a240       0x84 /usr/local/xenon/xenon/lib/32/libc.a(lib_a-strcpy.o)
                0x000000008000a240                strcpy
 *fill*         0x000000008000a2c4        0x4 
 .text          0x000000008000a2c8       0xb0 /usr/local/xenon/xenon/lib/32/libc.a(lib_a-strlen.o)
                0x000000008000a2c8                strlen
 .text          0x000000008000a378     0x221c /usr/local/xenon/xenon/lib/32/libc.a(lib_a-svfprintf.o)
                0x000000008000a378                _svfprintf_r
 *fill*         0x000000008000c594        0x4 
 .text          0x000000008000c598     0x16a8 /usr/local/xenon/xenon/lib/32/libc.a(lib_a-vfiprintf.o)
                0x000000008000c6e0                __sprint_r
                0x000000008000c700                _vfiprintf_r
                0x000000008000db50                vfiprintf
 .text          0x000000008000dc40     0x2378 /usr/local/xenon/xenon/lib/32/libc.a(lib_a-vfprintf.o)
                0x000000008000dc40                _vfprintf_r
                0x000000008000fec8                vfprintf
 .text          0x000000008000ffb8       0x78 /usr/local/xenon/xenon/lib/32/libc.a(lib_a-vsprintf.o)
                0x000000008000ffb8                _vsprintf_r
                0x0000000080010018                vsprintf
 .text          0x0000000080010030       0x78 /usr/local/xenon/xenon/lib/32/libc.a(lib_a-wctomb_r.o)
                0x0000000080010030                _wctomb_r
                0x0000000080010068                __ascii_wctomb
 .text          0x00000000800100a8       0x80 /usr/local/xenon/xenon/lib/32/libc.a(lib_a-writer.o)
                0x00000000800100a8                _write_r
 .text          0x0000000080010128      0x1b0 /usr/local/xenon/xenon/lib/32/libc.a(lib_a-wsetup.o)
                0x0000000080010128                __swsetup_r
 .text          0x00000000800102d8      0x1e4 /usr/local/xenon/xenon/lib/32/libc.a(lib_a-__call_atexit.o)
                0x00000000800102d8                __call_exitprocs
 *fill*         0x00000000800104bc        0x4 
 .text          0x00000000800104c0       0x78 /usr/local/xenon/xenon/lib/32/libc.a(lib_a-closer.o)
                0x00000000800104c0                _close_r
 .text          0x0000000080010538     0x1500 /usr/local/xenon/xenon/lib/32/libc.a(lib_a-dtoa.o)
                0x0000000080010790                _dtoa_r
 .text          0x0000000080011a38      0x254 /usr/local/xenon/xenon/lib/32/libc.a(lib_a-fputwc.o)
                0x0000000080011a38                __fputwc
                0x0000000080011bc8                _fputwc_r
                0x0000000080011bf8                fputwc
 *fill*         0x0000000080011c8c        0x4 
 .text          0x0000000080011c90      0x5cc /usr/local/xenon/xenon/lib/32/libc.a(lib_a-fvwrite.o)
                0x0000000080011c90                __sfvwrite_r
 *fill*         0x000000008001225c        0x4 
 .text          0x0000000080012260       0x78 /usr/local/xenon/xenon/lib/32/libc.a(lib_a-isattyr.o)
                0x0000000080012260                _isatty_r
 .text          0x00000000800122d8       0x68 /usr/local/xenon/xenon/lib/32/libc.a(lib_a-localeconv.o)
                0x00000000800122d8                __localeconv_l
                0x00000000800122e0                _localeconv_r
                0x0000000080012310                localeconv
 .text          0x0000000080012340       0x80 /usr/local/xenon/xenon/lib/32/libc.a(lib_a-lseekr.o)
                0x0000000080012340                _lseek_r
 .text          0x00000000800123c0      0x100 /usr/local/xenon/xenon/lib/32/libc.a(lib_a-memchr.o)
                0x00000000800123c0                memchr
 .text          0x00000000800124c0      0x148 /usr/local/xenon/xenon/lib/32/libc.a(lib_a-memmove.o)
                0x00000000800124c0                memmove
 .text          0x0000000080012608     0x1350 /usr/local/xenon/xenon/lib/32/libc.a(lib_a-mprec.o)
                0x0000000080012608                _Balloc
                0x00000000800126d0                _Bfree
                0x00000000800126f8                __multadd
                0x0000000080012818                __s2b
                0x0000000080012958                __hi0bits
                0x00000000800129d8                __lo0bits
                0x0000000080012ab8                __i2b
                0x0000000080012af8                __multiply
                0x0000000080012d78                __pow5mult
                0x0000000080012ef0                __lshift
                0x0000000080013080                __mcmp
                0x00000000800130e8                __mdiff
                0x0000000080013328                __ulp
                0x00000000800133c8                __b2d
                0x0000000080013558                __d2b
                0x00000000800136f0                __ratio
                0x00000000800137d0                _mprec_log10
                0x0000000080013818                __copybits
                0x00000000800138b0                __any_on
 .text          0x0000000080013958      0x16c /usr/local/xenon/xenon/lib/32/libc.a(lib_a-putc.o)
                0x0000000080013958                _putc_r
                0x0000000080013a00                putc
 *fill*         0x0000000080013ac4        0x4 
 .text          0x0000000080013ac8       0x80 /usr/local/xenon/xenon/lib/32/libc.a(lib_a-readr.o)
                0x0000000080013ac8                _read_r
 .text          0x0000000080013b48      0x5d8 /usr/local/xenon/xenon/lib/32/libc.a(lib_a-reallocr.o)
                0x0000000080013b48                _realloc_r
 .text          0x0000000080014120     0x1508 /usr/local/xenon/xenon/lib/32/libc.a(lib_a-svfiprintf.o)
                0x0000000080014120                __ssprint_r
                0x0000000080014390                _svfiprintf_r
 .text          0x0000000080015628      0x1c4 /usr/local/xenon/xenon/lib/32/libc.a(lib_a-wbuf.o)
                0x0000000080015628                __swbuf_r
                0x00000000800157d8                __swbuf
 *fill*         0x00000000800157ec        0x4 
 .text          0x00000000800157f0      0x18c /usr/local/xenon/xenon/lib/32/libc.a(lib_a-wcrtomb.o)
                0x00000000800157f0                _wcrtomb_r
                0x00000000800158b8                wcrtomb
 *fill*         0x000000008001597c        0x4 
 .text          0x0000000080015980       0xc8 /usr/local/xenon/xenon/lib/32/libc.a(lib_a-callocr.o)
                0x0000000080015980                _calloc_r
 .text          0x0000000080015a48      0x424 /usr/local/xenon/lib/gcc/xenon/6.3.0/32/libgcc.a(_udivdi3.o)
                0x0000000080015a48                __udivdi3
 *fill*         0x0000000080015e6c        0x4 
 .text          0x0000000080015e70      0x3cc /usr/local/xenon/lib/gcc/xenon/6.3.0/32/libgcc.a(_umoddi3.o)
                0x0000000080015e70                __umoddi3

.glink          0x000000008001623c        0x0
 .glink         0x000000008001623c        0x0 /usr/local/xenon/lib/gcc/xenon/6.3.0/../../../../xenon/lib/../lib/crt1.o

.elfldr         0x000000008001623c        0x0
                0x000000008001623c                elfldr_start = .
 *(.elfldr)
                0x000000008001623c                elfldr_end = .

.data           0x0000000080016240     0x781c
 *(.data*)
 .data.devoptab_list
                0x0000000080016240       0x40 /usr/local/xenon/usr/lib/libxenon.a(newlib.o)
                0x0000000080016240                devoptab_list
 .data.__syscalls
                0x0000000080016280       0x24 /usr/local/xenon/usr/lib/libxenon.a(xenon_syscalls.o)
                0x0000000080016280                __syscalls
 .data.lockowner
                0x00000000800162a4        0x4 /usr/local/xenon/usr/lib/libxenon.a(xenon_syscalls.o)
 .data.ana_hdmi_720p
                0x00000000800162a8      0x400 /usr/local/xenon/usr/lib/libxenon.a(xenos.o)
                0x00000000800162a8                ana_hdmi_720p
 .data.ana_hdmi_720p_corona
                0x00000000800166a8      0x400 /usr/local/xenon/usr/lib/libxenon.a(xenos.o)
                0x00000000800166a8                ana_hdmi_720p_corona
 .data.ana_ntsc
                0x0000000080016aa8      0x400 /usr/local/xenon/usr/lib/libxenon.a(xenos.o)
                0x0000000080016aa8                ana_ntsc
 .data.ana_ntsc_corona
                0x0000000080016ea8      0x400 /usr/local/xenon/usr/lib/libxenon.a(xenos.o)
                0x0000000080016ea8                ana_ntsc_corona
 .data.ana_pal50
                0x00000000800172a8      0x400 /usr/local/xenon/usr/lib/libxenon.a(xenos.o)
                0x00000000800172a8                ana_pal50
 .data.ana_pal50_corona
                0x00000000800176a8      0x400 /usr/local/xenon/usr/lib/libxenon.a(xenos.o)
                0x00000000800176a8                ana_pal50_corona
 .data.ana_pal60
                0x0000000080017aa8      0x400 /usr/local/xenon/usr/lib/libxenon.a(xenos.o)
                0x0000000080017aa8                ana_pal60
 .data.ana_pal60_corona
                0x0000000080017ea8      0x400 /usr/local/xenon/usr/lib/libxenon.a(xenos.o)
                0x0000000080017ea8                ana_pal60_corona
 .data.ana_vga_1024x768
                0x00000000800182a8      0x400 /usr/local/xenon/usr/lib/libxenon.a(xenos.o)
                0x00000000800182a8                ana_vga_1024x768
 .data.ana_vga_1024x768_corona
                0x00000000800186a8      0x400 /usr/local/xenon/usr/lib/libxenon.a(xenos.o)
                0x00000000800186a8                ana_vga_1024x768_corona
 .data.ana_vga_1280x1024
                0x0000000080018aa8      0x400 /usr/local/xenon/usr/lib/libxenon.a(xenos.o)
                0x0000000080018aa8                ana_vga_1280x1024
 .data.ana_vga_1280x1024_corona
                0x0000000080018ea8      0x400 /usr/local/xenon/usr/lib/libxenon.a(xenos.o)
                0x0000000080018ea8                ana_vga_1280x1024_corona
 .data.ana_vga_1280x720
                0x00000000800192a8      0x400 /usr/local/xenon/usr/lib/libxenon.a(xenos.o)
                0x00000000800192a8                ana_vga_1280x720
 .data.ana_vga_1280x720_corona
                0x00000000800196a8      0x400 /usr/local/xenon/usr/lib/libxenon.a(xenos.o)
                0x00000000800196a8                ana_vga_1280x720_corona
 .data.ana_vga_1280x768
                0x0000000080019aa8      0x400 /usr/local/xenon/usr/lib/libxenon.a(xenos.o)
                0x0000000080019aa8                ana_vga_1280x768
 .data.ana_vga_1280x768_corona
                0x0000000080019ea8      0x400 /usr/local/xenon/usr/lib/libxenon.a(xenos.o)
                0x0000000080019ea8                ana_vga_1280x768_corona
 .data.ana_vga_1360x768
                0x000000008001a2a8      0x400 /usr/local/xenon/usr/lib/libxenon.a(xenos.o)
                0x000000008001a2a8                ana_vga_1360x768
 .data.ana_vga_1360x768_corona
                0x000000008001a6a8      0x400 /usr/local/xenon/usr/lib/libxenon.a(xenos.o)
                0x000000008001a6a8                ana_vga_1360x768_corona
 .data.ana_vga_1440x900
                0x000000008001aaa8      0x400 /usr/local/xenon/usr/lib/libxenon.a(xenos.o)
                0x000000008001aaa8                ana_vga_1440x900
 .data.ana_vga_1440x900_corona
                0x000000008001aea8      0x400 /usr/local/xenon/usr/lib/libxenon.a(xenos.o)
                0x000000008001aea8                ana_vga_1440x900_corona
 .data.ana_vga_640x480
                0x000000008001b2a8      0x400 /usr/local/xenon/usr/lib/libxenon.a(xenos.o)
                0x000000008001b2a8                ana_vga_640x480
 .data.ana_vga_640x480_corona
                0x000000008001b6a8      0x400 /usr/local/xenon/usr/lib/libxenon.a(xenos.o)
                0x000000008001b6a8                ana_vga_640x480_corona
 .data.ana_yuv_480p
                0x000000008001baa8      0x400 /usr/local/xenon/usr/lib/libxenon.a(xenos.o)
                0x000000008001baa8                ana_yuv_480p
 .data.ana_yuv_480p_corona
                0x000000008001bea8      0x400 /usr/local/xenon/usr/lib/libxenon.a(xenos.o)
                0x000000008001bea8                ana_yuv_480p_corona
 .data.ana_yuv_720p
                0x000000008001c2a8      0x400 /usr/local/xenon/usr/lib/libxenon.a(xenos.o)
                0x000000008001c2a8                ana_yuv_720p
 .data.ana_yuv_720p_corona
                0x000000008001c6a8      0x400 /usr/local/xenon/usr/lib/libxenon.a(xenos.o)
                0x000000008001c6a8                ana_yuv_720p_corona
 .data.xenos_modes
                0x000000008001caa8      0x30c /usr/local/xenon/usr/lib/libxenon.a(xenos.o)
                0x000000008001caa8                xenos_modes
 .data.xenos_modes_corona
                0x000000008001cdb4      0x30c /usr/local/xenon/usr/lib/libxenon.a(xenos.o)
                0x000000008001cdb4                xenos_modes_corona
 .data          0x000000008001d0c0      0x428 /usr/local/xenon/xenon/lib/32/libc.a(lib_a-impure.o)
 .data          0x000000008001d4e8      0x16c /usr/local/xenon/xenon/lib/32/libc.a(lib_a-locale.o)
                0x000000008001d4e8                __global_locale
 .data          0x000000008001d654      0x408 /usr/local/xenon/xenon/lib/32/libc.a(lib_a-mallocr.o)
                0x000000008001d654                __malloc_av_

.got2           0x000000008001da5c       0x14
 .got2          0x000000008001da5c       0x14 /usr/local/xenon/lib/gcc/xenon/6.3.0/32/libgcc.a(unwind-dw2-fde-dip.o)

.sdata          0x000000008001da70       0x20
 *(.sdata*)
 .sdata         0x000000008001da70        0x0 /usr/local/xenon/lib/gcc/xenon/6.3.0/../../../../xenon/lib/../lib/crt1.o
                0x0000000080025a70                _SDA_BASE_
 .sdata2        0x000000008001da70        0x0 /usr/local/xenon/lib/gcc/xenon/6.3.0/../../../../xenon/lib/../lib/crt1.o
                0x0000000080025a70                _SDA2_BASE_
 .sdata         0x000000008001da70        0x4 /usr/local/xenon/usr/lib/libxenon.a(startup_from_xell.o)
                0x000000008001da70                __system_argv
 .sdata.console_color
                0x000000008001da74        0x8 /usr/local/xenon/usr/lib/libxenon.a(console.o)
                0x000000008001da74                console_color
 .sdata.xenon_smc_last_ir
                0x000000008001da7c        0x4 /usr/local/xenon/usr/lib/libxenon.a(xenon_smc.o)
                0x000000008001da7c                xenon_smc_last_ir
 .sdata         0x000000008001da80        0x8 /usr/local/xenon/xenon/lib/32/libc.a(lib_a-impure.o)
                0x000000008001da80                _global_impure_ptr
                0x000000008001da84                _impure_ptr
 .sdata         0x000000008001da88        0x8 /usr/local/xenon/xenon/lib/32/libc.a(lib_a-mallocr.o)
                0x000000008001da88                __malloc_sbrk_base
                0x000000008001da8c                __malloc_trim_threshold

.rodata         0x000000008001da90     0x24ac
 *(.rodata*)
 .rodata.main.cst4
                0x000000008001da90        0x8 main.o
 .rodata.main.str1.8
                0x000000008001da98      0x110 main.o
 .rodata.console_init.str1.1
                0x000000008001dba8       0x33 /usr/local/xenon/usr/lib/libxenon.a(console.o)
 *fill*         0x000000008001dbdb        0x5 
 .rodata.fontdata_8x16
                0x000000008001dbe0     0x1000 /usr/local/xenon/usr/lib/libxenon.a(console.o)
                0x000000008001dbe0                fontdata_8x16
 .rodata.AddDevice.str1.1
                0x000000008001ebe0        0x8 /usr/local/xenon/usr/lib/libxenon.a(newlib.o)
 .rodata.abort.str1.1
                0x000000008001ebe8        0xf /usr/local/xenon/usr/lib/libxenon.a(newlib.o)
 *fill*         0x000000008001ebf7        0x1 
 .rodata.console_optab
                0x000000008001ebf8       0x64 /usr/local/xenon/usr/lib/libxenon.a(newlib.o)
                0x000000008001ebf8                console_optab
 .rodata.dotab_stdnull
                0x000000008001ec5c       0x64 /usr/local/xenon/usr/lib/libxenon.a(newlib.o)
                0x000000008001ec5c                dotab_stdnull
 .rodata.str1.1
                0x000000008001ecc0        0x7 /usr/local/xenon/usr/lib/libxenon.a(newlib.o)
 *fill*         0x000000008001ecc7        0x1 
 .rodata.__func__.4659
                0x000000008001ecc8       0x12 /usr/local/xenon/usr/lib/libxenon.a(xenon_syscalls.o)
 *fill*         0x000000008001ecda        0x6 
 .rodata.__func__.4665
                0x000000008001ece0       0x14 /usr/local/xenon/usr/lib/libxenon.a(xenon_syscalls.o)
 .rodata.try_return_to_xell.str1.1
                0x000000008001ecf4       0x11 /usr/local/xenon/usr/lib/libxenon.a(xenon_syscalls.o)
 .rodata.xenon_exit.str1.1
                0x000000008001ed05       0x63 /usr/local/xenon/usr/lib/libxenon.a(xenon_syscalls.o)
 .rodata.xenon_malloc_lock.str1.1
                0x000000008001ed68        0x9 /usr/local/xenon/usr/lib/libxenon.a(xenon_syscalls.o)
 .rodata.xenon_malloc_unlock.str1.1
                0x000000008001ed71       0x40 /usr/local/xenon/usr/lib/libxenon.a(xenon_syscalls.o)
 .rodata.crashdump.str1.1
                0x000000008001edb1       0xec /usr/local/xenon/usr/lib/libxenon.a(c_except.o)
                                         0xf0 (size before relaxing)
 .rodata.xenon_smc_ana_read.str1.1
                0x000000008001ee9d       0x2e /usr/local/xenon/usr/lib/libxenon.a(xenon_smc.o)
 .rodata.xenon_smc_ana_write.str1.1
                0x000000008001eecb       0x2f /usr/local/xenon/usr/lib/libxenon.a(xenon_smc.o)
 .rodata.xenon_smc_handle_bulk.str1.1
                0x000000008001eefa       0x46 /usr/local/xenon/usr/lib/libxenon.a(xenon_smc.o)
 .rodata.xenon_smc_i2c_ddc_lock.str1.1
                0x000000008001ef40       0x27 /usr/local/xenon/usr/lib/libxenon.a(xenon_smc.o)
 .rodata.xenon_smc_i2c_read.str1.1
                0x000000008001ef67       0x2e /usr/local/xenon/usr/lib/libxenon.a(xenon_smc.o)
 .rodata.xenon_smc_i2c_write.str1.1
                0x000000008001ef95       0x2f /usr/local/xenon/usr/lib/libxenon.a(xenon_smc.o)
 .rodata.xenon_config_get_avregion.str1.1
                0x000000008001efc4       0x20 /usr/local/xenon/usr/lib/libxenon.a(xenon_config.o)
 .rodata.xenon_config_init.str1.1
                0x000000008001efe4       0x20 /usr/local/xenon/usr/lib/libxenon.a(xenon_config.o)
 .rodata        0x000000008001f004      0x140 /usr/local/xenon/usr/lib/libxenon.a(xenos.o)
 *fill*         0x000000008001f144        0x4 
 .rodata.CSWTCH.44
                0x000000008001f148        0x4 /usr/local/xenon/usr/lib/libxenon.a(xenos.o)
 *fill*         0x000000008001f14c        0x4 
 .rodata.__func__.4400
                0x000000008001f150       0x12 /usr/local/xenon/usr/lib/libxenon.a(xenos.o)
 .rodata.str1.1
                0x000000008001f162       0x94 /usr/local/xenon/usr/lib/libxenon.a(xenos.o)
 .rodata.xenos_ana_write.str1.1
                0x000000008001f1f6       0x33 /usr/local/xenon/usr/lib/libxenon.a(xenos.o)
 .rodata.xenos_autoset_mode.str1.1
                0x000000008001f229       0x17 /usr/local/xenon/usr/lib/libxenon.a(xenos.o)
 .rodata.xenos_init.str1.1
                0x000000008001f240       0x57 /usr/local/xenon/usr/lib/libxenon.a(xenos.o)
 .rodata.xenos_init_ana_new.str1.1
                0x000000008001f297       0xf5 /usr/local/xenon/usr/lib/libxenon.a(xenos.o)
 .rodata.xenos_init_phase1.str1.1
                0x000000008001f38c       0x85 /usr/local/xenon/usr/lib/libxenon.a(xenos.o)
 .rodata.xenos_is_overscan.str1.1
                0x000000008001f411       0x16 /usr/local/xenon/usr/lib/libxenon.a(xenos.o)
 .rodata.xenos_set_mode.str1.1
                0x000000008001f427       0x29 /usr/local/xenon/usr/lib/libxenon.a(xenos.o)
 .rodata.edid_header
                0x000000008001f450        0x8 /usr/local/xenon/usr/lib/libxenon.a(xenos_edid.o)
 .rodata.xenos_ddc_read_edid.str1.1
                0x000000008001f458       0xa5 /usr/local/xenon/usr/lib/libxenon.a(xenos_edid.o)
 .rodata.xenos_get_edid.str1.1
                0x000000008001f4fd       0x61 /usr/local/xenon/usr/lib/libxenon.a(xenos_edid.o)
 .rodata.sfcx_init.str1.1
                0x000000008001f55e       0x7e /usr/local/xenon/usr/lib/libxenon.a(xenon_sfcx.o)
 .rodata        0x000000008001f5dc       0x34 /usr/local/xenon/lib/gcc/xenon/6.3.0/32/libgcc.a(unwind-dw2-fde-dip.o)
 .rodata.str1.4
                0x000000008001f610       0x3f /usr/local/xenon/xenon/lib/32/libc.a(lib_a-assert.o)
                                         0x43 (size before relaxing)
 *fill*         0x000000008001f64f        0x1 
 .rodata.str1.4
                0x000000008001f650        0xe /usr/local/xenon/xenon/lib/32/libc.a(lib_a-locale.o)
                                         0x12 (size before relaxing)
 *fill*         0x000000008001f65e        0x2 
 .rodata.str1.4
                0x000000008001f660        0x2 /usr/local/xenon/xenon/lib/32/libc.a(lib_a-puts.o)
 *fill*         0x000000008001f662        0x2 
 .rodata        0x000000008001f664      0x184 /usr/local/xenon/xenon/lib/32/libc.a(lib_a-svfprintf.o)
 .rodata.cst4   0x000000008001f7e8        0x4 /usr/local/xenon/xenon/lib/32/libc.a(lib_a-svfprintf.o)
 *fill*         0x000000008001f7ec        0x4 
 .rodata.cst8   0x000000008001f7f0        0x8 /usr/local/xenon/xenon/lib/32/libc.a(lib_a-svfprintf.o)
 .rodata.str1.4
                0x000000008001f7f8       0x42 /usr/local/xenon/xenon/lib/32/libc.a(lib_a-svfprintf.o)
 *fill*         0x000000008001f83a        0x2 
 .rodata        0x000000008001f83c      0x184 /usr/local/xenon/xenon/lib/32/libc.a(lib_a-vfiprintf.o)
 .rodata.cst4   0x000000008001f9c0        0x8 /usr/local/xenon/xenon/lib/32/libc.a(lib_a-vfiprintf.o)
 .rodata.str1.4
                0x000000008001f9c8       0x2f /usr/local/xenon/xenon/lib/32/libc.a(lib_a-vfiprintf.o)
 .rodata        0x000000008001f9c8      0x184 /usr/local/xenon/xenon/lib/32/libc.a(lib_a-vfprintf.o)
 .rodata.cst4   0x000000008001fb4c        0x4 /usr/local/xenon/xenon/lib/32/libc.a(lib_a-vfprintf.o)
 .rodata.cst8   0x000000008001fb4c        0x8 /usr/local/xenon/xenon/lib/32/libc.a(lib_a-vfprintf.o)
 .rodata.str1.4
                0x000000008001fb4c       0x42 /usr/local/xenon/xenon/lib/32/libc.a(lib_a-vfprintf.o)
 .rodata        0x000000008001fb4c      0x101 /usr/local/xenon/xenon/lib/32/libc.a(lib_a-ctype_.o)
                0x000000008001fb4c                _ctype_
 *fill*         0x000000008001fc4d        0x3 
 .rodata.cst4   0x000000008001fc50       0x18 /usr/local/xenon/xenon/lib/32/libc.a(lib_a-dtoa.o)
                                         0x1c (size before relaxing)
 .rodata.cst8   0x000000008001fc68       0x18 /usr/local/xenon/xenon/lib/32/libc.a(lib_a-dtoa.o)
 .rodata.str1.4
                0x000000008001fc80       0x10 /usr/local/xenon/xenon/lib/32/libc.a(lib_a-dtoa.o)
                                         0x12 (size before relaxing)
 .rodata        0x000000008001fc90      0x128 /usr/local/xenon/xenon/lib/32/libc.a(lib_a-mprec.o)
                0x000000008001fca0                __mprec_tens
                0x000000008001fd68                __mprec_tinytens
                0x000000008001fd90                __mprec_bigtens
 .rodata.cst4   0x000000008001fdb8        0x8 /usr/local/xenon/xenon/lib/32/libc.a(lib_a-mprec.o)
 .rodata        0x000000008001fdb8      0x184 /usr/local/xenon/xenon/lib/32/libc.a(lib_a-svfiprintf.o)
 .rodata.str1.4
                0x000000008001ff3c       0x2f /usr/local/xenon/xenon/lib/32/libc.a(lib_a-svfiprintf.o)

.ctors          0x000000008001ff3c        0x0
                0x000000008001ff3c                __CTOR_LIST__ = .
 *(.ctors)
                0x000000008001ff3c                __CTOR_END__ = .

.dtors          0x000000008001ff3c        0x0
                0x000000008001ff3c                __DTOR_LIST__ = .
 *(.dtors)
                0x000000008001ff3c                __DTOR_END__ = .

.eh_frame_hdr   0x000000008001ff3c       0xe4
 *(.eh_frame_hdr)
 .eh_frame_hdr  0x000000008001ff3c       0xe4 /usr/local/xenon/lib/gcc/xenon/6.3.0/32/libgcc.a(crtsavgpr.o)
                0x000000008001ff3c                __GNU_EH_FRAME_HDR

.eh_frame       0x0000000080020020      0x5e8
                0x0000000080020020                PROVIDE (__eh_frame_start, .)
 *(.eh_frame)
 .eh_frame      0x0000000080020020        0x0 /usr/local/xenon/lib/gcc/xenon/6.3.0/../../../../xenon/lib/../lib/crt1.o
 .eh_frame      0x0000000080020020       0x28 /usr/local/xenon/lib/gcc/xenon/6.3.0/32/libgcc.a(crtsavgpr.o)
 .eh_frame      0x0000000080020048       0x7c /usr/local/xenon/lib/gcc/xenon/6.3.0/32/libgcc.a(crtresxgpr.o)
 .eh_frame      0x00000000800200c4      0x4b8 /usr/local/xenon/lib/gcc/xenon/6.3.0/32/libgcc.a(unwind-dw2-fde-dip.o)
                                        0x4cc (size before relaxing)
 .eh_frame      0x000000008002057c       0x40 /usr/local/xenon/lib/gcc/xenon/6.3.0/32/libgcc.a(_udivdi3.o)
                                         0x54 (size before relaxing)
 .eh_frame      0x00000000800205bc       0x44 /usr/local/xenon/lib/gcc/xenon/6.3.0/32/libgcc.a(_umoddi3.o)
                                         0x58 (size before relaxing)
 .eh_frame      0x0000000080020600        0x4 /usr/local/xenon/lib/gcc/xenon/6.3.0/32/crtend.o
                0x0000000080020604        0x4 LONG 0x0

.rela.dyn       0x0000000080020608        0x0
 .rela.iplt     0x0000000080020608        0x0 /usr/local/xenon/lib/gcc/xenon/6.3.0/../../../../xenon/lib/../lib/crt1.o
 .rela.text.call_ctors
                0x0000000080020608        0x0 /usr/local/xenon/lib/gcc/xenon/6.3.0/../../../../xenon/lib/../lib/crt1.o
 .rela.text.c_register_frame
                0x0000000080020608        0x0 /usr/local/xenon/lib/gcc/xenon/6.3.0/../../../../xenon/lib/../lib/crt1.o
 .rela.text.__crtmain
                0x0000000080020608        0x0 /usr/local/xenon/lib/gcc/xenon/6.3.0/../../../../xenon/lib/../lib/crt1.o
 .rela.text     0x0000000080020608        0x0 /usr/local/xenon/lib/gcc/xenon/6.3.0/../../../../xenon/lib/../lib/crt1.o
 .rela.text.__check_argv
                0x0000000080020608        0x0 /usr/local/xenon/lib/gcc/xenon/6.3.0/../../../../xenon/lib/../lib/crt1.o
 .rela.text.console_init
                0x0000000080020608        0x0 /usr/local/xenon/lib/gcc/xenon/6.3.0/../../../../xenon/lib/../lib/crt1.o
 .rela.text.console_close
                0x0000000080020608        0x0 /usr/local/xenon/lib/gcc/xenon/6.3.0/../../../../xenon/lib/../lib/crt1.o
 .rela.text.__dirreset
                0x0000000080020608        0x0 /usr/local/xenon/lib/gcc/xenon/6.3.0/../../../../xenon/lib/../lib/crt1.o
 .rela.text.__dirnext
                0x0000000080020608        0x0 /usr/local/xenon/lib/gcc/xenon/6.3.0/../../../../xenon/lib/../lib/crt1.o
 .rela.text.__libc_lock_init
                0x0000000080020608        0x0 /usr/local/xenon/lib/gcc/xenon/6.3.0/../../../../xenon/lib/../lib/crt1.o
 .rela.text.__libc_lock_close
                0x0000000080020608        0x0 /usr/local/xenon/lib/gcc/xenon/6.3.0/../../../../xenon/lib/../lib/crt1.o
 .rela.text.__libc_lock_release
                0x0000000080020608        0x0 /usr/local/xenon/lib/gcc/xenon/6.3.0/../../../../xenon/lib/../lib/crt1.o
 .rela.text.__libc_lock_acquire
                0x0000000080020608        0x0 /usr/local/xenon/lib/gcc/xenon/6.3.0/../../../../xenon/lib/../lib/crt1.o
 .rela.text.__malloc_lock
                0x0000000080020608        0x0 /usr/local/xenon/lib/gcc/xenon/6.3.0/../../../../xenon/lib/../lib/crt1.o
 .rela.text.__malloc_unlock
                0x0000000080020608        0x0 /usr/local/xenon/lib/gcc/xenon/6.3.0/../../../../xenon/lib/../lib/crt1.o
 .rela.text._exit
                0x0000000080020608        0x0 /usr/local/xenon/lib/gcc/xenon/6.3.0/../../../../xenon/lib/../lib/crt1.o
 .rela.text.sbrk
                0x0000000080020608        0x0 /usr/local/xenon/lib/gcc/xenon/6.3.0/../../../../xenon/lib/../lib/crt1.o
 .rela.text.execve
                0x0000000080020608        0x0 /usr/local/xenon/lib/gcc/xenon/6.3.0/../../../../xenon/lib/../lib/crt1.o
 .rela.text.execv
                0x0000000080020608        0x0 /usr/local/xenon/lib/gcc/xenon/6.3.0/../../../../xenon/lib/../lib/crt1.o
 .rela.text.execvp
                0x0000000080020608        0x0 /usr/local/xenon/lib/gcc/xenon/6.3.0/../../../../xenon/lib/../lib/crt1.o
 .rela.text.fork
                0x0000000080020608        0x0 /usr/local/xenon/lib/gcc/xenon/6.3.0/../../../../xenon/lib/../lib/crt1.o
 .rela.text.getpid
                0x0000000080020608        0x0 /usr/local/xenon/lib/gcc/xenon/6.3.0/../../../../xenon/lib/../lib/crt1.o
 .rela.text.getrusage
                0x0000000080020608        0x0 /usr/local/xenon/lib/gcc/xenon/6.3.0/../../../../xenon/lib/../lib/crt1.o
 .rela.text.gettimeofday
                0x0000000080020608        0x0 /usr/local/xenon/lib/gcc/xenon/6.3.0/../../../../xenon/lib/../lib/crt1.o
 .rela.text.kill
                0x0000000080020608        0x0 /usr/local/xenon/lib/gcc/xenon/6.3.0/../../../../xenon/lib/../lib/crt1.o
 .rela.text.open
                0x0000000080020608        0x0 /usr/local/xenon/lib/gcc/xenon/6.3.0/../../../../xenon/lib/../lib/crt1.o
 .rela.text.read
                0x0000000080020608        0x0 /usr/local/xenon/lib/gcc/xenon/6.3.0/../../../../xenon/lib/../lib/crt1.o
 .rela.text.write
                0x0000000080020608        0x0 /usr/local/xenon/lib/gcc/xenon/6.3.0/../../../../xenon/lib/../lib/crt1.o
 .rela.text.fstat
                0x0000000080020608        0x0 /usr/local/xenon/lib/gcc/xenon/6.3.0/../../../../xenon/lib/../lib/crt1.o
 .rela.text.stat
                0x0000000080020608        0x0 /usr/local/xenon/lib/gcc/xenon/6.3.0/../../../../xenon/lib/../lib/crt1.o
 .rela.text.statvfs
                0x0000000080020608        0x0 /usr/local/xenon/lib/gcc/xenon/6.3.0/../../../../xenon/lib/../lib/crt1.o
 .rela.text.fsync
                0x0000000080020608        0x0 /usr/local/xenon/lib/gcc/xenon/6.3.0/../../../../xenon/lib/../lib/crt1.o
 .rela.text.ftruncate
                0x0000000080020608        0x0 /usr/local/xenon/lib/gcc/xenon/6.3.0/../../../../xenon/lib/../lib/crt1.o
 .rela.text.link
                0x0000000080020608        0x0 /usr/local/xenon/lib/gcc/xenon/6.3.0/../../../../xenon/lib/../lib/crt1.o
 .rela.text.lseek
                0x0000000080020608        0x0 /usr/local/xenon/lib/gcc/xenon/6.3.0/../../../../xenon/lib/../lib/crt1.o
 .rela.text.rename
                0x0000000080020608        0x0 /usr/local/xenon/lib/gcc/xenon/6.3.0/../../../../xenon/lib/../lib/crt1.o
 .rela.text.unlink
                0x0000000080020608        0x0 /usr/local/xenon/lib/gcc/xenon/6.3.0/../../../../xenon/lib/../lib/crt1.o
 .rela.text.close
                0x0000000080020608        0x0 /usr/local/xenon/lib/gcc/xenon/6.3.0/../../../../xenon/lib/../lib/crt1.o
 .rela.text.chdir
                0x0000000080020608        0x0 /usr/local/xenon/lib/gcc/xenon/6.3.0/../../../../xenon/lib/../lib/crt1.o
 .rela.text.getcwd
                0x0000000080020608        0x0 /usr/local/xenon/lib/gcc/xenon/6.3.0/../../../../xenon/lib/../lib/crt1.o
 .rela.text.chmod
                0x0000000080020608        0x0 /usr/local/xenon/lib/gcc/xenon/6.3.0/../../../../xenon/lib/../lib/crt1.o
 .rela.text.fchmod
                0x0000000080020608        0x0 /usr/local/xenon/lib/gcc/xenon/6.3.0/../../../../xenon/lib/../lib/crt1.o
 .rela.text.opendir
                0x0000000080020608        0x0 /usr/local/xenon/lib/gcc/xenon/6.3.0/../../../../xenon/lib/../lib/crt1.o
 .rela.text.closedir
                0x0000000080020608        0x0 /usr/local/xenon/lib/gcc/xenon/6.3.0/../../../../xenon/lib/../lib/crt1.o
 .rela.text.mkdir
                0x0000000080020608        0x0 /usr/local/xenon/lib/gcc/xenon/6.3.0/../../../../xenon/lib/../lib/crt1.o
 .rela.text.xenon_sbrk
                0x0000000080020608        0x0 /usr/local/xenon/lib/gcc/xenon/6.3.0/../../../../xenon/lib/../lib/crt1.o
 .rela.text.usb_init_one_ohci
                0x0000000080020608        0x0 /usr/local/xenon/lib/gcc/xenon/6.3.0/../../../../xenon/lib/../lib/crt1.o
 .rela.text.usb_do_poll
                0x0000000080020608        0x0 /usr/local/xenon/lib/gcc/xenon/6.3.0/../../../../xenon/lib/../lib/crt1.o
 .rela.text.EHCI_do_one
                0x0000000080020608        0x0 /usr/local/xenon/lib/gcc/xenon/6.3.0/../../../../xenon/lib/../lib/crt1.o
 .rela.text.USBStorage_Init
                0x0000000080020608        0x0 /usr/local/xenon/lib/gcc/xenon/6.3.0/../../../../xenon/lib/../lib/crt1.o
 .rela.text.seems_valid
                0x0000000080020608        0x0 /usr/local/xenon/lib/gcc/xenon/6.3.0/../../../../xenon/lib/../lib/crt1.o
 .rela.text.stack_trace
                0x0000000080020608        0x0 /usr/local/xenon/lib/gcc/xenon/6.3.0/../../../../xenon/lib/../lib/crt1.o
 .rela.text.xenon_config_init
                0x0000000080020608        0x0 /usr/local/xenon/lib/gcc/xenon/6.3.0/../../../../xenon/lib/../lib/crt1.o
 .rela.text.enet_init
                0x0000000080020608        0x0 /usr/local/xenon/lib/gcc/xenon/6.3.0/../../../../xenon/lib/../lib/crt1.o
 .rela.text.enet_poll
                0x0000000080020608        0x0 /usr/local/xenon/lib/gcc/xenon/6.3.0/../../../../xenon/lib/../lib/crt1.o
 .rela.text.updateXeLL
                0x0000000080020608        0x0 /usr/local/xenon/lib/gcc/xenon/6.3.0/../../../../xenon/lib/../lib/crt1.o
 .rela.text.kmem_init
                0x0000000080020608        0x0 /usr/local/xenon/lib/gcc/xenon/6.3.0/../../../../xenon/lib/../lib/crt1.o
 .rela.text._ohci_dma_alloc
                0x0000000080020608        0x0 /usr/local/xenon/lib/gcc/xenon/6.3.0/../../../../xenon/lib/../lib/crt1.o
 .rela.text.ohci_create
                0x0000000080020608        0x0 /usr/local/xenon/lib/gcc/xenon/6.3.0/../../../../xenon/lib/../lib/crt1.o
 .rela.text.usb_create_pipe
                0x0000000080020608        0x0 /usr/local/xenon/lib/gcc/xenon/6.3.0/../../../../xenon/lib/../lib/crt1.o
 .rela.text.usb_destroy_pipe
                0x0000000080020608        0x0 /usr/local/xenon/lib/gcc/xenon/6.3.0/../../../../xenon/lib/../lib/crt1.o
 .rela.text.usb_destroy_all_pipes
                0x0000000080020608        0x0 /usr/local/xenon/lib/gcc/xenon/6.3.0/../../../../xenon/lib/../lib/crt1.o
 .rela.text.usb_destroy_device
                0x0000000080020608        0x0 /usr/local/xenon/lib/gcc/xenon/6.3.0/../../../../xenon/lib/../lib/crt1.o
 .rela.text.usb_create_device
                0x0000000080020608        0x0 /usr/local/xenon/lib/gcc/xenon/6.3.0/../../../../xenon/lib/../lib/crt1.o
 .rela.text.usb_make_request
                0x0000000080020608        0x0 /usr/local/xenon/lib/gcc/xenon/6.3.0/../../../../xenon/lib/../lib/crt1.o
 .rela.text.usb_free_request
                0x0000000080020608        0x0 /usr/local/xenon/lib/gcc/xenon/6.3.0/../../../../xenon/lib/../lib/crt1.o
 .rela.text.usb_clear_stall
                0x0000000080020608        0x0 /usr/local/xenon/lib/gcc/xenon/6.3.0/../../../../xenon/lib/../lib/crt1.o
 .rela.text.usb_std_request
                0x0000000080020608        0x0 /usr/local/xenon/lib/gcc/xenon/6.3.0/../../../../xenon/lib/../lib/crt1.o
 .rela.text.usb_get_string
                0x0000000080020608        0x0 /usr/local/xenon/lib/gcc/xenon/6.3.0/../../../../xenon/lib/../lib/crt1.o
 .rela.text.usb_get_device_descriptor
                0x0000000080020608        0x0 /usr/local/xenon/lib/gcc/xenon/6.3.0/../../../../xenon/lib/../lib/crt1.o
 .rela.text.usb_get_config_descriptor
                0x0000000080020608        0x0 /usr/local/xenon/lib/gcc/xenon/6.3.0/../../../../xenon/lib/../lib/crt1.o
 .rela.text.usb_initroot
                0x0000000080020608        0x0 /usr/local/xenon/lib/gcc/xenon/6.3.0/../../../../xenon/lib/../lib/crt1.o
 .rela.text.usb_find_driver
                0x0000000080020608        0x0 /usr/local/xenon/lib/gcc/xenon/6.3.0/../../../../xenon/lib/../lib/crt1.o
 .rela.data.usb_drivers
                0x0000000080020608        0x0 /usr/local/xenon/lib/gcc/xenon/6.3.0/../../../../xenon/lib/../lib/crt1.o
 .rela.text.usbhid_attach
                0x0000000080020608        0x0 /usr/local/xenon/lib/gcc/xenon/6.3.0/../../../../xenon/lib/../lib/crt1.o
 .rela.text.usbhub_detach
                0x0000000080020608        0x0 /usr/local/xenon/lib/gcc/xenon/6.3.0/../../../../xenon/lib/../lib/crt1.o
 .rela.text.usbhub_attach
                0x0000000080020608        0x0 /usr/local/xenon/lib/gcc/xenon/6.3.0/../../../../xenon/lib/../lib/crt1.o
 .rela.text.usbhub_scan1
                0x0000000080020608        0x0 /usr/local/xenon/lib/gcc/xenon/6.3.0/../../../../xenon/lib/../lib/crt1.o
 .rela.text.rawflash_checkImage_meta
                0x0000000080020608        0x0 /usr/local/xenon/lib/gcc/xenon/6.3.0/../../../../xenon/lib/../lib/crt1.o
 .rela.text.rawflash_checkImage_ecd
                0x0000000080020608        0x0 /usr/local/xenon/lib/gcc/xenon/6.3.0/../../../../xenon/lib/../lib/crt1.o
 .rela.text.rawflash_writeImage
                0x0000000080020608        0x0 /usr/local/xenon/lib/gcc/xenon/6.3.0/../../../../xenon/lib/../lib/crt1.o
 .rela.text.rawflash_checkImage
                0x0000000080020608        0x0 /usr/local/xenon/lib/gcc/xenon/6.3.0/../../../../xenon/lib/../lib/crt1.o
 .rela.text.try_rawflash
                0x0000000080020608        0x0 /usr/local/xenon/lib/gcc/xenon/6.3.0/../../../../xenon/lib/../lib/crt1.o
 .rela.text.mem_init
                0x0000000080020608        0x0 /usr/local/xenon/lib/gcc/xenon/6.3.0/../../../../xenon/lib/../lib/crt1.o
 .rela.text.mem_free
                0x0000000080020608        0x0 /usr/local/xenon/lib/gcc/xenon/6.3.0/../../../../xenon/lib/../lib/crt1.o
 .rela.text.mem_trim
                0x0000000080020608        0x0 /usr/local/xenon/lib/gcc/xenon/6.3.0/../../../../xenon/lib/../lib/crt1.o
 .rela.text.mem_malloc
                0x0000000080020608        0x0 /usr/local/xenon/lib/gcc/xenon/6.3.0/../../../../xenon/lib/../lib/crt1.o
 .rela.text.pbuf_free_ooseq
                0x0000000080020608        0x0 /usr/local/xenon/lib/gcc/xenon/6.3.0/../../../../xenon/lib/../lib/crt1.o
 .rela.text.pbuf_alloc
                0x0000000080020608        0x0 /usr/local/xenon/lib/gcc/xenon/6.3.0/../../../../xenon/lib/../lib/crt1.o
 .rela.text.tcp_bind
                0x0000000080020608        0x0 /usr/local/xenon/lib/gcc/xenon/6.3.0/../../../../xenon/lib/../lib/crt1.o
 .rela.text.tcp_listen_with_backlog
                0x0000000080020608        0x0 /usr/local/xenon/lib/gcc/xenon/6.3.0/../../../../xenon/lib/../lib/crt1.o
 .rela.text.tcp_slowtmr
                0x0000000080020608        0x0 /usr/local/xenon/lib/gcc/xenon/6.3.0/../../../../xenon/lib/../lib/crt1.o
 .rela.text.tcp_pcb_remove
                0x0000000080020608        0x0 /usr/local/xenon/lib/gcc/xenon/6.3.0/../../../../xenon/lib/../lib/crt1.o
 .rela.text.tcp_close_shutdown
                0x0000000080020608        0x0 /usr/local/xenon/lib/gcc/xenon/6.3.0/../../../../xenon/lib/../lib/crt1.o
 .rela.text.tcp_fasttmr
                0x0000000080020608        0x0 /usr/local/xenon/lib/gcc/xenon/6.3.0/../../../../xenon/lib/../lib/crt1.o
 .rela.text.tcp_abandon
                0x0000000080020608        0x0 /usr/local/xenon/lib/gcc/xenon/6.3.0/../../../../xenon/lib/../lib/crt1.o
 .rela.text.tcp_next_iss
                0x0000000080020608        0x0 /usr/local/xenon/lib/gcc/xenon/6.3.0/../../../../xenon/lib/../lib/crt1.o
 .rela.text.tcp_alloc
                0x0000000080020608        0x0 /usr/local/xenon/lib/gcc/xenon/6.3.0/../../../../xenon/lib/../lib/crt1.o
 .rela.text.tcp_connect
                0x0000000080020608        0x0 /usr/local/xenon/lib/gcc/xenon/6.3.0/../../../../xenon/lib/../lib/crt1.o
 .rela.rodata.tcp_pcb_lists
                0x0000000080020608        0x0 /usr/local/xenon/lib/gcc/xenon/6.3.0/../../../../xenon/lib/../lib/crt1.o
 .rela.text.ip_route
                0x0000000080020608        0x0 /usr/local/xenon/lib/gcc/xenon/6.3.0/../../../../xenon/lib/../lib/crt1.o
 .rela.text.ip_input
                0x0000000080020608        0x0 /usr/local/xenon/lib/gcc/xenon/6.3.0/../../../../xenon/lib/../lib/crt1.o
 .rela.text.ip_output_if
                0x0000000080020608        0x0 /usr/local/xenon/lib/gcc/xenon/6.3.0/../../../../xenon/lib/../lib/crt1.o
 .rela.text.ip_output
                0x0000000080020608        0x0 /usr/local/xenon/lib/gcc/xenon/6.3.0/../../../../xenon/lib/../lib/crt1.o
 .rela.text.ip_reass
                0x0000000080020608        0x0 /usr/local/xenon/lib/gcc/xenon/6.3.0/../../../../xenon/lib/../lib/crt1.o
 .rela.text.ip_frag
                0x0000000080020608        0x0 /usr/local/xenon/lib/gcc/xenon/6.3.0/../../../../xenon/lib/../lib/crt1.o
 .rela.text.tcp_create_segment
                0x0000000080020608        0x0 /usr/local/xenon/lib/gcc/xenon/6.3.0/../../../../xenon/lib/../lib/crt1.o
 .rela.text.tcp_write
                0x0000000080020608        0x0 /usr/local/xenon/lib/gcc/xenon/6.3.0/../../../../xenon/lib/../lib/crt1.o
 .rela.text.tcp_enqueue_flags
                0x0000000080020608        0x0 /usr/local/xenon/lib/gcc/xenon/6.3.0/../../../../xenon/lib/../lib/crt1.o
 .rela.text.tcp_output
                0x0000000080020608        0x0 /usr/local/xenon/lib/gcc/xenon/6.3.0/../../../../xenon/lib/../lib/crt1.o
 .rela.text.tcp_rst
                0x0000000080020608        0x0 /usr/local/xenon/lib/gcc/xenon/6.3.0/../../../../xenon/lib/../lib/crt1.o
 .rela.text.tcp_keepalive
                0x0000000080020608        0x0 /usr/local/xenon/lib/gcc/xenon/6.3.0/../../../../xenon/lib/../lib/crt1.o
 .rela.text.tcp_zero_window_probe
                0x0000000080020608        0x0 /usr/local/xenon/lib/gcc/xenon/6.3.0/../../../../xenon/lib/../lib/crt1.o
 .rela.text.udp_input
                0x0000000080020608        0x0 /usr/local/xenon/lib/gcc/xenon/6.3.0/../../../../xenon/lib/../lib/crt1.o
 .rela.text.udp_bind
                0x0000000080020608        0x0 /usr/local/xenon/lib/gcc/xenon/6.3.0/../../../../xenon/lib/../lib/crt1.o
 .rela.text.udp_sendto_if
                0x0000000080020608        0x0 /usr/local/xenon/lib/gcc/xenon/6.3.0/../../../../xenon/lib/../lib/crt1.o
 .rela.text.udp_sendto
                0x0000000080020608        0x0 /usr/local/xenon/lib/gcc/xenon/6.3.0/../../../../xenon/lib/../lib/crt1.o
 .rela.text.udp_connect
                0x0000000080020608        0x0 /usr/local/xenon/lib/gcc/xenon/6.3.0/../../../../xenon/lib/../lib/crt1.o
 .rela.text.udp_remove
                0x0000000080020608        0x0 /usr/local/xenon/lib/gcc/xenon/6.3.0/../../../../xenon/lib/../lib/crt1.o
 .rela.text.etharp_request
                0x0000000080020608        0x0 /usr/local/xenon/lib/gcc/xenon/6.3.0/../../../../xenon/lib/../lib/crt1.o
 .rela.text.etharp_query
                0x0000000080020608        0x0 /usr/local/xenon/lib/gcc/xenon/6.3.0/../../../../xenon/lib/../lib/crt1.o
 .rela.text.etharp_output
                0x0000000080020608        0x0 /usr/local/xenon/lib/gcc/xenon/6.3.0/../../../../xenon/lib/../lib/crt1.o
 .rela.text.ethernet_input
                0x0000000080020608        0x0 /usr/local/xenon/lib/gcc/xenon/6.3.0/../../../../xenon/lib/../lib/crt1.o
 .rela.text.dhcp_rebind
                0x0000000080020608        0x0 /usr/local/xenon/lib/gcc/xenon/6.3.0/../../../../xenon/lib/../lib/crt1.o
 .rela.text.dhcp_select
                0x0000000080020608        0x0 /usr/local/xenon/lib/gcc/xenon/6.3.0/../../../../xenon/lib/../lib/crt1.o
 .rela.text.dhcp_reboot
                0x0000000080020608        0x0 /usr/local/xenon/lib/gcc/xenon/6.3.0/../../../../xenon/lib/../lib/crt1.o
 .rela.text.dhcp_discover
                0x0000000080020608        0x0 /usr/local/xenon/lib/gcc/xenon/6.3.0/../../../../xenon/lib/../lib/crt1.o
 .rela.text.dhcp_recv
                0x0000000080020608        0x0 /usr/local/xenon/lib/gcc/xenon/6.3.0/../../../../xenon/lib/../lib/crt1.o
 .rela.text.dhcp_inform
                0x0000000080020608        0x0 /usr/local/xenon/lib/gcc/xenon/6.3.0/../../../../xenon/lib/../lib/crt1.o
 .rela.text.dhcp_arp_reply
                0x0000000080020608        0x0 /usr/local/xenon/lib/gcc/xenon/6.3.0/../../../../xenon/lib/../lib/crt1.o
 .rela.text.dhcp_coarse_tmr
                0x0000000080020608        0x0 /usr/local/xenon/lib/gcc/xenon/6.3.0/../../../../xenon/lib/../lib/crt1.o
 .rela.text.dhcp_release
                0x0000000080020608        0x0 /usr/local/xenon/lib/gcc/xenon/6.3.0/../../../../xenon/lib/../lib/crt1.o
 .rela.text.dhcp_fine_tmr
                0x0000000080020608        0x0 /usr/local/xenon/lib/gcc/xenon/6.3.0/../../../../xenon/lib/../lib/crt1.o
 .rela.text.dhcp_start
                0x0000000080020608        0x0 /usr/local/xenon/lib/gcc/xenon/6.3.0/../../../../xenon/lib/../lib/crt1.o
 .rela.text.raw_input
                0x0000000080020608        0x0 /usr/local/xenon/lib/gcc/xenon/6.3.0/../../../../xenon/lib/../lib/crt1.o
 .rela.text.usbctrl_set_led_callback
                0x0000000080020608        0x0 /usr/local/xenon/lib/gcc/xenon/6.3.0/../../../../xenon/lib/../lib/crt1.o
 .rela.text.usbctrl_set_rol
                0x0000000080020608        0x0 /usr/local/xenon/lib/gcc/xenon/6.3.0/../../../../xenon/lib/../lib/crt1.o
 .rela.text.usbctrl_set_leds
                0x0000000080020608        0x0 /usr/local/xenon/lib/gcc/xenon/6.3.0/../../../../xenon/lib/../lib/crt1.o
 .rela.text.usbctrl_poll
                0x0000000080020608        0x0 /usr/local/xenon/lib/gcc/xenon/6.3.0/../../../../xenon/lib/../lib/crt1.o
 .rela.text.usbctrl_attach
                0x0000000080020608        0x0 /usr/local/xenon/lib/gcc/xenon/6.3.0/../../../../xenon/lib/../lib/crt1.o
 .rela.text.usbctrl_set_rumble
                0x0000000080020608        0x0 /usr/local/xenon/lib/gcc/xenon/6.3.0/../../../../xenon/lib/../lib/crt1.o
 .rela.text.unlikely.tcp_receive
                0x0000000080020608        0x0 /usr/local/xenon/lib/gcc/xenon/6.3.0/../../../../xenon/lib/../lib/crt1.o
 .rela.text.tcp_input
                0x0000000080020608        0x0 /usr/local/xenon/lib/gcc/xenon/6.3.0/../../../../xenon/lib/../lib/crt1.o
 .rela.text.memp_init
                0x0000000080020608        0x0 /usr/local/xenon/lib/gcc/xenon/6.3.0/../../../../xenon/lib/../lib/crt1.o
 .rela.text.memp_malloc
                0x0000000080020608        0x0 /usr/local/xenon/lib/gcc/xenon/6.3.0/../../../../xenon/lib/../lib/crt1.o
 .rela.text.memp_free
                0x0000000080020608        0x0 /usr/local/xenon/lib/gcc/xenon/6.3.0/../../../../xenon/lib/../lib/crt1.o
 .rela.text.netif_find
                0x0000000080020608        0x0 /usr/local/xenon/lib/gcc/xenon/6.3.0/../../../../xenon/lib/../lib/crt1.o
 .rela.text.netif_set_ipaddr
                0x0000000080020608        0x0 /usr/local/xenon/lib/gcc/xenon/6.3.0/../../../../xenon/lib/../lib/crt1.o
 .rela.text.netif_add
                0x0000000080020608        0x0 /usr/local/xenon/lib/gcc/xenon/6.3.0/../../../../xenon/lib/../lib/crt1.o
 .rela.text.netif_set_default
                0x0000000080020608        0x0 /usr/local/xenon/lib/gcc/xenon/6.3.0/../../../../xenon/lib/../lib/crt1.o
 .rela.text.netif_remove
                0x0000000080020608        0x0 /usr/local/xenon/lib/gcc/xenon/6.3.0/../../../../xenon/lib/../lib/crt1.o
 .rela.text.icmp_send_response.isra.0
                0x0000000080020608        0x0 /usr/local/xenon/lib/gcc/xenon/6.3.0/../../../../xenon/lib/../lib/crt1.o
 .rela.text.icmp_input
                0x0000000080020608        0x0 /usr/local/xenon/lib/gcc/xenon/6.3.0/../../../../xenon/lib/../lib/crt1.o
 .rela.data     0x0000000080020608        0x0 /usr/local/xenon/lib/gcc/xenon/6.3.0/../../../../xenon/lib/../lib/crt1.o

.gcc_except_table
 *(.gcc_except_table .gcc_except_table.*)
                0x0000000080020608                bss_start = .

.bss            0x0000000080020680    0x1b3b0
 *(.bss.beginning.lower)
 *(.bss.beginning.upper)
 *(.bss*)
 .bss.console_fb
                0x0000000080020680        0x4 /usr/local/xenon/usr/lib/libxenon.a(console.o)
 .bss.console_height
                0x0000000080020684        0x4 /usr/local/xenon/usr/lib/libxenon.a(console.o)
 .bss.console_size
                0x0000000080020688        0x4 /usr/local/xenon/usr/lib/libxenon.a(console.o)
 .bss.console_width
                0x000000008002068c        0x4 /usr/local/xenon/usr/lib/libxenon.a(console.o)
 .bss.cursor_x  0x0000000080020690        0x4 /usr/local/xenon/usr/lib/libxenon.a(console.o)
 .bss.cursor_y  0x0000000080020694        0x4 /usr/local/xenon/usr/lib/libxenon.a(console.o)
 .bss.max_x     0x0000000080020698        0x4 /usr/local/xenon/usr/lib/libxenon.a(console.o)
 .bss.max_y     0x000000008002069c        0x4 /usr/local/xenon/usr/lib/libxenon.a(console.o)
 .bss.offset_x  0x00000000800206a0        0x4 /usr/local/xenon/usr/lib/libxenon.a(console.o)
 .bss.offset_y  0x00000000800206a4        0x4 /usr/local/xenon/usr/lib/libxenon.a(console.o)
 .bss.handles   0x00000000800206a8     0x1000 /usr/local/xenon/usr/lib/libxenon.a(newlib.o)
 .bss.lockcount
                0x00000000800216a8        0x4 /usr/local/xenon/usr/lib/libxenon.a(xenon_syscalls.o)
 *fill*         0x00000000800216ac       0x54 
 .bss.malloc_spinlock
                0x0000000080021700        0x4 /usr/local/xenon/usr/lib/libxenon.a(xenon_syscalls.o)
 *fill*         0x0000000080021704       0x7c 
 .bss.safety_spinlock
                0x0000000080021780        0x4 /usr/local/xenon/usr/lib/libxenon.a(xenon_syscalls.o)
 *fill*         0x0000000080021784        0x4 
 .bss.text      0x0000000080021788     0x1000 /usr/local/xenon/usr/lib/libxenon.a(c_except.o)
 .bss.userpagetable
                0x0000000080022788    0x14000 /usr/local/xenon/usr/lib/libxenon.a(vm.o)
                0x0000000080022788                userpagetable
 .bss.stack     0x0000000080036788     0x5000 /usr/local/xenon/usr/lib/libxenon.a(xenon_power.o)
 .bss.thread_state
                0x000000008003b788       0x18 /usr/local/xenon/usr/lib/libxenon.a(xenon_power.o)
 .bss.secured_settings
                0x000000008003b7a0      0x208 /usr/local/xenon/usr/lib/libxenon.a(xenon_config.o)
                0x000000008003b7a0                secured_settings
 .bss.xenon_config_initialized
                0x000000008003b9a8        0x4 /usr/local/xenon/usr/lib/libxenon.a(xenon_config.o)
 .bss.xenos_current_mode
                0x000000008003b9ac        0x4 /usr/local/xenon/usr/lib/libxenon.a(xenos.o)
 .bss.sfc       0x000000008003b9b0       0x44 /usr/local/xenon/usr/lib/libxenon.a(xenon_sfcx.o)
                0x000000008003b9b0                sfc
 .bss           0x000000008003b9f4       0x14 /usr/local/xenon/lib/gcc/xenon/6.3.0/32/libgcc.a(unwind-dw2-fde-dip.o)
 .bss           0x000000008003ba08       0x28 /usr/local/xenon/xenon/lib/32/libc.a(lib_a-mallocr.o)
                0x000000008003ba08                __malloc_current_mallinfo

.iplt           0x000000008003ba30        0x0
 .iplt          0x000000008003ba30        0x0 /usr/local/xenon/lib/gcc/xenon/6.3.0/../../../../xenon/lib/../lib/crt1.o

.sbss           0x000000008003ba30       0x2c
 *(.sbss .sbss.*)
 .sbss          0x000000008003ba30        0x0 /usr/local/xenon/lib/gcc/xenon/6.3.0/../../../../xenon/lib/../lib/crt1.o
 .sbss.stdlog_hook
                0x000000008003ba30        0x4 /usr/local/xenon/usr/lib/libxenon.a(newlib.o)
                0x000000008003ba30                stdlog_hook
 .sbss.stdout_hook
                0x000000008003ba34        0x4 /usr/local/xenon/usr/lib/libxenon.a(newlib.o)
                0x000000008003ba34                stdout_hook
 .sbss          0x000000008003ba38        0x4 /usr/local/xenon/usr/lib/libxenon.a(xenon_syscalls.o)
                0x000000008003ba38                heap_ptr
 .sbss.vm_segfault_handler
                0x000000008003ba3c        0x4 /usr/local/xenon/usr/lib/libxenon.a(vm.o)
                0x000000008003ba3c                vm_segfault_handler
 .sbss.xenos_id
                0x000000008003ba40        0x4 /usr/local/xenon/usr/lib/libxenon.a(xenos.o)
                0x000000008003ba40                xenos_id
 .sbss.xenos_is_corona
                0x000000008003ba44        0x4 /usr/local/xenon/usr/lib/libxenon.a(xenos.o)
                0x000000008003ba44                xenos_is_corona
 .sbss.xenos_is_hdmi
                0x000000008003ba48        0x4 /usr/local/xenon/usr/lib/libxenon.a(xenos.o)
                0x000000008003ba48                xenos_is_hdmi
 .sbss          0x000000008003ba4c        0xc /usr/local/xenon/xenon/lib/32/libc.a(lib_a-mallocr.o)
                0x000000008003ba4c                __malloc_max_total_mem
                0x000000008003ba50                __malloc_max_sbrked_mem
                0x000000008003ba54                __malloc_top_pad
 .sbss          0x000000008003ba58        0x4 /usr/local/xenon/xenon/lib/32/libc.a(lib_a-reent.o)
                0x000000008003ba58                errno
                0x000000008003ba5c                bss_end = .
                0x000000008003ba5c                heap_begin = .
                0x000000009e000000                . = 0x9e000000
                0x000000009e000000                __libc_stack_end = .
                0x000000009e000000                heap_end = .
                0x00000000a0000000                . = 0xa0000000
OUTPUT(/mnt/share/TemperatureDisplay/TemperatureDisplay.elf elf32-powerpc)

.debug_info     0x0000000000000000    0x4dca5
 .debug_info    0x0000000000000000      0x1ea /usr/local/xenon/lib/gcc/xenon/6.3.0/../../../../xenon/lib/../lib/crt1.o
 .debug_info    0x00000000000001ea      0xcac main.o
 .debug_info    0x0000000000000e96       0xd2 /usr/local/xenon/usr/lib/libxenon.a(argv.o)
 .debug_info    0x0000000000000f68      0xe6f /usr/local/xenon/usr/lib/libxenon.a(console.o)
 .debug_info    0x0000000000001dd7     0x346f /usr/local/xenon/usr/lib/libxenon.a(newlib.o)
 .debug_info    0x0000000000005246     0x18c5 /usr/local/xenon/usr/lib/libxenon.a(xenon_syscalls.o)
 .debug_info    0x0000000000006b0b      0xd3e /usr/local/xenon/usr/lib/libxenon.a(c_except.o)
 .debug_info    0x0000000000007849      0xcf2 /usr/local/xenon/usr/lib/libxenon.a(vm.o)
 .debug_info    0x000000000000853b      0x1b2 /usr/local/xenon/usr/lib/libxenon.a(time.o)
 .debug_info    0x00000000000086ed     0x15e6 /usr/local/xenon/usr/lib/libxenon.a(usbmain.o)
 .debug_info    0x0000000000009cd3      0xd53 /usr/local/xenon/usr/lib/libxenon.a(debug.o)
 .debug_info    0x000000000000aa26     0x130b /usr/local/xenon/usr/lib/libxenon.a(xenon_smc.o)
 .debug_info    0x000000000000bd31     0x157d /usr/local/xenon/usr/lib/libxenon.a(xenon_power.o)
 .debug_info    0x000000000000d2ae      0x120 /usr/local/xenon/usr/lib/libxenon.a(xenon_uart.o)
 .debug_info    0x000000000000d3ce      0xdd6 /usr/local/xenon/usr/lib/libxenon.a(xenon_config.o)
 .debug_info    0x000000000000e1a4     0x536c /usr/local/xenon/usr/lib/libxenon.a(xenos.o)
 .debug_info    0x0000000000013510     0x143f /usr/local/xenon/usr/lib/libxenon.a(xenos_edid.o)
 .debug_info    0x000000000001494f     0x1d6f /usr/local/xenon/usr/lib/libxenon.a(enet.o)
 .debug_info    0x00000000000166be     0x1d5f /usr/local/xenon/usr/lib/libxenon.a(xb360.o)
 .debug_info    0x000000000001841d      0x243 /usr/local/xenon/usr/lib/libxenon.a(xenon_gpio.o)
 .debug_info    0x0000000000018660     0x1f17 /usr/local/xenon/usr/lib/libxenon.a(xenon_sfcx.o)
 .debug_info    0x000000000001a577       0x8b /usr/local/xenon/lib/gcc/xenon/6.3.0/32/libgcc.a(crtsavgpr.o)
 .debug_info    0x000000000001a602       0x8c /usr/local/xenon/lib/gcc/xenon/6.3.0/32/libgcc.a(crtresxgpr.o)
 .debug_info    0x000000000001a68e     0x4907 /usr/local/xenon/lib/gcc/xenon/6.3.0/32/libgcc.a(unwind-dw2-fde-dip.o)
 .debug_info    0x000000000001ef95      0x993 /usr/local/xenon/xenon/lib/32/libc.a(lib_a-assert.o)
 .debug_info    0x000000000001f928      0x948 /usr/local/xenon/xenon/lib/32/libc.a(lib_a-exit.o)
 .debug_info    0x0000000000020270      0xc13 /usr/local/xenon/xenon/lib/32/libc.a(lib_a-fclose.o)
 .debug_info    0x0000000000020e83      0xc9c /usr/local/xenon/xenon/lib/32/libc.a(lib_a-fflush.o)
 .debug_info    0x0000000000021b1f      0xfa4 /usr/local/xenon/xenon/lib/32/libc.a(lib_a-findfp.o)
 .debug_info    0x0000000000022ac3      0xa0d /usr/local/xenon/xenon/lib/32/libc.a(lib_a-fiprintf.o)
 .debug_info    0x00000000000234d0      0xcb4 /usr/local/xenon/xenon/lib/32/libc.a(lib_a-freer.o)
 .debug_info    0x0000000000024184      0xb56 /usr/local/xenon/xenon/lib/32/libc.a(lib_a-fstatr.o)
 .debug_info    0x0000000000024cda      0xbdd /usr/local/xenon/xenon/lib/32/libc.a(lib_a-fwalk.o)
 .debug_info    0x00000000000258b7      0x8b0 /usr/local/xenon/xenon/lib/32/libc.a(lib_a-impure.o)
 .debug_info    0x0000000000026167     0x101b /usr/local/xenon/xenon/lib/32/libc.a(lib_a-locale.o)
 .debug_info    0x0000000000027182      0xe54 /usr/local/xenon/xenon/lib/32/libc.a(lib_a-makebuf.o)
 .debug_info    0x0000000000027fd6      0x92d /usr/local/xenon/xenon/lib/32/libc.a(lib_a-malloc.o)
 .debug_info    0x0000000000028903      0xdfb /usr/local/xenon/xenon/lib/32/libc.a(lib_a-mallocr.o)
 .debug_info    0x00000000000296fe      0xf3e /usr/local/xenon/xenon/lib/32/libc.a(lib_a-mbtowc_r.o)
 .debug_info    0x000000000002a63c      0x924 /usr/local/xenon/xenon/lib/32/libc.a(lib_a-memcmp.o)
 .debug_info    0x000000000002af60      0x93f /usr/local/xenon/xenon/lib/32/libc.a(lib_a-memcpy.o)
 .debug_info    0x000000000002b89f      0xe29 /usr/local/xenon/xenon/lib/32/libc.a(lib_a-memset.o)
 .debug_info    0x000000000002c6c8      0xbd9 /usr/local/xenon/xenon/lib/32/libc.a(lib_a-printf.o)
 .debug_info    0x000000000002d2a1      0xb12 /usr/local/xenon/xenon/lib/32/libc.a(lib_a-putchar.o)
 .debug_info    0x000000000002ddb3      0xc24 /usr/local/xenon/xenon/lib/32/libc.a(lib_a-puts.o)
 .debug_info    0x000000000002e9d7      0xa23 /usr/local/xenon/xenon/lib/32/libc.a(lib_a-reent.o)
 .debug_info    0x000000000002f3fa      0x965 /usr/local/xenon/xenon/lib/32/libc.a(lib_a-sbrkr.o)
 .debug_info    0x000000000002fd5f      0xc1c /usr/local/xenon/xenon/lib/32/libc.a(lib_a-sprintf.o)
 .debug_info    0x000000000003097b      0xd61 /usr/local/xenon/xenon/lib/32/libc.a(lib_a-stdio.o)
 .debug_info    0x00000000000316dc      0x915 /usr/local/xenon/xenon/lib/32/libc.a(lib_a-strcat.o)
 .debug_info    0x0000000000031ff1      0x8e9 /usr/local/xenon/xenon/lib/32/libc.a(lib_a-strcmp.o)
 .debug_info    0x00000000000328da      0x914 /usr/local/xenon/xenon/lib/32/libc.a(lib_a-strcpy.o)
 .debug_info    0x00000000000331ee      0x8e9 /usr/local/xenon/xenon/lib/32/libc.a(lib_a-strlen.o)
 .debug_info    0x0000000000033ad7     0x1c4a /usr/local/xenon/xenon/lib/32/libc.a(lib_a-svfprintf.o)
 .debug_info    0x0000000000035721     0x1bfd /usr/local/xenon/xenon/lib/32/libc.a(lib_a-vfiprintf.o)
 .debug_info    0x000000000003731e     0x1dff /usr/local/xenon/xenon/lib/32/libc.a(lib_a-vfprintf.o)
 .debug_info    0x000000000003911d      0xbda /usr/local/xenon/xenon/lib/32/libc.a(lib_a-vsprintf.o)
 .debug_info    0x0000000000039cf7      0xf07 /usr/local/xenon/xenon/lib/32/libc.a(lib_a-wctomb_r.o)
 .debug_info    0x000000000003abfe      0x98d /usr/local/xenon/xenon/lib/32/libc.a(lib_a-writer.o)
 .debug_info    0x000000000003b58b      0xb51 /usr/local/xenon/xenon/lib/32/libc.a(lib_a-wsetup.o)
 .debug_info    0x000000000003c0dc      0x980 /usr/local/xenon/xenon/lib/32/libc.a(lib_a-__call_atexit.o)
 .debug_info    0x000000000003ca5c      0x944 /usr/local/xenon/xenon/lib/32/libc.a(lib_a-closer.o)
 .debug_info    0x000000000003d3a0      0xdbd /usr/local/xenon/xenon/lib/32/libc.a(lib_a-ctype_.o)
 .debug_info    0x000000000003e15d     0x1801 /usr/local/xenon/xenon/lib/32/libc.a(lib_a-dtoa.o)
 .debug_info    0x000000000003f95e      0xd2e /usr/local/xenon/xenon/lib/32/libc.a(lib_a-fputwc.o)
 .debug_info    0x000000000004068c      0xde5 /usr/local/xenon/xenon/lib/32/libc.a(lib_a-fvwrite.o)
 .debug_info    0x0000000000041471      0x944 /usr/local/xenon/xenon/lib/32/libc.a(lib_a-isattyr.o)
 .debug_info    0x0000000000041db5      0xe83 /usr/local/xenon/xenon/lib/32/libc.a(lib_a-localeconv.o)
 .debug_info    0x0000000000042c38      0x970 /usr/local/xenon/xenon/lib/32/libc.a(lib_a-lseekr.o)
 .debug_info    0x00000000000435a8      0x940 /usr/local/xenon/xenon/lib/32/libc.a(lib_a-memchr.o)
 .debug_info    0x0000000000043ee8      0xe38 /usr/local/xenon/xenon/lib/32/libc.a(lib_a-memmove.o)
 .debug_info    0x0000000000044d20     0x1c53 /usr/local/xenon/xenon/lib/32/libc.a(lib_a-mprec.o)
 .debug_info    0x0000000000046973      0xc39 /usr/local/xenon/xenon/lib/32/libc.a(lib_a-putc.o)
 .debug_info    0x00000000000475ac      0x986 /usr/local/xenon/xenon/lib/32/libc.a(lib_a-readr.o)
 .debug_info    0x0000000000047f32      0xdda /usr/local/xenon/xenon/lib/32/libc.a(lib_a-reallocr.o)
 .debug_info    0x0000000000048d0c     0x176d /usr/local/xenon/xenon/lib/32/libc.a(lib_a-svfiprintf.o)
 .debug_info    0x000000000004a479      0xbd9 /usr/local/xenon/xenon/lib/32/libc.a(lib_a-wbuf.o)
 .debug_info    0x000000000004b052      0xfd3 /usr/local/xenon/xenon/lib/32/libc.a(lib_a-wcrtomb.o)
 .debug_info    0x000000000004c025      0xb64 /usr/local/xenon/xenon/lib/32/libc.a(lib_a-callocr.o)
 .debug_info    0x000000000004cb89      0x88b /usr/local/xenon/lib/gcc/xenon/6.3.0/32/libgcc.a(_udivdi3.o)
 .debug_info    0x000000000004d414      0x891 /usr/local/xenon/lib/gcc/xenon/6.3.0/32/libgcc.a(_umoddi3.o)

.debug_abbrev   0x0000000000000000     0xcca5
 .debug_abbrev  0x0000000000000000      0x158 /usr/local/xenon/lib/gcc/xenon/6.3.0/../../../../xenon/lib/../lib/crt1.o
 .debug_abbrev  0x0000000000000158      0x2e1 main.o
 .debug_abbrev  0x0000000000000439       0x78 /usr/local/xenon/usr/lib/libxenon.a(argv.o)
 .debug_abbrev  0x00000000000004b1      0x388 /usr/local/xenon/usr/lib/libxenon.a(console.o)
 .debug_abbrev  0x0000000000000839      0x5d3 /usr/local/xenon/usr/lib/libxenon.a(newlib.o)
 .debug_abbrev  0x0000000000000e0c      0x37e /usr/local/xenon/usr/lib/libxenon.a(xenon_syscalls.o)
 .debug_abbrev  0x000000000000118a      0x2c9 /usr/local/xenon/usr/lib/libxenon.a(c_except.o)
 .debug_abbrev  0x0000000000001453      0x2c9 /usr/local/xenon/usr/lib/libxenon.a(vm.o)
 .debug_abbrev  0x000000000000171c       0xfb /usr/local/xenon/usr/lib/libxenon.a(time.o)
 .debug_abbrev  0x0000000000001817      0x377 /usr/local/xenon/usr/lib/libxenon.a(usbmain.o)
 .debug_abbrev  0x0000000000001b8e      0x29b /usr/local/xenon/usr/lib/libxenon.a(debug.o)
 .debug_abbrev  0x0000000000001e29      0x3ed /usr/local/xenon/usr/lib/libxenon.a(xenon_smc.o)
 .debug_abbrev  0x0000000000002216      0x47a /usr/local/xenon/usr/lib/libxenon.a(xenon_power.o)
 .debug_abbrev  0x0000000000002690       0xce /usr/local/xenon/usr/lib/libxenon.a(xenon_uart.o)
 .debug_abbrev  0x000000000000275e      0x310 /usr/local/xenon/usr/lib/libxenon.a(xenon_config.o)
 .debug_abbrev  0x0000000000002a6e      0x544 /usr/local/xenon/usr/lib/libxenon.a(xenos.o)
 .debug_abbrev  0x0000000000002fb2      0x3e4 /usr/local/xenon/usr/lib/libxenon.a(xenos_edid.o)
 .debug_abbrev  0x0000000000003396      0x462 /usr/local/xenon/usr/lib/libxenon.a(enet.o)
 .debug_abbrev  0x00000000000037f8      0x422 /usr/local/xenon/usr/lib/libxenon.a(xb360.o)
 .debug_abbrev  0x0000000000003c1a      0x11a /usr/local/xenon/usr/lib/libxenon.a(xenon_gpio.o)
 .debug_abbrev  0x0000000000003d34      0x48f /usr/local/xenon/usr/lib/libxenon.a(xenon_sfcx.o)
 .debug_abbrev  0x00000000000041c3       0x14 /usr/local/xenon/lib/gcc/xenon/6.3.0/32/libgcc.a(crtsavgpr.o)
 .debug_abbrev  0x00000000000041d7       0x14 /usr/local/xenon/lib/gcc/xenon/6.3.0/32/libgcc.a(crtresxgpr.o)
 .debug_abbrev  0x00000000000041eb      0x550 /usr/local/xenon/lib/gcc/xenon/6.3.0/32/libgcc.a(unwind-dw2-fde-dip.o)
 .debug_abbrev  0x000000000000473b      0x20c /usr/local/xenon/xenon/lib/32/libc.a(lib_a-assert.o)
 .debug_abbrev  0x0000000000004947      0x1f0 /usr/local/xenon/xenon/lib/32/libc.a(lib_a-exit.o)
 .debug_abbrev  0x0000000000004b37      0x2ce /usr/local/xenon/xenon/lib/32/libc.a(lib_a-fclose.o)
 .debug_abbrev  0x0000000000004e05      0x2c6 /usr/local/xenon/xenon/lib/32/libc.a(lib_a-fflush.o)
 .debug_abbrev  0x00000000000050cb      0x39f /usr/local/xenon/xenon/lib/32/libc.a(lib_a-findfp.o)
 .debug_abbrev  0x000000000000546a      0x1ee /usr/local/xenon/xenon/lib/32/libc.a(lib_a-fiprintf.o)
 .debug_abbrev  0x0000000000005658      0x283 /usr/local/xenon/xenon/lib/32/libc.a(lib_a-freer.o)
 .debug_abbrev  0x00000000000058db      0x200 /usr/local/xenon/xenon/lib/32/libc.a(lib_a-fstatr.o)
 .debug_abbrev  0x0000000000005adb      0x216 /usr/local/xenon/xenon/lib/32/libc.a(lib_a-fwalk.o)
 .debug_abbrev  0x0000000000005cf1      0x192 /usr/local/xenon/xenon/lib/32/libc.a(lib_a-impure.o)
 .debug_abbrev  0x0000000000005e83      0x2a8 /usr/local/xenon/xenon/lib/32/libc.a(lib_a-locale.o)
 .debug_abbrev  0x000000000000612b      0x2e2 /usr/local/xenon/xenon/lib/32/libc.a(lib_a-makebuf.o)
 .debug_abbrev  0x000000000000640d      0x1ff /usr/local/xenon/xenon/lib/32/libc.a(lib_a-malloc.o)
 .debug_abbrev  0x000000000000660c      0x2cd /usr/local/xenon/xenon/lib/32/libc.a(lib_a-mallocr.o)
 .debug_abbrev  0x00000000000068d9      0x268 /usr/local/xenon/xenon/lib/32/libc.a(lib_a-mbtowc_r.o)
 .debug_abbrev  0x0000000000006b41      0x1bd /usr/local/xenon/xenon/lib/32/libc.a(lib_a-memcmp.o)
 .debug_abbrev  0x0000000000006cfe      0x1e2 /usr/local/xenon/xenon/lib/32/libc.a(lib_a-memcpy.o)
 .debug_abbrev  0x0000000000006ee0      0x1de /usr/local/xenon/xenon/lib/32/libc.a(lib_a-memset.o)
 .debug_abbrev  0x00000000000070be      0x252 /usr/local/xenon/xenon/lib/32/libc.a(lib_a-printf.o)
 .debug_abbrev  0x0000000000007310      0x231 /usr/local/xenon/xenon/lib/32/libc.a(lib_a-putchar.o)
 .debug_abbrev  0x0000000000007541      0x282 /usr/local/xenon/xenon/lib/32/libc.a(lib_a-puts.o)
 .debug_abbrev  0x00000000000077c3      0x276 /usr/local/xenon/xenon/lib/32/libc.a(lib_a-reent.o)
 .debug_abbrev  0x0000000000007a39      0x215 /usr/local/xenon/xenon/lib/32/libc.a(lib_a-sbrkr.o)
 .debug_abbrev  0x0000000000007c4e      0x243 /usr/local/xenon/xenon/lib/32/libc.a(lib_a-sprintf.o)
 .debug_abbrev  0x0000000000007e91      0x276 /usr/local/xenon/xenon/lib/32/libc.a(lib_a-stdio.o)
 .debug_abbrev  0x0000000000008107      0x1f5 /usr/local/xenon/xenon/lib/32/libc.a(lib_a-strcat.o)
 .debug_abbrev  0x00000000000082fc      0x1b8 /usr/local/xenon/xenon/lib/32/libc.a(lib_a-strcmp.o)
 .debug_abbrev  0x00000000000084b4      0x1d6 /usr/local/xenon/xenon/lib/32/libc.a(lib_a-strcpy.o)
 .debug_abbrev  0x000000000000868a      0x1b8 /usr/local/xenon/xenon/lib/32/libc.a(lib_a-strlen.o)
 .debug_abbrev  0x0000000000008842      0x388 /usr/local/xenon/xenon/lib/32/libc.a(lib_a-svfprintf.o)
 .debug_abbrev  0x0000000000008bca      0x3e5 /usr/local/xenon/xenon/lib/32/libc.a(lib_a-vfiprintf.o)
 .debug_abbrev  0x0000000000008faf      0x3d5 /usr/local/xenon/xenon/lib/32/libc.a(lib_a-vfprintf.o)