Archive member included to satisfy reference by file (symbol)

/usr/local/xenon/usr/lib/libxenon.a(argv.o)
                              /usr/local/xenon/lib/gcc/xenon/6.3.0/../../../../xenon/lib/../lib/crt1.o (__check_argv)
/usr/local/xenon/usr/lib/libxenon.a(startup_from_xell.o)
                              (_start)
/usr/local/xenon/usr/lib/libxenon.a(console.o)
                              main.o (console_putch)
/usr/local/xenon/usr/lib/libxenon.a(input.o)
                              main.o (get_controller_data)
/usr/local/xenon/usr/lib/libxenon.a(newlib.o)
                              /usr/local/xenon/usr/lib/libxenon.a(console.o) (stdout_hook)
/usr/local/xenon/usr/lib/libxenon.a(xenon_syscalls.o)
                              /usr/local/xenon/usr/lib/libxenon.a(newlib.o) (__syscalls)
/usr/local/xenon/usr/lib/libxenon.a(lib_malloc.o)
                              main.o (kmem_init)
/usr/local/xenon/usr/lib/libxenon.a(atomic.o)
                              /usr/local/xenon/usr/lib/libxenon.a(startup_from_xell.o) (atomic_clearset)
/usr/local/xenon/usr/lib/libxenon.a(cache.o)
                              /usr/local/xenon/usr/lib/libxenon.a(console.o) (memdcbst)
/usr/local/xenon/usr/lib/libxenon.a(except.o)
                              /usr/local/xenon/usr/lib/libxenon.a(startup_from_xell.o) (secondary_lock)
/usr/local/xenon/usr/lib/libxenon.a(c_except.o)
                              /usr/local/xenon/usr/lib/libxenon.a(except.o) (crashdump)
/usr/local/xenon/usr/lib/libxenon.a(vm.o)
                              /usr/local/xenon/usr/lib/libxenon.a(except.o) (vm_segfault_handler)
/usr/local/xenon/usr/lib/libxenon.a(time.o)
                              /usr/local/xenon/usr/lib/libxenon.a(c_except.o) (delay)
/usr/local/xenon/usr/lib/libxenon.a(usbctrl.o)
                              /usr/local/xenon/usr/lib/libxenon.a(input.o) (usbctrl_set_rumble)
/usr/local/xenon/usr/lib/libxenon.a(usbd.o)
                              /usr/local/xenon/usr/lib/libxenon.a(usbctrl.o) (usb_open_pipe)
/usr/local/xenon/usr/lib/libxenon.a(usbdevs.o)
                              /usr/local/xenon/usr/lib/libxenon.a(usbd.o) (usb_find_driver)
/usr/local/xenon/usr/lib/libxenon.a(usbhid.o)
                              /usr/local/xenon/usr/lib/libxenon.a(usbdevs.o) (usbhid_driver)
/usr/local/xenon/usr/lib/libxenon.a(usbhub.o)
                              /usr/local/xenon/usr/lib/libxenon.a(usbd.o) (usb_scan)
/usr/local/xenon/usr/lib/libxenon.a(usbmain.o)
                              /usr/local/xenon/usr/lib/libxenon.a(xenon_syscalls.o) (usb_shutdown)
/usr/local/xenon/usr/lib/libxenon.a(tinyehci.o)
                              /usr/local/xenon/usr/lib/libxenon.a(usbmain.o) (USBStorage_Init)
/usr/local/xenon/usr/lib/libxenon.a(debug.o)
                              /usr/local/xenon/usr/lib/libxenon.a(xenon_syscalls.o) (data_breakpoint)
/usr/local/xenon/usr/lib/libxenon.a(xenon_smc.o)
                              main.o (xenon_smc_send_message)
/usr/local/xenon/usr/lib/libxenon.a(xenon_power.o)
                              /usr/local/xenon/usr/lib/libxenon.a(xenon_syscalls.o) (xenon_is_thread_task_running)
/usr/local/xenon/usr/lib/libxenon.a(xenon_uart.o)
                              /usr/local/xenon/usr/lib/libxenon.a(newlib.o) (putch)
/usr/local/xenon/usr/lib/libxenon.a(xenon_config.o)
                              /usr/local/xenon/usr/lib/libxenon.a(xenon_power.o) (xenon_config_init)
/usr/local/xenon/usr/lib/libxenon.a(xenos.o)
                              main.o (xenos_init)
/usr/local/xenon/usr/lib/libxenon.a(xenos_edid.o)
                              /usr/local/xenon/usr/lib/libxenon.a(xenos.o) (xenos_get_edid)
/usr/local/xenon/usr/lib/libxenon.a(enet.o)
                              /usr/local/xenon/usr/lib/libxenon.a(xenon_syscalls.o) (enet_quiesce)
/usr/local/xenon/usr/lib/libxenon.a(xb360.o)
                              /usr/local/xenon/usr/lib/libxenon.a(xenos.o) (xenon_get_XenosID)
/usr/local/xenon/usr/lib/libxenon.a(dummy.o)
                              /usr/local/xenon/usr/lib/libxenon.a(usbdevs.o) (dummy_driver)
/usr/local/xenon/usr/lib/libxenon.a(ohci.o)
                              /usr/local/xenon/usr/lib/libxenon.a(usbmain.o) (ohci_driver)
/usr/local/xenon/usr/lib/libxenon.a(usbdebug.o)
                              /usr/local/xenon/usr/lib/libxenon.a(usbhub.o) (usb_dbg_dumpportstatus)
/usr/local/xenon/usr/lib/libxenon.a(usb_os.o)
                              /usr/local/xenon/usr/lib/libxenon.a(tinyehci.o) (ehci_maligned)
/usr/local/xenon/usr/lib/libxenon.a(xenon_gpio.o)
                              /usr/local/xenon/usr/lib/libxenon.a(enet.o) (xenon_gpio_control)
/usr/local/xenon/usr/lib/libxenon.a(cpusleep.o)
                              /usr/local/xenon/usr/lib/libxenon.a(xenon_power.o) (cpusleep)
/usr/local/xenon/usr/lib/libxenon.a(xenon_secotp.o)
                              /usr/local/xenon/usr/lib/libxenon.a(xb360.o) (xenon_secotp_read_line)
[...]
Memory Configuration

Name             Origin             Length             Attributes
*default*        0x0000000000000000 0xffffffffffffffff

Linker script and memory map

LOAD /usr/local/xenon/lib/gcc/xenon/6.3.0/../../../../xenon/lib/../lib/crt1.o
LOAD /usr/local/xenon/lib/gcc/xenon/6.3.0/../../../../xenon/lib/../lib/crti.o
LOAD /usr/local/xenon/lib/gcc/xenon/6.3.0/32/crtbegin.o
LOAD main.o
LOAD /usr/local/xenon/usr/lib/libxenon.a
LOAD /usr/local/xenon/xenon/lib/32/libm.a
LOAD /usr/local/xenon/lib/gcc/xenon/6.3.0/32/libgcc.a
LOAD /usr/local/xenon/xenon/lib/32/libc.a
LOAD /usr/local/xenon/lib/gcc/xenon/6.3.0/32/libgcc.a
LOAD /usr/local/xenon/lib/gcc/xenon/6.3.0/32/crtend.o
LOAD /usr/local/xenon/lib/gcc/xenon/6.3.0/../../../../xenon/lib/../lib/crtn.o
                0x0000000080000000                . = 0x80000000

.text           0x0000000080000000    0x1d2fc
 *(.except*)
 .except        0x0000000080000000     0x1e30 /usr/local/xenon/usr/lib/libxenon.a(except.o)
                0x0000000080000000                secondary_lock
                0x0000000080000000                exc_base
                0x0000000080000004                secondary_alive
 *(.pagetable)
 .pagetable     0x0000000080001e30       0x40 /usr/local/xenon/usr/lib/libxenon.a(vm.o)
                0x0000000080001e30                pagetable
                0x0000000080001e70                pagetable_end = .
 *(.init*)
 .init          0x0000000080001e70        0xc /usr/local/xenon/lib/gcc/xenon/6.3.0/../../../../xenon/lib/../lib/crti.o
                0x0000000080001e70                _init
 *(.fini*)
 .fini          0x0000000080001e7c        0xc /usr/local/xenon/lib/gcc/xenon/6.3.0/../../../../xenon/lib/../lib/crti.o
                0x0000000080001e7c                _fini
 *(.text*)
 .text.call_ctors
                0x0000000080001e88       0x48 /usr/local/xenon/lib/gcc/xenon/6.3.0/../../../../xenon/lib/../lib/crt1.o
                0x0000000080001e88                call_ctors
 .text.c_register_frame
                0x0000000080001ed0        0xc /usr/local/xenon/lib/gcc/xenon/6.3.0/../../../../xenon/lib/../lib/crt1.o
                0x0000000080001ed0                c_register_frame
 .text.__crtmain
                0x0000000080001edc       0x2c /usr/local/xenon/lib/gcc/xenon/6.3.0/../../../../xenon/lib/../lib/crt1.o
                0x0000000080001edc                __crtmain
 .text.getTemp  0x0000000080001f08      0x274 main.o
                0x0000000080001f08                getTemp
 *fill*         0x000000008000217c        0x4 
 .text.startup.main
                0x0000000080002180      0x170 main.o
                0x0000000080002180                main
 .text.__check_argv
                0x00000000800022f0       0x28 /usr/local/xenon/usr/lib/libxenon.a(argv.o)
                0x00000000800022f0                __check_argv
 *fill*         0x0000000080002318       0xe8 
 .text          0x0000000080002400      0x2f4 /usr/local/xenon/usr/lib/libxenon.a(startup_from_xell.o)
                0x0000000080002400                _start
                0x00000000800025f8                wait
                0x0000000080002680                return_to_xell
 .text.console_clrscr
                0x00000000800026f4       0x7c /usr/local/xenon/usr/lib/libxenon.a(console.o)
                0x00000000800026f4                console_clrscr
 .text.console_newline
                0x0000000080002770       0xd4 /usr/local/xenon/usr/lib/libxenon.a(console.o)
                0x0000000080002770                console_newline
 .text.console_putch
                0x0000000080002844      0x184 /usr/local/xenon/usr/lib/libxenon.a(console.o)
                0x0000000080002844                console_putch
 .text.console_stdout_hook
                0x00000000800029c8       0x3c /usr/local/xenon/usr/lib/libxenon.a(console.o)
 .text.console_init
                0x0000000080002a04      0x148 /usr/local/xenon/usr/lib/libxenon.a(console.o)
                0x0000000080002a04                console_init
 .text.console_set_colors
                0x0000000080002b4c       0x14 /usr/local/xenon/usr/lib/libxenon.a(console.o)
                0x0000000080002b4c                console_set_colors
 .text.get_controller_data
                0x0000000080002b60       0x5c /usr/local/xenon/usr/lib/libxenon.a(input.o)
                0x0000000080002b60                get_controller_data
 .text.set_controller_data
                0x0000000080002bbc       0x50 /usr/local/xenon/usr/lib/libxenon.a(input.o)
                0x0000000080002bbc                set_controller_data
 .text.vfs_console_write
                0x0000000080002c0c       0x88 /usr/local/xenon/usr/lib/libxenon.a(newlib.o)
                0x0000000080002c0c                vfs_console_write
 .text.__malloc_lock
                0x0000000080002c94       0x18 /usr/local/xenon/usr/lib/libxenon.a(newlib.o)
                0x0000000080002c94                __malloc_lock
 .text.__malloc_unlock
                0x0000000080002cac       0x18 /usr/local/xenon/usr/lib/libxenon.a(newlib.o)
                0x0000000080002cac                __malloc_unlock
 .text._exit    0x0000000080002cc4       0x2c /usr/local/xenon/usr/lib/libxenon.a(newlib.o)
                0x0000000080002cc4                _exit
 .text.sbrk     0x0000000080002cf0       0x34 /usr/local/xenon/usr/lib/libxenon.a(newlib.o)
                0x0000000080002cf0                sbrk
 .text.abort    0x0000000080002d24       0x2c /usr/local/xenon/usr/lib/libxenon.a(newlib.o)
                0x0000000080002d24                abort
 .text.isatty   0x0000000080002d50        0x8 /usr/local/xenon/usr/lib/libxenon.a(newlib.o)
                0x0000000080002d50                isatty
 .text.__release_handle
                0x0000000080002d58       0x4c /usr/local/xenon/usr/lib/libxenon.a(newlib.o)
                0x0000000080002d58                __release_handle
 .text.__get_handle
                0x0000000080002da4       0x28 /usr/local/xenon/usr/lib/libxenon.a(newlib.o)
                0x0000000080002da4                __get_handle
 .text.read     0x0000000080002dcc       0xa4 /usr/local/xenon/usr/lib/libxenon.a(newlib.o)
                0x0000000080002dcc                read
 .text.write    0x0000000080002e70       0xb0 /usr/local/xenon/usr/lib/libxenon.a(newlib.o)
                0x0000000080002e70                write
 .text.fstat    0x0000000080002f20       0xa0 /usr/local/xenon/usr/lib/libxenon.a(newlib.o)
                0x0000000080002f20                fstat
 .text.lseek    0x0000000080002fc0       0xa4 /usr/local/xenon/usr/lib/libxenon.a(newlib.o)
                0x0000000080002fc0                lseek
 .text.close    0x0000000080003064       0x88 /usr/local/xenon/usr/lib/libxenon.a(newlib.o)
                0x0000000080003064                close
 .text.xenon_sbrk
                0x00000000800030ec       0x2c /usr/local/xenon/usr/lib/libxenon.a(xenon_syscalls.o)
 .text.xenon_gettimeofday
                0x0000000080003118       0xa4 /usr/local/xenon/usr/lib/libxenon.a(xenon_syscalls.o)
 .text.xenon_malloc_unlock
                0x00000000800031bc       0xc4 /usr/local/xenon/usr/lib/libxenon.a(xenon_syscalls.o)
 .text.xenon_malloc_lock
                0x0000000080003280       0xf0 /usr/local/xenon/usr/lib/libxenon.a(xenon_syscalls.o)
 .text.shutdown_drivers
                0x0000000080003370       0x30 /usr/local/xenon/usr/lib/libxenon.a(xenon_syscalls.o)
                0x0000000080003370                shutdown_drivers
 .text.try_return_to_xell
                0x00000000800033a0       0x64 /usr/local/xenon/usr/lib/libxenon.a(xenon_syscalls.o)
                0x00000000800033a0                try_return_to_xell
 .text.xenon_exit
                0x0000000080003404      0x154 /usr/local/xenon/usr/lib/libxenon.a(xenon_syscalls.o)
 .text.kfree    0x0000000080003558       0xb4 /usr/local/xenon/usr/lib/libxenon.a(lib_malloc.o)
                0x0000000080003558                kfree
 .text.lib_outofmemory
                0x000000008000360c        0xc /usr/local/xenon/usr/lib/libxenon.a(lib_malloc.o)
                0x000000008000360c                lib_outofmemory
 .text.kmalloc  0x0000000080003618      0x130 /usr/local/xenon/usr/lib/libxenon.a(lib_malloc.o)
                0x0000000080003618                kmalloc
 .text.kmem_init
                0x0000000080003748       0x70 /usr/local/xenon/usr/lib/libxenon.a(lib_malloc.o)
                0x0000000080003748                kmem_init
 .text          0x00000000800037b8       0x94 /usr/local/xenon/usr/lib/libxenon.a(atomic.o)
                0x00000000800037b8                atomic_inc
                0x00000000800037cc                atomic_dec
                0x00000000800037e0                atomic_clearset
                0x00000000800037f8                lock
                0x0000000080003834                unlock
 .text          0x000000008000384c       0xa8 /usr/local/xenon/usr/lib/libxenon.a(cache.o)
                0x000000008000384c                memdcbt
                0x0000000080003874                memdcbst
                0x000000008000389c                memdcbf
                0x00000000800038c4                memicbi
 .text.flush_console
                0x00000000800038f4       0x48 /usr/local/xenon/usr/lib/libxenon.a(c_except.o)
 .text.crashdump
                0x000000008000393c      0x2b4 /usr/local/xenon/usr/lib/libxenon.a(c_except.o)
                0x000000008000393c                crashdump
 .text.tdelay   0x0000000080003bf0       0x50 /usr/local/xenon/usr/lib/libxenon.a(time.o)
 .text.udelay   0x0000000080003c40       0x24 /usr/local/xenon/usr/lib/libxenon.a(time.o)
                0x0000000080003c40                udelay
 .text.mdelay   0x0000000080003c64       0x18 /usr/local/xenon/usr/lib/libxenon.a(time.o)
                0x0000000080003c64                mdelay
 .text.delay    0x0000000080003c7c       0x18 /usr/local/xenon/usr/lib/libxenon.a(time.o)
                0x0000000080003c7c                delay
 .text.usbctrl_queue_intreq
                0x0000000080003c94       0x4c /usr/local/xenon/usr/lib/libxenon.a(usbctrl.o)
 .text.usbctrl_set_led_callback
                0x0000000080003ce0       0x38 /usr/local/xenon/usr/lib/libxenon.a(usbctrl.o)
 .text.usbctrl_set_rol
                0x0000000080003d18       0x2c /usr/local/xenon/usr/lib/libxenon.a(usbctrl.o)
                0x0000000080003d18                usbctrl_set_rol
 .text.usbctrl_detach
                0x0000000080003d44       0x88 /usr/local/xenon/usr/lib/libxenon.a(usbctrl.o)
 .text.usbctrl_set_leds
                0x0000000080003dcc      0x120 /usr/local/xenon/usr/lib/libxenon.a(usbctrl.o)
                0x0000000080003dcc                usbctrl_set_leds
 .text.usbctrl_ireq_callback
                0x0000000080003eec      0x260 /usr/local/xenon/usr/lib/libxenon.a(usbctrl.o)
 .text.usbctrl_poll
                0x000000008000414c       0xc0 /usr/local/xenon/usr/lib/libxenon.a(usbctrl.o)
                0x000000008000414c                usbctrl_poll
 .text.usbctrl_attach
                0x000000008000420c      0x2f8 /usr/local/xenon/usr/lib/libxenon.a(usbctrl.o)
 .text.usb_create_pipe
                0x0000000080004504       0xcc /usr/local/xenon/usr/lib/libxenon.a(usbd.o)
                0x0000000080004504                usb_create_pipe
 .text.usb_open_pipe
                0x00000000800045d0       0x78 /usr/local/xenon/usr/lib/libxenon.a(usbd.o)
                0x00000000800045d0                usb_open_pipe
 .text.usb_destroy_all_pipes
                0x0000000080004648       0x74 /usr/local/xenon/usr/lib/libxenon.a(usbd.o)
                0x0000000080004648                usb_destroy_all_pipes
 .text.usb_destroy_device
                0x00000000800046bc       0x50 /usr/local/xenon/usr/lib/libxenon.a(usbd.o)
                0x00000000800046bc                usb_destroy_device
 .text.usb_create_device
                0x000000008000470c       0x80 /usr/local/xenon/usr/lib/libxenon.a(usbd.o)
                0x000000008000470c                usb_create_device
 .text.usb_make_request
                0x000000008000478c       0x8c /usr/local/xenon/usr/lib/libxenon.a(usbd.o)
                0x000000008000478c                usb_make_request
 .text.usb_poll
                0x0000000080004818       0x10 /usr/local/xenon/usr/lib/libxenon.a(usbd.o)
                0x0000000080004818                usb_poll
 .text.usb_daemon
                0x0000000080004828       0x18 /usr/local/xenon/usr/lib/libxenon.a(usbd.o)
                0x0000000080004828                usb_daemon
 .text.usb_free_request
                0x0000000080004840       0x28 /usr/local/xenon/usr/lib/libxenon.a(usbd.o)
                0x0000000080004840                usb_free_request
 .text.usb_delay_ms
                0x0000000080004868        0x8 /usr/local/xenon/usr/lib/libxenon.a(usbd.o)
                0x0000000080004868                usb_delay_ms
 .text.usb_queue_request
                0x0000000080004870       0x34 /usr/local/xenon/usr/lib/libxenon.a(usbd.o)
                0x0000000080004870                usb_queue_request
 .text.usb_wait_request
                0x00000000800048a4       0x3c /usr/local/xenon/usr/lib/libxenon.a(usbd.o)
                0x00000000800048a4                usb_wait_request
 .text.usb_sync_request
                0x00000000800048e0       0x30 /usr/local/xenon/usr/lib/libxenon.a(usbd.o)
                0x00000000800048e0                usb_sync_request
 .text.usb_new_address
                0x0000000080004910       0x2c /usr/local/xenon/usr/lib/libxenon.a(usbd.o)
                0x0000000080004910                usb_new_address
 .text.usb_set_ep0mps
                0x000000008000493c       0x58 /usr/local/xenon/usr/lib/libxenon.a(usbd.o)
                0x000000008000493c                usb_set_ep0mps
 .text.usb_clear_stall
                0x0000000080004994      0x100 /usr/local/xenon/usr/lib/libxenon.a(usbd.o)
                0x0000000080004994                usb_clear_stall
 .text.usb_std_request
                0x0000000080004a94      0x22c /usr/local/xenon/usr/lib/libxenon.a(usbd.o)
                0x0000000080004a94                usb_std_request
 .text.usb_simple_request
                0x0000000080004cc0       0x18 /usr/local/xenon/usr/lib/libxenon.a(usbd.o)
                0x0000000080004cc0                usb_simple_request
 .text.usb_set_configuration
                0x0000000080004cd8       0x14 /usr/local/xenon/usr/lib/libxenon.a(usbd.o)
                0x0000000080004cd8                usb_set_configuration
 .text.usb_set_address
                0x0000000080004cec       0x98 /usr/local/xenon/usr/lib/libxenon.a(usbd.o)
                0x0000000080004cec                usb_set_address
 .text.usb_get_descriptor
                0x0000000080004d84       0x20 /usr/local/xenon/usr/lib/libxenon.a(usbd.o)
                0x0000000080004d84                usb_get_descriptor
 .text.usb_get_string
                0x0000000080004da4       0xf8 /usr/local/xenon/usr/lib/libxenon.a(usbd.o)
                0x0000000080004da4                usb_get_string
 .text.usb_get_device_descriptor
                0x0000000080004e9c       0x94 /usr/local/xenon/usr/lib/libxenon.a(usbd.o)
                0x0000000080004e9c                usb_get_device_descriptor
 .text.usb_get_config_descriptor
                0x0000000080004f30       0x8c /usr/local/xenon/usr/lib/libxenon.a(usbd.o)
                0x0000000080004f30                usb_get_config_descriptor
 .text.usb_get_device_status
                0x0000000080004fbc       0x1c /usr/local/xenon/usr/lib/libxenon.a(usbd.o)
                0x0000000080004fbc                usb_get_device_status
 .text.usb_complete_request
                0x0000000080004fd8       0x20 /usr/local/xenon/usr/lib/libxenon.a(usbd.o)
                0x0000000080004fd8                usb_complete_request
 .text.usb_initroot
                0x0000000080004ff8      0x148 /usr/local/xenon/usr/lib/libxenon.a(usbd.o)
                0x0000000080004ff8                usb_initroot
 .text.usb_find_cfg_descr
                0x0000000080005140       0x4c /usr/local/xenon/usr/lib/libxenon.a(usbd.o)
                0x0000000080005140                usb_find_cfg_descr
 .text.usb_find_driver
                0x000000008000518c      0x148 /usr/local/xenon/usr/lib/libxenon.a(usbdevs.o)
                0x000000008000518c                usb_find_driver
 .text.usbhid_detach
                0x00000000800052d4        0x8 /usr/local/xenon/usr/lib/libxenon.a(usbhid.o)
 .text.usbhid_attach
                0x00000000800052dc      0x160 /usr/local/xenon/usr/lib/libxenon.a(usbhid.o)
 .text.usbhid_ireq_callback
                0x000000008000543c      0x170 /usr/local/xenon/usr/lib/libxenon.a(usbhid.o)
 .text.usbhub_markdetached1
                0x00000000800055ac       0x14 /usr/local/xenon/usr/lib/libxenon.a(usbhub.o)
 .text.usbhub_get_port_status
                0x00000000800055c0       0x1c /usr/local/xenon/usr/lib/libxenon.a(usbhub.o)
 .text.usbhub_ireq_callback
                0x00000000800055dc       0x88 /usr/local/xenon/usr/lib/libxenon.a(usbhub.o)
 .text.usbhub_map_tree1
                0x0000000080005664       0x78 /usr/local/xenon/usr/lib/libxenon.a(usbhub.o)
 .text.usbhub_detach
                0x00000000800056dc      0x144 /usr/local/xenon/usr/lib/libxenon.a(usbhub.o)
 .text.usbhub_attach
                0x0000000080005820      0x194 /usr/local/xenon/usr/lib/libxenon.a(usbhub.o)
 .text.usbhub_map_tree
                0x00000000800059b4       0x14 /usr/local/xenon/usr/lib/libxenon.a(usbhub.o)
                0x00000000800059b4                usbhub_map_tree
 .text.usbhub_map_from_device
                0x00000000800059c8       0x10 /usr/local/xenon/usr/lib/libxenon.a(usbhub.o)
                0x00000000800059c8                usbhub_map_from_device
 .text.usbhub_scan1
                0x00000000800059d8      0x530 /usr/local/xenon/usr/lib/libxenon.a(usbhub.o)
 .text.usb_scan
                0x0000000080005f08       0x10 /usr/local/xenon/usr/lib/libxenon.a(usbhub.o)
                0x0000000080005f08                usb_scan
 .text.usb_init_one_ohci
                0x0000000080005f18       0xcc /usr/local/xenon/usr/lib/libxenon.a(usbmain.o)
 .text.usb_shutdown
                0x0000000080005fe4       0x54 /usr/local/xenon/usr/lib/libxenon.a(usbmain.o)
                0x0000000080005fe4                usb_shutdown
 .text.usb_init
                0x0000000080006038       0xe0 /usr/local/xenon/usr/lib/libxenon.a(usbmain.o)
                0x0000000080006038                usb_init
 .text.usb_do_poll
                0x0000000080006118       0xac /usr/local/xenon/usr/lib/libxenon.a(usbmain.o)
                0x0000000080006118                usb_do_poll
 .text.qtd_fill
                0x00000000800061c4       0x9c /usr/local/xenon/usr/lib/libxenon.a(tinyehci.o)
 .text.ehci_qtd_alloc
                0x0000000080006260       0x78 /usr/local/xenon/usr/lib/libxenon.a(tinyehci.o)
 .text.handshake.isra.5
                0x00000000800062d8      0x148 /usr/local/xenon/usr/lib/libxenon.a(tinyehci.o)
 .text.ehci_mem_init
                0x0000000080006420       0xf0 /usr/local/xenon/usr/lib/libxenon.a(tinyehci.o)
                0x0000000080006420                ehci_mem_init
 .text.qh_urb_transaction
                0x0000000080006510      0x1b4 /usr/local/xenon/usr/lib/libxenon.a(tinyehci.o)
                0x0000000080006510                qh_urb_transaction
 .text.ehci_do_urb
                0x00000000800066c4      0x39c /usr/local/xenon/usr/lib/libxenon.a(tinyehci.o)
                0x00000000800066c4                ehci_do_urb
 .text.ehci_control_message
                0x0000000080006a60       0x6c /usr/local/xenon/usr/lib/libxenon.a(tinyehci.o)
                0x0000000080006a60                ehci_control_message
 .text.ehci_bulk_message
                0x0000000080006acc       0x48 /usr/local/xenon/usr/lib/libxenon.a(tinyehci.o)
                0x0000000080006acc                ehci_bulk_message
 .text.__send_cbw
                0x0000000080006b14      0x11c /usr/local/xenon/usr/lib/libxenon.a(tinyehci.o)
 .text.ehci_reset_port_old
                0x0000000080006c30      0x190 /usr/local/xenon/usr/lib/libxenon.a(tinyehci.o)
                0x0000000080006c30                ehci_reset_port_old
 .text.ehci_adquire_port
                0x0000000080006dc0       0x80 /usr/local/xenon/usr/lib/libxenon.a(tinyehci.o)
                0x0000000080006dc0                ehci_adquire_port
 .text.ehci_reset_usb_port
                0x0000000080006e40      0x148 /usr/local/xenon/usr/lib/libxenon.a(tinyehci.o)
                0x0000000080006e40                ehci_reset_usb_port
 .text.ehci_reset_port2
                0x0000000080006f88       0x5c /usr/local/xenon/usr/lib/libxenon.a(tinyehci.o)
                0x0000000080006f88                ehci_reset_port2
 .text.USB_FreeDescriptors
                0x0000000080006fe4       0xc4 /usr/local/xenon/usr/lib/libxenon.a(tinyehci.o)
                0x0000000080006fe4                USB_FreeDescriptors
 .text.USB_GetDescriptors
                0x00000000800070a8      0x348 /usr/local/xenon/usr/lib/libxenon.a(tinyehci.o)
                0x00000000800070a8                USB_GetDescriptors
 .text.USB_GetConfiguration
                0x00000000800073f0       0x80 /usr/local/xenon/usr/lib/libxenon.a(tinyehci.o)
                0x00000000800073f0                USB_GetConfiguration
 .text.USB_SetConfiguration
                0x0000000080007470       0x1c /usr/local/xenon/usr/lib/libxenon.a(tinyehci.o)
                0x0000000080007470                USB_SetConfiguration
 .text.USB_SetAlternativeInterface
                0x000000008000748c       0x28 /usr/local/xenon/usr/lib/libxenon.a(tinyehci.o)
                0x000000008000748c                USB_SetAlternativeInterface
 .text.USB_ClearHalt
                0x00000000800074b4       0x1c /usr/local/xenon/usr/lib/libxenon.a(tinyehci.o)
                0x00000000800074b4                USB_ClearHalt
 .text.ehci_init_port
                0x00000000800074d0      0x148 /usr/local/xenon/usr/lib/libxenon.a(tinyehci.o)
                0x00000000800074d0                ehci_init_port
 .text.ehci_reset_port
                0x0000000080007618       0x50 /usr/local/xenon/usr/lib/libxenon.a(tinyehci.o)
                0x0000000080007618                ehci_reset_port
 .text.ehci_reset_device
                0x0000000080007668        0x8 /usr/local/xenon/usr/lib/libxenon.a(tinyehci.o)
                0x0000000080007668                ehci_reset_device
 .text.ehci_discover
                0x0000000080007670       0x54 /usr/local/xenon/usr/lib/libxenon.a(tinyehci.o)
                0x0000000080007670                ehci_discover
 .text.EHCI_do_one
                0x00000000800076c4      0x10c /usr/local/xenon/usr/lib/libxenon.a(tinyehci.o)
 .text.find_ehci_data
                0x00000000800077d0       0x3c /usr/local/xenon/usr/lib/libxenon.a(tinyehci.o)
                0x00000000800077d0                find_ehci_data
 .text.USBStorage_Close
                0x000000008000780c       0x40 /usr/local/xenon/usr/lib/libxenon.a(tinyehci.o)
                0x000000008000780c                USBStorage_Close
 .text.USBStorage_ReadCapacity
                0x000000008000784c       0xbc /usr/local/xenon/usr/lib/libxenon.a(tinyehci.o)
                0x000000008000784c                USBStorage_ReadCapacity
 .text.USBStorage_MountLUN
                0x0000000080007908      0x1c0 /usr/local/xenon/usr/lib/libxenon.a(tinyehci.o)
                0x0000000080007908                USBStorage_MountLUN
 .text.__usbstorage_reset.isra.9
                0x0000000080007ac8      0x1a0 /usr/local/xenon/usr/lib/libxenon.a(tinyehci.o)
 .text.USBStorage_Open
                0x0000000080007c68      0x320 /usr/local/xenon/usr/lib/libxenon.a(tinyehci.o)
                0x0000000080007c68                USBStorage_Open
 .text.__cycle.constprop.14
                0x0000000080007f88      0x29c /usr/local/xenon/usr/lib/libxenon.a(tinyehci.o)
 .text.USBStorage_Inquiry
                0x0000000080008224       0xa4 /usr/local/xenon/usr/lib/libxenon.a(tinyehci.o)
                0x0000000080008224                USBStorage_Inquiry
 .text.USBStorage_Try_Device
                0x00000000800082c8      0x154 /usr/local/xenon/usr/lib/libxenon.a(tinyehci.o)
                0x00000000800082c8                USBStorage_Try_Device
 .text.USBStorage_Init
                0x000000008000841c      0x208 /usr/local/xenon/usr/lib/libxenon.a(tinyehci.o)
                0x000000008000841c                USBStorage_Init
 .text.EHCI_Init
                0x0000000080008624       0x50 /usr/local/xenon/usr/lib/libxenon.a(tinyehci.o)
                0x0000000080008624                EHCI_Init
 .text.data_breakpoint
                0x0000000080008674       0x40 /usr/local/xenon/usr/lib/libxenon.a(debug.o)
                0x0000000080008674                data_breakpoint
 .text.uprintf  0x00000000800086b4       0x94 /usr/local/xenon/usr/lib/libxenon.a(xenon_smc.o)
                0x00000000800086b4                uprintf
 .text.xenon_smc_send_message
                0x0000000080008748       0x50 /usr/local/xenon/usr/lib/libxenon.a(xenon_smc.o)
                0x0000000080008748                xenon_smc_send_message
 .text.xenon_smc_receive_message
                0x0000000080008798       0x58 /usr/local/xenon/usr/lib/libxenon.a(xenon_smc.o)
                0x0000000080008798                xenon_smc_receive_message
 .text.xenon_smc_handle_bulk
                0x00000000800087f0       0x68 /usr/local/xenon/usr/lib/libxenon.a(xenon_smc.o)
                0x00000000800087f0                xenon_smc_handle_bulk
 .text.xenon_smc_receive_response
                0x0000000080008858       0x44 /usr/local/xenon/usr/lib/libxenon.a(xenon_smc.o)
                0x0000000080008858                xenon_smc_receive_response
 .text.xenon_smc_ana_write
                0x000000008000889c       0x98 /usr/local/xenon/usr/lib/libxenon.a(xenon_smc.o)
                0x000000008000889c                xenon_smc_ana_write
 .text.xenon_smc_ana_read
                0x0000000080008934       0x9c /usr/local/xenon/usr/lib/libxenon.a(xenon_smc.o)
                0x0000000080008934                xenon_smc_ana_read
 .text.xenon_smc_i2c_ddc_lock
                0x00000000800089d0       0x78 /usr/local/xenon/usr/lib/libxenon.a(xenon_smc.o)
                0x00000000800089d0                xenon_smc_i2c_ddc_lock
 .text.xenon_smc_i2c_write
                0x0000000080008a48       0xa4 /usr/local/xenon/usr/lib/libxenon.a(xenon_smc.o)
                0x0000000080008a48                xenon_smc_i2c_write
 .text.xenon_smc_i2c_read
                0x0000000080008aec       0xbc /usr/local/xenon/usr/lib/libxenon.a(xenon_smc.o)
                0x0000000080008aec                xenon_smc_i2c_read
 .text.xenon_smc_power_reboot
                0x0000000080008ba8       0x48 /usr/local/xenon/usr/lib/libxenon.a(xenon_smc.o)
                0x0000000080008ba8                xenon_smc_power_reboot
 .text.xenon_smc_read_avpack
                0x0000000080008bf0       0x44 /usr/local/xenon/usr/lib/libxenon.a(xenon_smc.o)
                0x0000000080008bf0                xenon_smc_read_avpack
 .text.xenon_smc_set_fan_algorithm
                0x0000000080008c34       0x3c /usr/local/xenon/usr/lib/libxenon.a(xenon_smc.o)
                0x0000000080008c34                xenon_smc_set_fan_algorithm
 .text.wakeup_cpus
                0x0000000080008c70       0xb8 /usr/local/xenon/usr/lib/libxenon.a(xenon_power.o)
                0x0000000080008c70                wakeup_cpus
 .text.prepare_sleep
                0x0000000080008d28       0x74 /usr/local/xenon/usr/lib/libxenon.a(xenon_power.o)
                0x0000000080008d28                prepare_sleep
 .text.xenon_thread_sleep
                0x0000000080008d9c       0x58 /usr/local/xenon/usr/lib/libxenon.a(xenon_power.o)
                0x0000000080008d9c                xenon_thread_sleep
 .text.xenon_set_speed
                0x0000000080008df4      0x304 /usr/local/xenon/usr/lib/libxenon.a(xenon_power.o)
                0x0000000080008df4                xenon_set_speed
 .text.xenon_run_thread_task
                0x00000000800090f8       0x3c /usr/local/xenon/usr/lib/libxenon.a(xenon_power.o)
                0x00000000800090f8                xenon_run_thread_task
 .text.xenon_is_thread_task_running
                0x0000000080009134       0x1c /usr/local/xenon/usr/lib/libxenon.a(xenon_power.o)
                0x0000000080009134                xenon_is_thread_task_running
 .text.xenon_thread_startup
                0x0000000080009150       0x48 /usr/local/xenon/usr/lib/libxenon.a(xenon_power.o)
                0x0000000080009150                xenon_thread_startup
 .text.xenon_set_single_thread_mode
                0x0000000080009198       0x98 /usr/local/xenon/usr/lib/libxenon.a(xenon_power.o)
                0x0000000080009198                xenon_set_single_thread_mode
 .text.xenon_make_it_faster
                0x0000000080009230       0xfc /usr/local/xenon/usr/lib/libxenon.a(xenon_power.o)
                0x0000000080009230                xenon_make_it_faster
 .text.putch    0x000000008000932c       0x50 /usr/local/xenon/usr/lib/libxenon.a(xenon_uart.o)
                0x000000008000932c                putch
 .text.uart_puts
                0x000000008000937c       0x30 /usr/local/xenon/usr/lib/libxenon.a(xenon_uart.o)
                0x000000008000937c                uart_puts
 .text.xenon_config_init
                0x00000000800093ac       0xa4 /usr/local/xenon/usr/lib/libxenon.a(xenon_config.o)
                0x00000000800093ac                xenon_config_init
 .text.xenon_config_get_avregion
                0x0000000080009450       0xa0 /usr/local/xenon/usr/lib/libxenon.a(xenon_config.o)
                0x0000000080009450                xenon_config_get_avregion
 .text.xenon_config_get_vid_delta
                0x00000000800094f0       0x40 /usr/local/xenon/usr/lib/libxenon.a(xenon_config.o)
                0x00000000800094f0                xenon_config_get_vid_delta
 .text.xenos_ana_write
                0x0000000080009530       0xac /usr/local/xenon/usr/lib/libxenon.a(xenos.o)
 .text.xenos_init_ana_new
                0x00000000800095dc      0x4fc /usr/local/xenon/usr/lib/libxenon.a(xenos.o)
                0x00000000800095dc                xenos_init_ana_new
 .text.xenos_init_phase0
                0x0000000080009ad8       0xa0 /usr/local/xenon/usr/lib/libxenon.a(xenos.o)
                0x0000000080009ad8                xenos_init_phase0
 .text.xenos_init_phase1
                0x0000000080009b78      0x334 /usr/local/xenon/usr/lib/libxenon.a(xenos.o)
                0x0000000080009b78                xenos_init_phase1
 .text.xenos_ana_preinit
                0x0000000080009eac       0xcc /usr/local/xenon/usr/lib/libxenon.a(xenos.o)
                0x0000000080009eac                xenos_ana_preinit
 .text.xenos_set_mode_f1
                0x0000000080009f78       0xf8 /usr/local/xenon/usr/lib/libxenon.a(xenos.o)
                0x0000000080009f78                xenos_set_mode_f1
 .text.xenos_set_mode_f2
                0x000000008000a070      0x248 /usr/local/xenon/usr/lib/libxenon.a(xenos.o)
                0x000000008000a070                xenos_set_mode_f2
 .text.xenos_set_mode
                0x000000008000a2b8      0x2c8 /usr/local/xenon/usr/lib/libxenon.a(xenos.o)
                0x000000008000a2b8                xenos_set_mode
 .text.xenos_hdmi_vga_mode_fix
                0x000000008000a580       0x40 /usr/local/xenon/usr/lib/libxenon.a(xenos.o)
                0x000000008000a580                xenos_hdmi_vga_mode_fix
 .text.xenos_autoset_mode
                0x000000008000a5c0      0x150 /usr/local/xenon/usr/lib/libxenon.a(xenos.o)
                0x000000008000a5c0                xenos_autoset_mode
 .text.xenos_init
                0x000000008000a710      0x148 /usr/local/xenon/usr/lib/libxenon.a(xenos.o)
                0x000000008000a710                xenos_init
 .text.xenos_is_overscan
                0x000000008000a858       0x38 /usr/local/xenon/usr/lib/libxenon.a(xenos.o)
                0x000000008000a858                xenos_is_overscan
 .text.xenos_is_initialized
                0x000000008000a890       0x14 /usr/local/xenon/usr/lib/libxenon.a(xenos.o)
                0x000000008000a890                xenos_is_initialized
 .text.xenos_do_probe_ddc_edid
                0x000000008000a8a4      0x194 /usr/local/xenon/usr/lib/libxenon.a(xenos_edid.o)
                0x000000008000a8a4                xenos_do_probe_ddc_edid
 .text.xenos_ddc_read_edid
                0x000000008000aa38      0x128 /usr/local/xenon/usr/lib/libxenon.a(xenos_edid.o)
 .text.xenos_get_edid
                0x000000008000ab60       0xa4 /usr/local/xenon/usr/lib/libxenon.a(xenos_edid.o)
                0x000000008000ab60                xenos_get_edid
 .text.xenos_detect_hdmi_monitor
                0x000000008000ac04       0xe0 /usr/local/xenon/usr/lib/libxenon.a(xenos_edid.o)
                0x000000008000ac04                xenos_detect_hdmi_monitor
 .text.enet_quiesce
                0x000000008000ace4       0x18 /usr/local/xenon/usr/lib/libxenon.a(enet.o)
                0x000000008000ace4                enet_quiesce
 .text.xenon_get_DVE
                0x000000008000acfc       0x34 /usr/local/xenon/usr/lib/libxenon.a(xb360.o)
                0x000000008000acfc                xenon_get_DVE
 .text.xenon_get_PCIBridgeRevisionID
                0x000000008000ad30       0x14 /usr/local/xenon/usr/lib/libxenon.a(xb360.o)
                0x000000008000ad30                xenon_get_PCIBridgeRevisionID
 .text.xenon_get_XenosID
                0x000000008000ad44       0x10 /usr/local/xenon/usr/lib/libxenon.a(xb360.o)
                0x000000008000ad44                xenon_get_XenosID
 .text.xenon_get_console_type
                0x000000008000ad54       0xc0 /usr/local/xenon/usr/lib/libxenon.a(xb360.o)
                0x000000008000ad54                xenon_get_console_type
 .text.xenon_logical_nand_data_ok
                0x000000008000ae14       0x18 /usr/local/xenon/usr/lib/libxenon.a(xb360.o)
                0x000000008000ae14                xenon_logical_nand_data_ok
 .text.xenon_get_logical_nand_data
                0x000000008000ae2c       0x50 /usr/local/xenon/usr/lib/libxenon.a(xb360.o)
                0x000000008000ae2c                xenon_get_logical_nand_data
 .text.dummy_attach
                0x000000008000ae7c        0x8 /usr/local/xenon/usr/lib/libxenon.a(dummy.o)
 .text.dummy_detach
                0x000000008000ae84        0x8 /usr/local/xenon/usr/lib/libxenon.a(dummy.o)
 .text._ohci_allocept
                0x000000008000ae8c       0x64 /usr/local/xenon/usr/lib/libxenon.a(ohci.o)
 .text._ohci_allocxfer
                0x000000008000aef0       0x5c /usr/local/xenon/usr/lib/libxenon.a(ohci.o)
 .text.ohci_stop
                0x000000008000af4c       0x14 /usr/local/xenon/usr/lib/libxenon.a(ohci.o)
 .text.ohci_delete
                0x000000008000af60        0x4 /usr/local/xenon/usr/lib/libxenon.a(ohci.o)
 .text.ohci_ept_cleartoggle
                0x000000008000af64       0x44 /usr/local/xenon/usr/lib/libxenon.a(ohci.o)
 .text.ohci_ept_setaddr
                0x000000008000afa8       0x38 /usr/local/xenon/usr/lib/libxenon.a(ohci.o)
 .text.ohci_ept_setmps
                0x000000008000afe0       0x40 /usr/local/xenon/usr/lib/libxenon.a(ohci.o)
 .text._ohci_queueept
                0x000000008000b020       0x5c /usr/local/xenon/usr/lib/libxenon.a(ohci.o)
 .text.ohci_ept_create
                0x000000008000b07c      0x130 /usr/local/xenon/usr/lib/libxenon.a(ohci.o)
 .text.ohci_ept_delete
                0x000000008000b1ac      0x1b0 /usr/local/xenon/usr/lib/libxenon.a(ohci.o)
 .text.ohci_start
                0x000000008000b35c      0x164 /usr/local/xenon/usr/lib/libxenon.a(ohci.o)
 .text.ohci_roothub_strdscr
                0x000000008000b4c0       0x6c /usr/local/xenon/usr/lib/libxenon.a(ohci.o)
 .text.ohci_intr
                0x000000008000b52c      0x1e4 /usr/local/xenon/usr/lib/libxenon.a(ohci.o)
 .text._ohci_dma_alloc
                0x000000008000b710       0x50 /usr/local/xenon/usr/lib/libxenon.a(ohci.o)
 .text.ohci_xfer
                0x000000008000b760      0x728 /usr/local/xenon/usr/lib/libxenon.a(ohci.o)
 .text.ohci_create
                0x000000008000be88      0x29c /usr/local/xenon/usr/lib/libxenon.a(ohci.o)
 .text.getstringmaybe
                0x000000008000c124       0x6c /usr/local/xenon/usr/lib/libxenon.a(usbdebug.o)
 .text.usb_dbg_dumpportstatus
                0x000000008000c190      0x244 /usr/local/xenon/usr/lib/libxenon.a(usbdebug.o)
                0x000000008000c190                usb_dbg_dumpportstatus
 .text.usb_dbg_dumpdescriptors
                0x000000008000c3d4      0x620 /usr/local/xenon/usr/lib/libxenon.a(usbdebug.o)
                0x000000008000c3d4                usb_dbg_dumpdescriptors
 .text.ehci_maligned
                0x000000008000c9f4       0x88 /usr/local/xenon/usr/lib/libxenon.a(usb_os.o)
                0x000000008000c9f4                ehci_maligned
 .text.ehci_virt_to_dma
                0x000000008000ca7c        0x8 /usr/local/xenon/usr/lib/libxenon.a(usb_os.o)
                0x000000008000ca7c                ehci_virt_to_dma
 .text.ehci_dma_map_to
                0x000000008000ca84       0x24 /usr/local/xenon/usr/lib/libxenon.a(usb_os.o)
                0x000000008000ca84                ehci_dma_map_to
 .text.ehci_dma_map_from
                0x000000008000caa8       0x24 /usr/local/xenon/usr/lib/libxenon.a(usb_os.o)
                0x000000008000caa8                ehci_dma_map_from
 .text.ehci_dma_map_bidir
                0x000000008000cacc       0x24 /usr/local/xenon/usr/lib/libxenon.a(usb_os.o)
                0x000000008000cacc                ehci_dma_map_bidir
 .text.ehci_dma_unmap_bidir
                0x000000008000caf0        0x8 /usr/local/xenon/usr/lib/libxenon.a(usb_os.o)
                0x000000008000caf0                ehci_dma_unmap_bidir
 .text.ehci_dma_unmap_from
                0x000000008000caf8        0x4 /usr/local/xenon/usr/lib/libxenon.a(usb_os.o)
                0x000000008000caf8                ehci_dma_unmap_from
 .text.ehci_dma_unmap_to
                0x000000008000cafc        0x4 /usr/local/xenon/usr/lib/libxenon.a(usb_os.o)
                0x000000008000cafc                ehci_dma_unmap_to
 .text.ehci_usleep
                0x000000008000cb00        0x4 /usr/local/xenon/usr/lib/libxenon.a(usb_os.o)
                0x000000008000cb00                ehci_usleep
 .text.ehci_msleep
                0x000000008000cb04        0x4 /usr/local/xenon/usr/lib/libxenon.a(usb_os.o)
                0x000000008000cb04                ehci_msleep
 .text.USB_Alloc
                0x000000008000cb08        0x4 /usr/local/xenon/usr/lib/libxenon.a(usb_os.o)
                0x000000008000cb08                USB_Alloc
 .text.USB_Free
                0x000000008000cb0c        0x4 /usr/local/xenon/usr/lib/libxenon.a(usb_os.o)
                0x000000008000cb0c                USB_Free
 .text.xenon_gpio_set_oe
                0x000000008000cb10       0x1c /usr/local/xenon/usr/lib/libxenon.a(xenon_gpio.o)
                0x000000008000cb10                xenon_gpio_set_oe
 .text.xenon_gpio_set
                0x000000008000cb2c       0x1c /usr/local/xenon/usr/lib/libxenon.a(xenon_gpio.o)
                0x000000008000cb2c                xenon_gpio_set
 .text          0x000000008000cb48       0x3c /usr/local/xenon/usr/lib/libxenon.a(cpusleep.o)
                0x000000008000cb48                cpusleep
 .text.sfcx_readreg
                0x000000008000cb84       0x10 /usr/local/xenon/usr/lib/libxenon.a(xenon_sfcx.o)
                0x000000008000cb84                sfcx_readreg
 .text.sfcx_init
                0x000000008000cb94      0x2dc /usr/local/xenon/usr/lib/libxenon.a(xenon_sfcx.o)
                0x000000008000cb94                sfcx_init
 .text.q_enqueue
                0x000000008000ce70       0x18 /usr/local/xenon/usr/lib/libxenon.a(lib_queue.o)
                0x000000008000ce70                q_enqueue
 .text.q_deqnext
                0x000000008000ce88       0x30 /usr/local/xenon/usr/lib/libxenon.a(lib_queue.o)
                0x000000008000ce88                q_deqnext
 .text          0x000000008000ceb8       0x4c /usr/local/xenon/lib/gcc/xenon/6.3.0/32/libgcc.a(crtsavgpr.o)
                0x000000008000ceb8                _savegpr_14
                0x000000008000cebc                _savegpr_15
                0x000000008000cec0                _savegpr_16
                0x000000008000cec4                _savegpr_17
                0x000000008000cec8                _savegpr_18
                0x000000008000cecc                _savegpr_19
                0x000000008000ced0                _savegpr_20
                0x000000008000ced4                _savegpr_21
                0x000000008000ced8                _savegpr_22
                0x000000008000cedc                _savegpr_23
                0x000000008000cee0                _savegpr_24
                0x000000008000cee4                _savegpr_25
                0x000000008000cee8                _savegpr_26
                0x000000008000ceec                _savegpr_27
                0x000000008000cef0                _savegpr_28
                0x000000008000cef4                _savegpr_29
                0x000000008000cef8                _savegpr_30
                0x000000008000cefc                _savegpr_31
 .text          0x000000008000cf04       0x58 /usr/local/xenon/lib/gcc/xenon/6.3.0/32/libgcc.a(crtresxgpr.o)
                0x000000008000cf04                _restgpr_14_x
                0x000000008000cf08                _restgpr_15_x
                0x000000008000cf0c                _restgpr_16_x
                0x000000008000cf10                _restgpr_17_x
                0x000000008000cf14                _restgpr_18_x
                0x000000008000cf18                _restgpr_19_x
                0x000000008000cf1c                _restgpr_20_x
                0x000000008000cf20                _restgpr_21_x
                0x000000008000cf24                _restgpr_22_x
                0x000000008000cf28                _restgpr_23_x
                0x000000008000cf2c                _restgpr_24_x
                0x000000008000cf30                _restgpr_25_x
                0x000000008000cf34                _restgpr_26_x
                0x000000008000cf38                _restgpr_27_x
                0x000000008000cf3c                _restgpr_28_x
                0x000000008000cf40                _restgpr_29_x
                0x000000008000cf44                _restgpr_30_x
                0x000000008000cf48                _restgpr_31_x
 *fill*         0x000000008000cf5c        0x4 
 .text          0x000000008000cf60     0x1af8 /usr/local/xenon/lib/gcc/xenon/6.3.0/32/libgcc.a(unwind-dw2-fde-dip.o)
                0x000000008000e3ec                __register_frame_info_bases
                0x000000008000e464                __register_frame_info
                0x000000008000e4e4                __register_frame
                0x000000008000e56c                __register_frame_info_table_bases
                0x000000008000e5d4                __register_frame_info_table
                0x000000008000e63c                __register_frame_table
                0x000000008000e6bc                __deregister_frame_info_bases
                0x000000008000e818                __deregister_frame_info
                0x000000008000e830                __deregister_frame
                0x000000008000e86c                _Unwind_Find_FDE
 .text          0x000000008000ea58       0x78 /usr/local/xenon/xenon/lib/32/libc.a(lib_a-assert.o)
                0x000000008000ea58                __assert_func
                0x000000008000eab8                __assert
 .text          0x000000008000ead0       0x40 /usr/local/xenon/xenon/lib/32/libc.a(lib_a-exit.o)
                0x000000008000ead0                exit
 .text          0x000000008000eb10      0x158 /usr/local/xenon/xenon/lib/32/libc.a(lib_a-fclose.o)
                0x000000008000eb10                _fclose_r
                0x000000008000ec58                fclose
 .text          0x000000008000ec68      0x37c /usr/local/xenon/xenon/lib/32/libc.a(lib_a-fflush.o)
                0x000000008000ec68                __sflush_r
                0x000000008000ef40                _fflush_r
                0x000000008000efb8                fflush
 *fill*         0x000000008000efe4        0x4 
 .text          0x000000008000efe8      0x3f4 /usr/local/xenon/xenon/lib/32/libc.a(lib_a-findfp.o)
                0x000000008000eff0                _cleanup_r
                0x000000008000f1b0                __sfmoreglue
                0x000000008000f230                __sfp
                0x000000008000f368                _cleanup
                0x000000008000f380                __sinit
                0x000000008000f390                __sfp_lock_acquire
                0x000000008000f398                __sfp_lock_release
                0x000000008000f3a0                __sinit_lock_acquire
                0x000000008000f3a8                __sinit_lock_release
                0x000000008000f3b0                __fp_lock_all
                0x000000008000f3c8                __fp_unlock_all
 *fill*         0x000000008000f3dc        0x4 
 .text          0x000000008000f3e0      0x110 /usr/local/xenon/xenon/lib/32/libc.a(lib_a-fiprintf.o)
                0x000000008000f3e0                _fiprintf_r
                0x000000008000f460                fiprintf
 .text          0x000000008000f4f0      0x468 /usr/local/xenon/xenon/lib/32/libc.a(lib_a-freer.o)
                0x000000008000f4f0                _malloc_trim_r
                0x000000008000f630                _free_r
 .text          0x000000008000f958       0x80 /usr/local/xenon/xenon/lib/32/libc.a(lib_a-fstatr.o)
                0x000000008000f958                _fstat_r
 .text          0x000000008000f9d8      0x1d0 /usr/local/xenon/xenon/lib/32/libc.a(lib_a-fwalk.o)
                0x000000008000f9d8                _fwalk
                0x000000008000fab8                _fwalk_reent
 .text          0x000000008000fba8      0x11c /usr/local/xenon/xenon/lib/32/libc.a(lib_a-locale.o)
                0x000000008000fba8                _setlocale_r
                0x000000008000fc48                __locale_mb_cur_max
                0x000000008000fc78                __locale_ctype_ptr_l
                0x000000008000fc80                __locale_ctype_ptr
                0x000000008000fcb0                setlocale
 *fill*         0x000000008000fcc4        0x4 
 .text          0x000000008000fcc8      0x23c /usr/local/xenon/xenon/lib/32/libc.a(lib_a-makebuf.o)
                0x000000008000fcc8                __swhatbuf_r
                0x000000008000fdb8                __smakebuf_r
 *fill*         0x000000008000ff04        0x4 
 .text          0x000000008000ff08       0x20 /usr/local/xenon/xenon/lib/32/libc.a(lib_a-malloc.o)
                0x000000008000ff08                malloc
                0x000000008000ff18                free
 .text          0x000000008000ff28      0x94c /usr/local/xenon/xenon/lib/32/libc.a(lib_a-mallocr.o)
                0x000000008000ff28                _malloc_r
 *fill*         0x0000000080010874        0x4 
 .text          0x0000000080010878       0xc0 /usr/local/xenon/xenon/lib/32/libc.a(lib_a-mbtowc_r.o)
                0x0000000080010878                _mbtowc_r
                0x00000000800108b0                __ascii_mbtowc
 .text          0x0000000080010938       0xa0 /usr/local/xenon/xenon/lib/32/libc.a(lib_a-memcmp.o)
                0x0000000080010938                memcmp
 .text          0x00000000800109d8      0x108 /usr/local/xenon/xenon/lib/32/libc.a(lib_a-memcpy.o)
                0x00000000800109d8                memcpy
 .text          0x0000000080010ae0      0x110 /usr/local/xenon/xenon/lib/32/libc.a(lib_a-memset.o)
                0x0000000080010ae0                memset
 .text          0x0000000080010bf0      0x120 /usr/local/xenon/xenon/lib/32/libc.a(lib_a-printf.o)
                0x0000000080010bf0                _printf_r
                0x0000000080010c78                printf
 .text          0x0000000080010d10       0x20 /usr/local/xenon/xenon/lib/32/libc.a(lib_a-putchar.o)
                0x0000000080010d10                _putchar_r
                0x0000000080010d18                putchar
 .text          0x0000000080010d30       0xe8 /usr/local/xenon/xenon/lib/32/libc.a(lib_a-puts.o)
                0x0000000080010d30                _puts_r
                0x0000000080010e08                puts
 .text          0x0000000080010e18       0x78 /usr/local/xenon/xenon/lib/32/libc.a(lib_a-sbrkr.o)
                0x0000000080010e18                _sbrk_r
 .text          0x0000000080010e90      0x18c /usr/local/xenon/xenon/lib/32/libc.a(lib_a-sprintf.o)
                0x0000000080010e90                _sprintf_r
                0x0000000080010f50                sprintf
 *fill*         0x000000008001101c        0x4 
 .text          0x0000000080011020      0x184 /usr/local/xenon/xenon/lib/32/libc.a(lib_a-stdio.o)
                0x0000000080011020                __sread
                0x0000000080011088                __seofread
                0x0000000080011090                __swrite
                0x0000000080011128                __sseek
                0x0000000080011198                __sclose
 *fill*         0x00000000800111a4        0x4 
 .text          0x00000000800111a8       0x98 /usr/local/xenon/xenon/lib/32/libc.a(lib_a-strcat.o)
                0x00000000800111a8                strcat
 .text          0x0000000080011240       0xc0 /usr/local/xenon/xenon/lib/32/libc.a(lib_a-strcmp.o)
                0x0000000080011240                strcmp
 .text          0x0000000080011300       0x84 /usr/local/xenon/xenon/lib/32/libc.a(lib_a-strcpy.o)
                0x0000000080011300                strcpy
 *fill*         0x0000000080011384        0x4 
 .text          0x0000000080011388       0xb0 /usr/local/xenon/xenon/lib/32/libc.a(lib_a-strlen.o)
                0x0000000080011388                strlen
 .text          0x0000000080011438     0x221c /usr/local/xenon/xenon/lib/32/libc.a(lib_a-svfprintf.o)
                0x0000000080011438                _svfprintf_r
 *fill*         0x0000000080013654        0x4 
 .text          0x0000000080013658     0x16a8 /usr/local/xenon/xenon/lib/32/libc.a(lib_a-vfiprintf.o)
                0x00000000800137a0                __sprint_r
                0x00000000800137c0                _vfiprintf_r
                0x0000000080014c10                vfiprintf
 .text          0x0000000080014d00     0x2378 /usr/local/xenon/xenon/lib/32/libc.a(lib_a-vfprintf.o)
                0x0000000080014d00                _vfprintf_r
                0x0000000080016f88                vfprintf
 .text          0x0000000080017078       0x78 /usr/local/xenon/xenon/lib/32/libc.a(lib_a-vsprintf.o)
                0x0000000080017078                _vsprintf_r
                0x00000000800170d8                vsprintf
 .text          0x00000000800170f0       0x78 /usr/local/xenon/xenon/lib/32/libc.a(lib_a-wctomb_r.o)
                0x00000000800170f0                _wctomb_r
                0x0000000080017128                __ascii_wctomb
 .text          0x0000000080017168       0x80 /usr/local/xenon/xenon/lib/32/libc.a(lib_a-writer.o)
                0x0000000080017168                _write_r
 .text          0x00000000800171e8      0x1b0 /usr/local/xenon/xenon/lib/32/libc.a(lib_a-wsetup.o)
                0x00000000800171e8                __swsetup_r
 .text          0x0000000080017398      0x1e4 /usr/local/xenon/xenon/lib/32/libc.a(lib_a-__call_atexit.o)
                0x0000000080017398                __call_exitprocs
 *fill*         0x000000008001757c        0x4 
 .text          0x0000000080017580       0x78 /usr/local/xenon/xenon/lib/32/libc.a(lib_a-closer.o)
                0x0000000080017580                _close_r
 .text          0x00000000800175f8     0x1500 /usr/local/xenon/xenon/lib/32/libc.a(lib_a-dtoa.o)
                0x0000000080017850                _dtoa_r
 .text          0x0000000080018af8      0x254 /usr/local/xenon/xenon/lib/32/libc.a(lib_a-fputwc.o)
                0x0000000080018af8                __fputwc
                0x0000000080018c88                _fputwc_r
                0x0000000080018cb8                fputwc
 *fill*         0x0000000080018d4c        0x4 
 .text          0x0000000080018d50      0x5cc /usr/local/xenon/xenon/lib/32/libc.a(lib_a-fvwrite.o)
                0x0000000080018d50                __sfvwrite_r
 *fill*         0x000000008001931c        0x4 
 .text          0x0000000080019320       0x78 /usr/local/xenon/xenon/lib/32/libc.a(lib_a-isattyr.o)
                0x0000000080019320                _isatty_r
 .text          0x0000000080019398       0x68 /usr/local/xenon/xenon/lib/32/libc.a(lib_a-localeconv.o)
                0x0000000080019398                __localeconv_l
                0x00000000800193a0                _localeconv_r
                0x00000000800193d0                localeconv
 .text          0x0000000080019400       0x80 /usr/local/xenon/xenon/lib/32/libc.a(lib_a-lseekr.o)
                0x0000000080019400                _lseek_r
 .text          0x0000000080019480      0x100 /usr/local/xenon/xenon/lib/32/libc.a(lib_a-memchr.o)
                0x0000000080019480                memchr
 .text          0x0000000080019580      0x148 /usr/local/xenon/xenon/lib/32/libc.a(lib_a-memmove.o)
                0x0000000080019580                memmove
 .text          0x00000000800196c8     0x1350 /usr/local/xenon/xenon/lib/32/libc.a(lib_a-mprec.o)
                0x00000000800196c8                _Balloc
                0x0000000080019790                _Bfree
                0x00000000800197b8                __multadd
                0x00000000800198d8                __s2b
                0x0000000080019a18                __hi0bits
                0x0000000080019a98                __lo0bits
                0x0000000080019b78                __i2b
                0x0000000080019bb8                __multiply
                0x0000000080019e38                __pow5mult
                0x0000000080019fb0                __lshift
                0x000000008001a140                __mcmp
                0x000000008001a1a8                __mdiff
                0x000000008001a3e8                __ulp
                0x000000008001a488                __b2d
                0x000000008001a618                __d2b
                0x000000008001a7b0                __ratio
                0x000000008001a890                _mprec_log10
                0x000000008001a8d8                __copybits
                0x000000008001a970                __any_on
 .text          0x000000008001aa18      0x16c /usr/local/xenon/xenon/lib/32/libc.a(lib_a-putc.o)
                0x000000008001aa18                _putc_r
                0x000000008001aac0                putc
 *fill*         0x000000008001ab84        0x4 
 .text          0x000000008001ab88       0x80 /usr/local/xenon/xenon/lib/32/libc.a(lib_a-readr.o)
                0x000000008001ab88                _read_r
 .text          0x000000008001ac08      0x5d8 /usr/local/xenon/xenon/lib/32/libc.a(lib_a-reallocr.o)
                0x000000008001ac08                _realloc_r
 .text          0x000000008001b1e0     0x1508 /usr/local/xenon/xenon/lib/32/libc.a(lib_a-svfiprintf.o)
                0x000000008001b1e0                __ssprint_r
                0x000000008001b450                _svfiprintf_r
 .text          0x000000008001c6e8      0x1c4 /usr/local/xenon/xenon/lib/32/libc.a(lib_a-wbuf.o)
                0x000000008001c6e8                __swbuf_r
                0x000000008001c898                __swbuf
 *fill*         0x000000008001c8ac        0x4 
 .text          0x000000008001c8b0      0x18c /usr/local/xenon/xenon/lib/32/libc.a(lib_a-wcrtomb.o)
                0x000000008001c8b0                _wcrtomb_r
                0x000000008001c978                wcrtomb
 *fill*         0x000000008001ca3c        0x4 
 .text          0x000000008001ca40       0xc8 /usr/local/xenon/xenon/lib/32/libc.a(lib_a-callocr.o)
                0x000000008001ca40                _calloc_r
 .text          0x000000008001cb08      0x424 /usr/local/xenon/lib/gcc/xenon/6.3.0/32/libgcc.a(_udivdi3.o)
                0x000000008001cb08                __udivdi3
 *fill*         0x000000008001cf2c        0x4 
 .text          0x000000008001cf30      0x3cc /usr/local/xenon/lib/gcc/xenon/6.3.0/32/libgcc.a(_umoddi3.o)
                0x000000008001cf30                __umoddi3

.glink          0x000000008001d2fc        0x0
 .glink         0x000000008001d2fc        0x0 /usr/local/xenon/lib/gcc/xenon/6.3.0/../../../../xenon/lib/../lib/crt1.o

.elfldr         0x000000008001d2fc        0x0
                0x000000008001d2fc                elfldr_start = .
 *(.elfldr)
                0x000000008001d2fc                elfldr_end = .

.data           0x000000008001d300     0x7f74
 *(.data*)
 .data.devoptab_list
                0x000000008001d300       0x40 /usr/local/xenon/usr/lib/libxenon.a(newlib.o)
                0x000000008001d300                devoptab_list
 .data.__syscalls
                0x000000008001d340       0x24 /usr/local/xenon/usr/lib/libxenon.a(xenon_syscalls.o)
                0x000000008001d340                __syscalls
 .data.lockowner
                0x000000008001d364        0x4 /usr/local/xenon/usr/lib/libxenon.a(xenon_syscalls.o)
 .data.usbctrl_driver
                0x000000008001d368        0xc /usr/local/xenon/usr/lib/libxenon.a(usbctrl.o)
                0x000000008001d368                usbctrl_driver
 .data.usb_drivers
                0x000000008001d374       0xa0 /usr/local/xenon/usr/lib/libxenon.a(usbdevs.o)
                0x000000008001d374                usb_drivers
 .data.usbhid_driver
                0x000000008001d414        0xc /usr/local/xenon/usr/lib/libxenon.a(usbhid.o)
                0x000000008001d414                usbhid_driver
 .data.usbhid_scantable
                0x000000008001d420      0x650 /usr/local/xenon/usr/lib/libxenon.a(usbhid.o)
 .data.usbhub_driver
                0x000000008001da70        0xc /usr/local/xenon/usr/lib/libxenon.a(usbhub.o)
                0x000000008001da70                usbhub_driver
 .data.usbroothub_driver
                0x000000008001da7c        0xc /usr/local/xenon/usr/lib/libxenon.a(usbhub.o)
                0x000000008001da7c                usbroothub_driver
 .data.ana_hdmi_720p
                0x000000008001da88      0x400 /usr/local/xenon/usr/lib/libxenon.a(xenos.o)
                0x000000008001da88                ana_hdmi_720p
 .data.ana_hdmi_720p_corona
                0x000000008001de88      0x400 /usr/local/xenon/usr/lib/libxenon.a(xenos.o)
                0x000000008001de88                ana_hdmi_720p_corona
 .data.ana_ntsc
                0x000000008001e288      0x400 /usr/local/xenon/usr/lib/libxenon.a(xenos.o)
                0x000000008001e288                ana_ntsc
 .data.ana_ntsc_corona
                0x000000008001e688      0x400 /usr/local/xenon/usr/lib/libxenon.a(xenos.o)
                0x000000008001e688                ana_ntsc_corona
 .data.ana_pal50
                0x000000008001ea88      0x400 /usr/local/xenon/usr/lib/libxenon.a(xenos.o)
                0x000000008001ea88                ana_pal50
 .data.ana_pal50_corona
                0x000000008001ee88      0x400 /usr/local/xenon/usr/lib/libxenon.a(xenos.o)
                0x000000008001ee88                ana_pal50_corona
 .data.ana_pal60
                0x000000008001f288      0x400 /usr/local/xenon/usr/lib/libxenon.a(xenos.o)
                0x000000008001f288                ana_pal60
 .data.ana_pal60_corona
                0x000000008001f688      0x400 /usr/local/xenon/usr/lib/libxenon.a(xenos.o)
                0x000000008001f688                ana_pal60_corona
 .data.ana_vga_1024x768
                0x000000008001fa88      0x400 /usr/local/xenon/usr/lib/libxenon.a(xenos.o)
                0x000000008001fa88                ana_vga_1024x768
 .data.ana_vga_1024x768_corona
                0x000000008001fe88      0x400 /usr/local/xenon/usr/lib/libxenon.a(xenos.o)
                0x000000008001fe88                ana_vga_1024x768_corona
 .data.ana_vga_1280x1024
                0x0000000080020288      0x400 /usr/local/xenon/usr/lib/libxenon.a(xenos.o)
                0x0000000080020288                ana_vga_1280x1024
 .data.ana_vga_1280x1024_corona
                0x0000000080020688      0x400 /usr/local/xenon/usr/lib/libxenon.a(xenos.o)
                0x0000000080020688                ana_vga_1280x1024_corona
 .data.ana_vga_1280x720
                0x0000000080020a88      0x400 /usr/local/xenon/usr/lib/libxenon.a(xenos.o)
                0x0000000080020a88                ana_vga_1280x720
 .data.ana_vga_1280x720_corona
                0x0000000080020e88      0x400 /usr/local/xenon/usr/lib/libxenon.a(xenos.o)
                0x0000000080020e88                ana_vga_1280x720_corona
 .data.ana_vga_1280x768
                0x0000000080021288      0x400 /usr/local/xenon/usr/lib/libxenon.a(xenos.o)
                0x0000000080021288                ana_vga_1280x768
 .data.ana_vga_1280x768_corona
                0x0000000080021688      0x400 /usr/local/xenon/usr/lib/libxenon.a(xenos.o)
                0x0000000080021688                ana_vga_1280x768_corona
 .data.ana_vga_1360x768
                0x0000000080021a88      0x400 /usr/local/xenon/usr/lib/libxenon.a(xenos.o)
                0x0000000080021a88                ana_vga_1360x768
 .data.ana_vga_1360x768_corona
                0x0000000080021e88      0x400 /usr/local/xenon/usr/lib/libxenon.a(xenos.o)
                0x0000000080021e88                ana_vga_1360x768_corona
 .data.ana_vga_1440x900
                0x0000000080022288      0x400 /usr/local/xenon/usr/lib/libxenon.a(xenos.o)
                0x0000000080022288                ana_vga_1440x900
 .data.ana_vga_1440x900_corona
                0x0000000080022688      0x400 /usr/local/xenon/usr/lib/libxenon.a(xenos.o)
                0x0000000080022688                ana_vga_1440x900_corona
 .data.ana_vga_640x480
                0x0000000080022a88      0x400 /usr/local/xenon/usr/lib/libxenon.a(xenos.o)
                0x0000000080022a88                ana_vga_640x480
 .data.ana_vga_640x480_corona
                0x0000000080022e88      0x400 /usr/local/xenon/usr/lib/libxenon.a(xenos.o)
                0x0000000080022e88                ana_vga_640x480_corona
 .data.ana_yuv_480p
                0x0000000080023288      0x400 /usr/local/xenon/usr/lib/libxenon.a(xenos.o)
                0x0000000080023288                ana_yuv_480p
 .data.ana_yuv_480p_corona
                0x0000000080023688      0x400 /usr/local/xenon/usr/lib/libxenon.a(xenos.o)
                0x0000000080023688                ana_yuv_480p_corona
 .data.ana_yuv_720p
                0x0000000080023a88      0x400 /usr/local/xenon/usr/lib/libxenon.a(xenos.o)
                0x0000000080023a88                ana_yuv_720p
 .data.ana_yuv_720p_corona
                0x0000000080023e88      0x400 /usr/local/xenon/usr/lib/libxenon.a(xenos.o)
                0x0000000080023e88                ana_yuv_720p_corona
 .data.xenos_modes
                0x0000000080024288      0x30c /usr/local/xenon/usr/lib/libxenon.a(xenos.o)
                0x0000000080024288                xenos_modes
 .data.xenos_modes_corona
                0x0000000080024594      0x30c /usr/local/xenon/usr/lib/libxenon.a(xenos.o)
                0x0000000080024594                xenos_modes_corona
 .data.dummy_driver
                0x00000000800248a0        0xc /usr/local/xenon/usr/lib/libxenon.a(dummy.o)
                0x00000000800248a0                dummy_driver
 .data.ohci_driver
                0x00000000800248ac       0x2c /usr/local/xenon/usr/lib/libxenon.a(ohci.o)
                0x00000000800248ac                ohci_driver
 .data          0x00000000800248d8      0x428 /usr/local/xenon/xenon/lib/32/libc.a(lib_a-impure.o)
 .data          0x0000000080024d00      0x16c /usr/local/xenon/xenon/lib/32/libc.a(lib_a-locale.o)
                0x0000000080024d00                __global_locale
 .data          0x0000000080024e6c      0x408 /usr/local/xenon/xenon/lib/32/libc.a(lib_a-mallocr.o)
                0x0000000080024e6c                __malloc_av_

.got2           0x0000000080025274       0x14
 .got2          0x0000000080025274       0x14 /usr/local/xenon/lib/gcc/xenon/6.3.0/32/libgcc.a(unwind-dw2-fde-dip.o)

.sdata          0x0000000080025288       0x24
 *(.sdata*)
 .sdata         0x0000000080025288        0x0 /usr/local/xenon/lib/gcc/xenon/6.3.0/../../../../xenon/lib/../lib/crt1.o
                0x000000008002d288                _SDA_BASE_
 .sdata2        0x0000000080025288        0x0 /usr/local/xenon/lib/gcc/xenon/6.3.0/../../../../xenon/lib/../lib/crt1.o
                0x000000008002d288                _SDA2_BASE_
 .sdata         0x0000000080025288        0x4 /usr/local/xenon/usr/lib/libxenon.a(startup_from_xell.o)
                0x0000000080025288                __system_argv
 .sdata.console_color
                0x000000008002528c        0x8 /usr/local/xenon/usr/lib/libxenon.a(console.o)
                0x000000008002528c                console_color
 .sdata.usb_timeout
                0x0000000080025294        0x4 /usr/local/xenon/usr/lib/libxenon.a(tinyehci.o)
                0x0000000080025294                usb_timeout
 .sdata.xenon_smc_last_ir
                0x0000000080025298        0x4 /usr/local/xenon/usr/lib/libxenon.a(xenon_smc.o)
                0x0000000080025298                xenon_smc_last_ir
 .sdata         0x000000008002529c        0x8 /usr/local/xenon/xenon/lib/32/libc.a(lib_a-impure.o)
                0x000000008002529c                _global_impure_ptr
                0x00000000800252a0                _impure_ptr
 .sdata         0x00000000800252a4        0x8 /usr/local/xenon/xenon/lib/32/libc.a(lib_a-mallocr.o)
                0x00000000800252a4                __malloc_sbrk_base
                0x00000000800252a8                __malloc_trim_threshold

.rodata         0x00000000800252b0     0x339c
 *(.rodata*)
 .rodata.getTemp.cst4
                0x00000000800252b0        0x8 main.o
 .rodata.getTemp.cst8
                0x00000000800252b8       0x18 main.o
 .rodata.getTemp.str1.8
                0x00000000800252d0       0x41 main.o
 *fill*         0x0000000080025311        0x3 
 .rodata.main.cst4
                0x0000000080025314        0x4 main.o
 .rodata.main.str1.8
                0x0000000080025318       0x72 main.o
 *fill*         0x000000008002538a        0x6 
 .rodata.str1.8
                0x0000000080025390       0xd0 main.o
                                         0xce (size before relaxing)
 .rodata.console_init.str1.1
                0x0000000080025460       0x33 /usr/local/xenon/usr/lib/libxenon.a(console.o)
 *fill*         0x0000000080025493        0x5 
 .rodata.fontdata_8x16
                0x0000000080025498     0x1000 /usr/local/xenon/usr/lib/libxenon.a(console.o)
                0x0000000080025498                fontdata_8x16
 .rodata.AddDevice.str1.1
                0x0000000080026498        0x8 /usr/local/xenon/usr/lib/libxenon.a(newlib.o)
 .rodata.abort.str1.1
                0x00000000800264a0        0xf /usr/local/xenon/usr/lib/libxenon.a(newlib.o)
 *fill*         0x00000000800264af        0x1 
 .rodata.console_optab
                0x00000000800264b0       0x64 /usr/local/xenon/usr/lib/libxenon.a(newlib.o)
                0x00000000800264b0                console_optab
 .rodata.dotab_stdnull
                0x0000000080026514       0x64 /usr/local/xenon/usr/lib/libxenon.a(newlib.o)
                0x0000000080026514                dotab_stdnull
 .rodata.str1.1
                0x0000000080026578        0x7 /usr/local/xenon/usr/lib/libxenon.a(newlib.o)
 *fill*         0x000000008002657f        0x1 
 .rodata.__func__.4659
                0x0000000080026580       0x12 /usr/local/xenon/usr/lib/libxenon.a(xenon_syscalls.o)
 *fill*         0x0000000080026592        0x6 
 .rodata.__func__.4665
                0x0000000080026598       0x14 /usr/local/xenon/usr/lib/libxenon.a(xenon_syscalls.o)
 .rodata.try_return_to_xell.str1.1
                0x00000000800265ac       0x11 /usr/local/xenon/usr/lib/libxenon.a(xenon_syscalls.o)
 .rodata.xenon_exit.str1.1
                0x00000000800265bd       0x63 /usr/local/xenon/usr/lib/libxenon.a(xenon_syscalls.o)
 .rodata.xenon_malloc_lock.str1.1
                0x0000000080026620        0x9 /usr/local/xenon/usr/lib/libxenon.a(xenon_syscalls.o)
 .rodata.xenon_malloc_unlock.str1.1
                0x0000000080026629       0x40 /usr/local/xenon/usr/lib/libxenon.a(xenon_syscalls.o)
 .rodata.kmem_init.str1.1
                0x0000000080026669       0x35 /usr/local/xenon/usr/lib/libxenon.a(lib_malloc.o)
 .rodata.lib_outofmemory.str1.1
                0x000000008002669e       0x16 /usr/local/xenon/usr/lib/libxenon.a(lib_malloc.o)
 .rodata.crashdump.str1.1
                0x00000000800266b4       0xec /usr/local/xenon/usr/lib/libxenon.a(c_except.o)
                                         0xf0 (size before relaxing)
 .rodata.str1.1
                0x00000000800267a0       0x14 /usr/local/xenon/usr/lib/libxenon.a(usbctrl.o)
 .rodata.usbctrl_attach.str1.1
                0x00000000800267b4       0x5f /usr/local/xenon/usr/lib/libxenon.a(usbctrl.o)
 .rodata.usbctrl_detach.str1.1
                0x0000000080026813       0x42 /usr/local/xenon/usr/lib/libxenon.a(usbctrl.o)
 .rodata.usbctrl_set_leds.str1.1
                0x0000000080026855       0x16 /usr/local/xenon/usr/lib/libxenon.a(usbctrl.o)
 .rodata.usb_create_pipe.str1.1
                0x000000008002686b       0x32 /usr/local/xenon/usr/lib/libxenon.a(usbd.o)
 .rodata.usb_free_request.str1.1
                0x000000008002689d       0x34 /usr/local/xenon/usr/lib/libxenon.a(usbd.o)
 .rodata.usb_initroot.str1.1
                0x00000000800268d1       0x73 /usr/local/xenon/usr/lib/libxenon.a(usbd.o)
 .rodata.usb_find_driver.str1.1
                0x0000000080026944       0x5a /usr/local/xenon/usr/lib/libxenon.a(usbdevs.o)
 .rodata.str1.1
                0x000000008002699e       0x2e /usr/local/xenon/usr/lib/libxenon.a(usbhid.o)
 .rodata.usbhid_attach.str1.1
                0x00000000800269cc       0x19 /usr/local/xenon/usr/lib/libxenon.a(usbhid.o)
 *fill*         0x00000000800269e5        0x3 
 .rodata.usbhid_devtypes
                0x00000000800269e8        0xc /usr/local/xenon/usr/lib/libxenon.a(usbhid.o)
 .rodata.usbhid_ireq_callback.str1.1
                0x00000000800269f4        0x3 /usr/local/xenon/usr/lib/libxenon.a(usbhid.o)
 .rodata.str1.1
                0x00000000800269f7       0x11 /usr/local/xenon/usr/lib/libxenon.a(usbhub.o)
 .rodata.usbhub_detach.str1.1
                0x0000000080026a08       0x76 /usr/local/xenon/usr/lib/libxenon.a(usbhub.o)
 .rodata.usbhub_scan1.str1.1
                0x0000000080026a7e      0x176 /usr/local/xenon/usr/lib/libxenon.a(usbhub.o)
 .rodata.usb_init.str1.1
                0x0000000080026bf4       0x5a /usr/local/xenon/usr/lib/libxenon.a(usbmain.o)
 .rodata.usb_init_one_ohci.str1.1
                0x0000000080026c4e       0x75 /usr/local/xenon/usr/lib/libxenon.a(usbmain.o)
 .rodata.EHCI_do_one.str1.1
                0x0000000080026cc3       0x20 /usr/local/xenon/usr/lib/libxenon.a(tinyehci.o)
 .rodata.USBStorage_Init.str1.1
                0x0000000080026ce3       0x47 /usr/local/xenon/usr/lib/libxenon.a(tinyehci.o)
 .rodata.ehci_reset_usb_port.str1.1
                0x0000000080026d2a       0x33 /usr/local/xenon/usr/lib/libxenon.a(tinyehci.o)
 .rodata.xenon_smc_ana_read.str1.1
                0x0000000080026d5d       0x2e /usr/local/xenon/usr/lib/libxenon.a(xenon_smc.o)
 .rodata.xenon_smc_ana_write.str1.1
                0x0000000080026d8b       0x2f /usr/local/xenon/usr/lib/libxenon.a(xenon_smc.o)
 .rodata.xenon_smc_handle_bulk.str1.1
                0x0000000080026dba       0x46 /usr/local/xenon/usr/lib/libxenon.a(xenon_smc.o)
 .rodata.xenon_smc_i2c_ddc_lock.str1.1
                0x0000000080026e00       0x27 /usr/local/xenon/usr/lib/libxenon.a(xenon_smc.o)
 .rodata.xenon_smc_i2c_read.str1.1
                0x0000000080026e27       0x2e /usr/local/xenon/usr/lib/libxenon.a(xenon_smc.o)
 .rodata.xenon_smc_i2c_write.str1.1
                0x0000000080026e55       0x2f /usr/local/xenon/usr/lib/libxenon.a(xenon_smc.o)
 .rodata.xenon_make_it_faster.str1.1
                0x0000000080026e84      0x10a /usr/local/xenon/usr/lib/libxenon.a(xenon_power.o)
 .rodata.xenon_set_speed.str1.1
                0x0000000080026f8e       0x44 /usr/local/xenon/usr/lib/libxenon.a(xenon_power.o)
 .rodata.xenon_config_get_avregion.str1.1
                0x0000000080026fd2       0x20 /usr/local/xenon/usr/lib/libxenon.a(xenon_config.o)
 .rodata.xenon_config_init.str1.1
                0x0000000080026ff2       0x20 /usr/local/xenon/usr/lib/libxenon.a(xenon_config.o)
 *fill*         0x0000000080027012        0x2 
 .rodata        0x0000000080027014      0x140 /usr/local/xenon/usr/lib/libxenon.a(xenos.o)
 *fill*         0x0000000080027154        0x4 
 .rodata.CSWTCH.44
                0x0000000080027158        0x4 /usr/local/xenon/usr/lib/libxenon.a(xenos.o)
 *fill*         0x000000008002715c        0x4 
 .rodata.__func__.4400
                0x0000000080027160       0x12 /usr/local/xenon/usr/lib/libxenon.a(xenos.o)
 .rodata.str1.1
                0x0000000080027172       0x94 /usr/local/xenon/usr/lib/libxenon.a(xenos.o)
 .rodata.xenos_ana_write.str1.1
                0x0000000080027206       0x33 /usr/local/xenon/usr/lib/libxenon.a(xenos.o)
 .rodata.xenos_autoset_mode.str1.1
                0x0000000080027239       0x17 /usr/local/xenon/usr/lib/libxenon.a(xenos.o)
 .rodata.xenos_init.str1.1
                0x0000000080027250       0x57 /usr/local/xenon/usr/lib/libxenon.a(xenos.o)
 .rodata.xenos_init_ana_new.str1.1
                0x00000000800272a7       0xf5 /usr/local/xenon/usr/lib/libxenon.a(xenos.o)
 .rodata.xenos_init_phase1.str1.1
                0x000000008002739c       0x85 /usr/local/xenon/usr/lib/libxenon.a(xenos.o)
 .rodata.xenos_is_overscan.str1.1
                0x0000000080027421       0x16 /usr/local/xenon/usr/lib/libxenon.a(xenos.o)
 .rodata.xenos_set_mode.str1.1
                0x0000000080027437       0x29 /usr/local/xenon/usr/lib/libxenon.a(xenos.o)
 .rodata.edid_header
                0x0000000080027460        0x8 /usr/local/xenon/usr/lib/libxenon.a(xenos_edid.o)
 .rodata.xenos_ddc_read_edid.str1.1
                0x0000000080027468       0xa5 /usr/local/xenon/usr/lib/libxenon.a(xenos_edid.o)
 .rodata.xenos_get_edid.str1.1
                0x000000008002750d       0x61 /usr/local/xenon/usr/lib/libxenon.a(xenos_edid.o)
 .rodata.str1.1
                0x000000008002756e        0xd /usr/local/xenon/usr/lib/libxenon.a(dummy.o)
 *fill*         0x000000008002757b        0x1 
 .rodata.ohci_xfer
                0x000000008002757c       0x50 /usr/local/xenon/usr/lib/libxenon.a(ohci.o)
 .rodata.ohci_revbits
                0x00000000800275cc       0x80 /usr/local/xenon/usr/lib/libxenon.a(ohci.o)
 .rodata.ohci_root_cfgdsc
                0x000000008002764c        0x9 /usr/local/xenon/usr/lib/libxenon.a(ohci.o)
 .rodata.ohci_root_devdsc
                0x0000000080027655       0x12 /usr/local/xenon/usr/lib/libxenon.a(ohci.o)
 .rodata.ohci_root_epdsc
                0x0000000080027667        0x7 /usr/local/xenon/usr/lib/libxenon.a(ohci.o)
 .rodata.ohci_root_hubdsc
                0x000000008002766e       0x47 /usr/local/xenon/usr/lib/libxenon.a(ohci.o)
 .rodata.ohci_root_ifdsc
                0x00000000800276b5        0x9 /usr/local/xenon/usr/lib/libxenon.a(ohci.o)
 .rodata.ohci_xfer.str1.1
                0x00000000800276be        0x8 /usr/local/xenon/usr/lib/libxenon.a(ohci.o)
                                         0x11 (size before relaxing)
 *fill*         0x00000000800276c6        0x2 
 .rodata.eptattribs.4047
                0x00000000800276c8       0x10 /usr/local/xenon/usr/lib/libxenon.a(usbdebug.o)
 .rodata.getstringmaybe.str1.1
                0x00000000800276d8        0x8 /usr/local/xenon/usr/lib/libxenon.a(usbdebug.o)
                                          0x1 (size before relaxing)
 .rodata.str1.1
                0x00000000800276d8       0x1c /usr/local/xenon/usr/lib/libxenon.a(usbdebug.o)
 .rodata.usb_dbg_dumpdescriptors.str1.1
                0x00000000800276f4      0x4a8 /usr/local/xenon/usr/lib/libxenon.a(usbdebug.o)
 .rodata.usb_dbg_dumpportstatus.str1.1
                0x0000000080027b9c       0xd8 /usr/local/xenon/usr/lib/libxenon.a(usbdebug.o)
                                         0xdb (size before relaxing)
 .rodata.sfcx_init.str1.1
                0x0000000080027c74       0x7e /usr/local/xenon/usr/lib/libxenon.a(xenon_sfcx.o)
 *fill*         0x0000000080027cf2        0x2 
 .rodata        0x0000000080027cf4       0x34 /usr/local/xenon/lib/gcc/xenon/6.3.0/32/libgcc.a(unwind-dw2-fde-dip.o)
 .rodata.str1.4
                0x0000000080027d28       0x3f /usr/local/xenon/xenon/lib/32/libc.a(lib_a-assert.o)
                                         0x43 (size before relaxing)
 *fill*         0x0000000080027d67        0x1 
 .rodata.str1.4
                0x0000000080027d68        0xe /usr/local/xenon/xenon/lib/32/libc.a(lib_a-locale.o)
                                         0x12 (size before relaxing)
 *fill*         0x0000000080027d76        0x2 
 .rodata.str1.4
                0x0000000080027d78        0x2 /usr/local/xenon/xenon/lib/32/libc.a(lib_a-puts.o)
 *fill*         0x0000000080027d7a        0x2 
 .rodata        0x0000000080027d7c      0x184 /usr/local/xenon/xenon/lib/32/libc.a(lib_a-svfprintf.o)
 .rodata.cst4   0x0000000080027f00        0x4 /usr/local/xenon/xenon/lib/32/libc.a(lib_a-svfprintf.o)
 .rodata.cst8   0x0000000080027f00        0x8 /usr/local/xenon/xenon/lib/32/libc.a(lib_a-svfprintf.o)
 .rodata.str1.4
                0x0000000080027f08       0x42 /usr/local/xenon/xenon/lib/32/libc.a(lib_a-svfprintf.o)
 *fill*         0x0000000080027f4a        0x2 
 .rodata        0x0000000080027f4c      0x184 /usr/local/xenon/xenon/lib/32/libc.a(lib_a-vfiprintf.o)
 .rodata.cst4   0x00000000800280d0        0x8 /usr/local/xenon/xenon/lib/32/libc.a(lib_a-vfiprintf.o)
 .rodata.str1.4
                0x00000000800280d8       0x2f /usr/local/xenon/xenon/lib/32/libc.a(lib_a-vfiprintf.o)
 .rodata        0x00000000800280d8      0x184 /usr/local/xenon/xenon/lib/32/libc.a(lib_a-vfprintf.o)
 .rodata.cst4   0x000000008002825c        0x4 /usr/local/xenon/xenon/lib/32/libc.a(lib_a-vfprintf.o)
 .rodata.cst8   0x000000008002825c        0x8 /usr/local/xenon/xenon/lib/32/libc.a(lib_a-vfprintf.o)
 .rodata.str1.4
                0x000000008002825c       0x42 /usr/local/xenon/xenon/lib/32/libc.a(lib_a-vfprintf.o)
 .rodata        0x000000008002825c      0x101 /usr/local/xenon/xenon/lib/32/libc.a(lib_a-ctype_.o)
                0x000000008002825c                _ctype_
 *fill*         0x000000008002835d        0x3 
 .rodata.cst4   0x0000000080028360       0x18 /usr/local/xenon/xenon/lib/32/libc.a(lib_a-dtoa.o)
                                         0x1c (size before relaxing)
 .rodata.cst8   0x0000000080028378       0x18 /usr/local/xenon/xenon/lib/32/libc.a(lib_a-dtoa.o)
 .rodata.str1.4
                0x0000000080028390       0x10 /usr/local/xenon/xenon/lib/32/libc.a(lib_a-dtoa.o)
                                         0x12 (size before relaxing)
 .rodata        0x00000000800283a0      0x128 /usr/local/xenon/xenon/lib/32/libc.a(lib_a-mprec.o)
                0x00000000800283b0                __mprec_tens
                0x0000000080028478                __mprec_tinytens
                0x00000000800284a0                __mprec_bigtens
 .rodata.cst4   0x00000000800284c8        0x8 /usr/local/xenon/xenon/lib/32/libc.a(lib_a-mprec.o)
 .rodata        0x00000000800284c8      0x184 /usr/local/xenon/xenon/lib/32/libc.a(lib_a-svfiprintf.o)
 .rodata.str1.4
                0x000000008002864c       0x2f /usr/local/xenon/xenon/lib/32/libc.a(lib_a-svfiprintf.o)

.ctors          0x000000008002864c        0x0
                0x000000008002864c                __CTOR_LIST__ = .
 *(.ctors)
                0x000000008002864c                __CTOR_END__ = .

.dtors          0x000000008002864c        0x0
                0x000000008002864c                __DTOR_LIST__ = .
 *(.dtors)
                0x000000008002864c                __DTOR_END__ = .

.eh_frame_hdr   0x000000008002864c       0xe4
 *(.eh_frame_hdr)
 .eh_frame_hdr  0x000000008002864c       0xe4 /usr/local/xenon/lib/gcc/xenon/6.3.0/32/libgcc.a(crtsavgpr.o)
                0x000000008002864c                __GNU_EH_FRAME_HDR

.eh_frame       0x0000000080028730      0x5e8
                0x0000000080028730                PROVIDE (__eh_frame_start, .)
 *(.eh_frame)
 .eh_frame      0x0000000080028730        0x0 /usr/local/xenon/lib/gcc/xenon/6.3.0/../../../../xenon/lib/../lib/crt1.o
 .eh_frame      0x0000000080028730       0x28 /usr/local/xenon/lib/gcc/xenon/6.3.0/32/libgcc.a(crtsavgpr.o)
 .eh_frame      0x0000000080028758       0x7c /usr/local/xenon/lib/gcc/xenon/6.3.0/32/libgcc.a(crtresxgpr.o)
 .eh_frame      0x00000000800287d4      0x4b8 /usr/local/xenon/lib/gcc/xenon/6.3.0/32/libgcc.a(unwind-dw2-fde-dip.o)
                                        0x4cc (size before relaxing)
 .eh_frame      0x0000000080028c8c       0x40 /usr/local/xenon/lib/gcc/xenon/6.3.0/32/libgcc.a(_udivdi3.o)
                                         0x54 (size before relaxing)
 .eh_frame      0x0000000080028ccc       0x44 /usr/local/xenon/lib/gcc/xenon/6.3.0/32/libgcc.a(_umoddi3.o)
                                         0x58 (size before relaxing)
 .eh_frame      0x0000000080028d10        0x4 /usr/local/xenon/lib/gcc/xenon/6.3.0/32/crtend.o
                0x0000000080028d14        0x4 LONG 0x0

.rela.dyn       0x0000000080028d18        0x0
 .rela.iplt     0x0000000080028d18        0x0 /usr/local/xenon/lib/gcc/xenon/6.3.0/../../../../xenon/lib/../lib/crt1.o
 .rela.text.call_ctors
                0x0000000080028d18        0x0 /usr/local/xenon/lib/gcc/xenon/6.3.0/../../../../xenon/lib/../lib/crt1.o
 .rela.text.c_register_frame
                0x0000000080028d18        0x0 /usr/local/xenon/lib/gcc/xenon/6.3.0/../../../../xenon/lib/../lib/crt1.o
 .rela.text.__crtmain
                0x0000000080028d18        0x0 /usr/local/xenon/lib/gcc/xenon/6.3.0/../../../../xenon/lib/../lib/crt1.o
 .rela.text     0x0000000080028d18        0x0 /usr/local/xenon/lib/gcc/xenon/6.3.0/../../../../xenon/lib/../lib/crt1.o
 .rela.text.__check_argv
                0x0000000080028d18        0x0 /usr/local/xenon/lib/gcc/xenon/6.3.0/../../../../xenon/lib/../lib/crt1.o
 .rela.text.console_init
                0x0000000080028d18        0x0 /usr/local/xenon/lib/gcc/xenon/6.3.0/../../../../xenon/lib/../lib/crt1.o
 .rela.text.console_close
                0x0000000080028d18        0x0 /usr/local/xenon/lib/gcc/xenon/6.3.0/../../../../xenon/lib/../lib/crt1.o
 .rela.text.__dirreset
                0x0000000080028d18        0x0 /usr/local/xenon/lib/gcc/xenon/6.3.0/../../../../xenon/lib/../lib/crt1.o
 .rela.text.__dirnext
                0x0000000080028d18        0x0 /usr/local/xenon/lib/gcc/xenon/6.3.0/../../../../xenon/lib/../lib/crt1.o
 .rela.text.__libc_lock_init
                0x0000000080028d18        0x0 /usr/local/xenon/lib/gcc/xenon/6.3.0/../../../../xenon/lib/../lib/crt1.o
 .rela.text.__libc_lock_close
                0x0000000080028d18        0x0 /usr/local/xenon/lib/gcc/xenon/6.3.0/../../../../xenon/lib/../lib/crt1.o
 .rela.text.__libc_lock_release
                0x0000000080028d18        0x0 /usr/local/xenon/lib/gcc/xenon/6.3.0/../../../../xenon/lib/../lib/crt1.o
 .rela.text.__libc_lock_acquire
                0x0000000080028d18        0x0 /usr/local/xenon/lib/gcc/xenon/6.3.0/../../../../xenon/lib/../lib/crt1.o
 .rela.text.__malloc_lock
                0x0000000080028d18        0x0 /usr/local/xenon/lib/gcc/xenon/6.3.0/../../../../xenon/lib/../lib/crt1.o
 .rela.text.__malloc_unlock
                0x0000000080028d18        0x0 /usr/local/xenon/lib/gcc/xenon/6.3.0/../../../../xenon/lib/../lib/crt1.o
 .rela.text._exit
                0x0000000080028d18        0x0 /usr/local/xenon/lib/gcc/xenon/6.3.0/../../../../xenon/lib/../lib/crt1.o
 .rela.text.sbrk
                0x0000000080028d18        0x0 /usr/local/xenon/lib/gcc/xenon/6.3.0/../../../../xenon/lib/../lib/crt1.o
 .rela.text.execve
                0x0000000080028d18        0x0 /usr/local/xenon/lib/gcc/xenon/6.3.0/../../../../xenon/lib/../lib/crt1.o
 .rela.text.execv
                0x0000000080028d18        0x0 /usr/local/xenon/lib/gcc/xenon/6.3.0/../../../../xenon/lib/../lib/crt1.o
 .rela.text.execvp
                0x0000000080028d18        0x0 /usr/local/xenon/lib/gcc/xenon/6.3.0/../../../../xenon/lib/../lib/crt1.o
 .rela.text.fork
                0x0000000080028d18        0x0 /usr/local/xenon/lib/gcc/xenon/6.3.0/../../../../xenon/lib/../lib/crt1.o
 .rela.text.getpid
                0x0000000080028d18        0x0 /usr/local/xenon/lib/gcc/xenon/6.3.0/../../../../xenon/lib/../lib/crt1.o
 .rela.text.getrusage
                0x0000000080028d18        0x0 /usr/local/xenon/lib/gcc/xenon/6.3.0/../../../../xenon/lib/../lib/crt1.o
 .rela.text.gettimeofday
                0x0000000080028d18        0x0 /usr/local/xenon/lib/gcc/xenon/6.3.0/../../../../xenon/lib/../lib/crt1.o
 .rela.text.kill
                0x0000000080028d18        0x0 /usr/local/xenon/lib/gcc/xenon/6.3.0/../../../../xenon/lib/../lib/crt1.o
 .rela.text.open
                0x0000000080028d18        0x0 /usr/local/xenon/lib/gcc/xenon/6.3.0/../../../../xenon/lib/../lib/crt1.o
 .rela.text.read
                0x0000000080028d18        0x0 /usr/local/xenon/lib/gcc/xenon/6.3.0/../../../../xenon/lib/../lib/crt1.o
 .rela.text.write
                0x0000000080028d18        0x0 /usr/local/xenon/lib/gcc/xenon/6.3.0/../../../../xenon/lib/../lib/crt1.o
 .rela.text.fstat
                0x0000000080028d18        0x0 /usr/local/xenon/lib/gcc/xenon/6.3.0/../../../../xenon/lib/../lib/crt1.o
 .rela.text.stat
                0x0000000080028d18        0x0 /usr/local/xenon/lib/gcc/xenon/6.3.0/../../../../xenon/lib/../lib/crt1.o
 .rela.text.statvfs
                0x0000000080028d18        0x0 /usr/local/xenon/lib/gcc/xenon/6.3.0/../../../../xenon/lib/../lib/crt1.o
 .rela.text.fsync
                0x0000000080028d18        0x0 /usr/local/xenon/lib/gcc/xenon/6.3.0/../../../../xenon/lib/../lib/crt1.o
 .rela.text.ftruncate
                0x0000000080028d18        0x0 /usr/local/xenon/lib/gcc/xenon/6.3.0/../../../../xenon/lib/../lib/crt1.o
 .rela.text.link
                0x0000000080028d18        0x0 /usr/local/xenon/lib/gcc/xenon/6.3.0/../../../../xenon/lib/../lib/crt1.o
 .rela.text.lseek
                0x0000000080028d18        0x0 /usr/local/xenon/lib/gcc/xenon/6.3.0/../../../../xenon/lib/../lib/crt1.o
 .rela.text.rename
                0x0000000080028d18        0x0 /usr/local/xenon/lib/gcc/xenon/6.3.0/../../../../xenon/lib/../lib/crt1.o
 .rela.text.unlink
                0x0000000080028d18        0x0 /usr/local/xenon/lib/gcc/xenon/6.3.0/../../../../xenon/lib/../lib/crt1.o
 .rela.text.close
                0x0000000080028d18        0x0 /usr/local/xenon/lib/gcc/xenon/6.3.0/../../../../xenon/lib/../lib/crt1.o
 .rela.text.chdir
                0x0000000080028d18        0x0 /usr/local/xenon/lib/gcc/xenon/6.3.0/../../../../xenon/lib/../lib/crt1.o
 .rela.text.getcwd
                0x0000000080028d18        0x0 /usr/local/xenon/lib/gcc/xenon/6.3.0/../../../../xenon/lib/../lib/crt1.o
 .rela.text.chmod
                0x0000000080028d18        0x0 /usr/local/xenon/lib/gcc/xenon/6.3.0/../../../../xenon/lib/../lib/crt1.o
 .rela.text.fchmod
                0x0000000080028d18        0x0 /usr/local/xenon/lib/gcc/xenon/6.3.0/../../../../xenon/lib/../lib/crt1.o
 .rela.text.opendir
                0x0000000080028d18        0x0 /usr/local/xenon/lib/gcc/xenon/6.3.0/../../../../xenon/lib/../lib/crt1.o
 .rela.text.closedir
                0x0000000080028d18        0x0 /usr/local/xenon/lib/gcc/xenon/6.3.0/../../../../xenon/lib/../lib/crt1.o
 .rela.text.mkdir
                0x0000000080028d18        0x0 /usr/local/xenon/lib/gcc/xenon/6.3.0/../../../../xenon/lib/../lib/crt1.o
 .rela.text.xenon_sbrk
                0x0000000080028d18        0x0 /usr/local/xenon/lib/gcc/xenon/6.3.0/../../../../xenon/lib/../lib/crt1.o
 .rela.text.kmem_init
                0x0000000080028d18        0x0 /usr/local/xenon/lib/gcc/xenon/6.3.0/../../../../xenon/lib/../lib/crt1.o
 .rela.text.usbctrl_set_led_callback
                0x0000000080028d18        0x0 /usr/local/xenon/lib/gcc/xenon/6.3.0/../../../../xenon/lib/../lib/crt1.o
 .rela.text.usbctrl_set_rol
                0x0000000080028d18        0x0 /usr/local/xenon/lib/gcc/xenon/6.3.0/../../../../xenon/lib/../lib/crt1.o
 .rela.text.usbctrl_set_leds
                0x0000000080028d18        0x0 /usr/local/xenon/lib/gcc/xenon/6.3.0/../../../../xenon/lib/../lib/crt1.o
 .rela.text.usbctrl_poll
                0x0000000080028d18        0x0 /usr/local/xenon/lib/gcc/xenon/6.3.0/../../../../xenon/lib/../lib/crt1.o
 .rela.text.usbctrl_attach
                0x0000000080028d18        0x0 /usr/local/xenon/lib/gcc/xenon/6.3.0/../../../../xenon/lib/../lib/crt1.o
 .rela.text.usbctrl_set_rumble
                0x0000000080028d18        0x0 /usr/local/xenon/lib/gcc/xenon/6.3.0/../../../../xenon/lib/../lib/crt1.o
 .rela.text.usb_create_pipe
                0x0000000080028d18        0x0 /usr/local/xenon/lib/gcc/xenon/6.3.0/../../../../xenon/lib/../lib/crt1.o
 .rela.text.usb_destroy_pipe
                0x0000000080028d18        0x0 /usr/local/xenon/lib/gcc/xenon/6.3.0/../../../../xenon/lib/../lib/crt1.o
 .rela.text.usb_destroy_all_pipes
                0x0000000080028d18        0x0 /usr/local/xenon/lib/gcc/xenon/6.3.0/../../../../xenon/lib/../lib/crt1.o
 .rela.text.usb_destroy_device
                0x0000000080028d18        0x0 /usr/local/xenon/lib/gcc/xenon/6.3.0/../../../../xenon/lib/../lib/crt1.o
 .rela.text.usb_create_device
                0x0000000080028d18        0x0 /usr/local/xenon/lib/gcc/xenon/6.3.0/../../../../xenon/lib/../lib/crt1.o
 .rela.text.usb_make_request
                0x0000000080028d18        0x0 /usr/local/xenon/lib/gcc/xenon/6.3.0/../../../../xenon/lib/../lib/crt1.o
 .rela.text.usb_free_request
                0x0000000080028d18        0x0 /usr/local/xenon/lib/gcc/xenon/6.3.0/../../../../xenon/lib/../lib/crt1.o
 .rela.text.usb_clear_stall
                0x0000000080028d18        0x0 /usr/local/xenon/lib/gcc/xenon/6.3.0/../../../../xenon/lib/../lib/crt1.o
 .rela.text.usb_std_request
                0x0000000080028d18        0x0 /usr/local/xenon/lib/gcc/xenon/6.3.0/../../../../xenon/lib/../lib/crt1.o
 .rela.text.usb_get_string
                0x0000000080028d18        0x0 /usr/local/xenon/lib/gcc/xenon/6.3.0/../../../../xenon/lib/../lib/crt1.o
 .rela.text.usb_get_device_descriptor
                0x0000000080028d18        0x0 /usr/local/xenon/lib/gcc/xenon/6.3.0/../../../../xenon/lib/../lib/crt1.o
 .rela.text.usb_get_config_descriptor
                0x0000000080028d18        0x0 /usr/local/xenon/lib/gcc/xenon/6.3.0/../../../../xenon/lib/../lib/crt1.o
 .rela.text.usb_initroot
                0x0000000080028d18        0x0 /usr/local/xenon/lib/gcc/xenon/6.3.0/../../../../xenon/lib/../lib/crt1.o
 .rela.data.usb_drivers
                0x0000000080028d18        0x0 /usr/local/xenon/lib/gcc/xenon/6.3.0/../../../../xenon/lib/../lib/crt1.o
 .rela.text.usbhid_attach
                0x0000000080028d18        0x0 /usr/local/xenon/lib/gcc/xenon/6.3.0/../../../../xenon/lib/../lib/crt1.o
 .rela.text.usbhub_detach
                0x0000000080028d18        0x0 /usr/local/xenon/lib/gcc/xenon/6.3.0/../../../../xenon/lib/../lib/crt1.o
 .rela.text.usbhub_attach
                0x0000000080028d18        0x0 /usr/local/xenon/lib/gcc/xenon/6.3.0/../../../../xenon/lib/../lib/crt1.o
 .rela.text.usbhub_scan1
                0x0000000080028d18        0x0 /usr/local/xenon/lib/gcc/xenon/6.3.0/../../../../xenon/lib/../lib/crt1.o
 .rela.text.usb_init_one_ohci
                0x0000000080028d18        0x0 /usr/local/xenon/lib/gcc/xenon/6.3.0/../../../../xenon/lib/../lib/crt1.o
 .rela.text.usb_do_poll
                0x0000000080028d18        0x0 /usr/local/xenon/lib/gcc/xenon/6.3.0/../../../../xenon/lib/../lib/crt1.o
 .rela.text.EHCI_do_one
                0x0000000080028d18        0x0 /usr/local/xenon/lib/gcc/xenon/6.3.0/../../../../xenon/lib/../lib/crt1.o
 .rela.text.USBStorage_Init
                0x0000000080028d18        0x0 /usr/local/xenon/lib/gcc/xenon/6.3.0/../../../../xenon/lib/../lib/crt1.o
 .rela.text.seems_valid
                0x0000000080028d18        0x0 /usr/local/xenon/lib/gcc/xenon/6.3.0/../../../../xenon/lib/../lib/crt1.o
 .rela.text.stack_trace
                0x0000000080028d18        0x0 /usr/local/xenon/lib/gcc/xenon/6.3.0/../../../../xenon/lib/../lib/crt1.o
 .rela.text.xenon_config_init
                0x0000000080028d18        0x0 /usr/local/xenon/lib/gcc/xenon/6.3.0/../../../../xenon/lib/../lib/crt1.o
 .rela.text.enet_init
                0x0000000080028d18        0x0 /usr/local/xenon/lib/gcc/xenon/6.3.0/../../../../xenon/lib/../lib/crt1.o
 .rela.text.enet_poll
                0x0000000080028d18        0x0 /usr/local/xenon/lib/gcc/xenon/6.3.0/../../../../xenon/lib/../lib/crt1.o
 .rela.text.updateXeLL
                0x0000000080028d18        0x0 /usr/local/xenon/lib/gcc/xenon/6.3.0/../../../../xenon/lib/../lib/crt1.o
 .rela.text._ohci_dma_alloc
                0x0000000080028d18        0x0 /usr/local/xenon/lib/gcc/xenon/6.3.0/../../../../xenon/lib/../lib/crt1.o
 .rela.text.ohci_create
                0x0000000080028d18        0x0 /usr/local/xenon/lib/gcc/xenon/6.3.0/../../../../xenon/lib/../lib/crt1.o
 .rela.text.rawflash_checkImage_meta
                0x0000000080028d18        0x0 /usr/local/xenon/lib/gcc/xenon/6.3.0/../../../../xenon/lib/../lib/crt1.o
 .rela.text.rawflash_checkImage_ecd
                0x0000000080028d18        0x0 /usr/local/xenon/lib/gcc/xenon/6.3.0/../../../../xenon/lib/../lib/crt1.o
 .rela.text.rawflash_writeImage
                0x0000000080028d18        0x0 /usr/local/xenon/lib/gcc/xenon/6.3.0/../../../../xenon/lib/../lib/crt1.o
 .rela.text.rawflash_checkImage