Archive member included to satisfy reference by file (symbol)

/usr/local/xenon/usr/lib/libxenon.a(argv.o)
                              /usr/local/xenon/lib/gcc/xenon/6.3.0/../../../../xenon/lib/../lib/crt1.o (__check_argv)
/usr/local/xenon/usr/lib/libxenon.a(startup_from_xell.o)
                              (_start)
/usr/local/xenon/usr/lib/libxenon.a(console.o)
                              main.o (console_init)
/usr/local/xenon/usr/lib/libxenon.a(input.o)
                              main.o (get_controller_data)
/usr/local/xenon/usr/lib/libxenon.a(newlib.o)
                              /usr/local/xenon/usr/lib/libxenon.a(console.o) (stdout_hook)
/usr/local/xenon/usr/lib/libxenon.a(xenon_syscalls.o)
                              /usr/local/xenon/usr/lib/libxenon.a(newlib.o) (__syscalls)
/usr/local/xenon/usr/lib/libxenon.a(lib_malloc.o)
                              main.o (kmem_init)
/usr/local/xenon/usr/lib/libxenon.a(atomic.o)
                              /usr/local/xenon/usr/lib/libxenon.a(startup_from_xell.o) (atomic_clearset)
/usr/local/xenon/usr/lib/libxenon.a(cache.o)
                              /usr/local/xenon/usr/lib/libxenon.a(console.o) (memdcbst)
/usr/local/xenon/usr/lib/libxenon.a(except.o)
                              /usr/local/xenon/usr/lib/libxenon.a(startup_from_xell.o) (secondary_lock)
/usr/local/xenon/usr/lib/libxenon.a(c_except.o)
                              /usr/local/xenon/usr/lib/libxenon.a(except.o) (crashdump)
/usr/local/xenon/usr/lib/libxenon.a(vm.o)
                              /usr/local/xenon/usr/lib/libxenon.a(except.o) (vm_segfault_handler)
/usr/local/xenon/usr/lib/libxenon.a(time.o)
                              /usr/local/xenon/usr/lib/libxenon.a(c_except.o) (delay)
/usr/local/xenon/usr/lib/libxenon.a(usbctrl.o)
                              /usr/local/xenon/usr/lib/libxenon.a(input.o) (usbctrl_set_rumble)
/usr/local/xenon/usr/lib/libxenon.a(usbd.o)
                              /usr/local/xenon/usr/lib/libxenon.a(usbctrl.o) (usb_open_pipe)
/usr/local/xenon/usr/lib/libxenon.a(usbdevs.o)
                              /usr/local/xenon/usr/lib/libxenon.a(usbd.o) (usb_find_driver)
/usr/local/xenon/usr/lib/libxenon.a(usbhid.o)
                              /usr/local/xenon/usr/lib/libxenon.a(usbdevs.o) (usbhid_driver)
/usr/local/xenon/usr/lib/libxenon.a(usbhub.o)
                              /usr/local/xenon/usr/lib/libxenon.a(usbd.o) (usb_scan)
/usr/local/xenon/usr/lib/libxenon.a(usbmain.o)
                              /usr/local/xenon/usr/lib/libxenon.a(xenon_syscalls.o) (usb_shutdown)
/usr/local/xenon/usr/lib/libxenon.a(tinyehci.o)
                              /usr/local/xenon/usr/lib/libxenon.a(usbmain.o) (USBStorage_Init)
/usr/local/xenon/usr/lib/libxenon.a(debug.o)
                              /usr/local/xenon/usr/lib/libxenon.a(xenon_syscalls.o) (data_breakpoint)
/usr/local/xenon/usr/lib/libxenon.a(xenon_smc.o)
                              main.o (xenon_smc_send_message)
/usr/local/xenon/usr/lib/libxenon.a(xenon_power.o)
                              /usr/local/xenon/usr/lib/libxenon.a(xenon_syscalls.o) (xenon_is_thread_task_running)
/usr/local/xenon/usr/lib/libxenon.a(xenon_uart.o)
                              /usr/local/xenon/usr/lib/libxenon.a(newlib.o) (putch)
/usr/local/xenon/usr/lib/libxenon.a(xenon_config.o)
                              /usr/local/xenon/usr/lib/libxenon.a(xenon_power.o) (xenon_config_init)
/usr/local/xenon/usr/lib/libxenon.a(xenos.o)
                              main.o (xenos_init)
/usr/local/xenon/usr/lib/libxenon.a(xenos_edid.o)
                              /usr/local/xenon/usr/lib/libxenon.a(xenos.o) (xenos_get_edid)
/usr/local/xenon/usr/lib/libxenon.a(enet.o)
                              /usr/local/xenon/usr/lib/libxenon.a(xenon_syscalls.o) (enet_quiesce)
/usr/local/xenon/usr/lib/libxenon.a(xb360.o)
                              /usr/local/xenon/usr/lib/libxenon.a(xenos.o) (xenon_get_XenosID)
/usr/local/xenon/usr/lib/libxenon.a(dummy.o)
                              /usr/local/xenon/usr/lib/libxenon.a(usbdevs.o) (dummy_driver)
/usr/local/xenon/usr/lib/libxenon.a(ohci.o)
                              /usr/local/xenon/usr/lib/libxenon.a(usbmain.o) (ohci_driver)
/usr/local/xenon/usr/lib/libxenon.a(usbdebug.o)
                              /usr/local/xenon/usr/lib/libxenon.a(usbhub.o) (usb_dbg_dumpportstatus)
/usr/local/xenon/usr/lib/libxenon.a(usb_os.o)
                              /usr/local/xenon/usr/lib/libxenon.a(tinyehci.o) (ehci_maligned)
/usr/local/xenon/usr/lib/libxenon.a(xenon_gpio.o)
                              /usr/local/xenon/usr/lib/libxenon.a(enet.o) (xenon_gpio_control)
/usr/local/xenon/usr/lib/libxenon.a(cpusleep.o)
                              /usr/local/xenon/usr/lib/libxenon.a(xenon_power.o) (cpusleep)
/usr/local/xenon/usr/lib/libxenon.a(xenon_secotp.o)
                              /usr/local/xenon/usr/lib/libxenon.a(xb360.o) (xenon_secotp_read_line)
/usr/local/xenon/usr/lib/libxenon.a(xenon_sfcx.o)
[...]
Memory Configuration

Name             Origin             Length             Attributes
*default*        0x0000000000000000 0xffffffffffffffff

Linker script and memory map

LOAD /usr/local/xenon/lib/gcc/xenon/6.3.0/../../../../xenon/lib/../lib/crt1.o
LOAD /usr/local/xenon/lib/gcc/xenon/6.3.0/../../../../xenon/lib/../lib/crti.o
LOAD /usr/local/xenon/lib/gcc/xenon/6.3.0/32/crtbegin.o
LOAD main.o
LOAD /usr/local/xenon/usr/lib/libxenon.a
LOAD /usr/local/xenon/xenon/lib/32/libm.a
LOAD /usr/local/xenon/lib/gcc/xenon/6.3.0/32/libgcc.a
LOAD /usr/local/xenon/xenon/lib/32/libc.a
LOAD /usr/local/xenon/lib/gcc/xenon/6.3.0/32/libgcc.a
LOAD /usr/local/xenon/lib/gcc/xenon/6.3.0/32/crtend.o
LOAD /usr/local/xenon/lib/gcc/xenon/6.3.0/../../../../xenon/lib/../lib/crtn.o
                0x0000000080000000                . = 0x80000000

.text           0x0000000080000000    0x1ccc4
 *(.except*)
 .except        0x0000000080000000     0x1e30 /usr/local/xenon/usr/lib/libxenon.a(except.o)
                0x0000000080000000                secondary_lock
                0x0000000080000000                exc_base
                0x0000000080000004                secondary_alive
 *(.pagetable)
 .pagetable     0x0000000080001e30       0x40 /usr/local/xenon/usr/lib/libxenon.a(vm.o)
                0x0000000080001e30                pagetable
                0x0000000080001e70                pagetable_end = .
 *(.init*)
 .init          0x0000000080001e70        0xc /usr/local/xenon/lib/gcc/xenon/6.3.0/../../../../xenon/lib/../lib/crti.o
                0x0000000080001e70                _init
 *(.fini*)
 .fini          0x0000000080001e7c        0xc /usr/local/xenon/lib/gcc/xenon/6.3.0/../../../../xenon/lib/../lib/crti.o
                0x0000000080001e7c                _fini
 *(.text*)
 .text.call_ctors
                0x0000000080001e88       0x48 /usr/local/xenon/lib/gcc/xenon/6.3.0/../../../../xenon/lib/../lib/crt1.o
                0x0000000080001e88                call_ctors
 .text.c_register_frame
                0x0000000080001ed0        0xc /usr/local/xenon/lib/gcc/xenon/6.3.0/../../../../xenon/lib/../lib/crt1.o
                0x0000000080001ed0                c_register_frame
 .text.__crtmain
                0x0000000080001edc       0x2c /usr/local/xenon/lib/gcc/xenon/6.3.0/../../../../xenon/lib/../lib/crt1.o
                0x0000000080001edc                __crtmain
 .text.getTemp  0x0000000080001f08      0x1f8 main.o
                0x0000000080001f08                getTemp
 .text.startup.main
                0x0000000080002100      0x110 main.o
                0x0000000080002100                main
 .text.__check_argv
                0x0000000080002210       0x28 /usr/local/xenon/usr/lib/libxenon.a(argv.o)
                0x0000000080002210                __check_argv
 *fill*         0x0000000080002238       0xc8 
 .text          0x0000000080002300      0x2f4 /usr/local/xenon/usr/lib/libxenon.a(startup_from_xell.o)
                0x0000000080002300                _start
                0x00000000800024f8                wait
                0x0000000080002580                return_to_xell
 .text.console_clrscr
                0x00000000800025f4       0x7c /usr/local/xenon/usr/lib/libxenon.a(console.o)
                0x00000000800025f4                console_clrscr
 .text.console_newline
                0x0000000080002670       0xd4 /usr/local/xenon/usr/lib/libxenon.a(console.o)
                0x0000000080002670                console_newline
 .text.console_putch
                0x0000000080002744      0x184 /usr/local/xenon/usr/lib/libxenon.a(console.o)
                0x0000000080002744                console_putch
 .text.console_stdout_hook
                0x00000000800028c8       0x3c /usr/local/xenon/usr/lib/libxenon.a(console.o)
 .text.console_init
                0x0000000080002904      0x148 /usr/local/xenon/usr/lib/libxenon.a(console.o)
                0x0000000080002904                console_init
 .text.console_set_colors
                0x0000000080002a4c       0x14 /usr/local/xenon/usr/lib/libxenon.a(console.o)
                0x0000000080002a4c                console_set_colors
 .text.get_controller_data
                0x0000000080002a60       0x5c /usr/local/xenon/usr/lib/libxenon.a(input.o)
                0x0000000080002a60                get_controller_data
 .text.set_controller_data
                0x0000000080002abc       0x50 /usr/local/xenon/usr/lib/libxenon.a(input.o)
                0x0000000080002abc                set_controller_data
 .text.vfs_console_write
                0x0000000080002b0c       0x88 /usr/local/xenon/usr/lib/libxenon.a(newlib.o)
                0x0000000080002b0c                vfs_console_write
 .text.__malloc_lock
                0x0000000080002b94       0x18 /usr/local/xenon/usr/lib/libxenon.a(newlib.o)
                0x0000000080002b94                __malloc_lock
 .text.__malloc_unlock
                0x0000000080002bac       0x18 /usr/local/xenon/usr/lib/libxenon.a(newlib.o)
                0x0000000080002bac                __malloc_unlock
 .text._exit    0x0000000080002bc4       0x2c /usr/local/xenon/usr/lib/libxenon.a(newlib.o)
                0x0000000080002bc4                _exit
 .text.sbrk     0x0000000080002bf0       0x34 /usr/local/xenon/usr/lib/libxenon.a(newlib.o)
                0x0000000080002bf0                sbrk
 .text.abort    0x0000000080002c24       0x2c /usr/local/xenon/usr/lib/libxenon.a(newlib.o)
                0x0000000080002c24                abort
 .text.isatty   0x0000000080002c50        0x8 /usr/local/xenon/usr/lib/libxenon.a(newlib.o)
                0x0000000080002c50                isatty
 .text.__release_handle
                0x0000000080002c58       0x4c /usr/local/xenon/usr/lib/libxenon.a(newlib.o)
                0x0000000080002c58                __release_handle
 .text.__get_handle
                0x0000000080002ca4       0x28 /usr/local/xenon/usr/lib/libxenon.a(newlib.o)
                0x0000000080002ca4                __get_handle
 .text.read     0x0000000080002ccc       0xa4 /usr/local/xenon/usr/lib/libxenon.a(newlib.o)
                0x0000000080002ccc                read
 .text.write    0x0000000080002d70       0xb0 /usr/local/xenon/usr/lib/libxenon.a(newlib.o)
                0x0000000080002d70                write
 .text.fstat    0x0000000080002e20       0xa0 /usr/local/xenon/usr/lib/libxenon.a(newlib.o)
                0x0000000080002e20                fstat
 .text.lseek    0x0000000080002ec0       0xa4 /usr/local/xenon/usr/lib/libxenon.a(newlib.o)
                0x0000000080002ec0                lseek
 .text.close    0x0000000080002f64       0x88 /usr/local/xenon/usr/lib/libxenon.a(newlib.o)
                0x0000000080002f64                close
 .text.xenon_sbrk
                0x0000000080002fec       0x2c /usr/local/xenon/usr/lib/libxenon.a(xenon_syscalls.o)
 .text.xenon_gettimeofday
                0x0000000080003018       0xa4 /usr/local/xenon/usr/lib/libxenon.a(xenon_syscalls.o)
 .text.xenon_malloc_unlock
                0x00000000800030bc       0xc4 /usr/local/xenon/usr/lib/libxenon.a(xenon_syscalls.o)
 .text.xenon_malloc_lock
                0x0000000080003180       0xf0 /usr/local/xenon/usr/lib/libxenon.a(xenon_syscalls.o)
 .text.shutdown_drivers
                0x0000000080003270       0x30 /usr/local/xenon/usr/lib/libxenon.a(xenon_syscalls.o)
                0x0000000080003270                shutdown_drivers
 .text.try_return_to_xell
                0x00000000800032a0       0x64 /usr/local/xenon/usr/lib/libxenon.a(xenon_syscalls.o)
                0x00000000800032a0                try_return_to_xell
 .text.xenon_exit
                0x0000000080003304      0x154 /usr/local/xenon/usr/lib/libxenon.a(xenon_syscalls.o)
 .text.kfree    0x0000000080003458       0xb4 /usr/local/xenon/usr/lib/libxenon.a(lib_malloc.o)
                0x0000000080003458                kfree
 .text.lib_outofmemory
                0x000000008000350c        0xc /usr/local/xenon/usr/lib/libxenon.a(lib_malloc.o)
                0x000000008000350c                lib_outofmemory
 .text.kmalloc  0x0000000080003518      0x130 /usr/local/xenon/usr/lib/libxenon.a(lib_malloc.o)
                0x0000000080003518                kmalloc
 .text.kmem_init
                0x0000000080003648       0x70 /usr/local/xenon/usr/lib/libxenon.a(lib_malloc.o)
                0x0000000080003648                kmem_init
 .text          0x00000000800036b8       0x94 /usr/local/xenon/usr/lib/libxenon.a(atomic.o)
                0x00000000800036b8                atomic_inc
                0x00000000800036cc                atomic_dec
                0x00000000800036e0                atomic_clearset
                0x00000000800036f8                lock
                0x0000000080003734                unlock
 .text          0x000000008000374c       0xa8 /usr/local/xenon/usr/lib/libxenon.a(cache.o)
                0x000000008000374c                memdcbt
                0x0000000080003774                memdcbst
                0x000000008000379c                memdcbf
                0x00000000800037c4                memicbi
 .text.flush_console
                0x00000000800037f4       0x48 /usr/local/xenon/usr/lib/libxenon.a(c_except.o)
 .text.crashdump
                0x000000008000383c      0x2b4 /usr/local/xenon/usr/lib/libxenon.a(c_except.o)
                0x000000008000383c                crashdump
 .text.tdelay   0x0000000080003af0       0x50 /usr/local/xenon/usr/lib/libxenon.a(time.o)
 .text.udelay   0x0000000080003b40       0x24 /usr/local/xenon/usr/lib/libxenon.a(time.o)
                0x0000000080003b40                udelay
 .text.mdelay   0x0000000080003b64       0x18 /usr/local/xenon/usr/lib/libxenon.a(time.o)
                0x0000000080003b64                mdelay
 .text.delay    0x0000000080003b7c       0x18 /usr/local/xenon/usr/lib/libxenon.a(time.o)
                0x0000000080003b7c                delay
 .text.usbctrl_queue_intreq
                0x0000000080003b94       0x4c /usr/local/xenon/usr/lib/libxenon.a(usbctrl.o)
 .text.usbctrl_set_led_callback
                0x0000000080003be0       0x38 /usr/local/xenon/usr/lib/libxenon.a(usbctrl.o)
 .text.usbctrl_set_rol
                0x0000000080003c18       0x2c /usr/local/xenon/usr/lib/libxenon.a(usbctrl.o)
                0x0000000080003c18                usbctrl_set_rol
 .text.usbctrl_detach
                0x0000000080003c44       0x88 /usr/local/xenon/usr/lib/libxenon.a(usbctrl.o)
 .text.usbctrl_set_leds
                0x0000000080003ccc      0x120 /usr/local/xenon/usr/lib/libxenon.a(usbctrl.o)
                0x0000000080003ccc                usbctrl_set_leds
 .text.usbctrl_ireq_callback
                0x0000000080003dec      0x260 /usr/local/xenon/usr/lib/libxenon.a(usbctrl.o)
 .text.usbctrl_poll
                0x000000008000404c       0xc0 /usr/local/xenon/usr/lib/libxenon.a(usbctrl.o)
                0x000000008000404c                usbctrl_poll
 .text.usbctrl_attach
                0x000000008000410c      0x2f8 /usr/local/xenon/usr/lib/libxenon.a(usbctrl.o)
 .text.usb_create_pipe
                0x0000000080004404       0xcc /usr/local/xenon/usr/lib/libxenon.a(usbd.o)
                0x0000000080004404                usb_create_pipe
 .text.usb_open_pipe
                0x00000000800044d0       0x78 /usr/local/xenon/usr/lib/libxenon.a(usbd.o)
                0x00000000800044d0                usb_open_pipe
 .text.usb_destroy_all_pipes
                0x0000000080004548       0x74 /usr/local/xenon/usr/lib/libxenon.a(usbd.o)
                0x0000000080004548                usb_destroy_all_pipes
 .text.usb_destroy_device
                0x00000000800045bc       0x50 /usr/local/xenon/usr/lib/libxenon.a(usbd.o)
                0x00000000800045bc                usb_destroy_device
 .text.usb_create_device
                0x000000008000460c       0x80 /usr/local/xenon/usr/lib/libxenon.a(usbd.o)
                0x000000008000460c                usb_create_device
 .text.usb_make_request
                0x000000008000468c       0x8c /usr/local/xenon/usr/lib/libxenon.a(usbd.o)
                0x000000008000468c                usb_make_request
 .text.usb_poll
                0x0000000080004718       0x10 /usr/local/xenon/usr/lib/libxenon.a(usbd.o)
                0x0000000080004718                usb_poll
 .text.usb_daemon
                0x0000000080004728       0x18 /usr/local/xenon/usr/lib/libxenon.a(usbd.o)
                0x0000000080004728                usb_daemon
 .text.usb_free_request
                0x0000000080004740       0x28 /usr/local/xenon/usr/lib/libxenon.a(usbd.o)
                0x0000000080004740                usb_free_request
 .text.usb_delay_ms
                0x0000000080004768        0x8 /usr/local/xenon/usr/lib/libxenon.a(usbd.o)
                0x0000000080004768                usb_delay_ms
 .text.usb_queue_request
                0x0000000080004770       0x34 /usr/local/xenon/usr/lib/libxenon.a(usbd.o)
                0x0000000080004770                usb_queue_request
 .text.usb_wait_request
                0x00000000800047a4       0x3c /usr/local/xenon/usr/lib/libxenon.a(usbd.o)
                0x00000000800047a4                usb_wait_request
 .text.usb_sync_request
                0x00000000800047e0       0x30 /usr/local/xenon/usr/lib/libxenon.a(usbd.o)
                0x00000000800047e0                usb_sync_request
 .text.usb_new_address
                0x0000000080004810       0x2c /usr/local/xenon/usr/lib/libxenon.a(usbd.o)
                0x0000000080004810                usb_new_address
 .text.usb_set_ep0mps
                0x000000008000483c       0x58 /usr/local/xenon/usr/lib/libxenon.a(usbd.o)
                0x000000008000483c                usb_set_ep0mps
 .text.usb_clear_stall
                0x0000000080004894      0x100 /usr/local/xenon/usr/lib/libxenon.a(usbd.o)
                0x0000000080004894                usb_clear_stall
 .text.usb_std_request
                0x0000000080004994      0x22c /usr/local/xenon/usr/lib/libxenon.a(usbd.o)
                0x0000000080004994                usb_std_request
 .text.usb_simple_request
                0x0000000080004bc0       0x18 /usr/local/xenon/usr/lib/libxenon.a(usbd.o)
                0x0000000080004bc0                usb_simple_request
 .text.usb_set_configuration
                0x0000000080004bd8       0x14 /usr/local/xenon/usr/lib/libxenon.a(usbd.o)
                0x0000000080004bd8                usb_set_configuration
 .text.usb_set_address
                0x0000000080004bec       0x98 /usr/local/xenon/usr/lib/libxenon.a(usbd.o)
                0x0000000080004bec                usb_set_address
 .text.usb_get_descriptor
                0x0000000080004c84       0x20 /usr/local/xenon/usr/lib/libxenon.a(usbd.o)
                0x0000000080004c84                usb_get_descriptor
 .text.usb_get_string
                0x0000000080004ca4       0xf8 /usr/local/xenon/usr/lib/libxenon.a(usbd.o)
                0x0000000080004ca4                usb_get_string
 .text.usb_get_device_descriptor
                0x0000000080004d9c       0x94 /usr/local/xenon/usr/lib/libxenon.a(usbd.o)
                0x0000000080004d9c                usb_get_device_descriptor
 .text.usb_get_config_descriptor
                0x0000000080004e30       0x8c /usr/local/xenon/usr/lib/libxenon.a(usbd.o)
                0x0000000080004e30                usb_get_config_descriptor
 .text.usb_get_device_status
                0x0000000080004ebc       0x1c /usr/local/xenon/usr/lib/libxenon.a(usbd.o)
                0x0000000080004ebc                usb_get_device_status
 .text.usb_complete_request
                0x0000000080004ed8       0x20 /usr/local/xenon/usr/lib/libxenon.a(usbd.o)
                0x0000000080004ed8                usb_complete_request
 .text.usb_initroot
                0x0000000080004ef8      0x148 /usr/local/xenon/usr/lib/libxenon.a(usbd.o)
                0x0000000080004ef8                usb_initroot
 .text.usb_find_cfg_descr
                0x0000000080005040       0x4c /usr/local/xenon/usr/lib/libxenon.a(usbd.o)
                0x0000000080005040                usb_find_cfg_descr
 .text.usb_find_driver
                0x000000008000508c      0x148 /usr/local/xenon/usr/lib/libxenon.a(usbdevs.o)
                0x000000008000508c                usb_find_driver
 .text.usbhid_detach
                0x00000000800051d4        0x8 /usr/local/xenon/usr/lib/libxenon.a(usbhid.o)
 .text.usbhid_attach
                0x00000000800051dc      0x160 /usr/local/xenon/usr/lib/libxenon.a(usbhid.o)
 .text.usbhid_ireq_callback
                0x000000008000533c      0x170 /usr/local/xenon/usr/lib/libxenon.a(usbhid.o)
 .text.usbhub_markdetached1
                0x00000000800054ac       0x14 /usr/local/xenon/usr/lib/libxenon.a(usbhub.o)
 .text.usbhub_get_port_status
                0x00000000800054c0       0x1c /usr/local/xenon/usr/lib/libxenon.a(usbhub.o)
 .text.usbhub_ireq_callback
                0x00000000800054dc       0x88 /usr/local/xenon/usr/lib/libxenon.a(usbhub.o)
 .text.usbhub_map_tree1
                0x0000000080005564       0x78 /usr/local/xenon/usr/lib/libxenon.a(usbhub.o)
 .text.usbhub_detach
                0x00000000800055dc      0x144 /usr/local/xenon/usr/lib/libxenon.a(usbhub.o)
 .text.usbhub_attach
                0x0000000080005720      0x194 /usr/local/xenon/usr/lib/libxenon.a(usbhub.o)
 .text.usbhub_map_tree
                0x00000000800058b4       0x14 /usr/local/xenon/usr/lib/libxenon.a(usbhub.o)
                0x00000000800058b4                usbhub_map_tree
 .text.usbhub_map_from_device
                0x00000000800058c8       0x10 /usr/local/xenon/usr/lib/libxenon.a(usbhub.o)
                0x00000000800058c8                usbhub_map_from_device
 .text.usbhub_scan1
                0x00000000800058d8      0x530 /usr/local/xenon/usr/lib/libxenon.a(usbhub.o)
 .text.usb_scan
                0x0000000080005e08       0x10 /usr/local/xenon/usr/lib/libxenon.a(usbhub.o)
                0x0000000080005e08                usb_scan
 .text.usb_init_one_ohci
                0x0000000080005e18       0xcc /usr/local/xenon/usr/lib/libxenon.a(usbmain.o)
 .text.usb_shutdown
                0x0000000080005ee4       0x54 /usr/local/xenon/usr/lib/libxenon.a(usbmain.o)
                0x0000000080005ee4                usb_shutdown
 .text.usb_init
                0x0000000080005f38       0xe0 /usr/local/xenon/usr/lib/libxenon.a(usbmain.o)
                0x0000000080005f38                usb_init
 .text.usb_do_poll
                0x0000000080006018       0xac /usr/local/xenon/usr/lib/libxenon.a(usbmain.o)
                0x0000000080006018                usb_do_poll
 .text.qtd_fill
                0x00000000800060c4       0x9c /usr/local/xenon/usr/lib/libxenon.a(tinyehci.o)
 .text.ehci_qtd_alloc
                0x0000000080006160       0x78 /usr/local/xenon/usr/lib/libxenon.a(tinyehci.o)
 .text.handshake.isra.5
                0x00000000800061d8      0x148 /usr/local/xenon/usr/lib/libxenon.a(tinyehci.o)
 .text.ehci_mem_init
                0x0000000080006320       0xf0 /usr/local/xenon/usr/lib/libxenon.a(tinyehci.o)
                0x0000000080006320                ehci_mem_init
 .text.qh_urb_transaction
                0x0000000080006410      0x1b4 /usr/local/xenon/usr/lib/libxenon.a(tinyehci.o)
                0x0000000080006410                qh_urb_transaction
 .text.ehci_do_urb
                0x00000000800065c4      0x39c /usr/local/xenon/usr/lib/libxenon.a(tinyehci.o)
                0x00000000800065c4                ehci_do_urb
 .text.ehci_control_message
                0x0000000080006960       0x6c /usr/local/xenon/usr/lib/libxenon.a(tinyehci.o)
                0x0000000080006960                ehci_control_message
 .text.ehci_bulk_message
                0x00000000800069cc       0x48 /usr/local/xenon/usr/lib/libxenon.a(tinyehci.o)
                0x00000000800069cc                ehci_bulk_message
 .text.__send_cbw
                0x0000000080006a14      0x11c /usr/local/xenon/usr/lib/libxenon.a(tinyehci.o)
 .text.ehci_reset_port_old
                0x0000000080006b30      0x190 /usr/local/xenon/usr/lib/libxenon.a(tinyehci.o)
                0x0000000080006b30                ehci_reset_port_old
 .text.ehci_adquire_port
                0x0000000080006cc0       0x80 /usr/local/xenon/usr/lib/libxenon.a(tinyehci.o)
                0x0000000080006cc0                ehci_adquire_port
 .text.ehci_reset_usb_port
                0x0000000080006d40      0x148 /usr/local/xenon/usr/lib/libxenon.a(tinyehci.o)
                0x0000000080006d40                ehci_reset_usb_port
 .text.ehci_reset_port2
                0x0000000080006e88       0x5c /usr/local/xenon/usr/lib/libxenon.a(tinyehci.o)
                0x0000000080006e88                ehci_reset_port2
 .text.USB_FreeDescriptors
                0x0000000080006ee4       0xc4 /usr/local/xenon/usr/lib/libxenon.a(tinyehci.o)
                0x0000000080006ee4                USB_FreeDescriptors
 .text.USB_GetDescriptors
                0x0000000080006fa8      0x348 /usr/local/xenon/usr/lib/libxenon.a(tinyehci.o)
                0x0000000080006fa8                USB_GetDescriptors
 .text.USB_GetConfiguration
                0x00000000800072f0       0x80 /usr/local/xenon/usr/lib/libxenon.a(tinyehci.o)
                0x00000000800072f0                USB_GetConfiguration
 .text.USB_SetConfiguration
                0x0000000080007370       0x1c /usr/local/xenon/usr/lib/libxenon.a(tinyehci.o)
                0x0000000080007370                USB_SetConfiguration
 .text.USB_SetAlternativeInterface
                0x000000008000738c       0x28 /usr/local/xenon/usr/lib/libxenon.a(tinyehci.o)
                0x000000008000738c                USB_SetAlternativeInterface
 .text.USB_ClearHalt
                0x00000000800073b4       0x1c /usr/local/xenon/usr/lib/libxenon.a(tinyehci.o)
                0x00000000800073b4                USB_ClearHalt
 .text.ehci_init_port
                0x00000000800073d0      0x148 /usr/local/xenon/usr/lib/libxenon.a(tinyehci.o)
                0x00000000800073d0                ehci_init_port
 .text.ehci_reset_port
                0x0000000080007518       0x50 /usr/local/xenon/usr/lib/libxenon.a(tinyehci.o)
                0x0000000080007518                ehci_reset_port
 .text.ehci_reset_device
                0x0000000080007568        0x8 /usr/local/xenon/usr/lib/libxenon.a(tinyehci.o)
                0x0000000080007568                ehci_reset_device
 .text.ehci_discover
                0x0000000080007570       0x54 /usr/local/xenon/usr/lib/libxenon.a(tinyehci.o)
                0x0000000080007570                ehci_discover
 .text.EHCI_do_one
                0x00000000800075c4      0x10c /usr/local/xenon/usr/lib/libxenon.a(tinyehci.o)
 .text.find_ehci_data
                0x00000000800076d0       0x3c /usr/local/xenon/usr/lib/libxenon.a(tinyehci.o)
                0x00000000800076d0                find_ehci_data
 .text.USBStorage_Close
                0x000000008000770c       0x40 /usr/local/xenon/usr/lib/libxenon.a(tinyehci.o)
                0x000000008000770c                USBStorage_Close
 .text.USBStorage_ReadCapacity
                0x000000008000774c       0xbc /usr/local/xenon/usr/lib/libxenon.a(tinyehci.o)
                0x000000008000774c                USBStorage_ReadCapacity
 .text.USBStorage_MountLUN
                0x0000000080007808      0x1c0 /usr/local/xenon/usr/lib/libxenon.a(tinyehci.o)
                0x0000000080007808                USBStorage_MountLUN
 .text.__usbstorage_reset.isra.9
                0x00000000800079c8      0x1a0 /usr/local/xenon/usr/lib/libxenon.a(tinyehci.o)
 .text.USBStorage_Open
                0x0000000080007b68      0x320 /usr/local/xenon/usr/lib/libxenon.a(tinyehci.o)
                0x0000000080007b68                USBStorage_Open
 .text.__cycle.constprop.14
                0x0000000080007e88      0x29c /usr/local/xenon/usr/lib/libxenon.a(tinyehci.o)
 .text.USBStorage_Inquiry
                0x0000000080008124       0xa4 /usr/local/xenon/usr/lib/libxenon.a(tinyehci.o)
                0x0000000080008124                USBStorage_Inquiry
 .text.USBStorage_Try_Device
                0x00000000800081c8      0x154 /usr/local/xenon/usr/lib/libxenon.a(tinyehci.o)
                0x00000000800081c8                USBStorage_Try_Device
 .text.USBStorage_Init
                0x000000008000831c      0x208 /usr/local/xenon/usr/lib/libxenon.a(tinyehci.o)
                0x000000008000831c                USBStorage_Init
 .text.EHCI_Init
                0x0000000080008524       0x50 /usr/local/xenon/usr/lib/libxenon.a(tinyehci.o)
                0x0000000080008524                EHCI_Init
 .text.data_breakpoint
                0x0000000080008574       0x40 /usr/local/xenon/usr/lib/libxenon.a(debug.o)
                0x0000000080008574                data_breakpoint
 .text.uprintf  0x00000000800085b4       0x94 /usr/local/xenon/usr/lib/libxenon.a(xenon_smc.o)
                0x00000000800085b4                uprintf
 .text.xenon_smc_send_message
                0x0000000080008648       0x50 /usr/local/xenon/usr/lib/libxenon.a(xenon_smc.o)
                0x0000000080008648                xenon_smc_send_message
 .text.xenon_smc_receive_message
                0x0000000080008698       0x58 /usr/local/xenon/usr/lib/libxenon.a(xenon_smc.o)
                0x0000000080008698                xenon_smc_receive_message
 .text.xenon_smc_handle_bulk
                0x00000000800086f0       0x68 /usr/local/xenon/usr/lib/libxenon.a(xenon_smc.o)
                0x00000000800086f0                xenon_smc_handle_bulk
 .text.xenon_smc_receive_response
                0x0000000080008758       0x44 /usr/local/xenon/usr/lib/libxenon.a(xenon_smc.o)
                0x0000000080008758                xenon_smc_receive_response
 .text.xenon_smc_ana_write
                0x000000008000879c       0x98 /usr/local/xenon/usr/lib/libxenon.a(xenon_smc.o)
                0x000000008000879c                xenon_smc_ana_write
 .text.xenon_smc_ana_read
                0x0000000080008834       0x9c /usr/local/xenon/usr/lib/libxenon.a(xenon_smc.o)
                0x0000000080008834                xenon_smc_ana_read
 .text.xenon_smc_i2c_ddc_lock
                0x00000000800088d0       0x78 /usr/local/xenon/usr/lib/libxenon.a(xenon_smc.o)
                0x00000000800088d0                xenon_smc_i2c_ddc_lock
 .text.xenon_smc_i2c_write
                0x0000000080008948       0xa4 /usr/local/xenon/usr/lib/libxenon.a(xenon_smc.o)
                0x0000000080008948                xenon_smc_i2c_write
 .text.xenon_smc_i2c_read
                0x00000000800089ec       0xbc /usr/local/xenon/usr/lib/libxenon.a(xenon_smc.o)
                0x00000000800089ec                xenon_smc_i2c_read
 .text.xenon_smc_power_reboot
                0x0000000080008aa8       0x48 /usr/local/xenon/usr/lib/libxenon.a(xenon_smc.o)
                0x0000000080008aa8                xenon_smc_power_reboot
 .text.xenon_smc_read_avpack
                0x0000000080008af0       0x44 /usr/local/xenon/usr/lib/libxenon.a(xenon_smc.o)
                0x0000000080008af0                xenon_smc_read_avpack
 .text.prepare_sleep
                0x0000000080008b34       0x74 /usr/local/xenon/usr/lib/libxenon.a(xenon_power.o)
                0x0000000080008b34                prepare_sleep
 .text.xenon_thread_sleep
                0x0000000080008ba8       0x58 /usr/local/xenon/usr/lib/libxenon.a(xenon_power.o)
                0x0000000080008ba8                xenon_thread_sleep
 .text.xenon_run_thread_task
                0x0000000080008c00       0x3c /usr/local/xenon/usr/lib/libxenon.a(xenon_power.o)
                0x0000000080008c00                xenon_run_thread_task
 .text.xenon_is_thread_task_running
                0x0000000080008c3c       0x1c /usr/local/xenon/usr/lib/libxenon.a(xenon_power.o)
                0x0000000080008c3c                xenon_is_thread_task_running
 .text.xenon_thread_startup
                0x0000000080008c58       0x48 /usr/local/xenon/usr/lib/libxenon.a(xenon_power.o)
                0x0000000080008c58                xenon_thread_startup
 .text.xenon_set_single_thread_mode
                0x0000000080008ca0       0x98 /usr/local/xenon/usr/lib/libxenon.a(xenon_power.o)
                0x0000000080008ca0                xenon_set_single_thread_mode
 .text.putch    0x0000000080008d38       0x50 /usr/local/xenon/usr/lib/libxenon.a(xenon_uart.o)
                0x0000000080008d38                putch
 .text.uart_puts
                0x0000000080008d88       0x30 /usr/local/xenon/usr/lib/libxenon.a(xenon_uart.o)
                0x0000000080008d88                uart_puts
 .text.xenon_config_init
                0x0000000080008db8       0xa4 /usr/local/xenon/usr/lib/libxenon.a(xenon_config.o)
                0x0000000080008db8                xenon_config_init
 .text.xenon_config_get_avregion
                0x0000000080008e5c       0xa0 /usr/local/xenon/usr/lib/libxenon.a(xenon_config.o)
                0x0000000080008e5c                xenon_config_get_avregion
 .text.xenos_ana_write
                0x0000000080008efc       0xac /usr/local/xenon/usr/lib/libxenon.a(xenos.o)
 .text.xenos_init_ana_new
                0x0000000080008fa8      0x4fc /usr/local/xenon/usr/lib/libxenon.a(xenos.o)
                0x0000000080008fa8                xenos_init_ana_new
 .text.xenos_init_phase0
                0x00000000800094a4       0xa0 /usr/local/xenon/usr/lib/libxenon.a(xenos.o)
                0x00000000800094a4                xenos_init_phase0
 .text.xenos_init_phase1
                0x0000000080009544      0x334 /usr/local/xenon/usr/lib/libxenon.a(xenos.o)
                0x0000000080009544                xenos_init_phase1
 .text.xenos_ana_preinit
                0x0000000080009878       0xcc /usr/local/xenon/usr/lib/libxenon.a(xenos.o)
                0x0000000080009878                xenos_ana_preinit
 .text.xenos_set_mode_f1
                0x0000000080009944       0xf8 /usr/local/xenon/usr/lib/libxenon.a(xenos.o)
                0x0000000080009944                xenos_set_mode_f1
 .text.xenos_set_mode_f2
                0x0000000080009a3c      0x248 /usr/local/xenon/usr/lib/libxenon.a(xenos.o)
                0x0000000080009a3c                xenos_set_mode_f2
 .text.xenos_set_mode
                0x0000000080009c84      0x2c8 /usr/local/xenon/usr/lib/libxenon.a(xenos.o)
                0x0000000080009c84                xenos_set_mode
 .text.xenos_hdmi_vga_mode_fix
                0x0000000080009f4c       0x40 /usr/local/xenon/usr/lib/libxenon.a(xenos.o)
                0x0000000080009f4c                xenos_hdmi_vga_mode_fix
 .text.xenos_autoset_mode
                0x0000000080009f8c      0x150 /usr/local/xenon/usr/lib/libxenon.a(xenos.o)
                0x0000000080009f8c                xenos_autoset_mode
 .text.xenos_init
                0x000000008000a0dc      0x148 /usr/local/xenon/usr/lib/libxenon.a(xenos.o)
                0x000000008000a0dc                xenos_init
 .text.xenos_is_overscan
                0x000000008000a224       0x38 /usr/local/xenon/usr/lib/libxenon.a(xenos.o)
                0x000000008000a224                xenos_is_overscan
 .text.xenos_is_initialized
                0x000000008000a25c       0x14 /usr/local/xenon/usr/lib/libxenon.a(xenos.o)
                0x000000008000a25c                xenos_is_initialized
 .text.xenos_do_probe_ddc_edid
                0x000000008000a270      0x194 /usr/local/xenon/usr/lib/libxenon.a(xenos_edid.o)
                0x000000008000a270                xenos_do_probe_ddc_edid
 .text.xenos_ddc_read_edid
                0x000000008000a404      0x128 /usr/local/xenon/usr/lib/libxenon.a(xenos_edid.o)
 .text.xenos_get_edid
                0x000000008000a52c       0xa4 /usr/local/xenon/usr/lib/libxenon.a(xenos_edid.o)
                0x000000008000a52c                xenos_get_edid
 .text.xenos_detect_hdmi_monitor
                0x000000008000a5d0       0xe0 /usr/local/xenon/usr/lib/libxenon.a(xenos_edid.o)
                0x000000008000a5d0                xenos_detect_hdmi_monitor
 .text.enet_quiesce
                0x000000008000a6b0       0x18 /usr/local/xenon/usr/lib/libxenon.a(enet.o)
                0x000000008000a6b0                enet_quiesce
 .text.xenon_get_DVE
                0x000000008000a6c8       0x34 /usr/local/xenon/usr/lib/libxenon.a(xb360.o)
                0x000000008000a6c8                xenon_get_DVE
 .text.xenon_get_PCIBridgeRevisionID
                0x000000008000a6fc       0x14 /usr/local/xenon/usr/lib/libxenon.a(xb360.o)
                0x000000008000a6fc                xenon_get_PCIBridgeRevisionID
 .text.xenon_get_XenosID
                0x000000008000a710       0x10 /usr/local/xenon/usr/lib/libxenon.a(xb360.o)
                0x000000008000a710                xenon_get_XenosID
 .text.xenon_get_console_type
                0x000000008000a720       0xc0 /usr/local/xenon/usr/lib/libxenon.a(xb360.o)
                0x000000008000a720                xenon_get_console_type
 .text.xenon_logical_nand_data_ok
                0x000000008000a7e0       0x18 /usr/local/xenon/usr/lib/libxenon.a(xb360.o)
                0x000000008000a7e0                xenon_logical_nand_data_ok
 .text.xenon_get_logical_nand_data
                0x000000008000a7f8       0x50 /usr/local/xenon/usr/lib/libxenon.a(xb360.o)
                0x000000008000a7f8                xenon_get_logical_nand_data
 .text.dummy_attach
                0x000000008000a848        0x8 /usr/local/xenon/usr/lib/libxenon.a(dummy.o)
 .text.dummy_detach
                0x000000008000a850        0x8 /usr/local/xenon/usr/lib/libxenon.a(dummy.o)
 .text._ohci_allocept
                0x000000008000a858       0x64 /usr/local/xenon/usr/lib/libxenon.a(ohci.o)
 .text._ohci_allocxfer
                0x000000008000a8bc       0x5c /usr/local/xenon/usr/lib/libxenon.a(ohci.o)
 .text.ohci_stop
                0x000000008000a918       0x14 /usr/local/xenon/usr/lib/libxenon.a(ohci.o)
 .text.ohci_delete
                0x000000008000a92c        0x4 /usr/local/xenon/usr/lib/libxenon.a(ohci.o)
 .text.ohci_ept_cleartoggle
                0x000000008000a930       0x44 /usr/local/xenon/usr/lib/libxenon.a(ohci.o)
 .text.ohci_ept_setaddr
                0x000000008000a974       0x38 /usr/local/xenon/usr/lib/libxenon.a(ohci.o)
 .text.ohci_ept_setmps
                0x000000008000a9ac       0x40 /usr/local/xenon/usr/lib/libxenon.a(ohci.o)
 .text._ohci_queueept
                0x000000008000a9ec       0x5c /usr/local/xenon/usr/lib/libxenon.a(ohci.o)
 .text.ohci_ept_create
                0x000000008000aa48      0x130 /usr/local/xenon/usr/lib/libxenon.a(ohci.o)
 .text.ohci_ept_delete
                0x000000008000ab78      0x1b0 /usr/local/xenon/usr/lib/libxenon.a(ohci.o)
 .text.ohci_start
                0x000000008000ad28      0x164 /usr/local/xenon/usr/lib/libxenon.a(ohci.o)
 .text.ohci_roothub_strdscr
                0x000000008000ae8c       0x6c /usr/local/xenon/usr/lib/libxenon.a(ohci.o)
 .text.ohci_intr
                0x000000008000aef8      0x1e4 /usr/local/xenon/usr/lib/libxenon.a(ohci.o)
 .text._ohci_dma_alloc
                0x000000008000b0dc       0x50 /usr/local/xenon/usr/lib/libxenon.a(ohci.o)
 .text.ohci_xfer
                0x000000008000b12c      0x728 /usr/local/xenon/usr/lib/libxenon.a(ohci.o)
 .text.ohci_create
                0x000000008000b854      0x29c /usr/local/xenon/usr/lib/libxenon.a(ohci.o)
 .text.getstringmaybe
                0x000000008000baf0       0x6c /usr/local/xenon/usr/lib/libxenon.a(usbdebug.o)
 .text.usb_dbg_dumpportstatus
                0x000000008000bb5c      0x244 /usr/local/xenon/usr/lib/libxenon.a(usbdebug.o)
                0x000000008000bb5c                usb_dbg_dumpportstatus
 .text.usb_dbg_dumpdescriptors
                0x000000008000bda0      0x620 /usr/local/xenon/usr/lib/libxenon.a(usbdebug.o)
                0x000000008000bda0                usb_dbg_dumpdescriptors
 .text.ehci_maligned
                0x000000008000c3c0       0x88 /usr/local/xenon/usr/lib/libxenon.a(usb_os.o)
                0x000000008000c3c0                ehci_maligned
 .text.ehci_virt_to_dma
                0x000000008000c448        0x8 /usr/local/xenon/usr/lib/libxenon.a(usb_os.o)
                0x000000008000c448                ehci_virt_to_dma
 .text.ehci_dma_map_to
                0x000000008000c450       0x24 /usr/local/xenon/usr/lib/libxenon.a(usb_os.o)
                0x000000008000c450                ehci_dma_map_to
 .text.ehci_dma_map_from
                0x000000008000c474       0x24 /usr/local/xenon/usr/lib/libxenon.a(usb_os.o)
                0x000000008000c474                ehci_dma_map_from
 .text.ehci_dma_map_bidir
                0x000000008000c498       0x24 /usr/local/xenon/usr/lib/libxenon.a(usb_os.o)
                0x000000008000c498                ehci_dma_map_bidir
 .text.ehci_dma_unmap_bidir
                0x000000008000c4bc        0x8 /usr/local/xenon/usr/lib/libxenon.a(usb_os.o)
                0x000000008000c4bc                ehci_dma_unmap_bidir
 .text.ehci_dma_unmap_from
                0x000000008000c4c4        0x4 /usr/local/xenon/usr/lib/libxenon.a(usb_os.o)
                0x000000008000c4c4                ehci_dma_unmap_from
 .text.ehci_dma_unmap_to
                0x000000008000c4c8        0x4 /usr/local/xenon/usr/lib/libxenon.a(usb_os.o)
                0x000000008000c4c8                ehci_dma_unmap_to
 .text.ehci_usleep
                0x000000008000c4cc        0x4 /usr/local/xenon/usr/lib/libxenon.a(usb_os.o)
                0x000000008000c4cc                ehci_usleep
 .text.ehci_msleep
                0x000000008000c4d0        0x4 /usr/local/xenon/usr/lib/libxenon.a(usb_os.o)
                0x000000008000c4d0                ehci_msleep
 .text.USB_Alloc
                0x000000008000c4d4        0x4 /usr/local/xenon/usr/lib/libxenon.a(usb_os.o)
                0x000000008000c4d4                USB_Alloc
 .text.USB_Free
                0x000000008000c4d8        0x4 /usr/local/xenon/usr/lib/libxenon.a(usb_os.o)
                0x000000008000c4d8                USB_Free
 .text.xenon_gpio_set_oe
                0x000000008000c4dc       0x1c /usr/local/xenon/usr/lib/libxenon.a(xenon_gpio.o)
                0x000000008000c4dc                xenon_gpio_set_oe
 .text.xenon_gpio_set
                0x000000008000c4f8       0x1c /usr/local/xenon/usr/lib/libxenon.a(xenon_gpio.o)
                0x000000008000c4f8                xenon_gpio_set
 .text          0x000000008000c514       0x3c /usr/local/xenon/usr/lib/libxenon.a(cpusleep.o)
                0x000000008000c514                cpusleep
 .text.sfcx_readreg
                0x000000008000c550       0x10 /usr/local/xenon/usr/lib/libxenon.a(xenon_sfcx.o)
                0x000000008000c550                sfcx_readreg
 .text.sfcx_init
                0x000000008000c560      0x2dc /usr/local/xenon/usr/lib/libxenon.a(xenon_sfcx.o)
                0x000000008000c560                sfcx_init
 .text.q_enqueue
                0x000000008000c83c       0x18 /usr/local/xenon/usr/lib/libxenon.a(lib_queue.o)
                0x000000008000c83c                q_enqueue
 .text.q_deqnext
                0x000000008000c854       0x30 /usr/local/xenon/usr/lib/libxenon.a(lib_queue.o)
                0x000000008000c854                q_deqnext
 .text          0x000000008000c884       0x4c /usr/local/xenon/lib/gcc/xenon/6.3.0/32/libgcc.a(crtsavgpr.o)
                0x000000008000c884                _savegpr_14
                0x000000008000c888                _savegpr_15
                0x000000008000c88c                _savegpr_16
                0x000000008000c890                _savegpr_17
                0x000000008000c894                _savegpr_18
                0x000000008000c898                _savegpr_19
                0x000000008000c89c                _savegpr_20
                0x000000008000c8a0                _savegpr_21
                0x000000008000c8a4                _savegpr_22
                0x000000008000c8a8                _savegpr_23
                0x000000008000c8ac                _savegpr_24
                0x000000008000c8b0                _savegpr_25
                0x000000008000c8b4                _savegpr_26
                0x000000008000c8b8                _savegpr_27
                0x000000008000c8bc                _savegpr_28
                0x000000008000c8c0                _savegpr_29
                0x000000008000c8c4                _savegpr_30
                0x000000008000c8c8                _savegpr_31
 .text          0x000000008000c8d0       0x58 /usr/local/xenon/lib/gcc/xenon/6.3.0/32/libgcc.a(crtresxgpr.o)
                0x000000008000c8d0                _restgpr_14_x
                0x000000008000c8d4                _restgpr_15_x
                0x000000008000c8d8                _restgpr_16_x
                0x000000008000c8dc                _restgpr_17_x
                0x000000008000c8e0                _restgpr_18_x
                0x000000008000c8e4                _restgpr_19_x
                0x000000008000c8e8                _restgpr_20_x
                0x000000008000c8ec                _restgpr_21_x
                0x000000008000c8f0                _restgpr_22_x
                0x000000008000c8f4                _restgpr_23_x
                0x000000008000c8f8                _restgpr_24_x
                0x000000008000c8fc                _restgpr_25_x
                0x000000008000c900                _restgpr_26_x
                0x000000008000c904                _restgpr_27_x
                0x000000008000c908                _restgpr_28_x
                0x000000008000c90c                _restgpr_29_x
                0x000000008000c910                _restgpr_30_x
                0x000000008000c914                _restgpr_31_x
 .text          0x000000008000c928     0x1af8 /usr/local/xenon/lib/gcc/xenon/6.3.0/32/libgcc.a(unwind-dw2-fde-dip.o)
                0x000000008000ddb4                __register_frame_info_bases
                0x000000008000de2c                __register_frame_info
                0x000000008000deac                __register_frame
                0x000000008000df34                __register_frame_info_table_bases
                0x000000008000df9c                __register_frame_info_table
                0x000000008000e004                __register_frame_table
                0x000000008000e084                __deregister_frame_info_bases
                0x000000008000e1e0                __deregister_frame_info
                0x000000008000e1f8                __deregister_frame
                0x000000008000e234                _Unwind_Find_FDE
 .text          0x000000008000e420       0x78 /usr/local/xenon/xenon/lib/32/libc.a(lib_a-assert.o)
                0x000000008000e420                __assert_func
                0x000000008000e480                __assert
 .text          0x000000008000e498       0x40 /usr/local/xenon/xenon/lib/32/libc.a(lib_a-exit.o)
                0x000000008000e498                exit
 .text          0x000000008000e4d8      0x158 /usr/local/xenon/xenon/lib/32/libc.a(lib_a-fclose.o)
                0x000000008000e4d8                _fclose_r
                0x000000008000e620                fclose
 .text          0x000000008000e630      0x37c /usr/local/xenon/xenon/lib/32/libc.a(lib_a-fflush.o)
                0x000000008000e630                __sflush_r
                0x000000008000e908                _fflush_r
                0x000000008000e980                fflush
 *fill*         0x000000008000e9ac        0x4 
 .text          0x000000008000e9b0      0x3f4 /usr/local/xenon/xenon/lib/32/libc.a(lib_a-findfp.o)
                0x000000008000e9b8                _cleanup_r
                0x000000008000eb78                __sfmoreglue
                0x000000008000ebf8                __sfp
                0x000000008000ed30                _cleanup
                0x000000008000ed48                __sinit
                0x000000008000ed58                __sfp_lock_acquire
                0x000000008000ed60                __sfp_lock_release
                0x000000008000ed68                __sinit_lock_acquire
                0x000000008000ed70                __sinit_lock_release
                0x000000008000ed78                __fp_lock_all
                0x000000008000ed90                __fp_unlock_all
 *fill*         0x000000008000eda4        0x4 
 .text          0x000000008000eda8      0x110 /usr/local/xenon/xenon/lib/32/libc.a(lib_a-fiprintf.o)
                0x000000008000eda8                _fiprintf_r
                0x000000008000ee28                fiprintf
 .text          0x000000008000eeb8      0x468 /usr/local/xenon/xenon/lib/32/libc.a(lib_a-freer.o)
                0x000000008000eeb8                _malloc_trim_r
                0x000000008000eff8                _free_r
 .text          0x000000008000f320       0x80 /usr/local/xenon/xenon/lib/32/libc.a(lib_a-fstatr.o)
                0x000000008000f320                _fstat_r
 .text          0x000000008000f3a0      0x1d0 /usr/local/xenon/xenon/lib/32/libc.a(lib_a-fwalk.o)
                0x000000008000f3a0                _fwalk
                0x000000008000f480                _fwalk_reent
 .text          0x000000008000f570      0x11c /usr/local/xenon/xenon/lib/32/libc.a(lib_a-locale.o)
                0x000000008000f570                _setlocale_r
                0x000000008000f610                __locale_mb_cur_max
                0x000000008000f640                __locale_ctype_ptr_l
                0x000000008000f648                __locale_ctype_ptr
                0x000000008000f678                setlocale
 *fill*         0x000000008000f68c        0x4 
 .text          0x000000008000f690      0x23c /usr/local/xenon/xenon/lib/32/libc.a(lib_a-makebuf.o)
                0x000000008000f690                __swhatbuf_r
                0x000000008000f780                __smakebuf_r
 *fill*         0x000000008000f8cc        0x4 
 .text          0x000000008000f8d0       0x20 /usr/local/xenon/xenon/lib/32/libc.a(lib_a-malloc.o)
                0x000000008000f8d0                malloc
                0x000000008000f8e0                free
 .text          0x000000008000f8f0      0x94c /usr/local/xenon/xenon/lib/32/libc.a(lib_a-mallocr.o)
                0x000000008000f8f0                _malloc_r
 *fill*         0x000000008001023c        0x4 
 .text          0x0000000080010240       0xc0 /usr/local/xenon/xenon/lib/32/libc.a(lib_a-mbtowc_r.o)
                0x0000000080010240                _mbtowc_r
                0x0000000080010278                __ascii_mbtowc
 .text          0x0000000080010300       0xa0 /usr/local/xenon/xenon/lib/32/libc.a(lib_a-memcmp.o)
                0x0000000080010300                memcmp
 .text          0x00000000800103a0      0x108 /usr/local/xenon/xenon/lib/32/libc.a(lib_a-memcpy.o)
                0x00000000800103a0                memcpy
 .text          0x00000000800104a8      0x110 /usr/local/xenon/xenon/lib/32/libc.a(lib_a-memset.o)
                0x00000000800104a8                memset
 .text          0x00000000800105b8      0x120 /usr/local/xenon/xenon/lib/32/libc.a(lib_a-printf.o)
                0x00000000800105b8                _printf_r
                0x0000000080010640                printf
 .text          0x00000000800106d8       0x20 /usr/local/xenon/xenon/lib/32/libc.a(lib_a-putchar.o)
                0x00000000800106d8                _putchar_r
                0x00000000800106e0                putchar
 .text          0x00000000800106f8       0xe8 /usr/local/xenon/xenon/lib/32/libc.a(lib_a-puts.o)
                0x00000000800106f8                _puts_r
                0x00000000800107d0                puts
 .text          0x00000000800107e0       0x78 /usr/local/xenon/xenon/lib/32/libc.a(lib_a-sbrkr.o)
                0x00000000800107e0                _sbrk_r
 .text          0x0000000080010858      0x18c /usr/local/xenon/xenon/lib/32/libc.a(lib_a-sprintf.o)
                0x0000000080010858                _sprintf_r
                0x0000000080010918                sprintf
 *fill*         0x00000000800109e4        0x4 
 .text          0x00000000800109e8      0x184 /usr/local/xenon/xenon/lib/32/libc.a(lib_a-stdio.o)
                0x00000000800109e8                __sread
                0x0000000080010a50                __seofread
                0x0000000080010a58                __swrite
                0x0000000080010af0                __sseek
                0x0000000080010b60                __sclose
 *fill*         0x0000000080010b6c        0x4 
 .text          0x0000000080010b70       0x98 /usr/local/xenon/xenon/lib/32/libc.a(lib_a-strcat.o)
                0x0000000080010b70                strcat
 .text          0x0000000080010c08       0xc0 /usr/local/xenon/xenon/lib/32/libc.a(lib_a-strcmp.o)
                0x0000000080010c08                strcmp
 .text          0x0000000080010cc8       0x84 /usr/local/xenon/xenon/lib/32/libc.a(lib_a-strcpy.o)
                0x0000000080010cc8                strcpy
 *fill*         0x0000000080010d4c        0x4 
 .text          0x0000000080010d50       0xb0 /usr/local/xenon/xenon/lib/32/libc.a(lib_a-strlen.o)
                0x0000000080010d50                strlen
 .text          0x0000000080010e00     0x221c /usr/local/xenon/xenon/lib/32/libc.a(lib_a-svfprintf.o)
                0x0000000080010e00                _svfprintf_r
 *fill*         0x000000008001301c        0x4 
 .text          0x0000000080013020     0x16a8 /usr/local/xenon/xenon/lib/32/libc.a(lib_a-vfiprintf.o)
                0x0000000080013168                __sprint_r
                0x0000000080013188                _vfiprintf_r
                0x00000000800145d8                vfiprintf
 .text          0x00000000800146c8     0x2378 /usr/local/xenon/xenon/lib/32/libc.a(lib_a-vfprintf.o)
                0x00000000800146c8                _vfprintf_r
                0x0000000080016950                vfprintf
 .text          0x0000000080016a40       0x78 /usr/local/xenon/xenon/lib/32/libc.a(lib_a-vsprintf.o)
                0x0000000080016a40                _vsprintf_r
                0x0000000080016aa0                vsprintf
 .text          0x0000000080016ab8       0x78 /usr/local/xenon/xenon/lib/32/libc.a(lib_a-wctomb_r.o)
                0x0000000080016ab8                _wctomb_r
                0x0000000080016af0                __ascii_wctomb
 .text          0x0000000080016b30       0x80 /usr/local/xenon/xenon/lib/32/libc.a(lib_a-writer.o)
                0x0000000080016b30                _write_r
 .text          0x0000000080016bb0      0x1b0 /usr/local/xenon/xenon/lib/32/libc.a(lib_a-wsetup.o)
                0x0000000080016bb0                __swsetup_r
 .text          0x0000000080016d60      0x1e4 /usr/local/xenon/xenon/lib/32/libc.a(lib_a-__call_atexit.o)
                0x0000000080016d60                __call_exitprocs
 *fill*         0x0000000080016f44        0x4 
 .text          0x0000000080016f48       0x78 /usr/local/xenon/xenon/lib/32/libc.a(lib_a-closer.o)
                0x0000000080016f48                _close_r
 .text          0x0000000080016fc0     0x1500 /usr/local/xenon/xenon/lib/32/libc.a(lib_a-dtoa.o)
                0x0000000080017218                _dtoa_r
 .text          0x00000000800184c0      0x254 /usr/local/xenon/xenon/lib/32/libc.a(lib_a-fputwc.o)
                0x00000000800184c0                __fputwc
                0x0000000080018650                _fputwc_r
                0x0000000080018680                fputwc
 *fill*         0x0000000080018714        0x4 
 .text          0x0000000080018718      0x5cc /usr/local/xenon/xenon/lib/32/libc.a(lib_a-fvwrite.o)
                0x0000000080018718                __sfvwrite_r
 *fill*         0x0000000080018ce4        0x4 
 .text          0x0000000080018ce8       0x78 /usr/local/xenon/xenon/lib/32/libc.a(lib_a-isattyr.o)
                0x0000000080018ce8                _isatty_r
 .text          0x0000000080018d60       0x68 /usr/local/xenon/xenon/lib/32/libc.a(lib_a-localeconv.o)
                0x0000000080018d60                __localeconv_l
                0x0000000080018d68                _localeconv_r
                0x0000000080018d98                localeconv
 .text          0x0000000080018dc8       0x80 /usr/local/xenon/xenon/lib/32/libc.a(lib_a-lseekr.o)
                0x0000000080018dc8                _lseek_r
 .text          0x0000000080018e48      0x100 /usr/local/xenon/xenon/lib/32/libc.a(lib_a-memchr.o)
                0x0000000080018e48                memchr
 .text          0x0000000080018f48      0x148 /usr/local/xenon/xenon/lib/32/libc.a(lib_a-memmove.o)
                0x0000000080018f48                memmove
 .text          0x0000000080019090     0x1350 /usr/local/xenon/xenon/lib/32/libc.a(lib_a-mprec.o)
                0x0000000080019090                _Balloc
                0x0000000080019158                _Bfree
                0x0000000080019180                __multadd
                0x00000000800192a0                __s2b
                0x00000000800193e0                __hi0bits
                0x0000000080019460                __lo0bits
                0x0000000080019540                __i2b
                0x0000000080019580                __multiply
                0x0000000080019800                __pow5mult
                0x0000000080019978                __lshift
                0x0000000080019b08                __mcmp
                0x0000000080019b70                __mdiff
                0x0000000080019db0                __ulp
                0x0000000080019e50                __b2d
                0x0000000080019fe0                __d2b
                0x000000008001a178                __ratio
                0x000000008001a258                _mprec_log10
                0x000000008001a2a0                __copybits
                0x000000008001a338                __any_on
 .text          0x000000008001a3e0      0x16c /usr/local/xenon/xenon/lib/32/libc.a(lib_a-putc.o)
                0x000000008001a3e0                _putc_r
                0x000000008001a488                putc
 *fill*         0x000000008001a54c        0x4 
 .text          0x000000008001a550       0x80 /usr/local/xenon/xenon/lib/32/libc.a(lib_a-readr.o)
                0x000000008001a550                _read_r
 .text          0x000000008001a5d0      0x5d8 /usr/local/xenon/xenon/lib/32/libc.a(lib_a-reallocr.o)
                0x000000008001a5d0                _realloc_r
 .text          0x000000008001aba8     0x1508 /usr/local/xenon/xenon/lib/32/libc.a(lib_a-svfiprintf.o)
                0x000000008001aba8                __ssprint_r
                0x000000008001ae18                _svfiprintf_r
 .text          0x000000008001c0b0      0x1c4 /usr/local/xenon/xenon/lib/32/libc.a(lib_a-wbuf.o)
                0x000000008001c0b0                __swbuf_r
                0x000000008001c260                __swbuf
 *fill*         0x000000008001c274        0x4 
 .text          0x000000008001c278      0x18c /usr/local/xenon/xenon/lib/32/libc.a(lib_a-wcrtomb.o)
                0x000000008001c278                _wcrtomb_r
                0x000000008001c340                wcrtomb
 *fill*         0x000000008001c404        0x4 
 .text          0x000000008001c408       0xc8 /usr/local/xenon/xenon/lib/32/libc.a(lib_a-callocr.o)
                0x000000008001c408                _calloc_r
 .text          0x000000008001c4d0      0x424 /usr/local/xenon/lib/gcc/xenon/6.3.0/32/libgcc.a(_udivdi3.o)
                0x000000008001c4d0                __udivdi3
 *fill*         0x000000008001c8f4        0x4 
 .text          0x000000008001c8f8      0x3cc /usr/local/xenon/lib/gcc/xenon/6.3.0/32/libgcc.a(_umoddi3.o)
                0x000000008001c8f8                __umoddi3

.glink          0x000000008001ccc4        0x0
 .glink         0x000000008001ccc4        0x0 /usr/local/xenon/lib/gcc/xenon/6.3.0/../../../../xenon/lib/../lib/crt1.o

.elfldr         0x000000008001ccc4        0x0
                0x000000008001ccc4                elfldr_start = .
 *(.elfldr)
                0x000000008001ccc4                elfldr_end = .

.data           0x000000008001ccc8     0x7f74
 *(.data*)
 .data.devoptab_list
                0x000000008001ccc8       0x40 /usr/local/xenon/usr/lib/libxenon.a(newlib.o)
                0x000000008001ccc8                devoptab_list
 .data.__syscalls
                0x000000008001cd08       0x24 /usr/local/xenon/usr/lib/libxenon.a(xenon_syscalls.o)
                0x000000008001cd08                __syscalls
 .data.lockowner
                0x000000008001cd2c        0x4 /usr/local/xenon/usr/lib/libxenon.a(xenon_syscalls.o)
 .data.usbctrl_driver
                0x000000008001cd30        0xc /usr/local/xenon/usr/lib/libxenon.a(usbctrl.o)
                0x000000008001cd30                usbctrl_driver
 .data.usb_drivers
                0x000000008001cd3c       0xa0 /usr/local/xenon/usr/lib/libxenon.a(usbdevs.o)
                0x000000008001cd3c                usb_drivers
 .data.usbhid_driver
                0x000000008001cddc        0xc /usr/local/xenon/usr/lib/libxenon.a(usbhid.o)
                0x000000008001cddc                usbhid_driver
 .data.usbhid_scantable
                0x000000008001cde8      0x650 /usr/local/xenon/usr/lib/libxenon.a(usbhid.o)
 .data.usbhub_driver
                0x000000008001d438        0xc /usr/local/xenon/usr/lib/libxenon.a(usbhub.o)
                0x000000008001d438                usbhub_driver
 .data.usbroothub_driver
                0x000000008001d444        0xc /usr/local/xenon/usr/lib/libxenon.a(usbhub.o)
                0x000000008001d444                usbroothub_driver
 .data.ana_hdmi_720p
                0x000000008001d450      0x400 /usr/local/xenon/usr/lib/libxenon.a(xenos.o)
                0x000000008001d450                ana_hdmi_720p
 .data.ana_hdmi_720p_corona
                0x000000008001d850      0x400 /usr/local/xenon/usr/lib/libxenon.a(xenos.o)
                0x000000008001d850                ana_hdmi_720p_corona
 .data.ana_ntsc
                0x000000008001dc50      0x400 /usr/local/xenon/usr/lib/libxenon.a(xenos.o)
                0x000000008001dc50                ana_ntsc
 .data.ana_ntsc_corona
                0x000000008001e050      0x400 /usr/local/xenon/usr/lib/libxenon.a(xenos.o)
                0x000000008001e050                ana_ntsc_corona
 .data.ana_pal50
                0x000000008001e450      0x400 /usr/local/xenon/usr/lib/libxenon.a(xenos.o)
                0x000000008001e450                ana_pal50
 .data.ana_pal50_corona
                0x000000008001e850      0x400 /usr/local/xenon/usr/lib/libxenon.a(xenos.o)
                0x000000008001e850                ana_pal50_corona
 .data.ana_pal60
                0x000000008001ec50      0x400 /usr/local/xenon/usr/lib/libxenon.a(xenos.o)
                0x000000008001ec50                ana_pal60
 .data.ana_pal60_corona
                0x000000008001f050      0x400 /usr/local/xenon/usr/lib/libxenon.a(xenos.o)
                0x000000008001f050                ana_pal60_corona
 .data.ana_vga_1024x768
                0x000000008001f450      0x400 /usr/local/xenon/usr/lib/libxenon.a(xenos.o)
                0x000000008001f450                ana_vga_1024x768
 .data.ana_vga_1024x768_corona
                0x000000008001f850      0x400 /usr/local/xenon/usr/lib/libxenon.a(xenos.o)
                0x000000008001f850                ana_vga_1024x768_corona
 .data.ana_vga_1280x1024
                0x000000008001fc50      0x400 /usr/local/xenon/usr/lib/libxenon.a(xenos.o)
                0x000000008001fc50                ana_vga_1280x1024
 .data.ana_vga_1280x1024_corona
                0x0000000080020050      0x400 /usr/local/xenon/usr/lib/libxenon.a(xenos.o)
                0x0000000080020050                ana_vga_1280x1024_corona
 .data.ana_vga_1280x720
                0x0000000080020450      0x400 /usr/local/xenon/usr/lib/libxenon.a(xenos.o)
                0x0000000080020450                ana_vga_1280x720
 .data.ana_vga_1280x720_corona
                0x0000000080020850      0x400 /usr/local/xenon/usr/lib/libxenon.a(xenos.o)
                0x0000000080020850                ana_vga_1280x720_corona
 .data.ana_vga_1280x768
                0x0000000080020c50      0x400 /usr/local/xenon/usr/lib/libxenon.a(xenos.o)
                0x0000000080020c50                ana_vga_1280x768
 .data.ana_vga_1280x768_corona
                0x0000000080021050      0x400 /usr/local/xenon/usr/lib/libxenon.a(xenos.o)
                0x0000000080021050                ana_vga_1280x768_corona
 .data.ana_vga_1360x768
                0x0000000080021450      0x400 /usr/local/xenon/usr/lib/libxenon.a(xenos.o)
                0x0000000080021450                ana_vga_1360x768
 .data.ana_vga_1360x768_corona
                0x0000000080021850      0x400 /usr/local/xenon/usr/lib/libxenon.a(xenos.o)
                0x0000000080021850                ana_vga_1360x768_corona
 .data.ana_vga_1440x900
                0x0000000080021c50      0x400 /usr/local/xenon/usr/lib/libxenon.a(xenos.o)
                0x0000000080021c50                ana_vga_1440x900
 .data.ana_vga_1440x900_corona
                0x0000000080022050      0x400 /usr/local/xenon/usr/lib/libxenon.a(xenos.o)
                0x0000000080022050                ana_vga_1440x900_corona
 .data.ana_vga_640x480
                0x0000000080022450      0x400 /usr/local/xenon/usr/lib/libxenon.a(xenos.o)
                0x0000000080022450                ana_vga_640x480
 .data.ana_vga_640x480_corona
                0x0000000080022850      0x400 /usr/local/xenon/usr/lib/libxenon.a(xenos.o)
                0x0000000080022850                ana_vga_640x480_corona
 .data.ana_yuv_480p
                0x0000000080022c50      0x400 /usr/local/xenon/usr/lib/libxenon.a(xenos.o)
                0x0000000080022c50                ana_yuv_480p
 .data.ana_yuv_480p_corona
                0x0000000080023050      0x400 /usr/local/xenon/usr/lib/libxenon.a(xenos.o)
                0x0000000080023050                ana_yuv_480p_corona
 .data.ana_yuv_720p
                0x0000000080023450      0x400 /usr/local/xenon/usr/lib/libxenon.a(xenos.o)
                0x0000000080023450                ana_yuv_720p
 .data.ana_yuv_720p_corona
                0x0000000080023850      0x400 /usr/local/xenon/usr/lib/libxenon.a(xenos.o)
                0x0000000080023850                ana_yuv_720p_corona
 .data.xenos_modes
                0x0000000080023c50      0x30c /usr/local/xenon/usr/lib/libxenon.a(xenos.o)
                0x0000000080023c50                xenos_modes
 .data.xenos_modes_corona
                0x0000000080023f5c      0x30c /usr/local/xenon/usr/lib/libxenon.a(xenos.o)
                0x0000000080023f5c                xenos_modes_corona
 .data.dummy_driver
                0x0000000080024268        0xc /usr/local/xenon/usr/lib/libxenon.a(dummy.o)
                0x0000000080024268                dummy_driver
 .data.ohci_driver
                0x0000000080024274       0x2c /usr/local/xenon/usr/lib/libxenon.a(ohci.o)
                0x0000000080024274                ohci_driver
 .data          0x00000000800242a0      0x428 /usr/local/xenon/xenon/lib/32/libc.a(lib_a-impure.o)
 .data          0x00000000800246c8      0x16c /usr/local/xenon/xenon/lib/32/libc.a(lib_a-locale.o)
                0x00000000800246c8                __global_locale
 .data          0x0000000080024834      0x408 /usr/local/xenon/xenon/lib/32/libc.a(lib_a-mallocr.o)
                0x0000000080024834                __malloc_av_

.got2           0x0000000080024c3c       0x14
 .got2          0x0000000080024c3c       0x14 /usr/local/xenon/lib/gcc/xenon/6.3.0/32/libgcc.a(unwind-dw2-fde-dip.o)

.sdata          0x0000000080024c50       0x24
 *(.sdata*)
 .sdata         0x0000000080024c50        0x0 /usr/local/xenon/lib/gcc/xenon/6.3.0/../../../../xenon/lib/../lib/crt1.o
                0x000000008002cc50                _SDA_BASE_
 .sdata2        0x0000000080024c50        0x0 /usr/local/xenon/lib/gcc/xenon/6.3.0/../../../../xenon/lib/../lib/crt1.o
                0x000000008002cc50                _SDA2_BASE_
 .sdata         0x0000000080024c50        0x4 /usr/local/xenon/usr/lib/libxenon.a(startup_from_xell.o)
                0x0000000080024c50                __system_argv
 .sdata.console_color
                0x0000000080024c54        0x8 /usr/local/xenon/usr/lib/libxenon.a(console.o)
                0x0000000080024c54                console_color
 .sdata.usb_timeout
                0x0000000080024c5c        0x4 /usr/local/xenon/usr/lib/libxenon.a(tinyehci.o)
                0x0000000080024c5c                usb_timeout
 .sdata.xenon_smc_last_ir
                0x0000000080024c60        0x4 /usr/local/xenon/usr/lib/libxenon.a(xenon_smc.o)
                0x0000000080024c60                xenon_smc_last_ir
 .sdata         0x0000000080024c64        0x8 /usr/local/xenon/xenon/lib/32/libc.a(lib_a-impure.o)
                0x0000000080024c64                _global_impure_ptr
                0x0000000080024c68                _impure_ptr
 .sdata         0x0000000080024c6c        0x8 /usr/local/xenon/xenon/lib/32/libc.a(lib_a-mallocr.o)
                0x0000000080024c6c                __malloc_sbrk_base
                0x0000000080024c70                __malloc_trim_threshold

.rodata         0x0000000080024c78     0x3264
 *(.rodata*)
 .rodata.getTemp.cst4
                0x0000000080024c78        0xc main.o
 *fill*         0x0000000080024c84        0x4 
 .rodata.getTemp.str1.8
                0x0000000080024c88       0xf9 main.o
 *fill*         0x0000000080024d81        0x3 
 .rodata.main.cst4
                0x0000000080024d84        0x4 main.o
 .rodata.main.str1.8
                0x0000000080024d88       0xb8 main.o
                                         0xb6 (size before relaxing)
 .rodata.console_init.str1.1
                0x0000000080024e40       0x33 /usr/local/xenon/usr/lib/libxenon.a(console.o)
 *fill*         0x0000000080024e73        0x5 
 .rodata.fontdata_8x16
                0x0000000080024e78     0x1000 /usr/local/xenon/usr/lib/libxenon.a(console.o)
                0x0000000080024e78                fontdata_8x16
 .rodata.AddDevice.str1.1
                0x0000000080025e78        0x8 /usr/local/xenon/usr/lib/libxenon.a(newlib.o)
 .rodata.abort.str1.1
                0x0000000080025e80        0xf /usr/local/xenon/usr/lib/libxenon.a(newlib.o)
 *fill*         0x0000000080025e8f        0x1 
 .rodata.console_optab
                0x0000000080025e90       0x64 /usr/local/xenon/usr/lib/libxenon.a(newlib.o)
                0x0000000080025e90                console_optab
 .rodata.dotab_stdnull
                0x0000000080025ef4       0x64 /usr/local/xenon/usr/lib/libxenon.a(newlib.o)
                0x0000000080025ef4                dotab_stdnull
 .rodata.str1.1
                0x0000000080025f58        0x7 /usr/local/xenon/usr/lib/libxenon.a(newlib.o)
 *fill*         0x0000000080025f5f        0x1 
 .rodata.__func__.4659
                0x0000000080025f60       0x12 /usr/local/xenon/usr/lib/libxenon.a(xenon_syscalls.o)
 *fill*         0x0000000080025f72        0x6 
 .rodata.__func__.4665
                0x0000000080025f78       0x14 /usr/local/xenon/usr/lib/libxenon.a(xenon_syscalls.o)
 .rodata.try_return_to_xell.str1.1
                0x0000000080025f8c       0x11 /usr/local/xenon/usr/lib/libxenon.a(xenon_syscalls.o)
 .rodata.xenon_exit.str1.1
                0x0000000080025f9d       0x63 /usr/local/xenon/usr/lib/libxenon.a(xenon_syscalls.o)
 .rodata.xenon_malloc_lock.str1.1
                0x0000000080026000        0x9 /usr/local/xenon/usr/lib/libxenon.a(xenon_syscalls.o)
 .rodata.xenon_malloc_unlock.str1.1
                0x0000000080026009       0x40 /usr/local/xenon/usr/lib/libxenon.a(xenon_syscalls.o)
 .rodata.kmem_init.str1.1
                0x0000000080026049       0x35 /usr/local/xenon/usr/lib/libxenon.a(lib_malloc.o)
 .rodata.lib_outofmemory.str1.1
                0x000000008002607e       0x16 /usr/local/xenon/usr/lib/libxenon.a(lib_malloc.o)
 .rodata.crashdump.str1.1
                0x0000000080026094       0xec /usr/local/xenon/usr/lib/libxenon.a(c_except.o)
                                         0xf0 (size before relaxing)
 .rodata.str1.1
                0x0000000080026180       0x14 /usr/local/xenon/usr/lib/libxenon.a(usbctrl.o)
 .rodata.usbctrl_attach.str1.1
                0x0000000080026194       0x5f /usr/local/xenon/usr/lib/libxenon.a(usbctrl.o)
 .rodata.usbctrl_detach.str1.1
                0x00000000800261f3       0x42 /usr/local/xenon/usr/lib/libxenon.a(usbctrl.o)
 .rodata.usbctrl_set_leds.str1.1
                0x0000000080026235       0x16 /usr/local/xenon/usr/lib/libxenon.a(usbctrl.o)
 .rodata.usb_create_pipe.str1.1
                0x000000008002624b       0x32 /usr/local/xenon/usr/lib/libxenon.a(usbd.o)
 .rodata.usb_free_request.str1.1
                0x000000008002627d       0x34 /usr/local/xenon/usr/lib/libxenon.a(usbd.o)
 .rodata.usb_initroot.str1.1
                0x00000000800262b1       0x73 /usr/local/xenon/usr/lib/libxenon.a(usbd.o)
 .rodata.usb_find_driver.str1.1
                0x0000000080026324       0x5a /usr/local/xenon/usr/lib/libxenon.a(usbdevs.o)
 .rodata.str1.1
                0x000000008002637e       0x2e /usr/local/xenon/usr/lib/libxenon.a(usbhid.o)
 .rodata.usbhid_attach.str1.1
                0x00000000800263ac       0x19 /usr/local/xenon/usr/lib/libxenon.a(usbhid.o)
 *fill*         0x00000000800263c5        0x3 
 .rodata.usbhid_devtypes
                0x00000000800263c8        0xc /usr/local/xenon/usr/lib/libxenon.a(usbhid.o)
 .rodata.usbhid_ireq_callback.str1.1
                0x00000000800263d4        0x3 /usr/local/xenon/usr/lib/libxenon.a(usbhid.o)
 .rodata.str1.1
                0x00000000800263d7       0x11 /usr/local/xenon/usr/lib/libxenon.a(usbhub.o)
 .rodata.usbhub_detach.str1.1
                0x00000000800263e8       0x76 /usr/local/xenon/usr/lib/libxenon.a(usbhub.o)
 .rodata.usbhub_scan1.str1.1
                0x000000008002645e      0x176 /usr/local/xenon/usr/lib/libxenon.a(usbhub.o)
 .rodata.usb_init.str1.1
                0x00000000800265d4       0x5a /usr/local/xenon/usr/lib/libxenon.a(usbmain.o)
 .rodata.usb_init_one_ohci.str1.1
                0x000000008002662e       0x75 /usr/local/xenon/usr/lib/libxenon.a(usbmain.o)
 .rodata.EHCI_do_one.str1.1
                0x00000000800266a3       0x20 /usr/local/xenon/usr/lib/libxenon.a(tinyehci.o)
 .rodata.USBStorage_Init.str1.1
                0x00000000800266c3       0x47 /usr/local/xenon/usr/lib/libxenon.a(tinyehci.o)
 .rodata.ehci_reset_usb_port.str1.1
                0x000000008002670a       0x33 /usr/local/xenon/usr/lib/libxenon.a(tinyehci.o)
 .rodata.xenon_smc_ana_read.str1.1
                0x000000008002673d       0x2e /usr/local/xenon/usr/lib/libxenon.a(xenon_smc.o)
 .rodata.xenon_smc_ana_write.str1.1
                0x000000008002676b       0x2f /usr/local/xenon/usr/lib/libxenon.a(xenon_smc.o)
 .rodata.xenon_smc_handle_bulk.str1.1
                0x000000008002679a       0x46 /usr/local/xenon/usr/lib/libxenon.a(xenon_smc.o)
 .rodata.xenon_smc_i2c_ddc_lock.str1.1
                0x00000000800267e0       0x27 /usr/local/xenon/usr/lib/libxenon.a(xenon_smc.o)
 .rodata.xenon_smc_i2c_read.str1.1
                0x0000000080026807       0x2e /usr/local/xenon/usr/lib/libxenon.a(xenon_smc.o)
 .rodata.xenon_smc_i2c_write.str1.1
                0x0000000080026835       0x2f /usr/local/xenon/usr/lib/libxenon.a(xenon_smc.o)
 .rodata.xenon_config_get_avregion.str1.1
                0x0000000080026864       0x20 /usr/local/xenon/usr/lib/libxenon.a(xenon_config.o)
 .rodata.xenon_config_init.str1.1
                0x0000000080026884       0x20 /usr/local/xenon/usr/lib/libxenon.a(xenon_config.o)
 .rodata        0x00000000800268a4      0x140 /usr/local/xenon/usr/lib/libxenon.a(xenos.o)
 *fill*         0x00000000800269e4        0x4 
 .rodata.CSWTCH.44
                0x00000000800269e8        0x4 /usr/local/xenon/usr/lib/libxenon.a(xenos.o)
 *fill*         0x00000000800269ec        0x4 
 .rodata.__func__.4400
                0x00000000800269f0       0x12 /usr/local/xenon/usr/lib/libxenon.a(xenos.o)
 .rodata.str1.1
                0x0000000080026a02       0x94 /usr/local/xenon/usr/lib/libxenon.a(xenos.o)
 .rodata.xenos_ana_write.str1.1
                0x0000000080026a96       0x33 /usr/local/xenon/usr/lib/libxenon.a(xenos.o)
 .rodata.xenos_autoset_mode.str1.1
                0x0000000080026ac9       0x17 /usr/local/xenon/usr/lib/libxenon.a(xenos.o)
 .rodata.xenos_init.str1.1
                0x0000000080026ae0       0x57 /usr/local/xenon/usr/lib/libxenon.a(xenos.o)
 .rodata.xenos_init_ana_new.str1.1
                0x0000000080026b37       0xf5 /usr/local/xenon/usr/lib/libxenon.a(xenos.o)
 .rodata.xenos_init_phase1.str1.1
                0x0000000080026c2c       0x85 /usr/local/xenon/usr/lib/libxenon.a(xenos.o)
 .rodata.xenos_is_overscan.str1.1
                0x0000000080026cb1       0x16 /usr/local/xenon/usr/lib/libxenon.a(xenos.o)
 .rodata.xenos_set_mode.str1.1
                0x0000000080026cc7       0x29 /usr/local/xenon/usr/lib/libxenon.a(xenos.o)
 .rodata.edid_header
                0x0000000080026cf0        0x8 /usr/local/xenon/usr/lib/libxenon.a(xenos_edid.o)
 .rodata.xenos_ddc_read_edid.str1.1
                0x0000000080026cf8       0xa5 /usr/local/xenon/usr/lib/libxenon.a(xenos_edid.o)
 .rodata.xenos_get_edid.str1.1
                0x0000000080026d9d       0x61 /usr/local/xenon/usr/lib/libxenon.a(xenos_edid.o)
 .rodata.str1.1
                0x0000000080026dfe        0xd /usr/local/xenon/usr/lib/libxenon.a(dummy.o)
 *fill*         0x0000000080026e0b        0x1 
 .rodata.ohci_xfer
                0x0000000080026e0c       0x50 /usr/local/xenon/usr/lib/libxenon.a(ohci.o)
 .rodata.ohci_revbits
                0x0000000080026e5c       0x80 /usr/local/xenon/usr/lib/libxenon.a(ohci.o)
 .rodata.ohci_root_cfgdsc
                0x0000000080026edc        0x9 /usr/local/xenon/usr/lib/libxenon.a(ohci.o)
 .rodata.ohci_root_devdsc
                0x0000000080026ee5       0x12 /usr/local/xenon/usr/lib/libxenon.a(ohci.o)
 .rodata.ohci_root_epdsc
                0x0000000080026ef7        0x7 /usr/local/xenon/usr/lib/libxenon.a(ohci.o)
 .rodata.ohci_root_hubdsc
                0x0000000080026efe       0x47 /usr/local/xenon/usr/lib/libxenon.a(ohci.o)
 .rodata.ohci_root_ifdsc
                0x0000000080026f45        0x9 /usr/local/xenon/usr/lib/libxenon.a(ohci.o)
 .rodata.ohci_xfer.str1.1
                0x0000000080026f4e        0x8 /usr/local/xenon/usr/lib/libxenon.a(ohci.o)
                                         0x11 (size before relaxing)
 *fill*         0x0000000080026f56        0x2 
 .rodata.eptattribs.4047
                0x0000000080026f58       0x10 /usr/local/xenon/usr/lib/libxenon.a(usbdebug.o)
 .rodata.getstringmaybe.str1.1
                0x0000000080026f68        0x8 /usr/local/xenon/usr/lib/libxenon.a(usbdebug.o)
                                          0x1 (size before relaxing)
 .rodata.str1.1
                0x0000000080026f68       0x1c /usr/local/xenon/usr/lib/libxenon.a(usbdebug.o)
 .rodata.usb_dbg_dumpdescriptors.str1.1
                0x0000000080026f84      0x4a8 /usr/local/xenon/usr/lib/libxenon.a(usbdebug.o)
 .rodata.usb_dbg_dumpportstatus.str1.1
                0x000000008002742c       0xd8 /usr/local/xenon/usr/lib/libxenon.a(usbdebug.o)
                                         0xdb (size before relaxing)
 .rodata.sfcx_init.str1.1
                0x0000000080027504       0x7e /usr/local/xenon/usr/lib/libxenon.a(xenon_sfcx.o)
 *fill*         0x0000000080027582        0x2 
 .rodata        0x0000000080027584       0x34 /usr/local/xenon/lib/gcc/xenon/6.3.0/32/libgcc.a(unwind-dw2-fde-dip.o)
 .rodata.str1.4
                0x00000000800275b8       0x3f /usr/local/xenon/xenon/lib/32/libc.a(lib_a-assert.o)
                                         0x43 (size before relaxing)
 *fill*         0x00000000800275f7        0x1 
 .rodata.str1.4
                0x00000000800275f8        0xe /usr/local/xenon/xenon/lib/32/libc.a(lib_a-locale.o)
                                         0x12 (size before relaxing)
 *fill*         0x0000000080027606        0x2 
 .rodata.str1.4
                0x0000000080027608        0x2 /usr/local/xenon/xenon/lib/32/libc.a(lib_a-puts.o)
 *fill*         0x000000008002760a        0x2 
 .rodata        0x000000008002760c      0x184 /usr/local/xenon/xenon/lib/32/libc.a(lib_a-svfprintf.o)
 .rodata.cst4   0x0000000080027790        0x4 /usr/local/xenon/xenon/lib/32/libc.a(lib_a-svfprintf.o)
 .rodata.cst8   0x0000000080027790        0x8 /usr/local/xenon/xenon/lib/32/libc.a(lib_a-svfprintf.o)
 .rodata.str1.4
                0x0000000080027798       0x42 /usr/local/xenon/xenon/lib/32/libc.a(lib_a-svfprintf.o)
 *fill*         0x00000000800277da        0x2 
 .rodata        0x00000000800277dc      0x184 /usr/local/xenon/xenon/lib/32/libc.a(lib_a-vfiprintf.o)
 .rodata.cst4   0x0000000080027960        0x8 /usr/local/xenon/xenon/lib/32/libc.a(lib_a-vfiprintf.o)
 .rodata.str1.4
                0x0000000080027968       0x2f /usr/local/xenon/xenon/lib/32/libc.a(lib_a-vfiprintf.o)
 .rodata        0x0000000080027968      0x184 /usr/local/xenon/xenon/lib/32/libc.a(lib_a-vfprintf.o)
 .rodata.cst4   0x0000000080027aec        0x4 /usr/local/xenon/xenon/lib/32/libc.a(lib_a-vfprintf.o)
 .rodata.cst8   0x0000000080027aec        0x8 /usr/local/xenon/xenon/lib/32/libc.a(lib_a-vfprintf.o)
 .rodata.str1.4
                0x0000000080027aec       0x42 /usr/local/xenon/xenon/lib/32/libc.a(lib_a-vfprintf.o)
 .rodata        0x0000000080027aec      0x101 /usr/local/xenon/xenon/lib/32/libc.a(lib_a-ctype_.o)
                0x0000000080027aec                _ctype_
 *fill*         0x0000000080027bed        0x3 
 .rodata.cst4   0x0000000080027bf0       0x18 /usr/local/xenon/xenon/lib/32/libc.a(lib_a-dtoa.o)
                                         0x1c (size before relaxing)
 .rodata.cst8   0x0000000080027c08       0x18 /usr/local/xenon/xenon/lib/32/libc.a(lib_a-dtoa.o)
 .rodata.str1.4
                0x0000000080027c20       0x10 /usr/local/xenon/xenon/lib/32/libc.a(lib_a-dtoa.o)
                                         0x12 (size before relaxing)
 .rodata        0x0000000080027c30      0x128 /usr/local/xenon/xenon/lib/32/libc.a(lib_a-mprec.o)
                0x0000000080027c40                __mprec_tens
                0x0000000080027d08                __mprec_tinytens
                0x0000000080027d30                __mprec_bigtens
 .rodata.cst4   0x0000000080027d58        0x8 /usr/local/xenon/xenon/lib/32/libc.a(lib_a-mprec.o)
 .rodata        0x0000000080027d58      0x184 /usr/local/xenon/xenon/lib/32/libc.a(lib_a-svfiprintf.o)
 .rodata.str1.4
                0x0000000080027edc       0x2f /usr/local/xenon/xenon/lib/32/libc.a(lib_a-svfiprintf.o)

.ctors          0x0000000080027edc        0x0
                0x0000000080027edc                __CTOR_LIST__ = .
 *(.ctors)
                0x0000000080027edc                __CTOR_END__ = .

.dtors          0x0000000080027edc        0x0
                0x0000000080027edc                __DTOR_LIST__ = .
 *(.dtors)
                0x0000000080027edc                __DTOR_END__ = .

.eh_frame_hdr   0x0000000080027edc       0xe4
 *(.eh_frame_hdr)
 .eh_frame_hdr  0x0000000080027edc       0xe4 /usr/local/xenon/lib/gcc/xenon/6.3.0/32/libgcc.a(crtsavgpr.o)
                0x0000000080027edc                __GNU_EH_FRAME_HDR

.eh_frame       0x0000000080027fc0      0x5e8
                0x0000000080027fc0                PROVIDE (__eh_frame_start, .)
 *(.eh_frame)
 .eh_frame      0x0000000080027fc0        0x0 /usr/local/xenon/lib/gcc/xenon/6.3.0/../../../../xenon/lib/../lib/crt1.o
 .eh_frame      0x0000000080027fc0       0x28 /usr/local/xenon/lib/gcc/xenon/6.3.0/32/libgcc.a(crtsavgpr.o)
 .eh_frame      0x0000000080027fe8       0x7c /usr/local/xenon/lib/gcc/xenon/6.3.0/32/libgcc.a(crtresxgpr.o)
 .eh_frame      0x0000000080028064      0x4b8 /usr/local/xenon/lib/gcc/xenon/6.3.0/32/libgcc.a(unwind-dw2-fde-dip.o)
                                        0x4cc (size before relaxing)
 .eh_frame      0x000000008002851c       0x40 /usr/local/xenon/lib/gcc/xenon/6.3.0/32/libgcc.a(_udivdi3.o)
                                         0x54 (size before relaxing)
 .eh_frame      0x000000008002855c       0x44 /usr/local/xenon/lib/gcc/xenon/6.3.0/32/libgcc.a(_umoddi3.o)
                                         0x58 (size before relaxing)
 .eh_frame      0x00000000800285a0        0x4 /usr/local/xenon/lib/gcc/xenon/6.3.0/32/crtend.o
                0x00000000800285a4        0x4 LONG 0x0

.rela.dyn       0x00000000800285a8        0x0
 .rela.iplt     0x00000000800285a8        0x0 /usr/local/xenon/lib/gcc/xenon/6.3.0/../../../../xenon/lib/../lib/crt1.o
 .rela.text.call_ctors
                0x00000000800285a8        0x0 /usr/local/xenon/lib/gcc/xenon/6.3.0/../../../../xenon/lib/../lib/crt1.o
 .rela.text.c_register_frame
                0x00000000800285a8        0x0 /usr/local/xenon/lib/gcc/xenon/6.3.0/../../../../xenon/lib/../lib/crt1.o
 .rela.text.__crtmain
                0x00000000800285a8        0x0 /usr/local/xenon/lib/gcc/xenon/6.3.0/../../../../xenon/lib/../lib/crt1.o
 .rela.text     0x00000000800285a8        0x0 /usr/local/xenon/lib/gcc/xenon/6.3.0/../../../../xenon/lib/../lib/crt1.o
 .rela.text.__check_argv
                0x00000000800285a8        0x0 /usr/local/xenon/lib/gcc/xenon/6.3.0/../../../../xenon/lib/../lib/crt1.o
 .rela.text.console_init
                0x00000000800285a8        0x0 /usr/local/xenon/lib/gcc/xenon/6.3.0/../../../../xenon/lib/../lib/crt1.o
 .rela.text.console_close
                0x00000000800285a8        0x0 /usr/local/xenon/lib/gcc/xenon/6.3.0/../../../../xenon/lib/../lib/crt1.o
 .rela.text.__dirreset
                0x00000000800285a8        0x0 /usr/local/xenon/lib/gcc/xenon/6.3.0/../../../../xenon/lib/../lib/crt1.o
 .rela.text.__dirnext
                0x00000000800285a8        0x0 /usr/local/xenon/lib/gcc/xenon/6.3.0/../../../../xenon/lib/../lib/crt1.o
 .rela.text.__libc_lock_init
                0x00000000800285a8        0x0 /usr/local/xenon/lib/gcc/xenon/6.3.0/../../../../xenon/lib/../lib/crt1.o
 .rela.text.__libc_lock_close
                0x00000000800285a8        0x0 /usr/local/xenon/lib/gcc/xenon/6.3.0/../../../../xenon/lib/../lib/crt1.o
 .rela.text.__libc_lock_release
                0x00000000800285a8        0x0 /usr/local/xenon/lib/gcc/xenon/6.3.0/../../../../xenon/lib/../lib/crt1.o
 .rela.text.__libc_lock_acquire
                0x00000000800285a8        0x0 /usr/local/xenon/lib/gcc/xenon/6.3.0/../../../../xenon/lib/../lib/crt1.o
 .rela.text.__malloc_lock
                0x00000000800285a8        0x0 /usr/local/xenon/lib/gcc/xenon/6.3.0/../../../../xenon/lib/../lib/crt1.o
 .rela.text.__malloc_unlock
                0x00000000800285a8        0x0 /usr/local/xenon/lib/gcc/xenon/6.3.0/../../../../xenon/lib/../lib/crt1.o
 .rela.text._exit
                0x00000000800285a8        0x0 /usr/local/xenon/lib/gcc/xenon/6.3.0/../../../../xenon/lib/../lib/crt1.o
 .rela.text.sbrk
                0x00000000800285a8        0x0 /usr/local/xenon/lib/gcc/xenon/6.3.0/../../../../xenon/lib/../lib/crt1.o
 .rela.text.execve
                0x00000000800285a8        0x0 /usr/local/xenon/lib/gcc/xenon/6.3.0/../../../../xenon/lib/../lib/crt1.o
 .rela.text.execv
                0x00000000800285a8        0x0 /usr/local/xenon/lib/gcc/xenon/6.3.0/../../../../xenon/lib/../lib/crt1.o
 .rela.text.execvp
                0x00000000800285a8        0x0 /usr/local/xenon/lib/gcc/xenon/6.3.0/../../../../xenon/lib/../lib/crt1.o
 .rela.text.fork
                0x00000000800285a8        0x0 /usr/local/xenon/lib/gcc/xenon/6.3.0/../../../../xenon/lib/../lib/crt1.o
 .rela.text.getpid
                0x00000000800285a8        0x0 /usr/local/xenon/lib/gcc/xenon/6.3.0/../../../../xenon/lib/../lib/crt1.o
 .rela.text.getrusage
                0x00000000800285a8        0x0 /usr/local/xenon/lib/gcc/xenon/6.3.0/../../../../xenon/lib/../lib/crt1.o
 .rela.text.gettimeofday
                0x00000000800285a8        0x0 /usr/local/xenon/lib/gcc/xenon/6.3.0/../../../../xenon/lib/../lib/crt1.o
 .rela.text.kill
                0x00000000800285a8        0x0 /usr/local/xenon/lib/gcc/xenon/6.3.0/../../../../xenon/lib/../lib/crt1.o
 .rela.text.open
                0x00000000800285a8        0x0 /usr/local/xenon/lib/gcc/xenon/6.3.0/../../../../xenon/lib/../lib/crt1.o
 .rela.text.read
                0x00000000800285a8        0x0 /usr/local/xenon/lib/gcc/xenon/6.3.0/../../../../xenon/lib/../lib/crt1.o
 .rela.text.write
                0x00000000800285a8        0x0 /usr/local/xenon/lib/gcc/xenon/6.3.0/../../../../xenon/lib/../lib/crt1.o
 .rela.text.fstat
                0x00000000800285a8        0x0 /usr/local/xenon/lib/gcc/xenon/6.3.0/../../../../xenon/lib/../lib/crt1.o
 .rela.text.stat
                0x00000000800285a8        0x0 /usr/local/xenon/lib/gcc/xenon/6.3.0/../../../../xenon/lib/../lib/crt1.o
 .rela.text.statvfs
                0x00000000800285a8        0x0 /usr/local/xenon/lib/gcc/xenon/6.3.0/../../../../xenon/lib/../lib/crt1.o
 .rela.text.fsync
                0x00000000800285a8        0x0 /usr/local/xenon/lib/gcc/xenon/6.3.0/../../../../xenon/lib/../lib/crt1.o
 .rela.text.ftruncate
                0x00000000800285a8        0x0 /usr/local/xenon/lib/gcc/xenon/6.3.0/../../../../xenon/lib/../lib/crt1.o
 .rela.text.link
                0x00000000800285a8        0x0 /usr/local/xenon/lib/gcc/xenon/6.3.0/../../../../xenon/lib/../lib/crt1.o
 .rela.text.lseek
                0x00000000800285a8        0x0 /usr/local/xenon/lib/gcc/xenon/6.3.0/../../../../xenon/lib/../lib/crt1.o
 .rela.text.rename
                0x00000000800285a8        0x0 /usr/local/xenon/lib/gcc/xenon/6.3.0/../../../../xenon/lib/../lib/crt1.o
 .rela.text.unlink
                0x00000000800285a8        0x0 /usr/local/xenon/lib/gcc/xenon/6.3.0/../../../../xenon/lib/../lib/crt1.o
 .rela.text.close
                0x00000000800285a8        0x0 /usr/local/xenon/lib/gcc/xenon/6.3.0/../../../../xenon/lib/../lib/crt1.o
 .rela.text.chdir
                0x00000000800285a8        0x0 /usr/local/xenon/lib/gcc/xenon/6.3.0/../../../../xenon/lib/../lib/crt1.o
 .rela.text.getcwd
                0x00000000800285a8        0x0 /usr/local/xenon/lib/gcc/xenon/6.3.0/../../../../xenon/lib/../lib/crt1.o
 .rela.text.chmod
                0x00000000800285a8        0x0 /usr/local/xenon/lib/gcc/xenon/6.3.0/../../../../xenon/lib/../lib/crt1.o
 .rela.text.fchmod
                0x00000000800285a8        0x0 /usr/local/xenon/lib/gcc/xenon/6.3.0/../../../../xenon/lib/../lib/crt1.o
 .rela.text.opendir
                0x00000000800285a8        0x0 /usr/local/xenon/lib/gcc/xenon/6.3.0/../../../../xenon/lib/../lib/crt1.o
 .rela.text.closedir
                0x00000000800285a8        0x0 /usr/local/xenon/lib/gcc/xenon/6.3.0/../../../../xenon/lib/../lib/crt1.o
 .rela.text.mkdir
                0x00000000800285a8        0x0 /usr/local/xenon/lib/gcc/xenon/6.3.0/../../../../xenon/lib/../lib/crt1.o
 .rela.text.xenon_sbrk
                0x00000000800285a8        0x0 /usr/local/xenon/lib/gcc/xenon/6.3.0/../../../../xenon/lib/../lib/crt1.o
 .rela.text.kmem_init
                0x00000000800285a8        0x0 /usr/local/xenon/lib/gcc/xenon/6.3.0/../../../../xenon/lib/../lib/crt1.o
 .rela.text.usbctrl_set_led_callback
                0x00000000800285a8        0x0 /usr/local/xenon/lib/gcc/xenon/6.3.0/../../../../xenon/lib/../lib/crt1.o
 .rela.text.usbctrl_set_rol
                0x00000000800285a8        0x0 /usr/local/xenon/lib/gcc/xenon/6.3.0/../../../../xenon/lib/../lib/crt1.o
 .rela.text.usbctrl_set_leds
                0x00000000800285a8        0x0 /usr/local/xenon/lib/gcc/xenon/6.3.0/../../../../xenon/lib/../lib/crt1.o
 .rela.text.usbctrl_poll
                0x00000000800285a8        0x0 /usr/local/xenon/lib/gcc/xenon/6.3.0/../../../../xenon/lib/../lib/crt1.o
 .rela.text.usbctrl_attach
                0x00000000800285a8        0x0 /usr/local/xenon/lib/gcc/xenon/6.3.0/../../../../xenon/lib/../lib/crt1.o
 .rela.text.usbctrl_set_rumble
                0x00000000800285a8        0x0 /usr/local/xenon/lib/gcc/xenon/6.3.0/../../../../xenon/lib/../lib/crt1.o
 .rela.text.usb_create_pipe
                0x00000000800285a8        0x0 /usr/local/xenon/lib/gcc/xenon/6.3.0/../../../../xenon/lib/../lib/crt1.o
 .rela.text.usb_destroy_pipe
                0x00000000800285a8        0x0 /usr/local/xenon/lib/gcc/xenon/6.3.0/../../../../xenon/lib/../lib/crt1.o
 .rela.text.usb_destroy_all_pipes
                0x00000000800285a8        0x0 /usr/local/xenon/lib/gcc/xenon/6.3.0/../../../../xenon/lib/../lib/crt1.o
 .rela.text.usb_destroy_device
                0x00000000800285a8        0x0 /usr/local/xenon/lib/gcc/xenon/6.3.0/../../../../xenon/lib/../lib/crt1.o
 .rela.text.usb_create_device
                0x00000000800285a8        0x0 /usr/local/xenon/lib/gcc/xenon/6.3.0/../../../../xenon/lib/../lib/crt1.o
 .rela.text.usb_make_request
                0x00000000800285a8        0x0 /usr/local/xenon/lib/gcc/xenon/6.3.0/../../../../xenon/lib/../lib/crt1.o
 .rela.text.usb_free_request
                0x00000000800285a8        0x0 /usr/local/xenon/lib/gcc/xenon/6.3.0/../../../../xenon/lib/../lib/crt1.o
 .rela.text.usb_clear_stall
                0x00000000800285a8        0x0 /usr/local/xenon/lib/gcc/xenon/6.3.0/../../../../xenon/lib/../lib/crt1.o
 .rela.text.usb_std_request
                0x00000000800285a8        0x0 /usr/local/xenon/lib/gcc/xenon/6.3.0/../../../../xenon/lib/../lib/crt1.o
 .rela.text.usb_get_string
                0x00000000800285a8        0x0 /usr/local/xenon/lib/gcc/xenon/6.3.0/../../../../xenon/lib/../lib/crt1.o
 .rela.text.usb_get_device_descriptor
                0x00000000800285a8        0x0 /usr/local/xenon/lib/gcc/xenon/6.3.0/../../../../xenon/lib/../lib/crt1.o
 .rela.text.usb_get_config_descriptor
                0x00000000800285a8        0x0 /usr/local/xenon/lib/gcc/xenon/6.3.0/../../../../xenon/lib/../lib/crt1.o
 .rela.text.usb_initroot
                0x00000000800285a8        0x0 /usr/local/xenon/lib/gcc/xenon/6.3.0/../../../../xenon/lib/../lib/crt1.o
 .rela.data.usb_drivers
                0x00000000800285a8        0x0 /usr/local/xenon/lib/gcc/xenon/6.3.0/../../../../xenon/lib/../lib/crt1.o
 .rela.text.usbhid_attach
                0x00000000800285a8        0x0 /usr/local/xenon/lib/gcc/xenon/6.3.0/../../../../xenon/lib/../lib/crt1.o
 .rela.text.usbhub_detach
                0x00000000800285a8        0x0 /usr/local/xenon/lib/gcc/xenon/6.3.0/../../../../xenon/lib/../lib/crt1.o
 .rela.text.usbhub_attach
                0x00000000800285a8        0x0 /usr/local/xenon/lib/gcc/xenon/6.3.0/../../../../xenon/lib/../lib/crt1.o
 .rela.text.usbhub_scan1
                0x00000000800285a8        0x0 /usr/local/xenon/lib/gcc/xenon/6.3.0/../../../../xenon/lib/../lib/crt1.o
 .rela.text.usb_init_one_ohci
                0x00000000800285a8        0x0 /usr/local/xenon/lib/gcc/xenon/6.3.0/../../../../xenon/lib/../lib/crt1.o
 .rela.text.usb_do_poll
                0x00000000800285a8        0x0 /usr/local/xenon/lib/gcc/xenon/6.3.0/../../../../xenon/lib/../lib/crt1.o
 .rela.text.EHCI_do_one
                0x00000000800285a8        0x0 /usr/local/xenon/lib/gcc/xenon/6.3.0/../../../../xenon/lib/../lib/crt1.o
 .rela.text.USBStorage_Init
                0x00000000800285a8        0x0 /usr/local/xenon/lib/gcc/xenon/6.3.0/../../../../xenon/lib/../lib/crt1.o
 .rela.text.seems_valid
                0x00000000800285a8        0x0 /usr/local/xenon/lib/gcc/xenon/6.3.0/../../../../xenon/lib/../lib/crt1.o
 .rela.text.stack_trace
                0x00000000800285a8        0x0 /usr/local/xenon/lib/gcc/xenon/6.3.0/../../../../xenon/lib/../lib/crt1.o
 .rela.text.xenon_config_init
                0x00000000800285a8        0x0 /usr/local/xenon/lib/gcc/xenon/6.3.0/../../../../xenon/lib/../lib/crt1.o
 .rela.text.enet_init
                0x00000000800285a8        0x0 /usr/local/xenon/lib/gcc/xenon/6.3.0/../../../../xenon/lib/../lib/crt1.o
 .rela.text.enet_poll
                0x00000000800285a8        0x0 /usr/local/xenon/lib/gcc/xenon/6.3.0/../../../../xenon/lib/../lib/crt1.o
 .rela.text.updateXeLL
                0x00000000800285a8        0x0 /usr/local/xenon/lib/gcc/xenon/6.3.0/../../../../xenon/lib/../lib/crt1.o
 .rela.text._ohci_dma_alloc
                0x00000000800285a8        0x0 /usr/local/xenon/lib/gcc/xenon/6.3.0/../../../../xenon/lib/../lib/crt1.o
 .rela.text.ohci_create
                0x00000000800285a8        0x0 /usr/local/xenon/lib/gcc/xenon/6.3.0/../../../../xenon/lib/../lib/crt1.o
 .rela.text.rawflash_checkImage_meta
                0x00000000800285a8        0x0 /usr/local/xenon/lib/gcc/xenon/6.3.0/../../../../xenon/lib/../lib/crt1.o
 .rela.text.rawflash_checkImage_ecd
                0x00000000800285a8        0x0 /usr/local/xenon/lib/gcc/xenon/6.3.0/../../../../xenon/lib/../lib/crt1.o
 .rela.text.rawflash_writeImage
                0x00000000800285a8        0x0 /usr/local/xenon/lib/gcc/xenon/6.3.0/../../../../xenon/lib/../lib/crt1.o
 .rela.text.rawflash_checkImage
                0x00000000800285a8        0x0 /usr/local/xenon/lib/gcc/xenon/6.3.0/../../../../xenon/lib/../lib/crt1.o
 .rela.text.try_rawflash
                0x00000000800285a8        0x0 /usr/local/xenon/lib/gcc/xenon/6.3.0/../../../../xenon/lib/../lib/crt1.o
 .rela.text.mem_init
                0x00000000800285a8        0x0 /usr/local/xenon/lib/gcc/xenon/6.3.0/../../../../xenon/lib/../lib/crt1.o
 .rela.text.mem_free
                0x00000000800285a8        0x0 /usr/local/xenon/lib/gcc/xenon/6.3.0/../../../../xenon/lib/../lib/crt1.o
 .rela.text.mem_trim
                0x00000000800285a8        0x0 /usr/local/xenon/lib/gcc/xenon/6.3.0/../../../../xenon/lib/../lib/crt1.o
 .rela.text.mem_malloc
                0x00000000800285a8        0x0 /usr/local/xenon/lib/gcc/xenon/6.3.0/../../../../xenon/lib/../lib/crt1.o
 .rela.text.pbuf_free_ooseq
                0x00000000800285a8        0x0 /usr/local/xenon/lib/gcc/xenon/6.3.0/../../../../xenon/lib/../lib/crt1.o
 .rela.text.pbuf_alloc
                0x00000000800285a8        0x0 /usr/local/xenon/lib/gcc/xenon/6.3.0/../../../../xenon/lib/../lib/crt1.o
 .rela.text.tcp_bind
                0x00000000800285a8        0x0 /usr/local/xenon/lib/gcc/xenon/6.3.0/../../../../xenon/lib/../lib/crt1.o
 .rela.text.tcp_listen_with_backlog
                0x00000000800285a8        0x0 /usr/local/xenon/lib/gcc/xenon/6.3.0/../../../../xenon/lib/../lib/crt1.o
 .rela.text.tcp_slowtmr
                0x00000000800285a8        0x0 /usr/local/xenon/lib/gcc/xenon/6.3.0/../../../../xenon/lib/../lib/crt1.o
 .rela.text.tcp_pcb_remove