Archive member included to satisfy reference by file (symbol)

/usr/local/xenon/usr/lib/libxenon.a(argv.o)
                              /usr/local/xenon/lib/gcc/xenon/6.3.0/../../../../xenon/lib/../lib/crt1.o (__check_argv)
/usr/local/xenon/usr/lib/libxenon.a(startup_from_xell.o)
                              (_start)
/usr/local/xenon/usr/lib/libxenon.a(console.o)
                              main.o (console_init)
/usr/local/xenon/usr/lib/libxenon.a(input.o)
                              main.o (get_controller_data)
/usr/local/xenon/usr/lib/libxenon.a(newlib.o)
                              /usr/local/xenon/usr/lib/libxenon.a(console.o) (stdout_hook)
/usr/local/xenon/usr/lib/libxenon.a(xenon_syscalls.o)
                              /usr/local/xenon/usr/lib/libxenon.a(newlib.o) (__syscalls)
/usr/local/xenon/usr/lib/libxenon.a(lib_malloc.o)
                              main.o (kmem_init)
/usr/local/xenon/usr/lib/libxenon.a(atomic.o)
                              /usr/local/xenon/usr/lib/libxenon.a(startup_from_xell.o) (atomic_clearset)
/usr/local/xenon/usr/lib/libxenon.a(cache.o)
                              /usr/local/xenon/usr/lib/libxenon.a(console.o) (memdcbst)
/usr/local/xenon/usr/lib/libxenon.a(except.o)
                              /usr/local/xenon/usr/lib/libxenon.a(startup_from_xell.o) (secondary_lock)
/usr/local/xenon/usr/lib/libxenon.a(c_except.o)
                              /usr/local/xenon/usr/lib/libxenon.a(except.o) (crashdump)
/usr/local/xenon/usr/lib/libxenon.a(vm.o)
                              /usr/local/xenon/usr/lib/libxenon.a(except.o) (vm_segfault_handler)
/usr/local/xenon/usr/lib/libxenon.a(time.o)
                              /usr/local/xenon/usr/lib/libxenon.a(c_except.o) (delay)
/usr/local/xenon/usr/lib/libxenon.a(usbctrl.o)
                              /usr/local/xenon/usr/lib/libxenon.a(input.o) (usbctrl_set_rumble)
/usr/local/xenon/usr/lib/libxenon.a(usbd.o)
                              /usr/local/xenon/usr/lib/libxenon.a(usbctrl.o) (usb_open_pipe)
/usr/local/xenon/usr/lib/libxenon.a(usbdevs.o)
                              /usr/local/xenon/usr/lib/libxenon.a(usbd.o) (usb_find_driver)
/usr/local/xenon/usr/lib/libxenon.a(usbhid.o)
                              /usr/local/xenon/usr/lib/libxenon.a(usbdevs.o) (usbhid_driver)
/usr/local/xenon/usr/lib/libxenon.a(usbhub.o)
                              /usr/local/xenon/usr/lib/libxenon.a(usbd.o) (usb_scan)
/usr/local/xenon/usr/lib/libxenon.a(usbmain.o)
                              /usr/local/xenon/usr/lib/libxenon.a(xenon_syscalls.o) (usb_shutdown)
/usr/local/xenon/usr/lib/libxenon.a(tinyehci.o)
                              /usr/local/xenon/usr/lib/libxenon.a(usbmain.o) (USBStorage_Init)
/usr/local/xenon/usr/lib/libxenon.a(debug.o)
                              /usr/local/xenon/usr/lib/libxenon.a(xenon_syscalls.o) (data_breakpoint)
/usr/local/xenon/usr/lib/libxenon.a(xenon_smc.o)
                              main.o (xenon_smc_send_message)
/usr/local/xenon/usr/lib/libxenon.a(xenon_power.o)
                              /usr/local/xenon/usr/lib/libxenon.a(xenon_syscalls.o) (xenon_is_thread_task_running)
/usr/local/xenon/usr/lib/libxenon.a(xenon_uart.o)
                              /usr/local/xenon/usr/lib/libxenon.a(newlib.o) (putch)
/usr/local/xenon/usr/lib/libxenon.a(xenon_config.o)
                              /usr/local/xenon/usr/lib/libxenon.a(xenon_power.o) (xenon_config_init)
/usr/local/xenon/usr/lib/libxenon.a(xenos.o)
                              main.o (xenos_init)
/usr/local/xenon/usr/lib/libxenon.a(xenos_edid.o)
                              /usr/local/xenon/usr/lib/libxenon.a(xenos.o) (xenos_get_edid)
/usr/local/xenon/usr/lib/libxenon.a(enet.o)
                              /usr/local/xenon/usr/lib/libxenon.a(xenon_syscalls.o) (enet_quiesce)
/usr/local/xenon/usr/lib/libxenon.a(xb360.o)
                              /usr/local/xenon/usr/lib/libxenon.a(xenos.o) (xenon_get_XenosID)
/usr/local/xenon/usr/lib/libxenon.a(dummy.o)
                              /usr/local/xenon/usr/lib/libxenon.a(usbdevs.o) (dummy_driver)
/usr/local/xenon/usr/lib/libxenon.a(ohci.o)
                              /usr/local/xenon/usr/lib/libxenon.a(usbmain.o) (ohci_driver)
/usr/local/xenon/usr/lib/libxenon.a(usbdebug.o)
                              /usr/local/xenon/usr/lib/libxenon.a(usbhub.o) (usb_dbg_dumpportstatus)
/usr/local/xenon/usr/lib/libxenon.a(usb_os.o)
                              /usr/local/xenon/usr/lib/libxenon.a(tinyehci.o) (ehci_maligned)
/usr/local/xenon/usr/lib/libxenon.a(xenon_gpio.o)
                              /usr/local/xenon/usr/lib/libxenon.a(enet.o) (xenon_gpio_control)
/usr/local/xenon/usr/lib/libxenon.a(cpusleep.o)
                              /usr/local/xenon/usr/lib/libxenon.a(xenon_power.o) (cpusleep)
/usr/local/xenon/usr/lib/libxenon.a(xenon_secotp.o)
                              /usr/local/xenon/usr/lib/libxenon.a(xb360.o) (xenon_secotp_read_line)
/usr/local/xenon/usr/lib/libxenon.a(xenon_sfcx.o)
[...]
Memory Configuration

Name             Origin             Length             Attributes
*default*        0x0000000000000000 0xffffffffffffffff

Linker script and memory map

LOAD /usr/local/xenon/lib/gcc/xenon/6.3.0/../../../../xenon/lib/../lib/crt1.o
LOAD /usr/local/xenon/lib/gcc/xenon/6.3.0/../../../../xenon/lib/../lib/crti.o
LOAD /usr/local/xenon/lib/gcc/xenon/6.3.0/32/crtbegin.o
LOAD main.o
LOAD /usr/local/xenon/usr/lib/libxenon.a
LOAD /usr/local/xenon/xenon/lib/32/libm.a
LOAD /usr/local/xenon/lib/gcc/xenon/6.3.0/32/libgcc.a
LOAD /usr/local/xenon/xenon/lib/32/libc.a
LOAD /usr/local/xenon/lib/gcc/xenon/6.3.0/32/libgcc.a
LOAD /usr/local/xenon/lib/gcc/xenon/6.3.0/32/crtend.o
LOAD /usr/local/xenon/lib/gcc/xenon/6.3.0/../../../../xenon/lib/../lib/crtn.o
                0x0000000080000000                . = 0x80000000

.text           0x0000000080000000    0x1d0fc
 *(.except*)
 .except        0x0000000080000000     0x1e30 /usr/local/xenon/usr/lib/libxenon.a(except.o)
                0x0000000080000000                secondary_lock
                0x0000000080000000                exc_base
                0x0000000080000004                secondary_alive
 *(.pagetable)
 .pagetable     0x0000000080001e30       0x40 /usr/local/xenon/usr/lib/libxenon.a(vm.o)
                0x0000000080001e30                pagetable
                0x0000000080001e70                pagetable_end = .
 *(.init*)
 .init          0x0000000080001e70        0xc /usr/local/xenon/lib/gcc/xenon/6.3.0/../../../../xenon/lib/../lib/crti.o
                0x0000000080001e70                _init
 *(.fini*)
 .fini          0x0000000080001e7c        0xc /usr/local/xenon/lib/gcc/xenon/6.3.0/../../../../xenon/lib/../lib/crti.o
                0x0000000080001e7c                _fini
 *(.text*)
 .text.call_ctors
                0x0000000080001e88       0x48 /usr/local/xenon/lib/gcc/xenon/6.3.0/../../../../xenon/lib/../lib/crt1.o
                0x0000000080001e88                call_ctors
 .text.c_register_frame
                0x0000000080001ed0        0xc /usr/local/xenon/lib/gcc/xenon/6.3.0/../../../../xenon/lib/../lib/crt1.o
                0x0000000080001ed0                c_register_frame
 .text.__crtmain
                0x0000000080001edc       0x2c /usr/local/xenon/lib/gcc/xenon/6.3.0/../../../../xenon/lib/../lib/crt1.o
                0x0000000080001edc                __crtmain
 .text.getTemp  0x0000000080001f08       0xd4 main.o
                0x0000000080001f08                getTemp
 *fill*         0x0000000080001fdc        0x4 
 .text.startup.main
                0x0000000080001fe0      0x168 main.o
                0x0000000080001fe0                main
 .text.__check_argv
                0x0000000080002148       0x28 /usr/local/xenon/usr/lib/libxenon.a(argv.o)
                0x0000000080002148                __check_argv
 *fill*         0x0000000080002170       0x90 
 .text          0x0000000080002200      0x2f4 /usr/local/xenon/usr/lib/libxenon.a(startup_from_xell.o)
                0x0000000080002200                _start
                0x00000000800023f8                wait
                0x0000000080002480                return_to_xell
 .text.console_clrscr
                0x00000000800024f4       0x7c /usr/local/xenon/usr/lib/libxenon.a(console.o)
                0x00000000800024f4                console_clrscr
 .text.console_newline
                0x0000000080002570       0xd4 /usr/local/xenon/usr/lib/libxenon.a(console.o)
                0x0000000080002570                console_newline
 .text.console_putch
                0x0000000080002644      0x184 /usr/local/xenon/usr/lib/libxenon.a(console.o)
                0x0000000080002644                console_putch
 .text.console_stdout_hook
                0x00000000800027c8       0x3c /usr/local/xenon/usr/lib/libxenon.a(console.o)
 .text.console_init
                0x0000000080002804      0x148 /usr/local/xenon/usr/lib/libxenon.a(console.o)
                0x0000000080002804                console_init
 .text.console_set_colors
                0x000000008000294c       0x14 /usr/local/xenon/usr/lib/libxenon.a(console.o)
                0x000000008000294c                console_set_colors
 .text.get_controller_data
                0x0000000080002960       0x5c /usr/local/xenon/usr/lib/libxenon.a(input.o)
                0x0000000080002960                get_controller_data
 .text.set_controller_data
                0x00000000800029bc       0x50 /usr/local/xenon/usr/lib/libxenon.a(input.o)
                0x00000000800029bc                set_controller_data
 .text.vfs_console_write
                0x0000000080002a0c       0x88 /usr/local/xenon/usr/lib/libxenon.a(newlib.o)
                0x0000000080002a0c                vfs_console_write
 .text.__malloc_lock
                0x0000000080002a94       0x18 /usr/local/xenon/usr/lib/libxenon.a(newlib.o)
                0x0000000080002a94                __malloc_lock
 .text.__malloc_unlock
                0x0000000080002aac       0x18 /usr/local/xenon/usr/lib/libxenon.a(newlib.o)
                0x0000000080002aac                __malloc_unlock
 .text._exit    0x0000000080002ac4       0x2c /usr/local/xenon/usr/lib/libxenon.a(newlib.o)
                0x0000000080002ac4                _exit
 .text.sbrk     0x0000000080002af0       0x34 /usr/local/xenon/usr/lib/libxenon.a(newlib.o)
                0x0000000080002af0                sbrk
 .text.abort    0x0000000080002b24       0x2c /usr/local/xenon/usr/lib/libxenon.a(newlib.o)
                0x0000000080002b24                abort
 .text.isatty   0x0000000080002b50        0x8 /usr/local/xenon/usr/lib/libxenon.a(newlib.o)
                0x0000000080002b50                isatty
 .text.__release_handle
                0x0000000080002b58       0x4c /usr/local/xenon/usr/lib/libxenon.a(newlib.o)
                0x0000000080002b58                __release_handle
 .text.__get_handle
                0x0000000080002ba4       0x28 /usr/local/xenon/usr/lib/libxenon.a(newlib.o)
                0x0000000080002ba4                __get_handle
 .text.read     0x0000000080002bcc       0xa4 /usr/local/xenon/usr/lib/libxenon.a(newlib.o)
                0x0000000080002bcc                read
 .text.write    0x0000000080002c70       0xb0 /usr/local/xenon/usr/lib/libxenon.a(newlib.o)
                0x0000000080002c70                write
 .text.fstat    0x0000000080002d20       0xa0 /usr/local/xenon/usr/lib/libxenon.a(newlib.o)
                0x0000000080002d20                fstat
 .text.lseek    0x0000000080002dc0       0xa4 /usr/local/xenon/usr/lib/libxenon.a(newlib.o)
                0x0000000080002dc0                lseek
 .text.close    0x0000000080002e64       0x88 /usr/local/xenon/usr/lib/libxenon.a(newlib.o)
                0x0000000080002e64                close
 .text.xenon_sbrk
                0x0000000080002eec       0x2c /usr/local/xenon/usr/lib/libxenon.a(xenon_syscalls.o)
 .text.xenon_gettimeofday
                0x0000000080002f18       0xa4 /usr/local/xenon/usr/lib/libxenon.a(xenon_syscalls.o)
 .text.xenon_malloc_unlock
                0x0000000080002fbc       0xc4 /usr/local/xenon/usr/lib/libxenon.a(xenon_syscalls.o)
 .text.xenon_malloc_lock
                0x0000000080003080       0xf0 /usr/local/xenon/usr/lib/libxenon.a(xenon_syscalls.o)
 .text.shutdown_drivers
                0x0000000080003170       0x30 /usr/local/xenon/usr/lib/libxenon.a(xenon_syscalls.o)
                0x0000000080003170                shutdown_drivers
 .text.try_return_to_xell
                0x00000000800031a0       0x64 /usr/local/xenon/usr/lib/libxenon.a(xenon_syscalls.o)
                0x00000000800031a0                try_return_to_xell
 .text.xenon_exit
                0x0000000080003204      0x154 /usr/local/xenon/usr/lib/libxenon.a(xenon_syscalls.o)
 .text.kfree    0x0000000080003358       0xb4 /usr/local/xenon/usr/lib/libxenon.a(lib_malloc.o)
                0x0000000080003358                kfree
 .text.lib_outofmemory
                0x000000008000340c        0xc /usr/local/xenon/usr/lib/libxenon.a(lib_malloc.o)
                0x000000008000340c                lib_outofmemory
 .text.kmalloc  0x0000000080003418      0x130 /usr/local/xenon/usr/lib/libxenon.a(lib_malloc.o)
                0x0000000080003418                kmalloc
 .text.kmem_init
                0x0000000080003548       0x70 /usr/local/xenon/usr/lib/libxenon.a(lib_malloc.o)
                0x0000000080003548                kmem_init
 .text          0x00000000800035b8       0x94 /usr/local/xenon/usr/lib/libxenon.a(atomic.o)
                0x00000000800035b8                atomic_inc
                0x00000000800035cc                atomic_dec
                0x00000000800035e0                atomic_clearset
                0x00000000800035f8                lock
                0x0000000080003634                unlock
 .text          0x000000008000364c       0xa8 /usr/local/xenon/usr/lib/libxenon.a(cache.o)
                0x000000008000364c                memdcbt
                0x0000000080003674                memdcbst
                0x000000008000369c                memdcbf
                0x00000000800036c4                memicbi
 .text.flush_console
                0x00000000800036f4       0x48 /usr/local/xenon/usr/lib/libxenon.a(c_except.o)
 .text.crashdump
                0x000000008000373c      0x2b4 /usr/local/xenon/usr/lib/libxenon.a(c_except.o)
                0x000000008000373c                crashdump
 .text.tdelay   0x00000000800039f0       0x50 /usr/local/xenon/usr/lib/libxenon.a(time.o)
 .text.udelay   0x0000000080003a40       0x24 /usr/local/xenon/usr/lib/libxenon.a(time.o)
                0x0000000080003a40                udelay
 .text.mdelay   0x0000000080003a64       0x18 /usr/local/xenon/usr/lib/libxenon.a(time.o)
                0x0000000080003a64                mdelay
 .text.delay    0x0000000080003a7c       0x18 /usr/local/xenon/usr/lib/libxenon.a(time.o)
                0x0000000080003a7c                delay
 .text.usbctrl_queue_intreq
                0x0000000080003a94       0x4c /usr/local/xenon/usr/lib/libxenon.a(usbctrl.o)
 .text.usbctrl_set_led_callback
                0x0000000080003ae0       0x38 /usr/local/xenon/usr/lib/libxenon.a(usbctrl.o)
 .text.usbctrl_set_rol
                0x0000000080003b18       0x2c /usr/local/xenon/usr/lib/libxenon.a(usbctrl.o)
                0x0000000080003b18                usbctrl_set_rol
 .text.usbctrl_detach
                0x0000000080003b44       0x88 /usr/local/xenon/usr/lib/libxenon.a(usbctrl.o)
 .text.usbctrl_set_leds
                0x0000000080003bcc      0x120 /usr/local/xenon/usr/lib/libxenon.a(usbctrl.o)
                0x0000000080003bcc                usbctrl_set_leds
 .text.usbctrl_ireq_callback
                0x0000000080003cec      0x260 /usr/local/xenon/usr/lib/libxenon.a(usbctrl.o)
 .text.usbctrl_poll
                0x0000000080003f4c       0xc0 /usr/local/xenon/usr/lib/libxenon.a(usbctrl.o)
                0x0000000080003f4c                usbctrl_poll
 .text.usbctrl_attach
                0x000000008000400c      0x2f8 /usr/local/xenon/usr/lib/libxenon.a(usbctrl.o)
 .text.usb_create_pipe
                0x0000000080004304       0xcc /usr/local/xenon/usr/lib/libxenon.a(usbd.o)
                0x0000000080004304                usb_create_pipe
 .text.usb_open_pipe
                0x00000000800043d0       0x78 /usr/local/xenon/usr/lib/libxenon.a(usbd.o)
                0x00000000800043d0                usb_open_pipe
 .text.usb_destroy_all_pipes
                0x0000000080004448       0x74 /usr/local/xenon/usr/lib/libxenon.a(usbd.o)
                0x0000000080004448                usb_destroy_all_pipes
 .text.usb_destroy_device
                0x00000000800044bc       0x50 /usr/local/xenon/usr/lib/libxenon.a(usbd.o)
                0x00000000800044bc                usb_destroy_device
 .text.usb_create_device
                0x000000008000450c       0x80 /usr/local/xenon/usr/lib/libxenon.a(usbd.o)
                0x000000008000450c                usb_create_device
 .text.usb_make_request
                0x000000008000458c       0x8c /usr/local/xenon/usr/lib/libxenon.a(usbd.o)
                0x000000008000458c                usb_make_request
 .text.usb_poll
                0x0000000080004618       0x10 /usr/local/xenon/usr/lib/libxenon.a(usbd.o)
                0x0000000080004618                usb_poll
 .text.usb_daemon
                0x0000000080004628       0x18 /usr/local/xenon/usr/lib/libxenon.a(usbd.o)
                0x0000000080004628                usb_daemon
 .text.usb_free_request
                0x0000000080004640       0x28 /usr/local/xenon/usr/lib/libxenon.a(usbd.o)
                0x0000000080004640                usb_free_request
 .text.usb_delay_ms
                0x0000000080004668        0x8 /usr/local/xenon/usr/lib/libxenon.a(usbd.o)
                0x0000000080004668                usb_delay_ms
 .text.usb_queue_request
                0x0000000080004670       0x34 /usr/local/xenon/usr/lib/libxenon.a(usbd.o)
                0x0000000080004670                usb_queue_request
 .text.usb_wait_request
                0x00000000800046a4       0x3c /usr/local/xenon/usr/lib/libxenon.a(usbd.o)
                0x00000000800046a4                usb_wait_request
 .text.usb_sync_request
                0x00000000800046e0       0x30 /usr/local/xenon/usr/lib/libxenon.a(usbd.o)
                0x00000000800046e0                usb_sync_request
 .text.usb_new_address
                0x0000000080004710       0x2c /usr/local/xenon/usr/lib/libxenon.a(usbd.o)
                0x0000000080004710                usb_new_address
 .text.usb_set_ep0mps
                0x000000008000473c       0x58 /usr/local/xenon/usr/lib/libxenon.a(usbd.o)
                0x000000008000473c                usb_set_ep0mps
 .text.usb_clear_stall
                0x0000000080004794      0x100 /usr/local/xenon/usr/lib/libxenon.a(usbd.o)
                0x0000000080004794                usb_clear_stall
 .text.usb_std_request
                0x0000000080004894      0x22c /usr/local/xenon/usr/lib/libxenon.a(usbd.o)
                0x0000000080004894                usb_std_request
 .text.usb_simple_request
                0x0000000080004ac0       0x18 /usr/local/xenon/usr/lib/libxenon.a(usbd.o)
                0x0000000080004ac0                usb_simple_request
 .text.usb_set_configuration
                0x0000000080004ad8       0x14 /usr/local/xenon/usr/lib/libxenon.a(usbd.o)
                0x0000000080004ad8                usb_set_configuration
 .text.usb_set_address
                0x0000000080004aec       0x98 /usr/local/xenon/usr/lib/libxenon.a(usbd.o)
                0x0000000080004aec                usb_set_address
 .text.usb_get_descriptor
                0x0000000080004b84       0x20 /usr/local/xenon/usr/lib/libxenon.a(usbd.o)
                0x0000000080004b84                usb_get_descriptor
 .text.usb_get_string
                0x0000000080004ba4       0xf8 /usr/local/xenon/usr/lib/libxenon.a(usbd.o)
                0x0000000080004ba4                usb_get_string
 .text.usb_get_device_descriptor
                0x0000000080004c9c       0x94 /usr/local/xenon/usr/lib/libxenon.a(usbd.o)
                0x0000000080004c9c                usb_get_device_descriptor
 .text.usb_get_config_descriptor
                0x0000000080004d30       0x8c /usr/local/xenon/usr/lib/libxenon.a(usbd.o)
                0x0000000080004d30                usb_get_config_descriptor
 .text.usb_get_device_status
                0x0000000080004dbc       0x1c /usr/local/xenon/usr/lib/libxenon.a(usbd.o)
                0x0000000080004dbc                usb_get_device_status
 .text.usb_complete_request
                0x0000000080004dd8       0x20 /usr/local/xenon/usr/lib/libxenon.a(usbd.o)
                0x0000000080004dd8                usb_complete_request
 .text.usb_initroot
                0x0000000080004df8      0x148 /usr/local/xenon/usr/lib/libxenon.a(usbd.o)
                0x0000000080004df8                usb_initroot
 .text.usb_find_cfg_descr
                0x0000000080004f40       0x4c /usr/local/xenon/usr/lib/libxenon.a(usbd.o)
                0x0000000080004f40                usb_find_cfg_descr
 .text.usb_find_driver
                0x0000000080004f8c      0x148 /usr/local/xenon/usr/lib/libxenon.a(usbdevs.o)
                0x0000000080004f8c                usb_find_driver
 .text.usbhid_detach
                0x00000000800050d4        0x8 /usr/local/xenon/usr/lib/libxenon.a(usbhid.o)
 .text.usbhid_attach
                0x00000000800050dc      0x160 /usr/local/xenon/usr/lib/libxenon.a(usbhid.o)
 .text.usbhid_ireq_callback
                0x000000008000523c      0x170 /usr/local/xenon/usr/lib/libxenon.a(usbhid.o)
 .text.usbhub_markdetached1
                0x00000000800053ac       0x14 /usr/local/xenon/usr/lib/libxenon.a(usbhub.o)
 .text.usbhub_get_port_status
                0x00000000800053c0       0x1c /usr/local/xenon/usr/lib/libxenon.a(usbhub.o)
 .text.usbhub_ireq_callback
                0x00000000800053dc       0x88 /usr/local/xenon/usr/lib/libxenon.a(usbhub.o)
 .text.usbhub_map_tree1
                0x0000000080005464       0x78 /usr/local/xenon/usr/lib/libxenon.a(usbhub.o)
 .text.usbhub_detach
                0x00000000800054dc      0x144 /usr/local/xenon/usr/lib/libxenon.a(usbhub.o)
 .text.usbhub_attach
                0x0000000080005620      0x194 /usr/local/xenon/usr/lib/libxenon.a(usbhub.o)
 .text.usbhub_map_tree
                0x00000000800057b4       0x14 /usr/local/xenon/usr/lib/libxenon.a(usbhub.o)
                0x00000000800057b4                usbhub_map_tree
 .text.usbhub_map_from_device
                0x00000000800057c8       0x10 /usr/local/xenon/usr/lib/libxenon.a(usbhub.o)
                0x00000000800057c8                usbhub_map_from_device
 .text.usbhub_scan1
                0x00000000800057d8      0x530 /usr/local/xenon/usr/lib/libxenon.a(usbhub.o)
 .text.usb_scan
                0x0000000080005d08       0x10 /usr/local/xenon/usr/lib/libxenon.a(usbhub.o)
                0x0000000080005d08                usb_scan
 .text.usb_init_one_ohci
                0x0000000080005d18       0xcc /usr/local/xenon/usr/lib/libxenon.a(usbmain.o)
 .text.usb_shutdown
                0x0000000080005de4       0x54 /usr/local/xenon/usr/lib/libxenon.a(usbmain.o)
                0x0000000080005de4                usb_shutdown
 .text.usb_init
                0x0000000080005e38       0xe0 /usr/local/xenon/usr/lib/libxenon.a(usbmain.o)
                0x0000000080005e38                usb_init
 .text.usb_do_poll
                0x0000000080005f18       0xac /usr/local/xenon/usr/lib/libxenon.a(usbmain.o)
                0x0000000080005f18                usb_do_poll
 .text.qtd_fill
                0x0000000080005fc4       0x9c /usr/local/xenon/usr/lib/libxenon.a(tinyehci.o)
 .text.ehci_qtd_alloc
                0x0000000080006060       0x78 /usr/local/xenon/usr/lib/libxenon.a(tinyehci.o)
 .text.handshake.isra.5
                0x00000000800060d8      0x148 /usr/local/xenon/usr/lib/libxenon.a(tinyehci.o)
 .text.ehci_mem_init
                0x0000000080006220       0xf0 /usr/local/xenon/usr/lib/libxenon.a(tinyehci.o)
                0x0000000080006220                ehci_mem_init
 .text.qh_urb_transaction
                0x0000000080006310      0x1b4 /usr/local/xenon/usr/lib/libxenon.a(tinyehci.o)
                0x0000000080006310                qh_urb_transaction
 .text.ehci_do_urb
                0x00000000800064c4      0x39c /usr/local/xenon/usr/lib/libxenon.a(tinyehci.o)
                0x00000000800064c4                ehci_do_urb
 .text.ehci_control_message
                0x0000000080006860       0x6c /usr/local/xenon/usr/lib/libxenon.a(tinyehci.o)
                0x0000000080006860                ehci_control_message
 .text.ehci_bulk_message
                0x00000000800068cc       0x48 /usr/local/xenon/usr/lib/libxenon.a(tinyehci.o)
                0x00000000800068cc                ehci_bulk_message
 .text.__send_cbw
                0x0000000080006914      0x11c /usr/local/xenon/usr/lib/libxenon.a(tinyehci.o)
 .text.ehci_reset_port_old
                0x0000000080006a30      0x190 /usr/local/xenon/usr/lib/libxenon.a(tinyehci.o)
                0x0000000080006a30                ehci_reset_port_old
 .text.ehci_adquire_port
                0x0000000080006bc0       0x80 /usr/local/xenon/usr/lib/libxenon.a(tinyehci.o)
                0x0000000080006bc0                ehci_adquire_port
 .text.ehci_reset_usb_port
                0x0000000080006c40      0x148 /usr/local/xenon/usr/lib/libxenon.a(tinyehci.o)
                0x0000000080006c40                ehci_reset_usb_port
 .text.ehci_reset_port2
                0x0000000080006d88       0x5c /usr/local/xenon/usr/lib/libxenon.a(tinyehci.o)
                0x0000000080006d88                ehci_reset_port2
 .text.USB_FreeDescriptors
                0x0000000080006de4       0xc4 /usr/local/xenon/usr/lib/libxenon.a(tinyehci.o)
                0x0000000080006de4                USB_FreeDescriptors
 .text.USB_GetDescriptors
                0x0000000080006ea8      0x348 /usr/local/xenon/usr/lib/libxenon.a(tinyehci.o)
                0x0000000080006ea8                USB_GetDescriptors
 .text.USB_GetConfiguration
                0x00000000800071f0       0x80 /usr/local/xenon/usr/lib/libxenon.a(tinyehci.o)
                0x00000000800071f0                USB_GetConfiguration
 .text.USB_SetConfiguration
                0x0000000080007270       0x1c /usr/local/xenon/usr/lib/libxenon.a(tinyehci.o)
                0x0000000080007270                USB_SetConfiguration
 .text.USB_SetAlternativeInterface
                0x000000008000728c       0x28 /usr/local/xenon/usr/lib/libxenon.a(tinyehci.o)
                0x000000008000728c                USB_SetAlternativeInterface
 .text.USB_ClearHalt
                0x00000000800072b4       0x1c /usr/local/xenon/usr/lib/libxenon.a(tinyehci.o)
                0x00000000800072b4                USB_ClearHalt
 .text.ehci_init_port
                0x00000000800072d0      0x148 /usr/local/xenon/usr/lib/libxenon.a(tinyehci.o)
                0x00000000800072d0                ehci_init_port
 .text.ehci_reset_port
                0x0000000080007418       0x50 /usr/local/xenon/usr/lib/libxenon.a(tinyehci.o)
                0x0000000080007418                ehci_reset_port
 .text.ehci_reset_device
                0x0000000080007468        0x8 /usr/local/xenon/usr/lib/libxenon.a(tinyehci.o)
                0x0000000080007468                ehci_reset_device
 .text.ehci_discover
                0x0000000080007470       0x54 /usr/local/xenon/usr/lib/libxenon.a(tinyehci.o)
                0x0000000080007470                ehci_discover
 .text.EHCI_do_one
                0x00000000800074c4      0x10c /usr/local/xenon/usr/lib/libxenon.a(tinyehci.o)
 .text.find_ehci_data
                0x00000000800075d0       0x3c /usr/local/xenon/usr/lib/libxenon.a(tinyehci.o)
                0x00000000800075d0                find_ehci_data
 .text.USBStorage_Close
                0x000000008000760c       0x40 /usr/local/xenon/usr/lib/libxenon.a(tinyehci.o)
                0x000000008000760c                USBStorage_Close
 .text.USBStorage_ReadCapacity
                0x000000008000764c       0xbc /usr/local/xenon/usr/lib/libxenon.a(tinyehci.o)
                0x000000008000764c                USBStorage_ReadCapacity
 .text.USBStorage_MountLUN
                0x0000000080007708      0x1c0 /usr/local/xenon/usr/lib/libxenon.a(tinyehci.o)
                0x0000000080007708                USBStorage_MountLUN
 .text.__usbstorage_reset.isra.9
                0x00000000800078c8      0x1a0 /usr/local/xenon/usr/lib/libxenon.a(tinyehci.o)
 .text.USBStorage_Open
                0x0000000080007a68      0x320 /usr/local/xenon/usr/lib/libxenon.a(tinyehci.o)
                0x0000000080007a68                USBStorage_Open
 .text.__cycle.constprop.14
                0x0000000080007d88      0x29c /usr/local/xenon/usr/lib/libxenon.a(tinyehci.o)
 .text.USBStorage_Inquiry
                0x0000000080008024       0xa4 /usr/local/xenon/usr/lib/libxenon.a(tinyehci.o)
                0x0000000080008024                USBStorage_Inquiry
 .text.USBStorage_Try_Device
                0x00000000800080c8      0x154 /usr/local/xenon/usr/lib/libxenon.a(tinyehci.o)
                0x00000000800080c8                USBStorage_Try_Device
 .text.USBStorage_Init
                0x000000008000821c      0x208 /usr/local/xenon/usr/lib/libxenon.a(tinyehci.o)
                0x000000008000821c                USBStorage_Init
 .text.EHCI_Init
                0x0000000080008424       0x50 /usr/local/xenon/usr/lib/libxenon.a(tinyehci.o)
                0x0000000080008424                EHCI_Init
 .text.data_breakpoint
                0x0000000080008474       0x40 /usr/local/xenon/usr/lib/libxenon.a(debug.o)
                0x0000000080008474                data_breakpoint
 .text.uprintf  0x00000000800084b4       0x94 /usr/local/xenon/usr/lib/libxenon.a(xenon_smc.o)
                0x00000000800084b4                uprintf
 .text.xenon_smc_send_message
                0x0000000080008548       0x50 /usr/local/xenon/usr/lib/libxenon.a(xenon_smc.o)
                0x0000000080008548                xenon_smc_send_message
 .text.xenon_smc_receive_message
                0x0000000080008598       0x58 /usr/local/xenon/usr/lib/libxenon.a(xenon_smc.o)
                0x0000000080008598                xenon_smc_receive_message
 .text.xenon_smc_handle_bulk
                0x00000000800085f0       0x68 /usr/local/xenon/usr/lib/libxenon.a(xenon_smc.o)
                0x00000000800085f0                xenon_smc_handle_bulk
 .text.xenon_smc_receive_response
                0x0000000080008658       0x44 /usr/local/xenon/usr/lib/libxenon.a(xenon_smc.o)
                0x0000000080008658                xenon_smc_receive_response
 .text.xenon_smc_ana_write
                0x000000008000869c       0x98 /usr/local/xenon/usr/lib/libxenon.a(xenon_smc.o)
                0x000000008000869c                xenon_smc_ana_write
 .text.xenon_smc_ana_read
                0x0000000080008734       0x9c /usr/local/xenon/usr/lib/libxenon.a(xenon_smc.o)
                0x0000000080008734                xenon_smc_ana_read
 .text.xenon_smc_i2c_ddc_lock
                0x00000000800087d0       0x78 /usr/local/xenon/usr/lib/libxenon.a(xenon_smc.o)
                0x00000000800087d0                xenon_smc_i2c_ddc_lock
 .text.xenon_smc_i2c_write
                0x0000000080008848       0xa4 /usr/local/xenon/usr/lib/libxenon.a(xenon_smc.o)
                0x0000000080008848                xenon_smc_i2c_write
 .text.xenon_smc_i2c_read
                0x00000000800088ec       0xbc /usr/local/xenon/usr/lib/libxenon.a(xenon_smc.o)
                0x00000000800088ec                xenon_smc_i2c_read
 .text.xenon_smc_power_reboot
                0x00000000800089a8       0x48 /usr/local/xenon/usr/lib/libxenon.a(xenon_smc.o)
                0x00000000800089a8                xenon_smc_power_reboot
 .text.xenon_smc_read_avpack
                0x00000000800089f0       0x44 /usr/local/xenon/usr/lib/libxenon.a(xenon_smc.o)
                0x00000000800089f0                xenon_smc_read_avpack
 .text.xenon_smc_set_fan_algorithm
                0x0000000080008a34       0x3c /usr/local/xenon/usr/lib/libxenon.a(xenon_smc.o)
                0x0000000080008a34                xenon_smc_set_fan_algorithm
 .text.wakeup_cpus
                0x0000000080008a70       0xb8 /usr/local/xenon/usr/lib/libxenon.a(xenon_power.o)
                0x0000000080008a70                wakeup_cpus
 .text.prepare_sleep
                0x0000000080008b28       0x74 /usr/local/xenon/usr/lib/libxenon.a(xenon_power.o)
                0x0000000080008b28                prepare_sleep
 .text.xenon_thread_sleep
                0x0000000080008b9c       0x58 /usr/local/xenon/usr/lib/libxenon.a(xenon_power.o)
                0x0000000080008b9c                xenon_thread_sleep
 .text.xenon_set_speed
                0x0000000080008bf4      0x304 /usr/local/xenon/usr/lib/libxenon.a(xenon_power.o)
                0x0000000080008bf4                xenon_set_speed
 .text.xenon_run_thread_task
                0x0000000080008ef8       0x3c /usr/local/xenon/usr/lib/libxenon.a(xenon_power.o)
                0x0000000080008ef8                xenon_run_thread_task
 .text.xenon_is_thread_task_running
                0x0000000080008f34       0x1c /usr/local/xenon/usr/lib/libxenon.a(xenon_power.o)
                0x0000000080008f34                xenon_is_thread_task_running
 .text.xenon_thread_startup
                0x0000000080008f50       0x48 /usr/local/xenon/usr/lib/libxenon.a(xenon_power.o)
                0x0000000080008f50                xenon_thread_startup
 .text.xenon_set_single_thread_mode
                0x0000000080008f98       0x98 /usr/local/xenon/usr/lib/libxenon.a(xenon_power.o)
                0x0000000080008f98                xenon_set_single_thread_mode
 .text.xenon_make_it_faster
                0x0000000080009030       0xfc /usr/local/xenon/usr/lib/libxenon.a(xenon_power.o)
                0x0000000080009030                xenon_make_it_faster
 .text.putch    0x000000008000912c       0x50 /usr/local/xenon/usr/lib/libxenon.a(xenon_uart.o)
                0x000000008000912c                putch
 .text.uart_puts
                0x000000008000917c       0x30 /usr/local/xenon/usr/lib/libxenon.a(xenon_uart.o)
                0x000000008000917c                uart_puts
 .text.xenon_config_init
                0x00000000800091ac       0xa4 /usr/local/xenon/usr/lib/libxenon.a(xenon_config.o)
                0x00000000800091ac                xenon_config_init
 .text.xenon_config_get_avregion
                0x0000000080009250       0xa0 /usr/local/xenon/usr/lib/libxenon.a(xenon_config.o)
                0x0000000080009250                xenon_config_get_avregion
 .text.xenon_config_get_vid_delta
                0x00000000800092f0       0x40 /usr/local/xenon/usr/lib/libxenon.a(xenon_config.o)
                0x00000000800092f0                xenon_config_get_vid_delta
 .text.xenos_ana_write
                0x0000000080009330       0xac /usr/local/xenon/usr/lib/libxenon.a(xenos.o)
 .text.xenos_init_ana_new
                0x00000000800093dc      0x4fc /usr/local/xenon/usr/lib/libxenon.a(xenos.o)
                0x00000000800093dc                xenos_init_ana_new
 .text.xenos_init_phase0
                0x00000000800098d8       0xa0 /usr/local/xenon/usr/lib/libxenon.a(xenos.o)
                0x00000000800098d8                xenos_init_phase0
 .text.xenos_init_phase1
                0x0000000080009978      0x334 /usr/local/xenon/usr/lib/libxenon.a(xenos.o)
                0x0000000080009978                xenos_init_phase1
 .text.xenos_ana_preinit
                0x0000000080009cac       0xcc /usr/local/xenon/usr/lib/libxenon.a(xenos.o)
                0x0000000080009cac                xenos_ana_preinit
 .text.xenos_set_mode_f1
                0x0000000080009d78       0xf8 /usr/local/xenon/usr/lib/libxenon.a(xenos.o)
                0x0000000080009d78                xenos_set_mode_f1
 .text.xenos_set_mode_f2
                0x0000000080009e70      0x248 /usr/local/xenon/usr/lib/libxenon.a(xenos.o)
                0x0000000080009e70                xenos_set_mode_f2
 .text.xenos_set_mode
                0x000000008000a0b8      0x2c8 /usr/local/xenon/usr/lib/libxenon.a(xenos.o)
                0x000000008000a0b8                xenos_set_mode
 .text.xenos_hdmi_vga_mode_fix
                0x000000008000a380       0x40 /usr/local/xenon/usr/lib/libxenon.a(xenos.o)
                0x000000008000a380                xenos_hdmi_vga_mode_fix
 .text.xenos_autoset_mode
                0x000000008000a3c0      0x150 /usr/local/xenon/usr/lib/libxenon.a(xenos.o)
                0x000000008000a3c0                xenos_autoset_mode
 .text.xenos_init
                0x000000008000a510      0x148 /usr/local/xenon/usr/lib/libxenon.a(xenos.o)
                0x000000008000a510                xenos_init
 .text.xenos_is_overscan
                0x000000008000a658       0x38 /usr/local/xenon/usr/lib/libxenon.a(xenos.o)
                0x000000008000a658                xenos_is_overscan
 .text.xenos_is_initialized
                0x000000008000a690       0x14 /usr/local/xenon/usr/lib/libxenon.a(xenos.o)
                0x000000008000a690                xenos_is_initialized
 .text.xenos_do_probe_ddc_edid
                0x000000008000a6a4      0x194 /usr/local/xenon/usr/lib/libxenon.a(xenos_edid.o)
                0x000000008000a6a4                xenos_do_probe_ddc_edid
 .text.xenos_ddc_read_edid
                0x000000008000a838      0x128 /usr/local/xenon/usr/lib/libxenon.a(xenos_edid.o)
 .text.xenos_get_edid
                0x000000008000a960       0xa4 /usr/local/xenon/usr/lib/libxenon.a(xenos_edid.o)
                0x000000008000a960                xenos_get_edid
 .text.xenos_detect_hdmi_monitor
                0x000000008000aa04       0xe0 /usr/local/xenon/usr/lib/libxenon.a(xenos_edid.o)
                0x000000008000aa04                xenos_detect_hdmi_monitor
 .text.enet_quiesce
                0x000000008000aae4       0x18 /usr/local/xenon/usr/lib/libxenon.a(enet.o)
                0x000000008000aae4                enet_quiesce
 .text.xenon_get_DVE
                0x000000008000aafc       0x34 /usr/local/xenon/usr/lib/libxenon.a(xb360.o)
                0x000000008000aafc                xenon_get_DVE
 .text.xenon_get_PCIBridgeRevisionID
                0x000000008000ab30       0x14 /usr/local/xenon/usr/lib/libxenon.a(xb360.o)
                0x000000008000ab30                xenon_get_PCIBridgeRevisionID
 .text.xenon_get_XenosID
                0x000000008000ab44       0x10 /usr/local/xenon/usr/lib/libxenon.a(xb360.o)
                0x000000008000ab44                xenon_get_XenosID
 .text.xenon_get_console_type
                0x000000008000ab54       0xc0 /usr/local/xenon/usr/lib/libxenon.a(xb360.o)
                0x000000008000ab54                xenon_get_console_type
 .text.xenon_logical_nand_data_ok
                0x000000008000ac14       0x18 /usr/local/xenon/usr/lib/libxenon.a(xb360.o)
                0x000000008000ac14                xenon_logical_nand_data_ok
 .text.xenon_get_logical_nand_data
                0x000000008000ac2c       0x50 /usr/local/xenon/usr/lib/libxenon.a(xb360.o)
                0x000000008000ac2c                xenon_get_logical_nand_data
 .text.dummy_attach
                0x000000008000ac7c        0x8 /usr/local/xenon/usr/lib/libxenon.a(dummy.o)
 .text.dummy_detach
                0x000000008000ac84        0x8 /usr/local/xenon/usr/lib/libxenon.a(dummy.o)
 .text._ohci_allocept
                0x000000008000ac8c       0x64 /usr/local/xenon/usr/lib/libxenon.a(ohci.o)
 .text._ohci_allocxfer
                0x000000008000acf0       0x5c /usr/local/xenon/usr/lib/libxenon.a(ohci.o)
 .text.ohci_stop
                0x000000008000ad4c       0x14 /usr/local/xenon/usr/lib/libxenon.a(ohci.o)
 .text.ohci_delete
                0x000000008000ad60        0x4 /usr/local/xenon/usr/lib/libxenon.a(ohci.o)
 .text.ohci_ept_cleartoggle
                0x000000008000ad64       0x44 /usr/local/xenon/usr/lib/libxenon.a(ohci.o)
 .text.ohci_ept_setaddr
                0x000000008000ada8       0x38 /usr/local/xenon/usr/lib/libxenon.a(ohci.o)
 .text.ohci_ept_setmps
                0x000000008000ade0       0x40 /usr/local/xenon/usr/lib/libxenon.a(ohci.o)
 .text._ohci_queueept
                0x000000008000ae20       0x5c /usr/local/xenon/usr/lib/libxenon.a(ohci.o)
 .text.ohci_ept_create
                0x000000008000ae7c      0x130 /usr/local/xenon/usr/lib/libxenon.a(ohci.o)
 .text.ohci_ept_delete
                0x000000008000afac      0x1b0 /usr/local/xenon/usr/lib/libxenon.a(ohci.o)
 .text.ohci_start
                0x000000008000b15c      0x164 /usr/local/xenon/usr/lib/libxenon.a(ohci.o)
 .text.ohci_roothub_strdscr
                0x000000008000b2c0       0x6c /usr/local/xenon/usr/lib/libxenon.a(ohci.o)
 .text.ohci_intr
                0x000000008000b32c      0x1e4 /usr/local/xenon/usr/lib/libxenon.a(ohci.o)
 .text._ohci_dma_alloc
                0x000000008000b510       0x50 /usr/local/xenon/usr/lib/libxenon.a(ohci.o)
 .text.ohci_xfer
                0x000000008000b560      0x728 /usr/local/xenon/usr/lib/libxenon.a(ohci.o)
 .text.ohci_create
                0x000000008000bc88      0x29c /usr/local/xenon/usr/lib/libxenon.a(ohci.o)
 .text.getstringmaybe
                0x000000008000bf24       0x6c /usr/local/xenon/usr/lib/libxenon.a(usbdebug.o)
 .text.usb_dbg_dumpportstatus
                0x000000008000bf90      0x244 /usr/local/xenon/usr/lib/libxenon.a(usbdebug.o)
                0x000000008000bf90                usb_dbg_dumpportstatus
 .text.usb_dbg_dumpdescriptors
                0x000000008000c1d4      0x620 /usr/local/xenon/usr/lib/libxenon.a(usbdebug.o)
                0x000000008000c1d4                usb_dbg_dumpdescriptors
 .text.ehci_maligned
                0x000000008000c7f4       0x88 /usr/local/xenon/usr/lib/libxenon.a(usb_os.o)
                0x000000008000c7f4                ehci_maligned
 .text.ehci_virt_to_dma
                0x000000008000c87c        0x8 /usr/local/xenon/usr/lib/libxenon.a(usb_os.o)
                0x000000008000c87c                ehci_virt_to_dma
 .text.ehci_dma_map_to
                0x000000008000c884       0x24 /usr/local/xenon/usr/lib/libxenon.a(usb_os.o)
                0x000000008000c884                ehci_dma_map_to
 .text.ehci_dma_map_from
                0x000000008000c8a8       0x24 /usr/local/xenon/usr/lib/libxenon.a(usb_os.o)
                0x000000008000c8a8                ehci_dma_map_from
 .text.ehci_dma_map_bidir
                0x000000008000c8cc       0x24 /usr/local/xenon/usr/lib/libxenon.a(usb_os.o)
                0x000000008000c8cc                ehci_dma_map_bidir
 .text.ehci_dma_unmap_bidir
                0x000000008000c8f0        0x8 /usr/local/xenon/usr/lib/libxenon.a(usb_os.o)
                0x000000008000c8f0                ehci_dma_unmap_bidir
 .text.ehci_dma_unmap_from
                0x000000008000c8f8        0x4 /usr/local/xenon/usr/lib/libxenon.a(usb_os.o)
                0x000000008000c8f8                ehci_dma_unmap_from
 .text.ehci_dma_unmap_to
                0x000000008000c8fc        0x4 /usr/local/xenon/usr/lib/libxenon.a(usb_os.o)
                0x000000008000c8fc                ehci_dma_unmap_to
 .text.ehci_usleep
                0x000000008000c900        0x4 /usr/local/xenon/usr/lib/libxenon.a(usb_os.o)
                0x000000008000c900                ehci_usleep
 .text.ehci_msleep
                0x000000008000c904        0x4 /usr/local/xenon/usr/lib/libxenon.a(usb_os.o)
                0x000000008000c904                ehci_msleep
 .text.USB_Alloc
                0x000000008000c908        0x4 /usr/local/xenon/usr/lib/libxenon.a(usb_os.o)
                0x000000008000c908                USB_Alloc
 .text.USB_Free
                0x000000008000c90c        0x4 /usr/local/xenon/usr/lib/libxenon.a(usb_os.o)
                0x000000008000c90c                USB_Free
 .text.xenon_gpio_set_oe
                0x000000008000c910       0x1c /usr/local/xenon/usr/lib/libxenon.a(xenon_gpio.o)
                0x000000008000c910                xenon_gpio_set_oe
 .text.xenon_gpio_set
                0x000000008000c92c       0x1c /usr/local/xenon/usr/lib/libxenon.a(xenon_gpio.o)
                0x000000008000c92c                xenon_gpio_set
 .text          0x000000008000c948       0x3c /usr/local/xenon/usr/lib/libxenon.a(cpusleep.o)
                0x000000008000c948                cpusleep
 .text.sfcx_readreg
                0x000000008000c984       0x10 /usr/local/xenon/usr/lib/libxenon.a(xenon_sfcx.o)
                0x000000008000c984                sfcx_readreg
 .text.sfcx_init
                0x000000008000c994      0x2dc /usr/local/xenon/usr/lib/libxenon.a(xenon_sfcx.o)
                0x000000008000c994                sfcx_init
 .text.q_enqueue
                0x000000008000cc70       0x18 /usr/local/xenon/usr/lib/libxenon.a(lib_queue.o)
                0x000000008000cc70                q_enqueue
 .text.q_deqnext
                0x000000008000cc88       0x30 /usr/local/xenon/usr/lib/libxenon.a(lib_queue.o)
                0x000000008000cc88                q_deqnext
 .text          0x000000008000ccb8       0x4c /usr/local/xenon/lib/gcc/xenon/6.3.0/32/libgcc.a(crtsavgpr.o)
                0x000000008000ccb8                _savegpr_14
                0x000000008000ccbc                _savegpr_15
                0x000000008000ccc0                _savegpr_16
                0x000000008000ccc4                _savegpr_17
                0x000000008000ccc8                _savegpr_18
                0x000000008000cccc                _savegpr_19
                0x000000008000ccd0                _savegpr_20
                0x000000008000ccd4                _savegpr_21
                0x000000008000ccd8                _savegpr_22
                0x000000008000ccdc                _savegpr_23
                0x000000008000cce0                _savegpr_24
                0x000000008000cce4                _savegpr_25
                0x000000008000cce8                _savegpr_26
                0x000000008000ccec                _savegpr_27
                0x000000008000ccf0                _savegpr_28
                0x000000008000ccf4                _savegpr_29
                0x000000008000ccf8                _savegpr_30
                0x000000008000ccfc                _savegpr_31
 .text          0x000000008000cd04       0x58 /usr/local/xenon/lib/gcc/xenon/6.3.0/32/libgcc.a(crtresxgpr.o)
                0x000000008000cd04                _restgpr_14_x
                0x000000008000cd08                _restgpr_15_x
                0x000000008000cd0c                _restgpr_16_x
                0x000000008000cd10                _restgpr_17_x
                0x000000008000cd14                _restgpr_18_x
                0x000000008000cd18                _restgpr_19_x
                0x000000008000cd1c                _restgpr_20_x
                0x000000008000cd20                _restgpr_21_x
                0x000000008000cd24                _restgpr_22_x
                0x000000008000cd28                _restgpr_23_x
                0x000000008000cd2c                _restgpr_24_x
                0x000000008000cd30                _restgpr_25_x
                0x000000008000cd34                _restgpr_26_x
                0x000000008000cd38                _restgpr_27_x
                0x000000008000cd3c                _restgpr_28_x
                0x000000008000cd40                _restgpr_29_x
                0x000000008000cd44                _restgpr_30_x
                0x000000008000cd48                _restgpr_31_x
 *fill*         0x000000008000cd5c        0x4 
 .text          0x000000008000cd60     0x1af8 /usr/local/xenon/lib/gcc/xenon/6.3.0/32/libgcc.a(unwind-dw2-fde-dip.o)
                0x000000008000e1ec                __register_frame_info_bases
                0x000000008000e264                __register_frame_info
                0x000000008000e2e4                __register_frame
                0x000000008000e36c                __register_frame_info_table_bases
                0x000000008000e3d4                __register_frame_info_table
                0x000000008000e43c                __register_frame_table
                0x000000008000e4bc                __deregister_frame_info_bases
                0x000000008000e618                __deregister_frame_info
                0x000000008000e630                __deregister_frame
                0x000000008000e66c                _Unwind_Find_FDE
 .text          0x000000008000e858       0x78 /usr/local/xenon/xenon/lib/32/libc.a(lib_a-assert.o)
                0x000000008000e858                __assert_func
                0x000000008000e8b8                __assert
 .text          0x000000008000e8d0       0x40 /usr/local/xenon/xenon/lib/32/libc.a(lib_a-exit.o)
                0x000000008000e8d0                exit
 .text          0x000000008000e910      0x158 /usr/local/xenon/xenon/lib/32/libc.a(lib_a-fclose.o)
                0x000000008000e910                _fclose_r
                0x000000008000ea58                fclose
 .text          0x000000008000ea68      0x37c /usr/local/xenon/xenon/lib/32/libc.a(lib_a-fflush.o)
                0x000000008000ea68                __sflush_r
                0x000000008000ed40                _fflush_r
                0x000000008000edb8                fflush
 *fill*         0x000000008000ede4        0x4 
 .text          0x000000008000ede8      0x3f4 /usr/local/xenon/xenon/lib/32/libc.a(lib_a-findfp.o)
                0x000000008000edf0                _cleanup_r
                0x000000008000efb0                __sfmoreglue
                0x000000008000f030                __sfp
                0x000000008000f168                _cleanup
                0x000000008000f180                __sinit
                0x000000008000f190                __sfp_lock_acquire
                0x000000008000f198                __sfp_lock_release
                0x000000008000f1a0                __sinit_lock_acquire
                0x000000008000f1a8                __sinit_lock_release
                0x000000008000f1b0                __fp_lock_all
                0x000000008000f1c8                __fp_unlock_all
 *fill*         0x000000008000f1dc        0x4 
 .text          0x000000008000f1e0      0x110 /usr/local/xenon/xenon/lib/32/libc.a(lib_a-fiprintf.o)
                0x000000008000f1e0                _fiprintf_r
                0x000000008000f260                fiprintf
 .text          0x000000008000f2f0      0x468 /usr/local/xenon/xenon/lib/32/libc.a(lib_a-freer.o)
                0x000000008000f2f0                _malloc_trim_r
                0x000000008000f430                _free_r
 .text          0x000000008000f758       0x80 /usr/local/xenon/xenon/lib/32/libc.a(lib_a-fstatr.o)
                0x000000008000f758                _fstat_r
 .text          0x000000008000f7d8      0x1d0 /usr/local/xenon/xenon/lib/32/libc.a(lib_a-fwalk.o)
                0x000000008000f7d8                _fwalk
                0x000000008000f8b8                _fwalk_reent
 .text          0x000000008000f9a8      0x11c /usr/local/xenon/xenon/lib/32/libc.a(lib_a-locale.o)
                0x000000008000f9a8                _setlocale_r
                0x000000008000fa48                __locale_mb_cur_max
                0x000000008000fa78                __locale_ctype_ptr_l
                0x000000008000fa80                __locale_ctype_ptr
                0x000000008000fab0                setlocale
 *fill*         0x000000008000fac4        0x4 
 .text          0x000000008000fac8      0x23c /usr/local/xenon/xenon/lib/32/libc.a(lib_a-makebuf.o)
                0x000000008000fac8                __swhatbuf_r
                0x000000008000fbb8                __smakebuf_r
 *fill*         0x000000008000fd04        0x4 
 .text          0x000000008000fd08       0x20 /usr/local/xenon/xenon/lib/32/libc.a(lib_a-malloc.o)
                0x000000008000fd08                malloc
                0x000000008000fd18                free
 .text          0x000000008000fd28      0x94c /usr/local/xenon/xenon/lib/32/libc.a(lib_a-mallocr.o)
                0x000000008000fd28                _malloc_r
 *fill*         0x0000000080010674        0x4 
 .text          0x0000000080010678       0xc0 /usr/local/xenon/xenon/lib/32/libc.a(lib_a-mbtowc_r.o)
                0x0000000080010678                _mbtowc_r
                0x00000000800106b0                __ascii_mbtowc
 .text          0x0000000080010738       0xa0 /usr/local/xenon/xenon/lib/32/libc.a(lib_a-memcmp.o)
                0x0000000080010738                memcmp
 .text          0x00000000800107d8      0x108 /usr/local/xenon/xenon/lib/32/libc.a(lib_a-memcpy.o)
                0x00000000800107d8                memcpy
 .text          0x00000000800108e0      0x110 /usr/local/xenon/xenon/lib/32/libc.a(lib_a-memset.o)
                0x00000000800108e0                memset
 .text          0x00000000800109f0      0x120 /usr/local/xenon/xenon/lib/32/libc.a(lib_a-printf.o)
                0x00000000800109f0                _printf_r
                0x0000000080010a78                printf
 .text          0x0000000080010b10       0x20 /usr/local/xenon/xenon/lib/32/libc.a(lib_a-putchar.o)
                0x0000000080010b10                _putchar_r
                0x0000000080010b18                putchar
 .text          0x0000000080010b30       0xe8 /usr/local/xenon/xenon/lib/32/libc.a(lib_a-puts.o)
                0x0000000080010b30                _puts_r
                0x0000000080010c08                puts
 .text          0x0000000080010c18       0x78 /usr/local/xenon/xenon/lib/32/libc.a(lib_a-sbrkr.o)
                0x0000000080010c18                _sbrk_r
 .text          0x0000000080010c90      0x18c /usr/local/xenon/xenon/lib/32/libc.a(lib_a-sprintf.o)
                0x0000000080010c90                _sprintf_r
                0x0000000080010d50                sprintf
 *fill*         0x0000000080010e1c        0x4 
 .text          0x0000000080010e20      0x184 /usr/local/xenon/xenon/lib/32/libc.a(lib_a-stdio.o)
                0x0000000080010e20                __sread
                0x0000000080010e88                __seofread
                0x0000000080010e90                __swrite
                0x0000000080010f28                __sseek
                0x0000000080010f98                __sclose
 *fill*         0x0000000080010fa4        0x4 
 .text          0x0000000080010fa8       0x98 /usr/local/xenon/xenon/lib/32/libc.a(lib_a-strcat.o)
                0x0000000080010fa8                strcat
 .text          0x0000000080011040       0xc0 /usr/local/xenon/xenon/lib/32/libc.a(lib_a-strcmp.o)
                0x0000000080011040                strcmp
 .text          0x0000000080011100       0x84 /usr/local/xenon/xenon/lib/32/libc.a(lib_a-strcpy.o)
                0x0000000080011100                strcpy
 *fill*         0x0000000080011184        0x4 
 .text          0x0000000080011188       0xb0 /usr/local/xenon/xenon/lib/32/libc.a(lib_a-strlen.o)
                0x0000000080011188                strlen
 .text          0x0000000080011238     0x221c /usr/local/xenon/xenon/lib/32/libc.a(lib_a-svfprintf.o)
                0x0000000080011238                _svfprintf_r
 *fill*         0x0000000080013454        0x4 
 .text          0x0000000080013458     0x16a8 /usr/local/xenon/xenon/lib/32/libc.a(lib_a-vfiprintf.o)
                0x00000000800135a0                __sprint_r
                0x00000000800135c0                _vfiprintf_r
                0x0000000080014a10                vfiprintf
 .text          0x0000000080014b00     0x2378 /usr/local/xenon/xenon/lib/32/libc.a(lib_a-vfprintf.o)
                0x0000000080014b00                _vfprintf_r
                0x0000000080016d88                vfprintf
 .text          0x0000000080016e78       0x78 /usr/local/xenon/xenon/lib/32/libc.a(lib_a-vsprintf.o)
                0x0000000080016e78                _vsprintf_r
                0x0000000080016ed8                vsprintf
 .text          0x0000000080016ef0       0x78 /usr/local/xenon/xenon/lib/32/libc.a(lib_a-wctomb_r.o)
                0x0000000080016ef0                _wctomb_r
                0x0000000080016f28                __ascii_wctomb
 .text          0x0000000080016f68       0x80 /usr/local/xenon/xenon/lib/32/libc.a(lib_a-writer.o)
                0x0000000080016f68                _write_r
 .text          0x0000000080016fe8      0x1b0 /usr/local/xenon/xenon/lib/32/libc.a(lib_a-wsetup.o)
                0x0000000080016fe8                __swsetup_r
 .text          0x0000000080017198      0x1e4 /usr/local/xenon/xenon/lib/32/libc.a(lib_a-__call_atexit.o)
                0x0000000080017198                __call_exitprocs
 *fill*         0x000000008001737c        0x4 
 .text          0x0000000080017380       0x78 /usr/local/xenon/xenon/lib/32/libc.a(lib_a-closer.o)
                0x0000000080017380                _close_r
 .text          0x00000000800173f8     0x1500 /usr/local/xenon/xenon/lib/32/libc.a(lib_a-dtoa.o)
                0x0000000080017650                _dtoa_r
 .text          0x00000000800188f8      0x254 /usr/local/xenon/xenon/lib/32/libc.a(lib_a-fputwc.o)
                0x00000000800188f8                __fputwc
                0x0000000080018a88                _fputwc_r
                0x0000000080018ab8                fputwc
 *fill*         0x0000000080018b4c        0x4 
 .text          0x0000000080018b50      0x5cc /usr/local/xenon/xenon/lib/32/libc.a(lib_a-fvwrite.o)
                0x0000000080018b50                __sfvwrite_r
 *fill*         0x000000008001911c        0x4 
 .text          0x0000000080019120       0x78 /usr/local/xenon/xenon/lib/32/libc.a(lib_a-isattyr.o)
                0x0000000080019120                _isatty_r
 .text          0x0000000080019198       0x68 /usr/local/xenon/xenon/lib/32/libc.a(lib_a-localeconv.o)
                0x0000000080019198                __localeconv_l
                0x00000000800191a0                _localeconv_r
                0x00000000800191d0                localeconv
 .text          0x0000000080019200       0x80 /usr/local/xenon/xenon/lib/32/libc.a(lib_a-lseekr.o)
                0x0000000080019200                _lseek_r
 .text          0x0000000080019280      0x100 /usr/local/xenon/xenon/lib/32/libc.a(lib_a-memchr.o)
                0x0000000080019280                memchr
 .text          0x0000000080019380      0x148 /usr/local/xenon/xenon/lib/32/libc.a(lib_a-memmove.o)
                0x0000000080019380                memmove
 .text          0x00000000800194c8     0x1350 /usr/local/xenon/xenon/lib/32/libc.a(lib_a-mprec.o)
                0x00000000800194c8                _Balloc
                0x0000000080019590                _Bfree
                0x00000000800195b8                __multadd
                0x00000000800196d8                __s2b
                0x0000000080019818                __hi0bits
                0x0000000080019898                __lo0bits
                0x0000000080019978                __i2b
                0x00000000800199b8                __multiply
                0x0000000080019c38                __pow5mult
                0x0000000080019db0                __lshift
                0x0000000080019f40                __mcmp
                0x0000000080019fa8                __mdiff
                0x000000008001a1e8                __ulp
                0x000000008001a288                __b2d
                0x000000008001a418                __d2b
                0x000000008001a5b0                __ratio
                0x000000008001a690                _mprec_log10
                0x000000008001a6d8                __copybits
                0x000000008001a770                __any_on
 .text          0x000000008001a818      0x16c /usr/local/xenon/xenon/lib/32/libc.a(lib_a-putc.o)
                0x000000008001a818                _putc_r
                0x000000008001a8c0                putc
 *fill*         0x000000008001a984        0x4 
 .text          0x000000008001a988       0x80 /usr/local/xenon/xenon/lib/32/libc.a(lib_a-readr.o)
                0x000000008001a988                _read_r
 .text          0x000000008001aa08      0x5d8 /usr/local/xenon/xenon/lib/32/libc.a(lib_a-reallocr.o)
                0x000000008001aa08                _realloc_r
 .text          0x000000008001afe0     0x1508 /usr/local/xenon/xenon/lib/32/libc.a(lib_a-svfiprintf.o)
                0x000000008001afe0                __ssprint_r
                0x000000008001b250                _svfiprintf_r
 .text          0x000000008001c4e8      0x1c4 /usr/local/xenon/xenon/lib/32/libc.a(lib_a-wbuf.o)
                0x000000008001c4e8                __swbuf_r
                0x000000008001c698                __swbuf
 *fill*         0x000000008001c6ac        0x4 
 .text          0x000000008001c6b0      0x18c /usr/local/xenon/xenon/lib/32/libc.a(lib_a-wcrtomb.o)
                0x000000008001c6b0                _wcrtomb_r
                0x000000008001c778                wcrtomb
 *fill*         0x000000008001c83c        0x4 
 .text          0x000000008001c840       0xc8 /usr/local/xenon/xenon/lib/32/libc.a(lib_a-callocr.o)
                0x000000008001c840                _calloc_r
 .text          0x000000008001c908      0x424 /usr/local/xenon/lib/gcc/xenon/6.3.0/32/libgcc.a(_udivdi3.o)
                0x000000008001c908                __udivdi3
 *fill*         0x000000008001cd2c        0x4 
 .text          0x000000008001cd30      0x3cc /usr/local/xenon/lib/gcc/xenon/6.3.0/32/libgcc.a(_umoddi3.o)
                0x000000008001cd30                __umoddi3

.glink          0x000000008001d0fc        0x0
 .glink         0x000000008001d0fc        0x0 /usr/local/xenon/lib/gcc/xenon/6.3.0/../../../../xenon/lib/../lib/crt1.o

.elfldr         0x000000008001d0fc        0x0
                0x000000008001d0fc                elfldr_start = .
 *(.elfldr)
                0x000000008001d0fc                elfldr_end = .

.data           0x000000008001d100     0x7f74
 *(.data*)
 .data.devoptab_list
                0x000000008001d100       0x40 /usr/local/xenon/usr/lib/libxenon.a(newlib.o)
                0x000000008001d100                devoptab_list
 .data.__syscalls
                0x000000008001d140       0x24 /usr/local/xenon/usr/lib/libxenon.a(xenon_syscalls.o)
                0x000000008001d140                __syscalls
 .data.lockowner
                0x000000008001d164        0x4 /usr/local/xenon/usr/lib/libxenon.a(xenon_syscalls.o)
 .data.usbctrl_driver
                0x000000008001d168        0xc /usr/local/xenon/usr/lib/libxenon.a(usbctrl.o)
                0x000000008001d168                usbctrl_driver
 .data.usb_drivers
                0x000000008001d174       0xa0 /usr/local/xenon/usr/lib/libxenon.a(usbdevs.o)
                0x000000008001d174                usb_drivers
 .data.usbhid_driver
                0x000000008001d214        0xc /usr/local/xenon/usr/lib/libxenon.a(usbhid.o)
                0x000000008001d214                usbhid_driver
 .data.usbhid_scantable
                0x000000008001d220      0x650 /usr/local/xenon/usr/lib/libxenon.a(usbhid.o)
 .data.usbhub_driver
                0x000000008001d870        0xc /usr/local/xenon/usr/lib/libxenon.a(usbhub.o)
                0x000000008001d870                usbhub_driver
 .data.usbroothub_driver
                0x000000008001d87c        0xc /usr/local/xenon/usr/lib/libxenon.a(usbhub.o)
                0x000000008001d87c                usbroothub_driver
 .data.ana_hdmi_720p
                0x000000008001d888      0x400 /usr/local/xenon/usr/lib/libxenon.a(xenos.o)
                0x000000008001d888                ana_hdmi_720p
 .data.ana_hdmi_720p_corona
                0x000000008001dc88      0x400 /usr/local/xenon/usr/lib/libxenon.a(xenos.o)
                0x000000008001dc88                ana_hdmi_720p_corona
 .data.ana_ntsc
                0x000000008001e088      0x400 /usr/local/xenon/usr/lib/libxenon.a(xenos.o)
                0x000000008001e088                ana_ntsc
 .data.ana_ntsc_corona
                0x000000008001e488      0x400 /usr/local/xenon/usr/lib/libxenon.a(xenos.o)
                0x000000008001e488                ana_ntsc_corona
 .data.ana_pal50
                0x000000008001e888      0x400 /usr/local/xenon/usr/lib/libxenon.a(xenos.o)
                0x000000008001e888                ana_pal50
 .data.ana_pal50_corona
                0x000000008001ec88      0x400 /usr/local/xenon/usr/lib/libxenon.a(xenos.o)
                0x000000008001ec88                ana_pal50_corona
 .data.ana_pal60
                0x000000008001f088      0x400 /usr/local/xenon/usr/lib/libxenon.a(xenos.o)
                0x000000008001f088                ana_pal60
 .data.ana_pal60_corona
                0x000000008001f488      0x400 /usr/local/xenon/usr/lib/libxenon.a(xenos.o)
                0x000000008001f488                ana_pal60_corona
 .data.ana_vga_1024x768
                0x000000008001f888      0x400 /usr/local/xenon/usr/lib/libxenon.a(xenos.o)
                0x000000008001f888                ana_vga_1024x768
 .data.ana_vga_1024x768_corona
                0x000000008001fc88      0x400 /usr/local/xenon/usr/lib/libxenon.a(xenos.o)
                0x000000008001fc88                ana_vga_1024x768_corona
 .data.ana_vga_1280x1024
                0x0000000080020088      0x400 /usr/local/xenon/usr/lib/libxenon.a(xenos.o)
                0x0000000080020088                ana_vga_1280x1024
 .data.ana_vga_1280x1024_corona
                0x0000000080020488      0x400 /usr/local/xenon/usr/lib/libxenon.a(xenos.o)
                0x0000000080020488                ana_vga_1280x1024_corona
 .data.ana_vga_1280x720
                0x0000000080020888      0x400 /usr/local/xenon/usr/lib/libxenon.a(xenos.o)
                0x0000000080020888                ana_vga_1280x720
 .data.ana_vga_1280x720_corona
                0x0000000080020c88      0x400 /usr/local/xenon/usr/lib/libxenon.a(xenos.o)
                0x0000000080020c88                ana_vga_1280x720_corona
 .data.ana_vga_1280x768
                0x0000000080021088      0x400 /usr/local/xenon/usr/lib/libxenon.a(xenos.o)
                0x0000000080021088                ana_vga_1280x768
 .data.ana_vga_1280x768_corona
                0x0000000080021488      0x400 /usr/local/xenon/usr/lib/libxenon.a(xenos.o)
                0x0000000080021488                ana_vga_1280x768_corona
 .data.ana_vga_1360x768
                0x0000000080021888      0x400 /usr/local/xenon/usr/lib/libxenon.a(xenos.o)
                0x0000000080021888                ana_vga_1360x768
 .data.ana_vga_1360x768_corona
                0x0000000080021c88      0x400 /usr/local/xenon/usr/lib/libxenon.a(xenos.o)
                0x0000000080021c88                ana_vga_1360x768_corona
 .data.ana_vga_1440x900
                0x0000000080022088      0x400 /usr/local/xenon/usr/lib/libxenon.a(xenos.o)
                0x0000000080022088                ana_vga_1440x900
 .data.ana_vga_1440x900_corona
                0x0000000080022488      0x400 /usr/local/xenon/usr/lib/libxenon.a(xenos.o)
                0x0000000080022488                ana_vga_1440x900_corona
 .data.ana_vga_640x480
                0x0000000080022888      0x400 /usr/local/xenon/usr/lib/libxenon.a(xenos.o)
                0x0000000080022888                ana_vga_640x480
 .data.ana_vga_640x480_corona
                0x0000000080022c88      0x400 /usr/local/xenon/usr/lib/libxenon.a(xenos.o)
                0x0000000080022c88                ana_vga_640x480_corona
 .data.ana_yuv_480p
                0x0000000080023088      0x400 /usr/local/xenon/usr/lib/libxenon.a(xenos.o)
                0x0000000080023088                ana_yuv_480p
 .data.ana_yuv_480p_corona
                0x0000000080023488      0x400 /usr/local/xenon/usr/lib/libxenon.a(xenos.o)
                0x0000000080023488                ana_yuv_480p_corona
 .data.ana_yuv_720p
                0x0000000080023888      0x400 /usr/local/xenon/usr/lib/libxenon.a(xenos.o)
                0x0000000080023888                ana_yuv_720p
 .data.ana_yuv_720p_corona
                0x0000000080023c88      0x400 /usr/local/xenon/usr/lib/libxenon.a(xenos.o)
                0x0000000080023c88                ana_yuv_720p_corona
 .data.xenos_modes
                0x0000000080024088      0x30c /usr/local/xenon/usr/lib/libxenon.a(xenos.o)
                0x0000000080024088                xenos_modes
 .data.xenos_modes_corona
                0x0000000080024394      0x30c /usr/local/xenon/usr/lib/libxenon.a(xenos.o)
                0x0000000080024394                xenos_modes_corona
 .data.dummy_driver
                0x00000000800246a0        0xc /usr/local/xenon/usr/lib/libxenon.a(dummy.o)
                0x00000000800246a0                dummy_driver
 .data.ohci_driver
                0x00000000800246ac       0x2c /usr/local/xenon/usr/lib/libxenon.a(ohci.o)
                0x00000000800246ac                ohci_driver
 .data          0x00000000800246d8      0x428 /usr/local/xenon/xenon/lib/32/libc.a(lib_a-impure.o)
 .data          0x0000000080024b00      0x16c /usr/local/xenon/xenon/lib/32/libc.a(lib_a-locale.o)
                0x0000000080024b00                __global_locale
 .data          0x0000000080024c6c      0x408 /usr/local/xenon/xenon/lib/32/libc.a(lib_a-mallocr.o)
                0x0000000080024c6c                __malloc_av_

.got2           0x0000000080025074       0x14
 .got2          0x0000000080025074       0x14 /usr/local/xenon/lib/gcc/xenon/6.3.0/32/libgcc.a(unwind-dw2-fde-dip.o)

.sdata          0x0000000080025088       0x24
 *(.sdata*)
 .sdata         0x0000000080025088        0x0 /usr/local/xenon/lib/gcc/xenon/6.3.0/../../../../xenon/lib/../lib/crt1.o
                0x000000008002d088                _SDA_BASE_
 .sdata2        0x0000000080025088        0x0 /usr/local/xenon/lib/gcc/xenon/6.3.0/../../../../xenon/lib/../lib/crt1.o
                0x000000008002d088                _SDA2_BASE_
 .sdata         0x0000000080025088        0x4 /usr/local/xenon/usr/lib/libxenon.a(startup_from_xell.o)
                0x0000000080025088                __system_argv
 .sdata.console_color
                0x000000008002508c        0x8 /usr/local/xenon/usr/lib/libxenon.a(console.o)
                0x000000008002508c                console_color
 .sdata.usb_timeout
                0x0000000080025094        0x4 /usr/local/xenon/usr/lib/libxenon.a(tinyehci.o)
                0x0000000080025094                usb_timeout
 .sdata.xenon_smc_last_ir
                0x0000000080025098        0x4 /usr/local/xenon/usr/lib/libxenon.a(xenon_smc.o)
                0x0000000080025098                xenon_smc_last_ir
 .sdata         0x000000008002509c        0x8 /usr/local/xenon/xenon/lib/32/libc.a(lib_a-impure.o)
                0x000000008002509c                _global_impure_ptr
                0x00000000800250a0                _impure_ptr
 .sdata         0x00000000800250a4        0x8 /usr/local/xenon/xenon/lib/32/libc.a(lib_a-mallocr.o)
                0x00000000800250a4                __malloc_sbrk_base
                0x00000000800250a8                __malloc_trim_threshold

.rodata         0x00000000800250b0     0x330c
 *(.rodata*)
 .rodata.getTemp.cst4
                0x00000000800250b0        0x4 main.o
 *fill*         0x00000000800250b4        0x4 
 .rodata.getTemp.str1.8
                0x00000000800250b8       0x3b main.o
 *fill*         0x00000000800250f3        0x1 
 .rodata.main.cst4
                0x00000000800250f4        0x4 main.o
 .rodata.main.str1.8
                0x00000000800250f8       0xd8 main.o
                                         0xd2 (size before relaxing)
 .rodata.console_init.str1.1
                0x00000000800251d0       0x33 /usr/local/xenon/usr/lib/libxenon.a(console.o)
 *fill*         0x0000000080025203        0x5 
 .rodata.fontdata_8x16
                0x0000000080025208     0x1000 /usr/local/xenon/usr/lib/libxenon.a(console.o)
                0x0000000080025208                fontdata_8x16
 .rodata.AddDevice.str1.1
                0x0000000080026208        0x8 /usr/local/xenon/usr/lib/libxenon.a(newlib.o)
 .rodata.abort.str1.1
                0x0000000080026210        0xf /usr/local/xenon/usr/lib/libxenon.a(newlib.o)
 *fill*         0x000000008002621f        0x1 
 .rodata.console_optab
                0x0000000080026220       0x64 /usr/local/xenon/usr/lib/libxenon.a(newlib.o)
                0x0000000080026220                console_optab
 .rodata.dotab_stdnull
                0x0000000080026284       0x64 /usr/local/xenon/usr/lib/libxenon.a(newlib.o)
                0x0000000080026284                dotab_stdnull
 .rodata.str1.1
                0x00000000800262e8        0x7 /usr/local/xenon/usr/lib/libxenon.a(newlib.o)
 *fill*         0x00000000800262ef        0x1 
 .rodata.__func__.4659
                0x00000000800262f0       0x12 /usr/local/xenon/usr/lib/libxenon.a(xenon_syscalls.o)
 *fill*         0x0000000080026302        0x6 
 .rodata.__func__.4665
                0x0000000080026308       0x14 /usr/local/xenon/usr/lib/libxenon.a(xenon_syscalls.o)
 .rodata.try_return_to_xell.str1.1
                0x000000008002631c       0x11 /usr/local/xenon/usr/lib/libxenon.a(xenon_syscalls.o)
 .rodata.xenon_exit.str1.1
                0x000000008002632d       0x63 /usr/local/xenon/usr/lib/libxenon.a(xenon_syscalls.o)
 .rodata.xenon_malloc_lock.str1.1
                0x0000000080026390        0x9 /usr/local/xenon/usr/lib/libxenon.a(xenon_syscalls.o)
 .rodata.xenon_malloc_unlock.str1.1
                0x0000000080026399       0x40 /usr/local/xenon/usr/lib/libxenon.a(xenon_syscalls.o)
 .rodata.kmem_init.str1.1
                0x00000000800263d9       0x35 /usr/local/xenon/usr/lib/libxenon.a(lib_malloc.o)
 .rodata.lib_outofmemory.str1.1
                0x000000008002640e       0x16 /usr/local/xenon/usr/lib/libxenon.a(lib_malloc.o)
 .rodata.crashdump.str1.1
                0x0000000080026424       0xec /usr/local/xenon/usr/lib/libxenon.a(c_except.o)
                                         0xf0 (size before relaxing)
 .rodata.str1.1
                0x0000000080026510       0x14 /usr/local/xenon/usr/lib/libxenon.a(usbctrl.o)
 .rodata.usbctrl_attach.str1.1
                0x0000000080026524       0x5f /usr/local/xenon/usr/lib/libxenon.a(usbctrl.o)
 .rodata.usbctrl_detach.str1.1
                0x0000000080026583       0x42 /usr/local/xenon/usr/lib/libxenon.a(usbctrl.o)
 .rodata.usbctrl_set_leds.str1.1
                0x00000000800265c5       0x16 /usr/local/xenon/usr/lib/libxenon.a(usbctrl.o)
 .rodata.usb_create_pipe.str1.1
                0x00000000800265db       0x32 /usr/local/xenon/usr/lib/libxenon.a(usbd.o)
 .rodata.usb_free_request.str1.1
                0x000000008002660d       0x34 /usr/local/xenon/usr/lib/libxenon.a(usbd.o)
 .rodata.usb_initroot.str1.1
                0x0000000080026641       0x73 /usr/local/xenon/usr/lib/libxenon.a(usbd.o)
 .rodata.usb_find_driver.str1.1
                0x00000000800266b4       0x5a /usr/local/xenon/usr/lib/libxenon.a(usbdevs.o)
 .rodata.str1.1
                0x000000008002670e       0x2e /usr/local/xenon/usr/lib/libxenon.a(usbhid.o)
 .rodata.usbhid_attach.str1.1
                0x000000008002673c       0x19 /usr/local/xenon/usr/lib/libxenon.a(usbhid.o)
 *fill*         0x0000000080026755        0x3 
 .rodata.usbhid_devtypes
                0x0000000080026758        0xc /usr/local/xenon/usr/lib/libxenon.a(usbhid.o)
 .rodata.usbhid_ireq_callback.str1.1
                0x0000000080026764        0x3 /usr/local/xenon/usr/lib/libxenon.a(usbhid.o)
 .rodata.str1.1
                0x0000000080026767       0x11 /usr/local/xenon/usr/lib/libxenon.a(usbhub.o)
 .rodata.usbhub_detach.str1.1
                0x0000000080026778       0x76 /usr/local/xenon/usr/lib/libxenon.a(usbhub.o)
 .rodata.usbhub_scan1.str1.1
                0x00000000800267ee      0x176 /usr/local/xenon/usr/lib/libxenon.a(usbhub.o)
 .rodata.usb_init.str1.1
                0x0000000080026964       0x5a /usr/local/xenon/usr/lib/libxenon.a(usbmain.o)
 .rodata.usb_init_one_ohci.str1.1
                0x00000000800269be       0x75 /usr/local/xenon/usr/lib/libxenon.a(usbmain.o)
 .rodata.EHCI_do_one.str1.1
                0x0000000080026a33       0x20 /usr/local/xenon/usr/lib/libxenon.a(tinyehci.o)
 .rodata.USBStorage_Init.str1.1
                0x0000000080026a53       0x47 /usr/local/xenon/usr/lib/libxenon.a(tinyehci.o)
 .rodata.ehci_reset_usb_port.str1.1
                0x0000000080026a9a       0x33 /usr/local/xenon/usr/lib/libxenon.a(tinyehci.o)
 .rodata.xenon_smc_ana_read.str1.1
                0x0000000080026acd       0x2e /usr/local/xenon/usr/lib/libxenon.a(xenon_smc.o)
 .rodata.xenon_smc_ana_write.str1.1
                0x0000000080026afb       0x2f /usr/local/xenon/usr/lib/libxenon.a(xenon_smc.o)
 .rodata.xenon_smc_handle_bulk.str1.1
                0x0000000080026b2a       0x46 /usr/local/xenon/usr/lib/libxenon.a(xenon_smc.o)
 .rodata.xenon_smc_i2c_ddc_lock.str1.1
                0x0000000080026b70       0x27 /usr/local/xenon/usr/lib/libxenon.a(xenon_smc.o)
 .rodata.xenon_smc_i2c_read.str1.1
                0x0000000080026b97       0x2e /usr/local/xenon/usr/lib/libxenon.a(xenon_smc.o)
 .rodata.xenon_smc_i2c_write.str1.1
                0x0000000080026bc5       0x2f /usr/local/xenon/usr/lib/libxenon.a(xenon_smc.o)
 .rodata.xenon_make_it_faster.str1.1
                0x0000000080026bf4      0x10a /usr/local/xenon/usr/lib/libxenon.a(xenon_power.o)
 .rodata.xenon_set_speed.str1.1
                0x0000000080026cfe       0x44 /usr/local/xenon/usr/lib/libxenon.a(xenon_power.o)
 .rodata.xenon_config_get_avregion.str1.1
                0x0000000080026d42       0x20 /usr/local/xenon/usr/lib/libxenon.a(xenon_config.o)
 .rodata.xenon_config_init.str1.1
                0x0000000080026d62       0x20 /usr/local/xenon/usr/lib/libxenon.a(xenon_config.o)
 *fill*         0x0000000080026d82        0x2 
 .rodata        0x0000000080026d84      0x140 /usr/local/xenon/usr/lib/libxenon.a(xenos.o)
 *fill*         0x0000000080026ec4        0x4 
 .rodata.CSWTCH.44
                0x0000000080026ec8        0x4 /usr/local/xenon/usr/lib/libxenon.a(xenos.o)
 *fill*         0x0000000080026ecc        0x4 
 .rodata.__func__.4400
                0x0000000080026ed0       0x12 /usr/local/xenon/usr/lib/libxenon.a(xenos.o)
 .rodata.str1.1
                0x0000000080026ee2       0x94 /usr/local/xenon/usr/lib/libxenon.a(xenos.o)
 .rodata.xenos_ana_write.str1.1
                0x0000000080026f76       0x33 /usr/local/xenon/usr/lib/libxenon.a(xenos.o)
 .rodata.xenos_autoset_mode.str1.1
                0x0000000080026fa9       0x17 /usr/local/xenon/usr/lib/libxenon.a(xenos.o)
 .rodata.xenos_init.str1.1
                0x0000000080026fc0       0x57 /usr/local/xenon/usr/lib/libxenon.a(xenos.o)
 .rodata.xenos_init_ana_new.str1.1
                0x0000000080027017       0xf5 /usr/local/xenon/usr/lib/libxenon.a(xenos.o)
 .rodata.xenos_init_phase1.str1.1
                0x000000008002710c       0x85 /usr/local/xenon/usr/lib/libxenon.a(xenos.o)
 .rodata.xenos_is_overscan.str1.1
                0x0000000080027191       0x16 /usr/local/xenon/usr/lib/libxenon.a(xenos.o)
 .rodata.xenos_set_mode.str1.1
                0x00000000800271a7       0x29 /usr/local/xenon/usr/lib/libxenon.a(xenos.o)
 .rodata.edid_header
                0x00000000800271d0        0x8 /usr/local/xenon/usr/lib/libxenon.a(xenos_edid.o)
 .rodata.xenos_ddc_read_edid.str1.1
                0x00000000800271d8       0xa5 /usr/local/xenon/usr/lib/libxenon.a(xenos_edid.o)
 .rodata.xenos_get_edid.str1.1
                0x000000008002727d       0x61 /usr/local/xenon/usr/lib/libxenon.a(xenos_edid.o)
 .rodata.str1.1
                0x00000000800272de        0xd /usr/local/xenon/usr/lib/libxenon.a(dummy.o)
 *fill*         0x00000000800272eb        0x1 
 .rodata.ohci_xfer
                0x00000000800272ec       0x50 /usr/local/xenon/usr/lib/libxenon.a(ohci.o)
 .rodata.ohci_revbits
                0x000000008002733c       0x80 /usr/local/xenon/usr/lib/libxenon.a(ohci.o)
 .rodata.ohci_root_cfgdsc
                0x00000000800273bc        0x9 /usr/local/xenon/usr/lib/libxenon.a(ohci.o)
 .rodata.ohci_root_devdsc
                0x00000000800273c5       0x12 /usr/local/xenon/usr/lib/libxenon.a(ohci.o)
 .rodata.ohci_root_epdsc
                0x00000000800273d7        0x7 /usr/local/xenon/usr/lib/libxenon.a(ohci.o)
 .rodata.ohci_root_hubdsc
                0x00000000800273de       0x47 /usr/local/xenon/usr/lib/libxenon.a(ohci.o)
 .rodata.ohci_root_ifdsc
                0x0000000080027425        0x9 /usr/local/xenon/usr/lib/libxenon.a(ohci.o)
 .rodata.ohci_xfer.str1.1
                0x000000008002742e        0x8 /usr/local/xenon/usr/lib/libxenon.a(ohci.o)
                                         0x11 (size before relaxing)
 *fill*         0x0000000080027436        0x2 
 .rodata.eptattribs.4047
                0x0000000080027438       0x10 /usr/local/xenon/usr/lib/libxenon.a(usbdebug.o)
 .rodata.getstringmaybe.str1.1
                0x0000000080027448        0x8 /usr/local/xenon/usr/lib/libxenon.a(usbdebug.o)
                                          0x1 (size before relaxing)
 .rodata.str1.1
                0x0000000080027448       0x1c /usr/local/xenon/usr/lib/libxenon.a(usbdebug.o)
 .rodata.usb_dbg_dumpdescriptors.str1.1
                0x0000000080027464      0x4a8 /usr/local/xenon/usr/lib/libxenon.a(usbdebug.o)
 .rodata.usb_dbg_dumpportstatus.str1.1
                0x000000008002790c       0xd8 /usr/local/xenon/usr/lib/libxenon.a(usbdebug.o)
                                         0xdb (size before relaxing)
 .rodata.sfcx_init.str1.1
                0x00000000800279e4       0x7e /usr/local/xenon/usr/lib/libxenon.a(xenon_sfcx.o)
 *fill*         0x0000000080027a62        0x2 
 .rodata        0x0000000080027a64       0x34 /usr/local/xenon/lib/gcc/xenon/6.3.0/32/libgcc.a(unwind-dw2-fde-dip.o)
 .rodata.str1.4
                0x0000000080027a98       0x3f /usr/local/xenon/xenon/lib/32/libc.a(lib_a-assert.o)
                                         0x43 (size before relaxing)
 *fill*         0x0000000080027ad7        0x1 
 .rodata.str1.4
                0x0000000080027ad8        0xe /usr/local/xenon/xenon/lib/32/libc.a(lib_a-locale.o)
                                         0x12 (size before relaxing)
 *fill*         0x0000000080027ae6        0x2 
 .rodata.str1.4
                0x0000000080027ae8        0x2 /usr/local/xenon/xenon/lib/32/libc.a(lib_a-puts.o)
 *fill*         0x0000000080027aea        0x2 
 .rodata        0x0000000080027aec      0x184 /usr/local/xenon/xenon/lib/32/libc.a(lib_a-svfprintf.o)
 .rodata.cst4   0x0000000080027c70        0x4 /usr/local/xenon/xenon/lib/32/libc.a(lib_a-svfprintf.o)
 .rodata.cst8   0x0000000080027c70        0x8 /usr/local/xenon/xenon/lib/32/libc.a(lib_a-svfprintf.o)
 .rodata.str1.4
                0x0000000080027c78       0x42 /usr/local/xenon/xenon/lib/32/libc.a(lib_a-svfprintf.o)
 *fill*         0x0000000080027cba        0x2 
 .rodata        0x0000000080027cbc      0x184 /usr/local/xenon/xenon/lib/32/libc.a(lib_a-vfiprintf.o)
 .rodata.cst4   0x0000000080027e40        0x8 /usr/local/xenon/xenon/lib/32/libc.a(lib_a-vfiprintf.o)
 .rodata.str1.4
                0x0000000080027e48       0x2f /usr/local/xenon/xenon/lib/32/libc.a(lib_a-vfiprintf.o)
 .rodata        0x0000000080027e48      0x184 /usr/local/xenon/xenon/lib/32/libc.a(lib_a-vfprintf.o)
 .rodata.cst4   0x0000000080027fcc        0x4 /usr/local/xenon/xenon/lib/32/libc.a(lib_a-vfprintf.o)
 .rodata.cst8   0x0000000080027fcc        0x8 /usr/local/xenon/xenon/lib/32/libc.a(lib_a-vfprintf.o)
 .rodata.str1.4
                0x0000000080027fcc       0x42 /usr/local/xenon/xenon/lib/32/libc.a(lib_a-vfprintf.o)
 .rodata        0x0000000080027fcc      0x101 /usr/local/xenon/xenon/lib/32/libc.a(lib_a-ctype_.o)
                0x0000000080027fcc                _ctype_
 *fill*         0x00000000800280cd        0x3 
 .rodata.cst4   0x00000000800280d0       0x18 /usr/local/xenon/xenon/lib/32/libc.a(lib_a-dtoa.o)
                                         0x1c (size before relaxing)
 .rodata.cst8   0x00000000800280e8       0x18 /usr/local/xenon/xenon/lib/32/libc.a(lib_a-dtoa.o)
 .rodata.str1.4
                0x0000000080028100       0x10 /usr/local/xenon/xenon/lib/32/libc.a(lib_a-dtoa.o)
                                         0x12 (size before relaxing)
 .rodata        0x0000000080028110      0x128 /usr/local/xenon/xenon/lib/32/libc.a(lib_a-mprec.o)
                0x0000000080028120                __mprec_tens
                0x00000000800281e8                __mprec_tinytens
                0x0000000080028210                __mprec_bigtens
 .rodata.cst4   0x0000000080028238        0x8 /usr/local/xenon/xenon/lib/32/libc.a(lib_a-mprec.o)
 .rodata        0x0000000080028238      0x184 /usr/local/xenon/xenon/lib/32/libc.a(lib_a-svfiprintf.o)
 .rodata.str1.4
                0x00000000800283bc       0x2f /usr/local/xenon/xenon/lib/32/libc.a(lib_a-svfiprintf.o)

.ctors          0x00000000800283bc        0x0
                0x00000000800283bc                __CTOR_LIST__ = .
 *(.ctors)
                0x00000000800283bc                __CTOR_END__ = .

.dtors          0x00000000800283bc        0x0
                0x00000000800283bc                __DTOR_LIST__ = .
 *(.dtors)
                0x00000000800283bc                __DTOR_END__ = .

.eh_frame_hdr   0x00000000800283bc       0xe4
 *(.eh_frame_hdr)
 .eh_frame_hdr  0x00000000800283bc       0xe4 /usr/local/xenon/lib/gcc/xenon/6.3.0/32/libgcc.a(crtsavgpr.o)
                0x00000000800283bc                __GNU_EH_FRAME_HDR

.eh_frame       0x00000000800284a0      0x5e8
                0x00000000800284a0                PROVIDE (__eh_frame_start, .)
 *(.eh_frame)
 .eh_frame      0x00000000800284a0        0x0 /usr/local/xenon/lib/gcc/xenon/6.3.0/../../../../xenon/lib/../lib/crt1.o
 .eh_frame      0x00000000800284a0       0x28 /usr/local/xenon/lib/gcc/xenon/6.3.0/32/libgcc.a(crtsavgpr.o)
 .eh_frame      0x00000000800284c8       0x7c /usr/local/xenon/lib/gcc/xenon/6.3.0/32/libgcc.a(crtresxgpr.o)
 .eh_frame      0x0000000080028544      0x4b8 /usr/local/xenon/lib/gcc/xenon/6.3.0/32/libgcc.a(unwind-dw2-fde-dip.o)
                                        0x4cc (size before relaxing)
 .eh_frame      0x00000000800289fc       0x40 /usr/local/xenon/lib/gcc/xenon/6.3.0/32/libgcc.a(_udivdi3.o)
                                         0x54 (size before relaxing)
 .eh_frame      0x0000000080028a3c       0x44 /usr/local/xenon/lib/gcc/xenon/6.3.0/32/libgcc.a(_umoddi3.o)
                                         0x58 (size before relaxing)
 .eh_frame      0x0000000080028a80        0x4 /usr/local/xenon/lib/gcc/xenon/6.3.0/32/crtend.o
                0x0000000080028a84        0x4 LONG 0x0

.rela.dyn       0x0000000080028a88        0x0
 .rela.iplt     0x0000000080028a88        0x0 /usr/local/xenon/lib/gcc/xenon/6.3.0/../../../../xenon/lib/../lib/crt1.o
 .rela.text.call_ctors
                0x0000000080028a88        0x0 /usr/local/xenon/lib/gcc/xenon/6.3.0/../../../../xenon/lib/../lib/crt1.o
 .rela.text.c_register_frame
                0x0000000080028a88        0x0 /usr/local/xenon/lib/gcc/xenon/6.3.0/../../../../xenon/lib/../lib/crt1.o
 .rela.text.__crtmain
                0x0000000080028a88        0x0 /usr/local/xenon/lib/gcc/xenon/6.3.0/../../../../xenon/lib/../lib/crt1.o
 .rela.text     0x0000000080028a88        0x0 /usr/local/xenon/lib/gcc/xenon/6.3.0/../../../../xenon/lib/../lib/crt1.o
 .rela.text.__check_argv
                0x0000000080028a88        0x0 /usr/local/xenon/lib/gcc/xenon/6.3.0/../../../../xenon/lib/../lib/crt1.o
 .rela.text.console_init
                0x0000000080028a88        0x0 /usr/local/xenon/lib/gcc/xenon/6.3.0/../../../../xenon/lib/../lib/crt1.o
 .rela.text.console_close
                0x0000000080028a88        0x0 /usr/local/xenon/lib/gcc/xenon/6.3.0/../../../../xenon/lib/../lib/crt1.o
 .rela.text.__dirreset
                0x0000000080028a88        0x0 /usr/local/xenon/lib/gcc/xenon/6.3.0/../../../../xenon/lib/../lib/crt1.o
 .rela.text.__dirnext
                0x0000000080028a88        0x0 /usr/local/xenon/lib/gcc/xenon/6.3.0/../../../../xenon/lib/../lib/crt1.o
 .rela.text.__libc_lock_init
                0x0000000080028a88        0x0 /usr/local/xenon/lib/gcc/xenon/6.3.0/../../../../xenon/lib/../lib/crt1.o
 .rela.text.__libc_lock_close
                0x0000000080028a88        0x0 /usr/local/xenon/lib/gcc/xenon/6.3.0/../../../../xenon/lib/../lib/crt1.o
 .rela.text.__libc_lock_release
                0x0000000080028a88        0x0 /usr/local/xenon/lib/gcc/xenon/6.3.0/../../../../xenon/lib/../lib/crt1.o
 .rela.text.__libc_lock_acquire
                0x0000000080028a88        0x0 /usr/local/xenon/lib/gcc/xenon/6.3.0/../../../../xenon/lib/../lib/crt1.o
 .rela.text.__malloc_lock
                0x0000000080028a88        0x0 /usr/local/xenon/lib/gcc/xenon/6.3.0/../../../../xenon/lib/../lib/crt1.o
 .rela.text.__malloc_unlock
                0x0000000080028a88        0x0 /usr/local/xenon/lib/gcc/xenon/6.3.0/../../../../xenon/lib/../lib/crt1.o
 .rela.text._exit
                0x0000000080028a88        0x0 /usr/local/xenon/lib/gcc/xenon/6.3.0/../../../../xenon/lib/../lib/crt1.o
 .rela.text.sbrk
                0x0000000080028a88        0x0 /usr/local/xenon/lib/gcc/xenon/6.3.0/../../../../xenon/lib/../lib/crt1.o
 .rela.text.execve
                0x0000000080028a88        0x0 /usr/local/xenon/lib/gcc/xenon/6.3.0/../../../../xenon/lib/../lib/crt1.o
 .rela.text.execv
                0x0000000080028a88        0x0 /usr/local/xenon/lib/gcc/xenon/6.3.0/../../../../xenon/lib/../lib/crt1.o
 .rela.text.execvp
                0x0000000080028a88        0x0 /usr/local/xenon/lib/gcc/xenon/6.3.0/../../../../xenon/lib/../lib/crt1.o
 .rela.text.fork
                0x0000000080028a88        0x0 /usr/local/xenon/lib/gcc/xenon/6.3.0/../../../../xenon/lib/../lib/crt1.o
 .rela.text.getpid
                0x0000000080028a88        0x0 /usr/local/xenon/lib/gcc/xenon/6.3.0/../../../../xenon/lib/../lib/crt1.o
 .rela.text.getrusage
                0x0000000080028a88        0x0 /usr/local/xenon/lib/gcc/xenon/6.3.0/../../../../xenon/lib/../lib/crt1.o
 .rela.text.gettimeofday
                0x0000000080028a88        0x0 /usr/local/xenon/lib/gcc/xenon/6.3.0/../../../../xenon/lib/../lib/crt1.o
 .rela.text.kill
                0x0000000080028a88        0x0 /usr/local/xenon/lib/gcc/xenon/6.3.0/../../../../xenon/lib/../lib/crt1.o
 .rela.text.open
                0x0000000080028a88        0x0 /usr/local/xenon/lib/gcc/xenon/6.3.0/../../../../xenon/lib/../lib/crt1.o
 .rela.text.read
                0x0000000080028a88        0x0 /usr/local/xenon/lib/gcc/xenon/6.3.0/../../../../xenon/lib/../lib/crt1.o
 .rela.text.write
                0x0000000080028a88        0x0 /usr/local/xenon/lib/gcc/xenon/6.3.0/../../../../xenon/lib/../lib/crt1.o
 .rela.text.fstat
                0x0000000080028a88        0x0 /usr/local/xenon/lib/gcc/xenon/6.3.0/../../../../xenon/lib/../lib/crt1.o
 .rela.text.stat
                0x0000000080028a88        0x0 /usr/local/xenon/lib/gcc/xenon/6.3.0/../../../../xenon/lib/../lib/crt1.o
 .rela.text.statvfs
                0x0000000080028a88        0x0 /usr/local/xenon/lib/gcc/xenon/6.3.0/../../../../xenon/lib/../lib/crt1.o
 .rela.text.fsync
                0x0000000080028a88        0x0 /usr/local/xenon/lib/gcc/xenon/6.3.0/../../../../xenon/lib/../lib/crt1.o
 .rela.text.ftruncate
                0x0000000080028a88        0x0 /usr/local/xenon/lib/gcc/xenon/6.3.0/../../../../xenon/lib/../lib/crt1.o
 .rela.text.link
                0x0000000080028a88        0x0 /usr/local/xenon/lib/gcc/xenon/6.3.0/../../../../xenon/lib/../lib/crt1.o
 .rela.text.lseek
                0x0000000080028a88        0x0 /usr/local/xenon/lib/gcc/xenon/6.3.0/../../../../xenon/lib/../lib/crt1.o
 .rela.text.rename
                0x0000000080028a88        0x0 /usr/local/xenon/lib/gcc/xenon/6.3.0/../../../../xenon/lib/../lib/crt1.o
 .rela.text.unlink
                0x0000000080028a88        0x0 /usr/local/xenon/lib/gcc/xenon/6.3.0/../../../../xenon/lib/../lib/crt1.o
 .rela.text.close
                0x0000000080028a88        0x0 /usr/local/xenon/lib/gcc/xenon/6.3.0/../../../../xenon/lib/../lib/crt1.o
 .rela.text.chdir
                0x0000000080028a88        0x0 /usr/local/xenon/lib/gcc/xenon/6.3.0/../../../../xenon/lib/../lib/crt1.o
 .rela.text.getcwd
                0x0000000080028a88        0x0 /usr/local/xenon/lib/gcc/xenon/6.3.0/../../../../xenon/lib/../lib/crt1.o
 .rela.text.chmod
                0x0000000080028a88        0x0 /usr/local/xenon/lib/gcc/xenon/6.3.0/../../../../xenon/lib/../lib/crt1.o
 .rela.text.fchmod
                0x0000000080028a88        0x0 /usr/local/xenon/lib/gcc/xenon/6.3.0/../../../../xenon/lib/../lib/crt1.o
 .rela.text.opendir
                0x0000000080028a88        0x0 /usr/local/xenon/lib/gcc/xenon/6.3.0/../../../../xenon/lib/../lib/crt1.o
 .rela.text.closedir
                0x0000000080028a88        0x0 /usr/local/xenon/lib/gcc/xenon/6.3.0/../../../../xenon/lib/../lib/crt1.o
 .rela.text.mkdir
                0x0000000080028a88        0x0 /usr/local/xenon/lib/gcc/xenon/6.3.0/../../../../xenon/lib/../lib/crt1.o
 .rela.text.xenon_sbrk
                0x0000000080028a88        0x0 /usr/local/xenon/lib/gcc/xenon/6.3.0/../../../../xenon/lib/../lib/crt1.o
 .rela.text.kmem_init
                0x0000000080028a88        0x0 /usr/local/xenon/lib/gcc/xenon/6.3.0/../../../../xenon/lib/../lib/crt1.o
 .rela.text.usbctrl_set_led_callback
                0x0000000080028a88        0x0 /usr/local/xenon/lib/gcc/xenon/6.3.0/../../../../xenon/lib/../lib/crt1.o
 .rela.text.usbctrl_set_rol
                0x0000000080028a88        0x0 /usr/local/xenon/lib/gcc/xenon/6.3.0/../../../../xenon/lib/../lib/crt1.o
 .rela.text.usbctrl_set_leds
                0x0000000080028a88        0x0 /usr/local/xenon/lib/gcc/xenon/6.3.0/../../../../xenon/lib/../lib/crt1.o
 .rela.text.usbctrl_poll
                0x0000000080028a88        0x0 /usr/local/xenon/lib/gcc/xenon/6.3.0/../../../../xenon/lib/../lib/crt1.o
 .rela.text.usbctrl_attach
                0x0000000080028a88        0x0 /usr/local/xenon/lib/gcc/xenon/6.3.0/../../../../xenon/lib/../lib/crt1.o
 .rela.text.usbctrl_set_rumble
                0x0000000080028a88        0x0 /usr/local/xenon/lib/gcc/xenon/6.3.0/../../../../xenon/lib/../lib/crt1.o
 .rela.text.usb_create_pipe
                0x0000000080028a88        0x0 /usr/local/xenon/lib/gcc/xenon/6.3.0/../../../../xenon/lib/../lib/crt1.o
 .rela.text.usb_destroy_pipe
                0x0000000080028a88        0x0 /usr/local/xenon/lib/gcc/xenon/6.3.0/../../../../xenon/lib/../lib/crt1.o
 .rela.text.usb_destroy_all_pipes
                0x0000000080028a88        0x0 /usr/local/xenon/lib/gcc/xenon/6.3.0/../../../../xenon/lib/../lib/crt1.o
 .rela.text.usb_destroy_device
                0x0000000080028a88        0x0 /usr/local/xenon/lib/gcc/xenon/6.3.0/../../../../xenon/lib/../lib/crt1.o
 .rela.text.usb_create_device
                0x0000000080028a88        0x0 /usr/local/xenon/lib/gcc/xenon/6.3.0/../../../../xenon/lib/../lib/crt1.o
 .rela.text.usb_make_request
                0x0000000080028a88        0x0 /usr/local/xenon/lib/gcc/xenon/6.3.0/../../../../xenon/lib/../lib/crt1.o
 .rela.text.usb_free_request
                0x0000000080028a88        0x0 /usr/local/xenon/lib/gcc/xenon/6.3.0/../../../../xenon/lib/../lib/crt1.o
 .rela.text.usb_clear_stall
                0x0000000080028a88        0x0 /usr/local/xenon/lib/gcc/xenon/6.3.0/../../../../xenon/lib/../lib/crt1.o
 .rela.text.usb_std_request
                0x0000000080028a88        0x0 /usr/local/xenon/lib/gcc/xenon/6.3.0/../../../../xenon/lib/../lib/crt1.o
 .rela.text.usb_get_string
                0x0000000080028a88        0x0 /usr/local/xenon/lib/gcc/xenon/6.3.0/../../../../xenon/lib/../lib/crt1.o
 .rela.text.usb_get_device_descriptor
                0x0000000080028a88        0x0 /usr/local/xenon/lib/gcc/xenon/6.3.0/../../../../xenon/lib/../lib/crt1.o
 .rela.text.usb_get_config_descriptor
                0x0000000080028a88        0x0 /usr/local/xenon/lib/gcc/xenon/6.3.0/../../../../xenon/lib/../lib/crt1.o
 .rela.text.usb_initroot
                0x0000000080028a88        0x0 /usr/local/xenon/lib/gcc/xenon/6.3.0/../../../../xenon/lib/../lib/crt1.o
 .rela.data.usb_drivers
                0x0000000080028a88        0x0 /usr/local/xenon/lib/gcc/xenon/6.3.0/../../../../xenon/lib/../lib/crt1.o
 .rela.text.usbhid_attach
                0x0000000080028a88        0x0 /usr/local/xenon/lib/gcc/xenon/6.3.0/../../../../xenon/lib/../lib/crt1.o
 .rela.text.usbhub_detach
                0x0000000080028a88        0x0 /usr/local/xenon/lib/gcc/xenon/6.3.0/../../../../xenon/lib/../lib/crt1.o
 .rela.text.usbhub_attach
                0x0000000080028a88        0x0 /usr/local/xenon/lib/gcc/xenon/6.3.0/../../../../xenon/lib/../lib/crt1.o
 .rela.text.usbhub_scan1
                0x0000000080028a88        0x0 /usr/local/xenon/lib/gcc/xenon/6.3.0/../../../../xenon/lib/../lib/crt1.o
 .rela.text.usb_init_one_ohci
                0x0000000080028a88        0x0 /usr/local/xenon/lib/gcc/xenon/6.3.0/../../../../xenon/lib/../lib/crt1.o
 .rela.text.usb_do_poll
                0x0000000080028a88        0x0 /usr/local/xenon/lib/gcc/xenon/6.3.0/../../../../xenon/lib/../lib/crt1.o
 .rela.text.EHCI_do_one
                0x0000000080028a88        0x0 /usr/local/xenon/lib/gcc/xenon/6.3.0/../../../../xenon/lib/../lib/crt1.o
 .rela.text.USBStorage_Init
                0x0000000080028a88        0x0 /usr/local/xenon/lib/gcc/xenon/6.3.0/../../../../xenon/lib/../lib/crt1.o
 .rela.text.seems_valid
                0x0000000080028a88        0x0 /usr/local/xenon/lib/gcc/xenon/6.3.0/../../../../xenon/lib/../lib/crt1.o
 .rela.text.stack_trace
                0x0000000080028a88        0x0 /usr/local/xenon/lib/gcc/xenon/6.3.0/../../../../xenon/lib/../lib/crt1.o
 .rela.text.xenon_config_init
                0x0000000080028a88        0x0 /usr/local/xenon/lib/gcc/xenon/6.3.0/../../../../xenon/lib/../lib/crt1.o
 .rela.text.enet_init
                0x0000000080028a88        0x0 /usr/local/xenon/lib/gcc/xenon/6.3.0/../../../../xenon/lib/../lib/crt1.o
 .rela.text.enet_poll
                0x0000000080028a88        0x0 /usr/local/xenon/lib/gcc/xenon/6.3.0/../../../../xenon/lib/../lib/crt1.o
 .rela.text.updateXeLL
                0x0000000080028a88        0x0 /usr/local/xenon/lib/gcc/xenon/6.3.0/../../../../xenon/lib/../lib/crt1.o
 .rela.text._ohci_dma_alloc
                0x0000000080028a88        0x0 /usr/local/xenon/lib/gcc/xenon/6.3.0/../../../../xenon/lib/../lib/crt1.o
 .rela.text.ohci_create
                0x0000000080028a88        0x0 /usr/local/xenon/lib/gcc/xenon/6.3.0/../../../../xenon/lib/../lib/crt1.o
 .rela.text.rawflash_checkImage_meta
                0x0000000080028a88        0x0 /usr/local/xenon/lib/gcc/xenon/6.3.0/../../../../xenon/lib/../lib/crt1.o
 .rela.text.rawflash_checkImage_ecd
                0x0000000080028a88        0x0 /usr/local/xenon/lib/gcc/xenon/6.3.0/../../../../xenon/lib/../lib/crt1.o
 .rela.text.rawflash_writeImage
                0x0000000080028a88        0x0 /usr/local/xenon/lib/gcc/xenon/6.3.0/../../../../xenon/lib/../lib/crt1.o
 .rela.text.rawflash_checkImage
                0x0000000080028a88        0x0 /usr/local/xenon/lib/gcc/xenon/6.3.0/../../../../xenon/lib/../lib/crt1.o
 .rela.text.try_rawflash