Archive member included to satisfy reference by file (symbol)

/usr/local/xenon/usr/lib/libxenon.a(argv.o)
                              /usr/local/xenon/lib/gcc/xenon/6.3.0/../../../../xenon/lib/../lib/crt1.o (__check_argv)
/usr/local/xenon/usr/lib/libxenon.a(startup_from_xell.o)
                              (_start)
/usr/local/xenon/usr/lib/libxenon.a(console.o)
                              main.o (console_putch)
/usr/local/xenon/usr/lib/libxenon.a(input.o)
                              main.o (get_controller_data)
/usr/local/xenon/usr/lib/libxenon.a(newlib.o)
                              /usr/local/xenon/usr/lib/libxenon.a(console.o) (stdout_hook)
/usr/local/xenon/usr/lib/libxenon.a(xenon_syscalls.o)
                              /usr/local/xenon/usr/lib/libxenon.a(newlib.o) (__syscalls)
/usr/local/xenon/usr/lib/libxenon.a(lib_malloc.o)
                              main.o (kmem_init)
/usr/local/xenon/usr/lib/libxenon.a(atomic.o)
                              /usr/local/xenon/usr/lib/libxenon.a(startup_from_xell.o) (atomic_clearset)
/usr/local/xenon/usr/lib/libxenon.a(cache.o)
                              /usr/local/xenon/usr/lib/libxenon.a(console.o) (memdcbst)
/usr/local/xenon/usr/lib/libxenon.a(except.o)
                              /usr/local/xenon/usr/lib/libxenon.a(startup_from_xell.o) (secondary_lock)
/usr/local/xenon/usr/lib/libxenon.a(c_except.o)
                              /usr/local/xenon/usr/lib/libxenon.a(except.o) (crashdump)
/usr/local/xenon/usr/lib/libxenon.a(vm.o)
                              /usr/local/xenon/usr/lib/libxenon.a(except.o) (vm_segfault_handler)
/usr/local/xenon/usr/lib/libxenon.a(time.o)
                              /usr/local/xenon/usr/lib/libxenon.a(c_except.o) (delay)
/usr/local/xenon/usr/lib/libxenon.a(usbctrl.o)
                              /usr/local/xenon/usr/lib/libxenon.a(input.o) (usbctrl_set_rumble)
/usr/local/xenon/usr/lib/libxenon.a(usbd.o)
                              /usr/local/xenon/usr/lib/libxenon.a(usbctrl.o) (usb_open_pipe)
/usr/local/xenon/usr/lib/libxenon.a(usbdevs.o)
                              /usr/local/xenon/usr/lib/libxenon.a(usbd.o) (usb_find_driver)
/usr/local/xenon/usr/lib/libxenon.a(usbhid.o)
                              /usr/local/xenon/usr/lib/libxenon.a(usbdevs.o) (usbhid_driver)
/usr/local/xenon/usr/lib/libxenon.a(usbhub.o)
                              /usr/local/xenon/usr/lib/libxenon.a(usbd.o) (usb_scan)
/usr/local/xenon/usr/lib/libxenon.a(usbmain.o)
                              /usr/local/xenon/usr/lib/libxenon.a(xenon_syscalls.o) (usb_shutdown)
/usr/local/xenon/usr/lib/libxenon.a(tinyehci.o)
                              /usr/local/xenon/usr/lib/libxenon.a(usbmain.o) (USBStorage_Init)
/usr/local/xenon/usr/lib/libxenon.a(debug.o)
                              /usr/local/xenon/usr/lib/libxenon.a(xenon_syscalls.o) (data_breakpoint)
/usr/local/xenon/usr/lib/libxenon.a(xenon_smc.o)
                              main.o (xenon_smc_send_message)
/usr/local/xenon/usr/lib/libxenon.a(xenon_power.o)
                              /usr/local/xenon/usr/lib/libxenon.a(xenon_syscalls.o) (xenon_is_thread_task_running)
/usr/local/xenon/usr/lib/libxenon.a(xenon_secotp.o)
                              main.o (xenon_secotp_read_line)
/usr/local/xenon/usr/lib/libxenon.a(sound.o)
                              main.o (xenon_sound_init)
/usr/local/xenon/usr/lib/libxenon.a(xenon_uart.o)
                              /usr/local/xenon/usr/lib/libxenon.a(newlib.o) (putch)
/usr/local/xenon/usr/lib/libxenon.a(xenon_config.o)
                              /usr/local/xenon/usr/lib/libxenon.a(xenon_power.o) (xenon_config_init)
/usr/local/xenon/usr/lib/libxenon.a(xenos.o)
                              main.o (xenos_init)
/usr/local/xenon/usr/lib/libxenon.a(xenos_edid.o)
                              /usr/local/xenon/usr/lib/libxenon.a(xenos.o) (xenos_get_edid)
/usr/local/xenon/usr/lib/libxenon.a(enet.o)
                              /usr/local/xenon/usr/lib/libxenon.a(xenon_syscalls.o) (enet_quiesce)
/usr/local/xenon/usr/lib/libxenon.a(xb360.o)
                              /usr/local/xenon/usr/lib/libxenon.a(xenos.o) (xenon_get_XenosID)
/usr/local/xenon/usr/lib/libxenon.a(dummy.o)
                              /usr/local/xenon/usr/lib/libxenon.a(usbdevs.o) (dummy_driver)
/usr/local/xenon/usr/lib/libxenon.a(ohci.o)
                              /usr/local/xenon/usr/lib/libxenon.a(usbmain.o) (ohci_driver)
/usr/local/xenon/usr/lib/libxenon.a(usbdebug.o)
                              /usr/local/xenon/usr/lib/libxenon.a(usbhub.o) (usb_dbg_dumpportstatus)
/usr/local/xenon/usr/lib/libxenon.a(usb_os.o)
                              /usr/local/xenon/usr/lib/libxenon.a(tinyehci.o) (ehci_maligned)
/usr/local/xenon/usr/lib/libxenon.a(xenon_gpio.o)
                              /usr/local/xenon/usr/lib/libxenon.a(sound.o) (xenon_gpio_control)
/usr/local/xenon/usr/lib/libxenon.a(cpusleep.o)
[...]
Memory Configuration

Name             Origin             Length             Attributes
*default*        0x0000000000000000 0xffffffffffffffff

Linker script and memory map

LOAD /usr/local/xenon/lib/gcc/xenon/6.3.0/../../../../xenon/lib/../lib/crt1.o
LOAD /usr/local/xenon/lib/gcc/xenon/6.3.0/../../../../xenon/lib/../lib/crti.o
LOAD /usr/local/xenon/lib/gcc/xenon/6.3.0/32/crtbegin.o
LOAD main.o
LOAD /usr/local/xenon/usr/lib/libxenon.a
LOAD /usr/local/xenon/xenon/lib/32/libm.a
LOAD /usr/local/xenon/lib/gcc/xenon/6.3.0/32/libgcc.a
LOAD /usr/local/xenon/xenon/lib/32/libc.a
LOAD /usr/local/xenon/lib/gcc/xenon/6.3.0/32/libgcc.a
LOAD /usr/local/xenon/lib/gcc/xenon/6.3.0/32/crtend.o
LOAD /usr/local/xenon/lib/gcc/xenon/6.3.0/../../../../xenon/lib/../lib/crtn.o
                0x0000000080000000                . = 0x80000000

.text           0x0000000080000000    0x1f514
 *(.except*)
 .except        0x0000000080000000     0x1e30 /usr/local/xenon/usr/lib/libxenon.a(except.o)
                0x0000000080000000                secondary_lock
                0x0000000080000000                exc_base
                0x0000000080000004                secondary_alive
 *(.pagetable)
 .pagetable     0x0000000080001e30       0x40 /usr/local/xenon/usr/lib/libxenon.a(vm.o)
                0x0000000080001e30                pagetable
                0x0000000080001e70                pagetable_end = .
 *(.init*)
 .init          0x0000000080001e70        0xc /usr/local/xenon/lib/gcc/xenon/6.3.0/../../../../xenon/lib/../lib/crti.o
                0x0000000080001e70                _init
 *(.fini*)
 .fini          0x0000000080001e7c        0xc /usr/local/xenon/lib/gcc/xenon/6.3.0/../../../../xenon/lib/../lib/crti.o
                0x0000000080001e7c                _fini
 *(.text*)
 .text.call_ctors
                0x0000000080001e88       0x48 /usr/local/xenon/lib/gcc/xenon/6.3.0/../../../../xenon/lib/../lib/crt1.o
                0x0000000080001e88                call_ctors
 .text.c_register_frame
                0x0000000080001ed0        0xc /usr/local/xenon/lib/gcc/xenon/6.3.0/../../../../xenon/lib/../lib/crt1.o
                0x0000000080001ed0                c_register_frame
 .text.__crtmain
                0x0000000080001edc       0x2c /usr/local/xenon/lib/gcc/xenon/6.3.0/../../../../xenon/lib/../lib/crt1.o
                0x0000000080001edc                __crtmain
 .text.getFuseData
                0x0000000080001f08       0xa0 main.o
                0x0000000080001f08                getFuseData
 .text.getTemp  0x0000000080001fa8      0x460 main.o
                0x0000000080001fa8                getTemp
 .text.startup.main
                0x0000000080002408      0x268 main.o
                0x0000000080002408                main
 .text.__check_argv
                0x0000000080002670       0x28 /usr/local/xenon/usr/lib/libxenon.a(argv.o)
                0x0000000080002670                __check_argv
 *fill*         0x0000000080002698       0x68 
 .text          0x0000000080002700      0x2f4 /usr/local/xenon/usr/lib/libxenon.a(startup_from_xell.o)
                0x0000000080002700                _start
                0x00000000800028f8                wait
                0x0000000080002980                return_to_xell
 .text.console_clrscr
                0x00000000800029f4       0x7c /usr/local/xenon/usr/lib/libxenon.a(console.o)
                0x00000000800029f4                console_clrscr
 .text.console_newline
                0x0000000080002a70       0xd4 /usr/local/xenon/usr/lib/libxenon.a(console.o)
                0x0000000080002a70                console_newline
 .text.console_putch
                0x0000000080002b44      0x184 /usr/local/xenon/usr/lib/libxenon.a(console.o)
                0x0000000080002b44                console_putch
 .text.console_stdout_hook
                0x0000000080002cc8       0x3c /usr/local/xenon/usr/lib/libxenon.a(console.o)
 .text.console_init
                0x0000000080002d04      0x148 /usr/local/xenon/usr/lib/libxenon.a(console.o)
                0x0000000080002d04                console_init
 .text.console_set_colors
                0x0000000080002e4c       0x14 /usr/local/xenon/usr/lib/libxenon.a(console.o)
                0x0000000080002e4c                console_set_colors
 .text.get_controller_data
                0x0000000080002e60       0x5c /usr/local/xenon/usr/lib/libxenon.a(input.o)
                0x0000000080002e60                get_controller_data
 .text.set_controller_data
                0x0000000080002ebc       0x50 /usr/local/xenon/usr/lib/libxenon.a(input.o)
                0x0000000080002ebc                set_controller_data
 .text.vfs_console_write
                0x0000000080002f0c       0x88 /usr/local/xenon/usr/lib/libxenon.a(newlib.o)
                0x0000000080002f0c                vfs_console_write
 .text.__malloc_lock
                0x0000000080002f94       0x18 /usr/local/xenon/usr/lib/libxenon.a(newlib.o)
                0x0000000080002f94                __malloc_lock
 .text.__malloc_unlock
                0x0000000080002fac       0x18 /usr/local/xenon/usr/lib/libxenon.a(newlib.o)
                0x0000000080002fac                __malloc_unlock
 .text._exit    0x0000000080002fc4       0x2c /usr/local/xenon/usr/lib/libxenon.a(newlib.o)
                0x0000000080002fc4                _exit
 .text.sbrk     0x0000000080002ff0       0x34 /usr/local/xenon/usr/lib/libxenon.a(newlib.o)
                0x0000000080002ff0                sbrk
 .text.abort    0x0000000080003024       0x2c /usr/local/xenon/usr/lib/libxenon.a(newlib.o)
                0x0000000080003024                abort
 .text.isatty   0x0000000080003050        0x8 /usr/local/xenon/usr/lib/libxenon.a(newlib.o)
                0x0000000080003050                isatty
 .text.__release_handle
                0x0000000080003058       0x4c /usr/local/xenon/usr/lib/libxenon.a(newlib.o)
                0x0000000080003058                __release_handle
 .text.__get_handle
                0x00000000800030a4       0x28 /usr/local/xenon/usr/lib/libxenon.a(newlib.o)
                0x00000000800030a4                __get_handle
 .text.read     0x00000000800030cc       0xa4 /usr/local/xenon/usr/lib/libxenon.a(newlib.o)
                0x00000000800030cc                read
 .text.write    0x0000000080003170       0xb0 /usr/local/xenon/usr/lib/libxenon.a(newlib.o)
                0x0000000080003170                write
 .text.fstat    0x0000000080003220       0xa0 /usr/local/xenon/usr/lib/libxenon.a(newlib.o)
                0x0000000080003220                fstat
 .text.lseek    0x00000000800032c0       0xa4 /usr/local/xenon/usr/lib/libxenon.a(newlib.o)
                0x00000000800032c0                lseek
 .text.close    0x0000000080003364       0x88 /usr/local/xenon/usr/lib/libxenon.a(newlib.o)
                0x0000000080003364                close
 .text.xenon_sbrk
                0x00000000800033ec       0x2c /usr/local/xenon/usr/lib/libxenon.a(xenon_syscalls.o)
 .text.xenon_gettimeofday
                0x0000000080003418       0xa4 /usr/local/xenon/usr/lib/libxenon.a(xenon_syscalls.o)
 .text.xenon_malloc_unlock
                0x00000000800034bc       0xc4 /usr/local/xenon/usr/lib/libxenon.a(xenon_syscalls.o)
 .text.xenon_malloc_lock
                0x0000000080003580       0xf0 /usr/local/xenon/usr/lib/libxenon.a(xenon_syscalls.o)
 .text.shutdown_drivers
                0x0000000080003670       0x30 /usr/local/xenon/usr/lib/libxenon.a(xenon_syscalls.o)
                0x0000000080003670                shutdown_drivers
 .text.try_return_to_xell
                0x00000000800036a0       0x64 /usr/local/xenon/usr/lib/libxenon.a(xenon_syscalls.o)
                0x00000000800036a0                try_return_to_xell
 .text.xenon_exit
                0x0000000080003704      0x154 /usr/local/xenon/usr/lib/libxenon.a(xenon_syscalls.o)
 .text.kfree    0x0000000080003858       0xb4 /usr/local/xenon/usr/lib/libxenon.a(lib_malloc.o)
                0x0000000080003858                kfree
 .text.lib_outofmemory
                0x000000008000390c        0xc /usr/local/xenon/usr/lib/libxenon.a(lib_malloc.o)
                0x000000008000390c                lib_outofmemory
 .text.kmalloc  0x0000000080003918      0x130 /usr/local/xenon/usr/lib/libxenon.a(lib_malloc.o)
                0x0000000080003918                kmalloc
 .text.kmem_init
                0x0000000080003a48       0x70 /usr/local/xenon/usr/lib/libxenon.a(lib_malloc.o)
                0x0000000080003a48                kmem_init
 .text          0x0000000080003ab8       0x94 /usr/local/xenon/usr/lib/libxenon.a(atomic.o)
                0x0000000080003ab8                atomic_inc
                0x0000000080003acc                atomic_dec
                0x0000000080003ae0                atomic_clearset
                0x0000000080003af8                lock
                0x0000000080003b34                unlock
 .text          0x0000000080003b4c       0xa8 /usr/local/xenon/usr/lib/libxenon.a(cache.o)
                0x0000000080003b4c                memdcbt
                0x0000000080003b74                memdcbst
                0x0000000080003b9c                memdcbf
                0x0000000080003bc4                memicbi
 .text.flush_console
                0x0000000080003bf4       0x48 /usr/local/xenon/usr/lib/libxenon.a(c_except.o)
 .text.crashdump
                0x0000000080003c3c      0x2b4 /usr/local/xenon/usr/lib/libxenon.a(c_except.o)
                0x0000000080003c3c                crashdump
 .text.tdelay   0x0000000080003ef0       0x50 /usr/local/xenon/usr/lib/libxenon.a(time.o)
 .text.udelay   0x0000000080003f40       0x24 /usr/local/xenon/usr/lib/libxenon.a(time.o)
                0x0000000080003f40                udelay
 .text.mdelay   0x0000000080003f64       0x18 /usr/local/xenon/usr/lib/libxenon.a(time.o)
                0x0000000080003f64                mdelay
 .text.delay    0x0000000080003f7c       0x18 /usr/local/xenon/usr/lib/libxenon.a(time.o)
                0x0000000080003f7c                delay
 .text.usbctrl_queue_intreq
                0x0000000080003f94       0x4c /usr/local/xenon/usr/lib/libxenon.a(usbctrl.o)
 .text.usbctrl_set_led_callback
                0x0000000080003fe0       0x38 /usr/local/xenon/usr/lib/libxenon.a(usbctrl.o)
 .text.usbctrl_set_rol
                0x0000000080004018       0x2c /usr/local/xenon/usr/lib/libxenon.a(usbctrl.o)
                0x0000000080004018                usbctrl_set_rol
 .text.usbctrl_detach
                0x0000000080004044       0x88 /usr/local/xenon/usr/lib/libxenon.a(usbctrl.o)
 .text.usbctrl_set_leds
                0x00000000800040cc      0x120 /usr/local/xenon/usr/lib/libxenon.a(usbctrl.o)
                0x00000000800040cc                usbctrl_set_leds
 .text.usbctrl_ireq_callback
                0x00000000800041ec      0x260 /usr/local/xenon/usr/lib/libxenon.a(usbctrl.o)
 .text.usbctrl_poll
                0x000000008000444c       0xc0 /usr/local/xenon/usr/lib/libxenon.a(usbctrl.o)
                0x000000008000444c                usbctrl_poll
 .text.usbctrl_attach
                0x000000008000450c      0x2f8 /usr/local/xenon/usr/lib/libxenon.a(usbctrl.o)
 .text.usb_create_pipe
                0x0000000080004804       0xcc /usr/local/xenon/usr/lib/libxenon.a(usbd.o)
                0x0000000080004804                usb_create_pipe
 .text.usb_open_pipe
                0x00000000800048d0       0x78 /usr/local/xenon/usr/lib/libxenon.a(usbd.o)
                0x00000000800048d0                usb_open_pipe
 .text.usb_destroy_all_pipes
                0x0000000080004948       0x74 /usr/local/xenon/usr/lib/libxenon.a(usbd.o)
                0x0000000080004948                usb_destroy_all_pipes
 .text.usb_destroy_device
                0x00000000800049bc       0x50 /usr/local/xenon/usr/lib/libxenon.a(usbd.o)
                0x00000000800049bc                usb_destroy_device
 .text.usb_create_device
                0x0000000080004a0c       0x80 /usr/local/xenon/usr/lib/libxenon.a(usbd.o)
                0x0000000080004a0c                usb_create_device
 .text.usb_make_request
                0x0000000080004a8c       0x8c /usr/local/xenon/usr/lib/libxenon.a(usbd.o)
                0x0000000080004a8c                usb_make_request
 .text.usb_poll
                0x0000000080004b18       0x10 /usr/local/xenon/usr/lib/libxenon.a(usbd.o)
                0x0000000080004b18                usb_poll
 .text.usb_daemon
                0x0000000080004b28       0x18 /usr/local/xenon/usr/lib/libxenon.a(usbd.o)
                0x0000000080004b28                usb_daemon
 .text.usb_free_request
                0x0000000080004b40       0x28 /usr/local/xenon/usr/lib/libxenon.a(usbd.o)
                0x0000000080004b40                usb_free_request
 .text.usb_delay_ms
                0x0000000080004b68        0x8 /usr/local/xenon/usr/lib/libxenon.a(usbd.o)
                0x0000000080004b68                usb_delay_ms
 .text.usb_queue_request
                0x0000000080004b70       0x34 /usr/local/xenon/usr/lib/libxenon.a(usbd.o)
                0x0000000080004b70                usb_queue_request
 .text.usb_wait_request
                0x0000000080004ba4       0x3c /usr/local/xenon/usr/lib/libxenon.a(usbd.o)
                0x0000000080004ba4                usb_wait_request
 .text.usb_sync_request
                0x0000000080004be0       0x30 /usr/local/xenon/usr/lib/libxenon.a(usbd.o)
                0x0000000080004be0                usb_sync_request
 .text.usb_new_address
                0x0000000080004c10       0x2c /usr/local/xenon/usr/lib/libxenon.a(usbd.o)
                0x0000000080004c10                usb_new_address
 .text.usb_set_ep0mps
                0x0000000080004c3c       0x58 /usr/local/xenon/usr/lib/libxenon.a(usbd.o)
                0x0000000080004c3c                usb_set_ep0mps
 .text.usb_clear_stall
                0x0000000080004c94      0x100 /usr/local/xenon/usr/lib/libxenon.a(usbd.o)
                0x0000000080004c94                usb_clear_stall
 .text.usb_std_request
                0x0000000080004d94      0x22c /usr/local/xenon/usr/lib/libxenon.a(usbd.o)
                0x0000000080004d94                usb_std_request
 .text.usb_simple_request
                0x0000000080004fc0       0x18 /usr/local/xenon/usr/lib/libxenon.a(usbd.o)
                0x0000000080004fc0                usb_simple_request
 .text.usb_set_configuration
                0x0000000080004fd8       0x14 /usr/local/xenon/usr/lib/libxenon.a(usbd.o)
                0x0000000080004fd8                usb_set_configuration
 .text.usb_set_address
                0x0000000080004fec       0x98 /usr/local/xenon/usr/lib/libxenon.a(usbd.o)
                0x0000000080004fec                usb_set_address
 .text.usb_get_descriptor
                0x0000000080005084       0x20 /usr/local/xenon/usr/lib/libxenon.a(usbd.o)
                0x0000000080005084                usb_get_descriptor
 .text.usb_get_string
                0x00000000800050a4       0xf8 /usr/local/xenon/usr/lib/libxenon.a(usbd.o)
                0x00000000800050a4                usb_get_string
 .text.usb_get_device_descriptor
                0x000000008000519c       0x94 /usr/local/xenon/usr/lib/libxenon.a(usbd.o)
                0x000000008000519c                usb_get_device_descriptor
 .text.usb_get_config_descriptor
                0x0000000080005230       0x8c /usr/local/xenon/usr/lib/libxenon.a(usbd.o)
                0x0000000080005230                usb_get_config_descriptor
 .text.usb_get_device_status
                0x00000000800052bc       0x1c /usr/local/xenon/usr/lib/libxenon.a(usbd.o)
                0x00000000800052bc                usb_get_device_status
 .text.usb_complete_request
                0x00000000800052d8       0x20 /usr/local/xenon/usr/lib/libxenon.a(usbd.o)
                0x00000000800052d8                usb_complete_request
 .text.usb_initroot
                0x00000000800052f8      0x148 /usr/local/xenon/usr/lib/libxenon.a(usbd.o)
                0x00000000800052f8                usb_initroot
 .text.usb_find_cfg_descr
                0x0000000080005440       0x4c /usr/local/xenon/usr/lib/libxenon.a(usbd.o)
                0x0000000080005440                usb_find_cfg_descr
 .text.usb_find_driver
                0x000000008000548c      0x148 /usr/local/xenon/usr/lib/libxenon.a(usbdevs.o)
                0x000000008000548c                usb_find_driver
 .text.usbhid_detach
                0x00000000800055d4        0x8 /usr/local/xenon/usr/lib/libxenon.a(usbhid.o)
 .text.usbhid_attach
                0x00000000800055dc      0x160 /usr/local/xenon/usr/lib/libxenon.a(usbhid.o)
 .text.usbhid_ireq_callback
                0x000000008000573c      0x170 /usr/local/xenon/usr/lib/libxenon.a(usbhid.o)
 .text.usbhub_markdetached1
                0x00000000800058ac       0x14 /usr/local/xenon/usr/lib/libxenon.a(usbhub.o)
 .text.usbhub_get_port_status
                0x00000000800058c0       0x1c /usr/local/xenon/usr/lib/libxenon.a(usbhub.o)
 .text.usbhub_ireq_callback
                0x00000000800058dc       0x88 /usr/local/xenon/usr/lib/libxenon.a(usbhub.o)
 .text.usbhub_map_tree1
                0x0000000080005964       0x78 /usr/local/xenon/usr/lib/libxenon.a(usbhub.o)
 .text.usbhub_detach
                0x00000000800059dc      0x144 /usr/local/xenon/usr/lib/libxenon.a(usbhub.o)
 .text.usbhub_attach
                0x0000000080005b20      0x194 /usr/local/xenon/usr/lib/libxenon.a(usbhub.o)
 .text.usbhub_map_tree
                0x0000000080005cb4       0x14 /usr/local/xenon/usr/lib/libxenon.a(usbhub.o)
                0x0000000080005cb4                usbhub_map_tree
 .text.usbhub_map_from_device
                0x0000000080005cc8       0x10 /usr/local/xenon/usr/lib/libxenon.a(usbhub.o)
                0x0000000080005cc8                usbhub_map_from_device
 .text.usbhub_scan1
                0x0000000080005cd8      0x530 /usr/local/xenon/usr/lib/libxenon.a(usbhub.o)
 .text.usb_scan
                0x0000000080006208       0x10 /usr/local/xenon/usr/lib/libxenon.a(usbhub.o)
                0x0000000080006208                usb_scan
 .text.usb_init_one_ohci
                0x0000000080006218       0xcc /usr/local/xenon/usr/lib/libxenon.a(usbmain.o)
 .text.usb_shutdown
                0x00000000800062e4       0x54 /usr/local/xenon/usr/lib/libxenon.a(usbmain.o)
                0x00000000800062e4                usb_shutdown
 .text.usb_init
                0x0000000080006338       0xe0 /usr/local/xenon/usr/lib/libxenon.a(usbmain.o)
                0x0000000080006338                usb_init
 .text.usb_do_poll
                0x0000000080006418       0xac /usr/local/xenon/usr/lib/libxenon.a(usbmain.o)
                0x0000000080006418                usb_do_poll
 .text.qtd_fill
                0x00000000800064c4       0x9c /usr/local/xenon/usr/lib/libxenon.a(tinyehci.o)
 .text.ehci_qtd_alloc
                0x0000000080006560       0x78 /usr/local/xenon/usr/lib/libxenon.a(tinyehci.o)
 .text.handshake.isra.5
                0x00000000800065d8      0x148 /usr/local/xenon/usr/lib/libxenon.a(tinyehci.o)
 .text.ehci_mem_init
                0x0000000080006720       0xf0 /usr/local/xenon/usr/lib/libxenon.a(tinyehci.o)
                0x0000000080006720                ehci_mem_init
 .text.qh_urb_transaction
                0x0000000080006810      0x1b4 /usr/local/xenon/usr/lib/libxenon.a(tinyehci.o)
                0x0000000080006810                qh_urb_transaction
 .text.ehci_do_urb
                0x00000000800069c4      0x39c /usr/local/xenon/usr/lib/libxenon.a(tinyehci.o)
                0x00000000800069c4                ehci_do_urb
 .text.ehci_control_message
                0x0000000080006d60       0x6c /usr/local/xenon/usr/lib/libxenon.a(tinyehci.o)
                0x0000000080006d60                ehci_control_message
 .text.ehci_bulk_message
                0x0000000080006dcc       0x48 /usr/local/xenon/usr/lib/libxenon.a(tinyehci.o)
                0x0000000080006dcc                ehci_bulk_message
 .text.__send_cbw
                0x0000000080006e14      0x11c /usr/local/xenon/usr/lib/libxenon.a(tinyehci.o)
 .text.ehci_reset_port_old
                0x0000000080006f30      0x190 /usr/local/xenon/usr/lib/libxenon.a(tinyehci.o)
                0x0000000080006f30                ehci_reset_port_old
 .text.ehci_adquire_port
                0x00000000800070c0       0x80 /usr/local/xenon/usr/lib/libxenon.a(tinyehci.o)
                0x00000000800070c0                ehci_adquire_port
 .text.ehci_reset_usb_port
                0x0000000080007140      0x148 /usr/local/xenon/usr/lib/libxenon.a(tinyehci.o)
                0x0000000080007140                ehci_reset_usb_port
 .text.ehci_reset_port2
                0x0000000080007288       0x5c /usr/local/xenon/usr/lib/libxenon.a(tinyehci.o)
                0x0000000080007288                ehci_reset_port2
 .text.USB_FreeDescriptors
                0x00000000800072e4       0xc4 /usr/local/xenon/usr/lib/libxenon.a(tinyehci.o)
                0x00000000800072e4                USB_FreeDescriptors
 .text.USB_GetDescriptors
                0x00000000800073a8      0x348 /usr/local/xenon/usr/lib/libxenon.a(tinyehci.o)
                0x00000000800073a8                USB_GetDescriptors
 .text.USB_GetConfiguration
                0x00000000800076f0       0x80 /usr/local/xenon/usr/lib/libxenon.a(tinyehci.o)
                0x00000000800076f0                USB_GetConfiguration
 .text.USB_SetConfiguration
                0x0000000080007770       0x1c /usr/local/xenon/usr/lib/libxenon.a(tinyehci.o)
                0x0000000080007770                USB_SetConfiguration
 .text.USB_SetAlternativeInterface
                0x000000008000778c       0x28 /usr/local/xenon/usr/lib/libxenon.a(tinyehci.o)
                0x000000008000778c                USB_SetAlternativeInterface
 .text.USB_ClearHalt
                0x00000000800077b4       0x1c /usr/local/xenon/usr/lib/libxenon.a(tinyehci.o)
                0x00000000800077b4                USB_ClearHalt
 .text.ehci_init_port
                0x00000000800077d0      0x148 /usr/local/xenon/usr/lib/libxenon.a(tinyehci.o)
                0x00000000800077d0                ehci_init_port
 .text.ehci_reset_port
                0x0000000080007918       0x50 /usr/local/xenon/usr/lib/libxenon.a(tinyehci.o)
                0x0000000080007918                ehci_reset_port
 .text.ehci_reset_device
                0x0000000080007968        0x8 /usr/local/xenon/usr/lib/libxenon.a(tinyehci.o)
                0x0000000080007968                ehci_reset_device
 .text.ehci_discover
                0x0000000080007970       0x54 /usr/local/xenon/usr/lib/libxenon.a(tinyehci.o)
                0x0000000080007970                ehci_discover
 .text.EHCI_do_one
                0x00000000800079c4      0x10c /usr/local/xenon/usr/lib/libxenon.a(tinyehci.o)
 .text.find_ehci_data
                0x0000000080007ad0       0x3c /usr/local/xenon/usr/lib/libxenon.a(tinyehci.o)
                0x0000000080007ad0                find_ehci_data
 .text.USBStorage_Close
                0x0000000080007b0c       0x40 /usr/local/xenon/usr/lib/libxenon.a(tinyehci.o)
                0x0000000080007b0c                USBStorage_Close
 .text.USBStorage_ReadCapacity
                0x0000000080007b4c       0xbc /usr/local/xenon/usr/lib/libxenon.a(tinyehci.o)
                0x0000000080007b4c                USBStorage_ReadCapacity
 .text.USBStorage_MountLUN
                0x0000000080007c08      0x1c0 /usr/local/xenon/usr/lib/libxenon.a(tinyehci.o)
                0x0000000080007c08                USBStorage_MountLUN
 .text.__usbstorage_reset.isra.9
                0x0000000080007dc8      0x1a0 /usr/local/xenon/usr/lib/libxenon.a(tinyehci.o)
 .text.USBStorage_Open
                0x0000000080007f68      0x320 /usr/local/xenon/usr/lib/libxenon.a(tinyehci.o)
                0x0000000080007f68                USBStorage_Open
 .text.__cycle.constprop.14
                0x0000000080008288      0x29c /usr/local/xenon/usr/lib/libxenon.a(tinyehci.o)
 .text.USBStorage_Inquiry
                0x0000000080008524       0xa4 /usr/local/xenon/usr/lib/libxenon.a(tinyehci.o)
                0x0000000080008524                USBStorage_Inquiry
 .text.USBStorage_Try_Device
                0x00000000800085c8      0x154 /usr/local/xenon/usr/lib/libxenon.a(tinyehci.o)
                0x00000000800085c8                USBStorage_Try_Device
 .text.USBStorage_Init
                0x000000008000871c      0x208 /usr/local/xenon/usr/lib/libxenon.a(tinyehci.o)
                0x000000008000871c                USBStorage_Init
 .text.EHCI_Init
                0x0000000080008924       0x50 /usr/local/xenon/usr/lib/libxenon.a(tinyehci.o)
                0x0000000080008924                EHCI_Init
 .text.data_breakpoint
                0x0000000080008974       0x40 /usr/local/xenon/usr/lib/libxenon.a(debug.o)
                0x0000000080008974                data_breakpoint
 .text.uprintf  0x00000000800089b4       0x94 /usr/local/xenon/usr/lib/libxenon.a(xenon_smc.o)
                0x00000000800089b4                uprintf
 .text.xenon_smc_send_message
                0x0000000080008a48       0x50 /usr/local/xenon/usr/lib/libxenon.a(xenon_smc.o)
                0x0000000080008a48                xenon_smc_send_message
 .text.xenon_smc_receive_message
                0x0000000080008a98       0x58 /usr/local/xenon/usr/lib/libxenon.a(xenon_smc.o)
                0x0000000080008a98                xenon_smc_receive_message
 .text.xenon_smc_handle_bulk
                0x0000000080008af0       0x68 /usr/local/xenon/usr/lib/libxenon.a(xenon_smc.o)
                0x0000000080008af0                xenon_smc_handle_bulk
 .text.xenon_smc_receive_response
                0x0000000080008b58       0x44 /usr/local/xenon/usr/lib/libxenon.a(xenon_smc.o)
                0x0000000080008b58                xenon_smc_receive_response
 .text.xenon_smc_ana_write
                0x0000000080008b9c       0x98 /usr/local/xenon/usr/lib/libxenon.a(xenon_smc.o)
                0x0000000080008b9c                xenon_smc_ana_write
 .text.xenon_smc_ana_read
                0x0000000080008c34       0x9c /usr/local/xenon/usr/lib/libxenon.a(xenon_smc.o)
                0x0000000080008c34                xenon_smc_ana_read
 .text.xenon_smc_i2c_ddc_lock
                0x0000000080008cd0       0x78 /usr/local/xenon/usr/lib/libxenon.a(xenon_smc.o)
                0x0000000080008cd0                xenon_smc_i2c_ddc_lock
 .text.xenon_smc_i2c_write
                0x0000000080008d48       0xa4 /usr/local/xenon/usr/lib/libxenon.a(xenon_smc.o)
                0x0000000080008d48                xenon_smc_i2c_write
 .text.xenon_smc_i2c_read
                0x0000000080008dec       0xbc /usr/local/xenon/usr/lib/libxenon.a(xenon_smc.o)
                0x0000000080008dec                xenon_smc_i2c_read
 .text.xenon_smc_power_reboot
                0x0000000080008ea8       0x48 /usr/local/xenon/usr/lib/libxenon.a(xenon_smc.o)
                0x0000000080008ea8                xenon_smc_power_reboot
 .text.xenon_smc_read_avpack
                0x0000000080008ef0       0x44 /usr/local/xenon/usr/lib/libxenon.a(xenon_smc.o)
                0x0000000080008ef0                xenon_smc_read_avpack
 .text.xenon_smc_set_fan_algorithm
                0x0000000080008f34       0x3c /usr/local/xenon/usr/lib/libxenon.a(xenon_smc.o)
                0x0000000080008f34                xenon_smc_set_fan_algorithm
 .text.wakeup_cpus
                0x0000000080008f70       0xb8 /usr/local/xenon/usr/lib/libxenon.a(xenon_power.o)
                0x0000000080008f70                wakeup_cpus
 .text.prepare_sleep
                0x0000000080009028       0x74 /usr/local/xenon/usr/lib/libxenon.a(xenon_power.o)
                0x0000000080009028                prepare_sleep
 .text.xenon_thread_sleep
                0x000000008000909c       0x58 /usr/local/xenon/usr/lib/libxenon.a(xenon_power.o)
                0x000000008000909c                xenon_thread_sleep
 .text.xenon_set_speed
                0x00000000800090f4      0x304 /usr/local/xenon/usr/lib/libxenon.a(xenon_power.o)
                0x00000000800090f4                xenon_set_speed
 .text.xenon_run_thread_task
                0x00000000800093f8       0x3c /usr/local/xenon/usr/lib/libxenon.a(xenon_power.o)
                0x00000000800093f8                xenon_run_thread_task
 .text.xenon_is_thread_task_running
                0x0000000080009434       0x1c /usr/local/xenon/usr/lib/libxenon.a(xenon_power.o)
                0x0000000080009434                xenon_is_thread_task_running
 .text.xenon_thread_startup
                0x0000000080009450       0x48 /usr/local/xenon/usr/lib/libxenon.a(xenon_power.o)
                0x0000000080009450                xenon_thread_startup
 .text.xenon_set_single_thread_mode
                0x0000000080009498       0x98 /usr/local/xenon/usr/lib/libxenon.a(xenon_power.o)
                0x0000000080009498                xenon_set_single_thread_mode
 .text.xenon_make_it_faster
                0x0000000080009530       0xfc /usr/local/xenon/usr/lib/libxenon.a(xenon_power.o)
                0x0000000080009530                xenon_make_it_faster
 .text.xenon_secotp_read_line
                0x000000008000962c       0x20 /usr/local/xenon/usr/lib/libxenon.a(xenon_secotp.o)
                0x000000008000962c                xenon_secotp_read_line
 .text.xenon_sound_init
                0x000000008000964c      0x1b4 /usr/local/xenon/usr/lib/libxenon.a(sound.o)
                0x000000008000964c                xenon_sound_init
 .text.putch    0x0000000080009800       0x50 /usr/local/xenon/usr/lib/libxenon.a(xenon_uart.o)
                0x0000000080009800                putch
 .text.uart_puts
                0x0000000080009850       0x30 /usr/local/xenon/usr/lib/libxenon.a(xenon_uart.o)
                0x0000000080009850                uart_puts
 .text.xenon_config_init
                0x0000000080009880       0xa4 /usr/local/xenon/usr/lib/libxenon.a(xenon_config.o)
                0x0000000080009880                xenon_config_init
 .text.xenon_config_get_avregion
                0x0000000080009924       0xa0 /usr/local/xenon/usr/lib/libxenon.a(xenon_config.o)
                0x0000000080009924                xenon_config_get_avregion
 .text.xenon_config_get_vid_delta
                0x00000000800099c4       0x40 /usr/local/xenon/usr/lib/libxenon.a(xenon_config.o)
                0x00000000800099c4                xenon_config_get_vid_delta
 .text.xenos_ana_write
                0x0000000080009a04       0xac /usr/local/xenon/usr/lib/libxenon.a(xenos.o)
 .text.xenos_init_ana_new
                0x0000000080009ab0      0x4fc /usr/local/xenon/usr/lib/libxenon.a(xenos.o)
                0x0000000080009ab0                xenos_init_ana_new
 .text.xenos_init_phase0
                0x0000000080009fac       0xa0 /usr/local/xenon/usr/lib/libxenon.a(xenos.o)
                0x0000000080009fac                xenos_init_phase0
 .text.xenos_init_phase1
                0x000000008000a04c      0x334 /usr/local/xenon/usr/lib/libxenon.a(xenos.o)
                0x000000008000a04c                xenos_init_phase1
 .text.xenos_ana_preinit
                0x000000008000a380       0xcc /usr/local/xenon/usr/lib/libxenon.a(xenos.o)
                0x000000008000a380                xenos_ana_preinit
 .text.xenos_set_mode_f1
                0x000000008000a44c       0xf8 /usr/local/xenon/usr/lib/libxenon.a(xenos.o)
                0x000000008000a44c                xenos_set_mode_f1
 .text.xenos_set_mode_f2
                0x000000008000a544      0x248 /usr/local/xenon/usr/lib/libxenon.a(xenos.o)
                0x000000008000a544                xenos_set_mode_f2
 .text.xenos_set_mode
                0x000000008000a78c      0x2c8 /usr/local/xenon/usr/lib/libxenon.a(xenos.o)
                0x000000008000a78c                xenos_set_mode
 .text.xenos_hdmi_vga_mode_fix
                0x000000008000aa54       0x40 /usr/local/xenon/usr/lib/libxenon.a(xenos.o)
                0x000000008000aa54                xenos_hdmi_vga_mode_fix
 .text.xenos_autoset_mode
                0x000000008000aa94      0x150 /usr/local/xenon/usr/lib/libxenon.a(xenos.o)
                0x000000008000aa94                xenos_autoset_mode
 .text.xenos_init
                0x000000008000abe4      0x148 /usr/local/xenon/usr/lib/libxenon.a(xenos.o)
                0x000000008000abe4                xenos_init
 .text.xenos_is_overscan
                0x000000008000ad2c       0x38 /usr/local/xenon/usr/lib/libxenon.a(xenos.o)
                0x000000008000ad2c                xenos_is_overscan
 .text.xenos_is_initialized
                0x000000008000ad64       0x14 /usr/local/xenon/usr/lib/libxenon.a(xenos.o)
                0x000000008000ad64                xenos_is_initialized
 .text.xenos_do_probe_ddc_edid
                0x000000008000ad78      0x194 /usr/local/xenon/usr/lib/libxenon.a(xenos_edid.o)
                0x000000008000ad78                xenos_do_probe_ddc_edid
 .text.xenos_ddc_read_edid
                0x000000008000af0c      0x128 /usr/local/xenon/usr/lib/libxenon.a(xenos_edid.o)
 .text.xenos_get_edid
                0x000000008000b034       0xa4 /usr/local/xenon/usr/lib/libxenon.a(xenos_edid.o)
                0x000000008000b034                xenos_get_edid
 .text.xenos_detect_hdmi_monitor
                0x000000008000b0d8       0xe0 /usr/local/xenon/usr/lib/libxenon.a(xenos_edid.o)
                0x000000008000b0d8                xenos_detect_hdmi_monitor
 .text.enet_quiesce
                0x000000008000b1b8       0x18 /usr/local/xenon/usr/lib/libxenon.a(enet.o)
                0x000000008000b1b8                enet_quiesce
 .text.print_key
                0x000000008000b1d0       0x74 /usr/local/xenon/usr/lib/libxenon.a(xb360.o)
                0x000000008000b1d0                print_key
 .text.cpu_get_key
                0x000000008000b244       0x90 /usr/local/xenon/usr/lib/libxenon.a(xb360.o)
                0x000000008000b244                cpu_get_key
 .text.xenon_get_DVE
                0x000000008000b2d4       0x34 /usr/local/xenon/usr/lib/libxenon.a(xb360.o)
                0x000000008000b2d4                xenon_get_DVE
 .text.xenon_get_PCIBridgeRevisionID
                0x000000008000b308       0x14 /usr/local/xenon/usr/lib/libxenon.a(xb360.o)
                0x000000008000b308                xenon_get_PCIBridgeRevisionID
 .text.xenon_get_XenosID
                0x000000008000b31c       0x10 /usr/local/xenon/usr/lib/libxenon.a(xb360.o)
                0x000000008000b31c                xenon_get_XenosID
 .text.xenon_get_console_type
                0x000000008000b32c       0xc0 /usr/local/xenon/usr/lib/libxenon.a(xb360.o)
                0x000000008000b32c                xenon_get_console_type
 .text.xenon_logical_nand_data_ok
                0x000000008000b3ec       0x18 /usr/local/xenon/usr/lib/libxenon.a(xb360.o)
                0x000000008000b3ec                xenon_logical_nand_data_ok
 .text.xenon_get_logical_nand_data
                0x000000008000b404       0x50 /usr/local/xenon/usr/lib/libxenon.a(xb360.o)
                0x000000008000b404                xenon_get_logical_nand_data
 .text.get_virtual_cpukey
                0x000000008000b454       0x84 /usr/local/xenon/usr/lib/libxenon.a(xb360.o)
                0x000000008000b454                get_virtual_cpukey
 .text.xenon_get_kv_size
                0x000000008000b4d8       0x40 /usr/local/xenon/usr/lib/libxenon.a(xb360.o)
                0x000000008000b4d8                xenon_get_kv_size
 .text.xenon_get_kv_offset
                0x000000008000b518       0x40 /usr/local/xenon/usr/lib/libxenon.a(xb360.o)
                0x000000008000b518                xenon_get_kv_offset
 .text.kv_read  0x000000008000b558      0x19c /usr/local/xenon/usr/lib/libxenon.a(xb360.o)
                0x000000008000b558                kv_read
 .text.kv_get_dvd_key
                0x000000008000b6f4      0x114 /usr/local/xenon/usr/lib/libxenon.a(xb360.o)
                0x000000008000b6f4                kv_get_dvd_key
 .text.print_cpu_dvd_keys
                0x000000008000b808       0xcc /usr/local/xenon/usr/lib/libxenon.a(xb360.o)
                0x000000008000b808                print_cpu_dvd_keys
 .text.dummy_attach
                0x000000008000b8d4        0x8 /usr/local/xenon/usr/lib/libxenon.a(dummy.o)
 .text.dummy_detach
                0x000000008000b8dc        0x8 /usr/local/xenon/usr/lib/libxenon.a(dummy.o)
 .text._ohci_allocept
                0x000000008000b8e4       0x64 /usr/local/xenon/usr/lib/libxenon.a(ohci.o)
 .text._ohci_allocxfer
                0x000000008000b948       0x5c /usr/local/xenon/usr/lib/libxenon.a(ohci.o)
 .text.ohci_stop
                0x000000008000b9a4       0x14 /usr/local/xenon/usr/lib/libxenon.a(ohci.o)
 .text.ohci_delete
                0x000000008000b9b8        0x4 /usr/local/xenon/usr/lib/libxenon.a(ohci.o)
 .text.ohci_ept_cleartoggle
                0x000000008000b9bc       0x44 /usr/local/xenon/usr/lib/libxenon.a(ohci.o)
 .text.ohci_ept_setaddr
                0x000000008000ba00       0x38 /usr/local/xenon/usr/lib/libxenon.a(ohci.o)
 .text.ohci_ept_setmps
                0x000000008000ba38       0x40 /usr/local/xenon/usr/lib/libxenon.a(ohci.o)
 .text._ohci_queueept
                0x000000008000ba78       0x5c /usr/local/xenon/usr/lib/libxenon.a(ohci.o)
 .text.ohci_ept_create
                0x000000008000bad4      0x130 /usr/local/xenon/usr/lib/libxenon.a(ohci.o)
 .text.ohci_ept_delete
                0x000000008000bc04      0x1b0 /usr/local/xenon/usr/lib/libxenon.a(ohci.o)
 .text.ohci_start
                0x000000008000bdb4      0x164 /usr/local/xenon/usr/lib/libxenon.a(ohci.o)
 .text.ohci_roothub_strdscr
                0x000000008000bf18       0x6c /usr/local/xenon/usr/lib/libxenon.a(ohci.o)
 .text.ohci_intr
                0x000000008000bf84      0x1e4 /usr/local/xenon/usr/lib/libxenon.a(ohci.o)
 .text._ohci_dma_alloc
                0x000000008000c168       0x50 /usr/local/xenon/usr/lib/libxenon.a(ohci.o)
 .text.ohci_xfer
                0x000000008000c1b8      0x728 /usr/local/xenon/usr/lib/libxenon.a(ohci.o)
 .text.ohci_create
                0x000000008000c8e0      0x29c /usr/local/xenon/usr/lib/libxenon.a(ohci.o)
 .text.getstringmaybe
                0x000000008000cb7c       0x6c /usr/local/xenon/usr/lib/libxenon.a(usbdebug.o)
 .text.usb_dbg_dumpportstatus
                0x000000008000cbe8      0x244 /usr/local/xenon/usr/lib/libxenon.a(usbdebug.o)
                0x000000008000cbe8                usb_dbg_dumpportstatus
 .text.usb_dbg_dumpdescriptors
                0x000000008000ce2c      0x620 /usr/local/xenon/usr/lib/libxenon.a(usbdebug.o)
                0x000000008000ce2c                usb_dbg_dumpdescriptors
 .text.ehci_maligned
                0x000000008000d44c       0x88 /usr/local/xenon/usr/lib/libxenon.a(usb_os.o)
                0x000000008000d44c                ehci_maligned
 .text.ehci_virt_to_dma
                0x000000008000d4d4        0x8 /usr/local/xenon/usr/lib/libxenon.a(usb_os.o)
                0x000000008000d4d4                ehci_virt_to_dma
 .text.ehci_dma_map_to
                0x000000008000d4dc       0x24 /usr/local/xenon/usr/lib/libxenon.a(usb_os.o)
                0x000000008000d4dc                ehci_dma_map_to
 .text.ehci_dma_map_from
                0x000000008000d500       0x24 /usr/local/xenon/usr/lib/libxenon.a(usb_os.o)
                0x000000008000d500                ehci_dma_map_from
 .text.ehci_dma_map_bidir
                0x000000008000d524       0x24 /usr/local/xenon/usr/lib/libxenon.a(usb_os.o)
                0x000000008000d524                ehci_dma_map_bidir
 .text.ehci_dma_unmap_bidir
                0x000000008000d548        0x8 /usr/local/xenon/usr/lib/libxenon.a(usb_os.o)
                0x000000008000d548                ehci_dma_unmap_bidir
 .text.ehci_dma_unmap_from
                0x000000008000d550        0x4 /usr/local/xenon/usr/lib/libxenon.a(usb_os.o)
                0x000000008000d550                ehci_dma_unmap_from
 .text.ehci_dma_unmap_to
                0x000000008000d554        0x4 /usr/local/xenon/usr/lib/libxenon.a(usb_os.o)
                0x000000008000d554                ehci_dma_unmap_to
 .text.ehci_usleep
                0x000000008000d558        0x4 /usr/local/xenon/usr/lib/libxenon.a(usb_os.o)
                0x000000008000d558                ehci_usleep
 .text.ehci_msleep
                0x000000008000d55c        0x4 /usr/local/xenon/usr/lib/libxenon.a(usb_os.o)
                0x000000008000d55c                ehci_msleep
 .text.USB_Alloc
                0x000000008000d560        0x4 /usr/local/xenon/usr/lib/libxenon.a(usb_os.o)
                0x000000008000d560                USB_Alloc
 .text.USB_Free
                0x000000008000d564        0x4 /usr/local/xenon/usr/lib/libxenon.a(usb_os.o)
                0x000000008000d564                USB_Free
 .text.xenon_gpio_control
                0x000000008000d568       0x5c /usr/local/xenon/usr/lib/libxenon.a(xenon_gpio.o)
                0x000000008000d568                xenon_gpio_control
 .text.xenon_gpio_set_oe
                0x000000008000d5c4       0x1c /usr/local/xenon/usr/lib/libxenon.a(xenon_gpio.o)
                0x000000008000d5c4                xenon_gpio_set_oe
 .text.xenon_gpio_set
                0x000000008000d5e0       0x1c /usr/local/xenon/usr/lib/libxenon.a(xenon_gpio.o)
                0x000000008000d5e0                xenon_gpio_set
 .text          0x000000008000d5fc       0x3c /usr/local/xenon/usr/lib/libxenon.a(cpusleep.o)
                0x000000008000d5fc                cpusleep
 .text.sfcx_readreg
                0x000000008000d638       0x10 /usr/local/xenon/usr/lib/libxenon.a(xenon_sfcx.o)
                0x000000008000d638                sfcx_readreg
 .text.sfcx_init
                0x000000008000d648      0x2dc /usr/local/xenon/usr/lib/libxenon.a(xenon_sfcx.o)
                0x000000008000d648                sfcx_init
 .text.HMAC_SHA1_UpdateKey.part.0
                0x000000008000d924       0xbc /usr/local/xenon/usr/lib/libxenon.a(hmac_sha1.o)
 .text.HMAC_SHA1_Init
                0x000000008000d9e0       0x58 /usr/local/xenon/usr/lib/libxenon.a(hmac_sha1.o)
                0x000000008000d9e0                HMAC_SHA1_Init
 .text.HMAC_SHA1_UpdateKey
                0x000000008000da38        0xc /usr/local/xenon/usr/lib/libxenon.a(hmac_sha1.o)
                0x000000008000da38                HMAC_SHA1_UpdateKey
 .text.HMAC_SHA1_EndKey
                0x000000008000da44       0xa8 /usr/local/xenon/usr/lib/libxenon.a(hmac_sha1.o)
                0x000000008000da44                HMAC_SHA1_EndKey
 .text.HMAC_SHA1_StartMessage
                0x000000008000daec       0x48 /usr/local/xenon/usr/lib/libxenon.a(hmac_sha1.o)
                0x000000008000daec                HMAC_SHA1_StartMessage
 .text.HMAC_SHA1_UpdateMessage
                0x000000008000db34        0x8 /usr/local/xenon/usr/lib/libxenon.a(hmac_sha1.o)
                0x000000008000db34                HMAC_SHA1_UpdateMessage
 .text.HMAC_SHA1_EndMessage
                0x000000008000db3c       0x68 /usr/local/xenon/usr/lib/libxenon.a(hmac_sha1.o)
                0x000000008000db3c                HMAC_SHA1_EndMessage
 .text.HMAC_SHA1_Done
                0x000000008000dba4       0x44 /usr/local/xenon/usr/lib/libxenon.a(hmac_sha1.o)
                0x000000008000dba4                HMAC_SHA1_Done
 .text.HMAC_SHA1
                0x000000008000dbe8       0x84 /usr/local/xenon/usr/lib/libxenon.a(hmac_sha1.o)
                0x000000008000dbe8                HMAC_SHA1
 .text.rc4_init
                0x000000008000dc6c       0x60 /usr/local/xenon/usr/lib/libxenon.a(rc4.o)
                0x000000008000dc6c                rc4_init
 .text.rc4_crypt
                0x000000008000dccc       0x70 /usr/local/xenon/usr/lib/libxenon.a(rc4.o)
                0x000000008000dccc                rc4_crypt
 .text.SHA1_Transform
                0x000000008000dd3c     0x111c /usr/local/xenon/usr/lib/libxenon.a(sha1.o)
                0x000000008000dd3c                SHA1_Transform
 .text.SHA1_Init
                0x000000008000ee58       0x4c /usr/local/xenon/usr/lib/libxenon.a(sha1.o)
                0x000000008000ee58                SHA1_Init
 .text.SHA1_Update
                0x000000008000eea4       0xe0 /usr/local/xenon/usr/lib/libxenon.a(sha1.o)
                0x000000008000eea4                SHA1_Update
 .text.SHA1_Final
                0x000000008000ef84      0x104 /usr/local/xenon/usr/lib/libxenon.a(sha1.o)
                0x000000008000ef84                SHA1_Final
 .text.q_enqueue
                0x000000008000f088       0x18 /usr/local/xenon/usr/lib/libxenon.a(lib_queue.o)
                0x000000008000f088                q_enqueue
 .text.q_deqnext
                0x000000008000f0a0       0x30 /usr/local/xenon/usr/lib/libxenon.a(lib_queue.o)
                0x000000008000f0a0                q_deqnext
 .text          0x000000008000f0d0       0x4c /usr/local/xenon/lib/gcc/xenon/6.3.0/32/libgcc.a(crtsavgpr.o)
                0x000000008000f0d0                _savegpr_14
                0x000000008000f0d4                _savegpr_15
                0x000000008000f0d8                _savegpr_16
                0x000000008000f0dc                _savegpr_17
                0x000000008000f0e0                _savegpr_18
                0x000000008000f0e4                _savegpr_19
                0x000000008000f0e8                _savegpr_20
                0x000000008000f0ec                _savegpr_21
                0x000000008000f0f0                _savegpr_22
                0x000000008000f0f4                _savegpr_23
                0x000000008000f0f8                _savegpr_24
                0x000000008000f0fc                _savegpr_25
                0x000000008000f100                _savegpr_26
                0x000000008000f104                _savegpr_27
                0x000000008000f108                _savegpr_28
                0x000000008000f10c                _savegpr_29
                0x000000008000f110                _savegpr_30
                0x000000008000f114                _savegpr_31
 .text          0x000000008000f11c       0x58 /usr/local/xenon/lib/gcc/xenon/6.3.0/32/libgcc.a(crtresxgpr.o)
                0x000000008000f11c                _restgpr_14_x
                0x000000008000f120                _restgpr_15_x
                0x000000008000f124                _restgpr_16_x
                0x000000008000f128                _restgpr_17_x
                0x000000008000f12c                _restgpr_18_x
                0x000000008000f130                _restgpr_19_x
                0x000000008000f134                _restgpr_20_x
                0x000000008000f138                _restgpr_21_x
                0x000000008000f13c                _restgpr_22_x
                0x000000008000f140                _restgpr_23_x
                0x000000008000f144                _restgpr_24_x
                0x000000008000f148                _restgpr_25_x
                0x000000008000f14c                _restgpr_26_x
                0x000000008000f150                _restgpr_27_x
                0x000000008000f154                _restgpr_28_x
                0x000000008000f158                _restgpr_29_x
                0x000000008000f15c                _restgpr_30_x
                0x000000008000f160                _restgpr_31_x
 *fill*         0x000000008000f174        0x4 
 .text          0x000000008000f178     0x1af8 /usr/local/xenon/lib/gcc/xenon/6.3.0/32/libgcc.a(unwind-dw2-fde-dip.o)
                0x0000000080010604                __register_frame_info_bases
                0x000000008001067c                __register_frame_info
                0x00000000800106fc                __register_frame
                0x0000000080010784                __register_frame_info_table_bases
                0x00000000800107ec                __register_frame_info_table
                0x0000000080010854                __register_frame_table
                0x00000000800108d4                __deregister_frame_info_bases
                0x0000000080010a30                __deregister_frame_info
                0x0000000080010a48                __deregister_frame
                0x0000000080010a84                _Unwind_Find_FDE
 .text          0x0000000080010c70       0x78 /usr/local/xenon/xenon/lib/32/libc.a(lib_a-assert.o)
                0x0000000080010c70                __assert_func
                0x0000000080010cd0                __assert
 .text          0x0000000080010ce8       0x40 /usr/local/xenon/xenon/lib/32/libc.a(lib_a-exit.o)
                0x0000000080010ce8                exit
 .text          0x0000000080010d28      0x158 /usr/local/xenon/xenon/lib/32/libc.a(lib_a-fclose.o)
                0x0000000080010d28                _fclose_r
                0x0000000080010e70                fclose
 .text          0x0000000080010e80      0x37c /usr/local/xenon/xenon/lib/32/libc.a(lib_a-fflush.o)
                0x0000000080010e80                __sflush_r
                0x0000000080011158                _fflush_r
                0x00000000800111d0                fflush
 *fill*         0x00000000800111fc        0x4 
 .text          0x0000000080011200      0x3f4 /usr/local/xenon/xenon/lib/32/libc.a(lib_a-findfp.o)
                0x0000000080011208                _cleanup_r
                0x00000000800113c8                __sfmoreglue
                0x0000000080011448                __sfp
                0x0000000080011580                _cleanup
                0x0000000080011598                __sinit
                0x00000000800115a8                __sfp_lock_acquire
                0x00000000800115b0                __sfp_lock_release
                0x00000000800115b8                __sinit_lock_acquire
                0x00000000800115c0                __sinit_lock_release
                0x00000000800115c8                __fp_lock_all
                0x00000000800115e0                __fp_unlock_all
 *fill*         0x00000000800115f4        0x4 
 .text          0x00000000800115f8      0x110 /usr/local/xenon/xenon/lib/32/libc.a(lib_a-fiprintf.o)
                0x00000000800115f8                _fiprintf_r
                0x0000000080011678                fiprintf
 .text          0x0000000080011708      0x468 /usr/local/xenon/xenon/lib/32/libc.a(lib_a-freer.o)
                0x0000000080011708                _malloc_trim_r
                0x0000000080011848                _free_r
 .text          0x0000000080011b70       0x80 /usr/local/xenon/xenon/lib/32/libc.a(lib_a-fstatr.o)
                0x0000000080011b70                _fstat_r
 .text          0x0000000080011bf0      0x1d0 /usr/local/xenon/xenon/lib/32/libc.a(lib_a-fwalk.o)
                0x0000000080011bf0                _fwalk
                0x0000000080011cd0                _fwalk_reent
 .text          0x0000000080011dc0      0x11c /usr/local/xenon/xenon/lib/32/libc.a(lib_a-locale.o)
                0x0000000080011dc0                _setlocale_r
                0x0000000080011e60                __locale_mb_cur_max
                0x0000000080011e90                __locale_ctype_ptr_l
                0x0000000080011e98                __locale_ctype_ptr
                0x0000000080011ec8                setlocale
 *fill*         0x0000000080011edc        0x4 
 .text          0x0000000080011ee0      0x23c /usr/local/xenon/xenon/lib/32/libc.a(lib_a-makebuf.o)
                0x0000000080011ee0                __swhatbuf_r
                0x0000000080011fd0                __smakebuf_r
 *fill*         0x000000008001211c        0x4 
 .text          0x0000000080012120       0x20 /usr/local/xenon/xenon/lib/32/libc.a(lib_a-malloc.o)
                0x0000000080012120                malloc
                0x0000000080012130                free
 .text          0x0000000080012140      0x94c /usr/local/xenon/xenon/lib/32/libc.a(lib_a-mallocr.o)
                0x0000000080012140                _malloc_r
 *fill*         0x0000000080012a8c        0x4 
 .text          0x0000000080012a90       0xc0 /usr/local/xenon/xenon/lib/32/libc.a(lib_a-mbtowc_r.o)
                0x0000000080012a90                _mbtowc_r
                0x0000000080012ac8                __ascii_mbtowc
 .text          0x0000000080012b50       0xa0 /usr/local/xenon/xenon/lib/32/libc.a(lib_a-memcmp.o)
                0x0000000080012b50                memcmp
 .text          0x0000000080012bf0      0x108 /usr/local/xenon/xenon/lib/32/libc.a(lib_a-memcpy.o)
                0x0000000080012bf0                memcpy
 .text          0x0000000080012cf8      0x110 /usr/local/xenon/xenon/lib/32/libc.a(lib_a-memset.o)
                0x0000000080012cf8                memset
 .text          0x0000000080012e08      0x120 /usr/local/xenon/xenon/lib/32/libc.a(lib_a-printf.o)
                0x0000000080012e08                _printf_r
                0x0000000080012e90                printf
 .text          0x0000000080012f28       0x20 /usr/local/xenon/xenon/lib/32/libc.a(lib_a-putchar.o)
                0x0000000080012f28                _putchar_r
                0x0000000080012f30                putchar
 .text          0x0000000080012f48       0xe8 /usr/local/xenon/xenon/lib/32/libc.a(lib_a-puts.o)
                0x0000000080012f48                _puts_r
                0x0000000080013020                puts
 .text          0x0000000080013030       0x78 /usr/local/xenon/xenon/lib/32/libc.a(lib_a-sbrkr.o)
                0x0000000080013030                _sbrk_r
 .text          0x00000000800130a8      0x18c /usr/local/xenon/xenon/lib/32/libc.a(lib_a-sprintf.o)
                0x00000000800130a8                _sprintf_r
                0x0000000080013168                sprintf
 *fill*         0x0000000080013234        0x4 
 .text          0x0000000080013238      0x184 /usr/local/xenon/xenon/lib/32/libc.a(lib_a-stdio.o)
                0x0000000080013238                __sread
                0x00000000800132a0                __seofread
                0x00000000800132a8                __swrite
                0x0000000080013340                __sseek
                0x00000000800133b0                __sclose
 *fill*         0x00000000800133bc        0x4 
 .text          0x00000000800133c0       0x98 /usr/local/xenon/xenon/lib/32/libc.a(lib_a-strcat.o)
                0x00000000800133c0                strcat
 .text          0x0000000080013458       0xc0 /usr/local/xenon/xenon/lib/32/libc.a(lib_a-strcmp.o)
                0x0000000080013458                strcmp
 .text          0x0000000080013518       0x84 /usr/local/xenon/xenon/lib/32/libc.a(lib_a-strcpy.o)
                0x0000000080013518                strcpy
 *fill*         0x000000008001359c        0x4 
 .text          0x00000000800135a0       0xb0 /usr/local/xenon/xenon/lib/32/libc.a(lib_a-strlen.o)
                0x00000000800135a0                strlen
 .text          0x0000000080013650     0x221c /usr/local/xenon/xenon/lib/32/libc.a(lib_a-svfprintf.o)
                0x0000000080013650                _svfprintf_r
 *fill*         0x000000008001586c        0x4 
 .text          0x0000000080015870     0x16a8 /usr/local/xenon/xenon/lib/32/libc.a(lib_a-vfiprintf.o)
                0x00000000800159b8                __sprint_r
                0x00000000800159d8                _vfiprintf_r
                0x0000000080016e28                vfiprintf
 .text          0x0000000080016f18     0x2378 /usr/local/xenon/xenon/lib/32/libc.a(lib_a-vfprintf.o)
                0x0000000080016f18                _vfprintf_r
                0x00000000800191a0                vfprintf
 .text          0x0000000080019290       0x78 /usr/local/xenon/xenon/lib/32/libc.a(lib_a-vsprintf.o)
                0x0000000080019290                _vsprintf_r
                0x00000000800192f0                vsprintf
 .text          0x0000000080019308       0x78 /usr/local/xenon/xenon/lib/32/libc.a(lib_a-wctomb_r.o)
                0x0000000080019308                _wctomb_r
                0x0000000080019340                __ascii_wctomb
 .text          0x0000000080019380       0x80 /usr/local/xenon/xenon/lib/32/libc.a(lib_a-writer.o)
                0x0000000080019380                _write_r
 .text          0x0000000080019400      0x1b0 /usr/local/xenon/xenon/lib/32/libc.a(lib_a-wsetup.o)
                0x0000000080019400                __swsetup_r
 .text          0x00000000800195b0      0x1e4 /usr/local/xenon/xenon/lib/32/libc.a(lib_a-__call_atexit.o)
                0x00000000800195b0                __call_exitprocs
 *fill*         0x0000000080019794        0x4 
 .text          0x0000000080019798       0x78 /usr/local/xenon/xenon/lib/32/libc.a(lib_a-closer.o)
                0x0000000080019798                _close_r
 .text          0x0000000080019810     0x1500 /usr/local/xenon/xenon/lib/32/libc.a(lib_a-dtoa.o)
                0x0000000080019a68                _dtoa_r
 .text          0x000000008001ad10      0x254 /usr/local/xenon/xenon/lib/32/libc.a(lib_a-fputwc.o)
                0x000000008001ad10                __fputwc
                0x000000008001aea0                _fputwc_r
                0x000000008001aed0                fputwc
 *fill*         0x000000008001af64        0x4 
 .text          0x000000008001af68      0x5cc /usr/local/xenon/xenon/lib/32/libc.a(lib_a-fvwrite.o)
                0x000000008001af68                __sfvwrite_r
 *fill*         0x000000008001b534        0x4 
 .text          0x000000008001b538       0x78 /usr/local/xenon/xenon/lib/32/libc.a(lib_a-isattyr.o)
                0x000000008001b538                _isatty_r
 .text          0x000000008001b5b0       0x68 /usr/local/xenon/xenon/lib/32/libc.a(lib_a-localeconv.o)
                0x000000008001b5b0                __localeconv_l
                0x000000008001b5b8                _localeconv_r
                0x000000008001b5e8                localeconv
 .text          0x000000008001b618       0x80 /usr/local/xenon/xenon/lib/32/libc.a(lib_a-lseekr.o)
                0x000000008001b618                _lseek_r
 .text          0x000000008001b698      0x100 /usr/local/xenon/xenon/lib/32/libc.a(lib_a-memchr.o)
                0x000000008001b698                memchr
 .text          0x000000008001b798      0x148 /usr/local/xenon/xenon/lib/32/libc.a(lib_a-memmove.o)
                0x000000008001b798                memmove
 .text          0x000000008001b8e0     0x1350 /usr/local/xenon/xenon/lib/32/libc.a(lib_a-mprec.o)
                0x000000008001b8e0                _Balloc
                0x000000008001b9a8                _Bfree
                0x000000008001b9d0                __multadd
                0x000000008001baf0                __s2b
                0x000000008001bc30                __hi0bits
                0x000000008001bcb0                __lo0bits
                0x000000008001bd90                __i2b
                0x000000008001bdd0                __multiply
                0x000000008001c050                __pow5mult
                0x000000008001c1c8                __lshift
                0x000000008001c358                __mcmp
                0x000000008001c3c0                __mdiff
                0x000000008001c600                __ulp
                0x000000008001c6a0                __b2d
                0x000000008001c830                __d2b
                0x000000008001c9c8                __ratio
                0x000000008001caa8                _mprec_log10
                0x000000008001caf0                __copybits
                0x000000008001cb88                __any_on
 .text          0x000000008001cc30      0x16c /usr/local/xenon/xenon/lib/32/libc.a(lib_a-putc.o)
                0x000000008001cc30                _putc_r
                0x000000008001ccd8                putc
 *fill*         0x000000008001cd9c        0x4 
 .text          0x000000008001cda0       0x80 /usr/local/xenon/xenon/lib/32/libc.a(lib_a-readr.o)
                0x000000008001cda0                _read_r
 .text          0x000000008001ce20      0x5d8 /usr/local/xenon/xenon/lib/32/libc.a(lib_a-reallocr.o)
                0x000000008001ce20                _realloc_r
 .text          0x000000008001d3f8     0x1508 /usr/local/xenon/xenon/lib/32/libc.a(lib_a-svfiprintf.o)
                0x000000008001d3f8                __ssprint_r
                0x000000008001d668                _svfiprintf_r
 .text          0x000000008001e900      0x1c4 /usr/local/xenon/xenon/lib/32/libc.a(lib_a-wbuf.o)
                0x000000008001e900                __swbuf_r
                0x000000008001eab0                __swbuf
 *fill*         0x000000008001eac4        0x4 
 .text          0x000000008001eac8      0x18c /usr/local/xenon/xenon/lib/32/libc.a(lib_a-wcrtomb.o)
                0x000000008001eac8                _wcrtomb_r
                0x000000008001eb90                wcrtomb
 *fill*         0x000000008001ec54        0x4 
 .text          0x000000008001ec58       0xc8 /usr/local/xenon/xenon/lib/32/libc.a(lib_a-callocr.o)
                0x000000008001ec58                _calloc_r
 .text          0x000000008001ed20      0x424 /usr/local/xenon/lib/gcc/xenon/6.3.0/32/libgcc.a(_udivdi3.o)
                0x000000008001ed20                __udivdi3
 *fill*         0x000000008001f144        0x4 
 .text          0x000000008001f148      0x3cc /usr/local/xenon/lib/gcc/xenon/6.3.0/32/libgcc.a(_umoddi3.o)
                0x000000008001f148                __umoddi3

.glink          0x000000008001f514        0x0
 .glink         0x000000008001f514        0x0 /usr/local/xenon/lib/gcc/xenon/6.3.0/../../../../xenon/lib/../lib/crt1.o

.elfldr         0x000000008001f514        0x0
                0x000000008001f514                elfldr_start = .
 *(.elfldr)
                0x000000008001f514                elfldr_end = .

.data           0x000000008001f518     0x7f94
 *(.data*)
 .data.devoptab_list
                0x000000008001f518       0x40 /usr/local/xenon/usr/lib/libxenon.a(newlib.o)
                0x000000008001f518                devoptab_list
 .data.__syscalls
                0x000000008001f558       0x24 /usr/local/xenon/usr/lib/libxenon.a(xenon_syscalls.o)
                0x000000008001f558                __syscalls
 .data.lockowner
                0x000000008001f57c        0x4 /usr/local/xenon/usr/lib/libxenon.a(xenon_syscalls.o)
 .data.usbctrl_driver
                0x000000008001f580        0xc /usr/local/xenon/usr/lib/libxenon.a(usbctrl.o)
                0x000000008001f580                usbctrl_driver
 .data.usb_drivers
                0x000000008001f58c       0xa0 /usr/local/xenon/usr/lib/libxenon.a(usbdevs.o)
                0x000000008001f58c                usb_drivers
 .data.usbhid_driver
                0x000000008001f62c        0xc /usr/local/xenon/usr/lib/libxenon.a(usbhid.o)
                0x000000008001f62c                usbhid_driver
 .data.usbhid_scantable
                0x000000008001f638      0x650 /usr/local/xenon/usr/lib/libxenon.a(usbhid.o)
 .data.usbhub_driver
                0x000000008001fc88        0xc /usr/local/xenon/usr/lib/libxenon.a(usbhub.o)
                0x000000008001fc88                usbhub_driver
 .data.usbroothub_driver
                0x000000008001fc94        0xc /usr/local/xenon/usr/lib/libxenon.a(usbhub.o)
                0x000000008001fc94                usbroothub_driver
 .data.smc_snd.2864
                0x000000008001fca0       0x20 /usr/local/xenon/usr/lib/libxenon.a(sound.o)
 .data.ana_hdmi_720p
                0x000000008001fcc0      0x400 /usr/local/xenon/usr/lib/libxenon.a(xenos.o)
                0x000000008001fcc0                ana_hdmi_720p
 .data.ana_hdmi_720p_corona
                0x00000000800200c0      0x400 /usr/local/xenon/usr/lib/libxenon.a(xenos.o)
                0x00000000800200c0                ana_hdmi_720p_corona
 .data.ana_ntsc
                0x00000000800204c0      0x400 /usr/local/xenon/usr/lib/libxenon.a(xenos.o)
                0x00000000800204c0                ana_ntsc
 .data.ana_ntsc_corona
                0x00000000800208c0      0x400 /usr/local/xenon/usr/lib/libxenon.a(xenos.o)
                0x00000000800208c0                ana_ntsc_corona
 .data.ana_pal50
                0x0000000080020cc0      0x400 /usr/local/xenon/usr/lib/libxenon.a(xenos.o)
                0x0000000080020cc0                ana_pal50
 .data.ana_pal50_corona
                0x00000000800210c0      0x400 /usr/local/xenon/usr/lib/libxenon.a(xenos.o)
                0x00000000800210c0                ana_pal50_corona
 .data.ana_pal60
                0x00000000800214c0      0x400 /usr/local/xenon/usr/lib/libxenon.a(xenos.o)
                0x00000000800214c0                ana_pal60
 .data.ana_pal60_corona
                0x00000000800218c0      0x400 /usr/local/xenon/usr/lib/libxenon.a(xenos.o)
                0x00000000800218c0                ana_pal60_corona
 .data.ana_vga_1024x768
                0x0000000080021cc0      0x400 /usr/local/xenon/usr/lib/libxenon.a(xenos.o)
                0x0000000080021cc0                ana_vga_1024x768
 .data.ana_vga_1024x768_corona
                0x00000000800220c0      0x400 /usr/local/xenon/usr/lib/libxenon.a(xenos.o)
                0x00000000800220c0                ana_vga_1024x768_corona
 .data.ana_vga_1280x1024
                0x00000000800224c0      0x400 /usr/local/xenon/usr/lib/libxenon.a(xenos.o)
                0x00000000800224c0                ana_vga_1280x1024
 .data.ana_vga_1280x1024_corona
                0x00000000800228c0      0x400 /usr/local/xenon/usr/lib/libxenon.a(xenos.o)
                0x00000000800228c0                ana_vga_1280x1024_corona
 .data.ana_vga_1280x720
                0x0000000080022cc0      0x400 /usr/local/xenon/usr/lib/libxenon.a(xenos.o)
                0x0000000080022cc0                ana_vga_1280x720
 .data.ana_vga_1280x720_corona
                0x00000000800230c0      0x400 /usr/local/xenon/usr/lib/libxenon.a(xenos.o)
                0x00000000800230c0                ana_vga_1280x720_corona
 .data.ana_vga_1280x768
                0x00000000800234c0      0x400 /usr/local/xenon/usr/lib/libxenon.a(xenos.o)
                0x00000000800234c0                ana_vga_1280x768
 .data.ana_vga_1280x768_corona
                0x00000000800238c0      0x400 /usr/local/xenon/usr/lib/libxenon.a(xenos.o)
                0x00000000800238c0                ana_vga_1280x768_corona
 .data.ana_vga_1360x768
                0x0000000080023cc0      0x400 /usr/local/xenon/usr/lib/libxenon.a(xenos.o)
                0x0000000080023cc0                ana_vga_1360x768
 .data.ana_vga_1360x768_corona
                0x00000000800240c0      0x400 /usr/local/xenon/usr/lib/libxenon.a(xenos.o)
                0x00000000800240c0                ana_vga_1360x768_corona
 .data.ana_vga_1440x900
                0x00000000800244c0      0x400 /usr/local/xenon/usr/lib/libxenon.a(xenos.o)
                0x00000000800244c0                ana_vga_1440x900
 .data.ana_vga_1440x900_corona
                0x00000000800248c0      0x400 /usr/local/xenon/usr/lib/libxenon.a(xenos.o)
                0x00000000800248c0                ana_vga_1440x900_corona
 .data.ana_vga_640x480
                0x0000000080024cc0      0x400 /usr/local/xenon/usr/lib/libxenon.a(xenos.o)
                0x0000000080024cc0                ana_vga_640x480
 .data.ana_vga_640x480_corona
                0x00000000800250c0      0x400 /usr/local/xenon/usr/lib/libxenon.a(xenos.o)
                0x00000000800250c0                ana_vga_640x480_corona
 .data.ana_yuv_480p
                0x00000000800254c0      0x400 /usr/local/xenon/usr/lib/libxenon.a(xenos.o)
                0x00000000800254c0                ana_yuv_480p
 .data.ana_yuv_480p_corona
                0x00000000800258c0      0x400 /usr/local/xenon/usr/lib/libxenon.a(xenos.o)
                0x00000000800258c0                ana_yuv_480p_corona
 .data.ana_yuv_720p
                0x0000000080025cc0      0x400 /usr/local/xenon/usr/lib/libxenon.a(xenos.o)
                0x0000000080025cc0                ana_yuv_720p
 .data.ana_yuv_720p_corona
                0x00000000800260c0      0x400 /usr/local/xenon/usr/lib/libxenon.a(xenos.o)
                0x00000000800260c0                ana_yuv_720p_corona
 .data.xenos_modes
                0x00000000800264c0      0x30c /usr/local/xenon/usr/lib/libxenon.a(xenos.o)
                0x00000000800264c0                xenos_modes
 .data.xenos_modes_corona
                0x00000000800267cc      0x30c /usr/local/xenon/usr/lib/libxenon.a(xenos.o)
                0x00000000800267cc                xenos_modes_corona
 .data.dummy_driver
                0x0000000080026ad8        0xc /usr/local/xenon/usr/lib/libxenon.a(dummy.o)
                0x0000000080026ad8                dummy_driver
 .data.ohci_driver
                0x0000000080026ae4       0x2c /usr/local/xenon/usr/lib/libxenon.a(ohci.o)
                0x0000000080026ae4                ohci_driver
 .data          0x0000000080026b10      0x428 /usr/local/xenon/xenon/lib/32/libc.a(lib_a-impure.o)
 .data          0x0000000080026f38      0x16c /usr/local/xenon/xenon/lib/32/libc.a(lib_a-locale.o)
                0x0000000080026f38                __global_locale
 .data          0x00000000800270a4      0x408 /usr/local/xenon/xenon/lib/32/libc.a(lib_a-mallocr.o)
                0x00000000800270a4                __malloc_av_

.got2           0x00000000800274ac       0x14
 .got2          0x00000000800274ac       0x14 /usr/local/xenon/lib/gcc/xenon/6.3.0/32/libgcc.a(unwind-dw2-fde-dip.o)

.sdata          0x00000000800274c0       0x24
 *(.sdata*)
 .sdata         0x00000000800274c0        0x0 /usr/local/xenon/lib/gcc/xenon/6.3.0/../../../../xenon/lib/../lib/crt1.o
                0x000000008002f4c0                _SDA_BASE_
 .sdata2        0x00000000800274c0        0x0 /usr/local/xenon/lib/gcc/xenon/6.3.0/../../../../xenon/lib/../lib/crt1.o
                0x000000008002f4c0                _SDA2_BASE_
 .sdata         0x00000000800274c0        0x4 /usr/local/xenon/usr/lib/libxenon.a(startup_from_xell.o)
                0x00000000800274c0                __system_argv
 .sdata.console_color
                0x00000000800274c4        0x8 /usr/local/xenon/usr/lib/libxenon.a(console.o)
                0x00000000800274c4                console_color
 .sdata.usb_timeout
                0x00000000800274cc        0x4 /usr/local/xenon/usr/lib/libxenon.a(tinyehci.o)
                0x00000000800274cc                usb_timeout
 .sdata.xenon_smc_last_ir
                0x00000000800274d0        0x4 /usr/local/xenon/usr/lib/libxenon.a(xenon_smc.o)
                0x00000000800274d0                xenon_smc_last_ir
 .sdata         0x00000000800274d4        0x8 /usr/local/xenon/xenon/lib/32/libc.a(lib_a-impure.o)
                0x00000000800274d4                _global_impure_ptr
                0x00000000800274d8                _impure_ptr
 .sdata         0x00000000800274dc        0x8 /usr/local/xenon/xenon/lib/32/libc.a(lib_a-mallocr.o)
                0x00000000800274dc                __malloc_sbrk_base
                0x00000000800274e0                __malloc_trim_threshold

.rodata         0x00000000800274e8     0x3694
 *(.rodata*)
 .rodata.getFuseData.str1.8
                0x00000000800274e8       0x48 main.o
 .rodata.getTemp.cst4
                0x0000000080027530       0x10 main.o
 .rodata.getTemp.cst8
                0x0000000080027540        0x8 main.o
 .rodata.getTemp.str1.8
                0x0000000080027548       0x59 main.o
 *fill*         0x00000000800275a1        0x3 
 .rodata.main.cst4
                0x00000000800275a4        0x4 main.o
 .rodata.main.str1.8
                0x00000000800275a8      0x125 main.o
 *fill*         0x00000000800276cd        0x3 
 .rodata.str1.8
                0x00000000800276d0       0xd0 main.o
                                         0xce (size before relaxing)
 .rodata.console_init.str1.1
                0x00000000800277a0       0x33 /usr/local/xenon/usr/lib/libxenon.a(console.o)
 *fill*         0x00000000800277d3        0x5 
 .rodata.fontdata_8x16
                0x00000000800277d8     0x1000 /usr/local/xenon/usr/lib/libxenon.a(console.o)
                0x00000000800277d8                fontdata_8x16
 .rodata.AddDevice.str1.1
                0x00000000800287d8        0x8 /usr/local/xenon/usr/lib/libxenon.a(newlib.o)
 .rodata.abort.str1.1
                0x00000000800287e0        0xf /usr/local/xenon/usr/lib/libxenon.a(newlib.o)
 *fill*         0x00000000800287ef        0x1 
 .rodata.console_optab
                0x00000000800287f0       0x64 /usr/local/xenon/usr/lib/libxenon.a(newlib.o)
                0x00000000800287f0                console_optab
 .rodata.dotab_stdnull
                0x0000000080028854       0x64 /usr/local/xenon/usr/lib/libxenon.a(newlib.o)
                0x0000000080028854                dotab_stdnull
 .rodata.str1.1
                0x00000000800288b8        0x7 /usr/local/xenon/usr/lib/libxenon.a(newlib.o)
 *fill*         0x00000000800288bf        0x1 
 .rodata.__func__.4659
                0x00000000800288c0       0x12 /usr/local/xenon/usr/lib/libxenon.a(xenon_syscalls.o)
 *fill*         0x00000000800288d2        0x6 
 .rodata.__func__.4665
                0x00000000800288d8       0x14 /usr/local/xenon/usr/lib/libxenon.a(xenon_syscalls.o)
 .rodata.try_return_to_xell.str1.1
                0x00000000800288ec       0x11 /usr/local/xenon/usr/lib/libxenon.a(xenon_syscalls.o)
 .rodata.xenon_exit.str1.1
                0x00000000800288fd       0x63 /usr/local/xenon/usr/lib/libxenon.a(xenon_syscalls.o)
 .rodata.xenon_malloc_lock.str1.1
                0x0000000080028960        0x9 /usr/local/xenon/usr/lib/libxenon.a(xenon_syscalls.o)
 .rodata.xenon_malloc_unlock.str1.1
                0x0000000080028969       0x40 /usr/local/xenon/usr/lib/libxenon.a(xenon_syscalls.o)
 .rodata.kmem_init.str1.1
                0x00000000800289a9       0x35 /usr/local/xenon/usr/lib/libxenon.a(lib_malloc.o)
 .rodata.lib_outofmemory.str1.1
                0x00000000800289de       0x16 /usr/local/xenon/usr/lib/libxenon.a(lib_malloc.o)
 .rodata.crashdump.str1.1
                0x00000000800289f4       0xec /usr/local/xenon/usr/lib/libxenon.a(c_except.o)
                                         0xf0 (size before relaxing)
 .rodata.str1.1
                0x0000000080028ae0       0x14 /usr/local/xenon/usr/lib/libxenon.a(usbctrl.o)
 .rodata.usbctrl_attach.str1.1
                0x0000000080028af4       0x5f /usr/local/xenon/usr/lib/libxenon.a(usbctrl.o)
 .rodata.usbctrl_detach.str1.1
                0x0000000080028b53       0x42 /usr/local/xenon/usr/lib/libxenon.a(usbctrl.o)
 .rodata.usbctrl_set_leds.str1.1
                0x0000000080028b95       0x16 /usr/local/xenon/usr/lib/libxenon.a(usbctrl.o)
 .rodata.usb_create_pipe.str1.1
                0x0000000080028bab       0x32 /usr/local/xenon/usr/lib/libxenon.a(usbd.o)
 .rodata.usb_free_request.str1.1
                0x0000000080028bdd       0x34 /usr/local/xenon/usr/lib/libxenon.a(usbd.o)
 .rodata.usb_initroot.str1.1
                0x0000000080028c11       0x73 /usr/local/xenon/usr/lib/libxenon.a(usbd.o)
 .rodata.usb_find_driver.str1.1
                0x0000000080028c84       0x5a /usr/local/xenon/usr/lib/libxenon.a(usbdevs.o)
 .rodata.str1.1
                0x0000000080028cde       0x2e /usr/local/xenon/usr/lib/libxenon.a(usbhid.o)
 .rodata.usbhid_attach.str1.1
                0x0000000080028d0c       0x19 /usr/local/xenon/usr/lib/libxenon.a(usbhid.o)
 *fill*         0x0000000080028d25        0x3 
 .rodata.usbhid_devtypes
                0x0000000080028d28        0xc /usr/local/xenon/usr/lib/libxenon.a(usbhid.o)
 .rodata.usbhid_ireq_callback.str1.1
                0x0000000080028d34        0x3 /usr/local/xenon/usr/lib/libxenon.a(usbhid.o)
 .rodata.str1.1
                0x0000000080028d37       0x11 /usr/local/xenon/usr/lib/libxenon.a(usbhub.o)
 .rodata.usbhub_detach.str1.1
                0x0000000080028d48       0x76 /usr/local/xenon/usr/lib/libxenon.a(usbhub.o)
 .rodata.usbhub_scan1.str1.1
                0x0000000080028dbe      0x176 /usr/local/xenon/usr/lib/libxenon.a(usbhub.o)
 .rodata.usb_init.str1.1
                0x0000000080028f34       0x5a /usr/local/xenon/usr/lib/libxenon.a(usbmain.o)
 .rodata.usb_init_one_ohci.str1.1
                0x0000000080028f8e       0x75 /usr/local/xenon/usr/lib/libxenon.a(usbmain.o)
 .rodata.EHCI_do_one.str1.1
                0x0000000080029003       0x20 /usr/local/xenon/usr/lib/libxenon.a(tinyehci.o)
 .rodata.USBStorage_Init.str1.1
                0x0000000080029023       0x47 /usr/local/xenon/usr/lib/libxenon.a(tinyehci.o)
 .rodata.ehci_reset_usb_port.str1.1
                0x000000008002906a       0x33 /usr/local/xenon/usr/lib/libxenon.a(tinyehci.o)
 .rodata.xenon_smc_ana_read.str1.1
                0x000000008002909d       0x2e /usr/local/xenon/usr/lib/libxenon.a(xenon_smc.o)
 .rodata.xenon_smc_ana_write.str1.1
                0x00000000800290cb       0x2f /usr/local/xenon/usr/lib/libxenon.a(xenon_smc.o)
 .rodata.xenon_smc_handle_bulk.str1.1
                0x00000000800290fa       0x46 /usr/local/xenon/usr/lib/libxenon.a(xenon_smc.o)
 .rodata.xenon_smc_i2c_ddc_lock.str1.1
                0x0000000080029140       0x27 /usr/local/xenon/usr/lib/libxenon.a(xenon_smc.o)
 .rodata.xenon_smc_i2c_read.str1.1
                0x0000000080029167       0x2e /usr/local/xenon/usr/lib/libxenon.a(xenon_smc.o)
 .rodata.xenon_smc_i2c_write.str1.1
                0x0000000080029195       0x2f /usr/local/xenon/usr/lib/libxenon.a(xenon_smc.o)
 .rodata.xenon_make_it_faster.str1.1
                0x00000000800291c4      0x10a /usr/local/xenon/usr/lib/libxenon.a(xenon_power.o)
 .rodata.xenon_set_speed.str1.1
                0x00000000800292ce       0x44 /usr/local/xenon/usr/lib/libxenon.a(xenon_power.o)
 .rodata.xenon_config_get_avregion.str1.1
                0x0000000080029312       0x20 /usr/local/xenon/usr/lib/libxenon.a(xenon_config.o)
 .rodata.xenon_config_init.str1.1
                0x0000000080029332       0x20 /usr/local/xenon/usr/lib/libxenon.a(xenon_config.o)
 *fill*         0x0000000080029352        0x2 
 .rodata        0x0000000080029354      0x140 /usr/local/xenon/usr/lib/libxenon.a(xenos.o)
 *fill*         0x0000000080029494        0x4 
 .rodata.CSWTCH.44
                0x0000000080029498        0x4 /usr/local/xenon/usr/lib/libxenon.a(xenos.o)
 *fill*         0x000000008002949c        0x4 
 .rodata.__func__.4400
                0x00000000800294a0       0x12 /usr/local/xenon/usr/lib/libxenon.a(xenos.o)
 .rodata.str1.1
                0x00000000800294b2       0x94 /usr/local/xenon/usr/lib/libxenon.a(xenos.o)
 .rodata.xenos_ana_write.str1.1
                0x0000000080029546       0x33 /usr/local/xenon/usr/lib/libxenon.a(xenos.o)
 .rodata.xenos_autoset_mode.str1.1
                0x0000000080029579       0x17 /usr/local/xenon/usr/lib/libxenon.a(xenos.o)
 .rodata.xenos_init.str1.1
                0x0000000080029590       0x57 /usr/local/xenon/usr/lib/libxenon.a(xenos.o)
 .rodata.xenos_init_ana_new.str1.1
                0x00000000800295e7       0xf5 /usr/local/xenon/usr/lib/libxenon.a(xenos.o)
 .rodata.xenos_init_phase1.str1.1
                0x00000000800296dc       0x85 /usr/local/xenon/usr/lib/libxenon.a(xenos.o)
 .rodata.xenos_is_overscan.str1.1
                0x0000000080029761       0x16 /usr/local/xenon/usr/lib/libxenon.a(xenos.o)
 .rodata.xenos_set_mode.str1.1
                0x0000000080029777       0x29 /usr/local/xenon/usr/lib/libxenon.a(xenos.o)
 .rodata.edid_header
                0x00000000800297a0        0x8 /usr/local/xenon/usr/lib/libxenon.a(xenos_edid.o)
 .rodata.xenos_ddc_read_edid.str1.1
                0x00000000800297a8       0xa5 /usr/local/xenon/usr/lib/libxenon.a(xenos_edid.o)
 .rodata.xenos_get_edid.str1.1
                0x000000008002984d       0x61 /usr/local/xenon/usr/lib/libxenon.a(xenos_edid.o)
 .rodata.kv_get_dvd_key.str1.1
                0x00000000800298ae      0x15c /usr/local/xenon/usr/lib/libxenon.a(xb360.o)
 .rodata.print_cpu_dvd_keys.str1.1
                0x0000000080029a0a       0x62 /usr/local/xenon/usr/lib/libxenon.a(xb360.o)
 .rodata.print_key.str1.1
                0x0000000080029a6c        0xa /usr/local/xenon/usr/lib/libxenon.a(xb360.o)
 .rodata.str1.1
                0x0000000080029a76        0xd /usr/local/xenon/usr/lib/libxenon.a(dummy.o)
 *fill*         0x0000000080029a83        0x1 
 .rodata.ohci_xfer
                0x0000000080029a84       0x50 /usr/local/xenon/usr/lib/libxenon.a(ohci.o)
 .rodata.ohci_revbits
                0x0000000080029ad4       0x80 /usr/local/xenon/usr/lib/libxenon.a(ohci.o)
 .rodata.ohci_root_cfgdsc
                0x0000000080029b54        0x9 /usr/local/xenon/usr/lib/libxenon.a(ohci.o)
 .rodata.ohci_root_devdsc
                0x0000000080029b5d       0x12 /usr/local/xenon/usr/lib/libxenon.a(ohci.o)
 .rodata.ohci_root_epdsc
                0x0000000080029b6f        0x7 /usr/local/xenon/usr/lib/libxenon.a(ohci.o)
 .rodata.ohci_root_hubdsc
                0x0000000080029b76       0x47 /usr/local/xenon/usr/lib/libxenon.a(ohci.o)
 .rodata.ohci_root_ifdsc
                0x0000000080029bbd        0x9 /usr/local/xenon/usr/lib/libxenon.a(ohci.o)
 .rodata.ohci_xfer.str1.1
                0x0000000080029bc6        0x8 /usr/local/xenon/usr/lib/libxenon.a(ohci.o)
                                         0x11 (size before relaxing)
 *fill*         0x0000000080029bce        0x2 
 .rodata.eptattribs.4047
                0x0000000080029bd0       0x10 /usr/local/xenon/usr/lib/libxenon.a(usbdebug.o)
 .rodata.getstringmaybe.str1.1
                0x0000000080029be0        0x8 /usr/local/xenon/usr/lib/libxenon.a(usbdebug.o)
                                          0x1 (size before relaxing)
 .rodata.str1.1
                0x0000000080029be0       0x1c /usr/local/xenon/usr/lib/libxenon.a(usbdebug.o)
 .rodata.usb_dbg_dumpdescriptors.str1.1
                0x0000000080029bfc      0x4a8 /usr/local/xenon/usr/lib/libxenon.a(usbdebug.o)
 .rodata.usb_dbg_dumpportstatus.str1.1
                0x000000008002a0a4       0xd8 /usr/local/xenon/usr/lib/libxenon.a(usbdebug.o)
                                         0xdb (size before relaxing)
 .rodata        0x000000008002a17c       0x24 /usr/local/xenon/usr/lib/libxenon.a(xenon_gpio.o)
 .rodata.sfcx_init.str1.1
                0x000000008002a1a0       0x7e /usr/local/xenon/usr/lib/libxenon.a(xenon_sfcx.o)
 .rodata        0x000000008002a21e        0x2 /usr/local/xenon/usr/lib/libxenon.a(sha1.o)
 .rodata.SHA1_Final.str1.1
                0x000000008002a220        0x2 /usr/local/xenon/usr/lib/libxenon.a(sha1.o)
 *fill*         0x000000008002a222        0x2 
 .rodata        0x000000008002a224       0x34 /usr/local/xenon/lib/gcc/xenon/6.3.0/32/libgcc.a(unwind-dw2-fde-dip.o)
 .rodata.str1.4
                0x000000008002a258       0x3f /usr/local/xenon/xenon/lib/32/libc.a(lib_a-assert.o)
                                         0x43 (size before relaxing)
 *fill*         0x000000008002a297        0x1 
 .rodata.str1.4
                0x000000008002a298        0xe /usr/local/xenon/xenon/lib/32/libc.a(lib_a-locale.o)
                                         0x12 (size before relaxing)
 *fill*         0x000000008002a2a6        0x2 
 .rodata.str1.4
                0x000000008002a2a8        0x2 /usr/local/xenon/xenon/lib/32/libc.a(lib_a-puts.o)
 *fill*         0x000000008002a2aa        0x2 
 .rodata        0x000000008002a2ac      0x184 /usr/local/xenon/xenon/lib/32/libc.a(lib_a-svfprintf.o)
 .rodata.cst4   0x000000008002a430        0x4 /usr/local/xenon/xenon/lib/32/libc.a(lib_a-svfprintf.o)
 .rodata.cst8   0x000000008002a430        0x8 /usr/local/xenon/xenon/lib/32/libc.a(lib_a-svfprintf.o)
 .rodata.str1.4
                0x000000008002a438       0x42 /usr/local/xenon/xenon/lib/32/libc.a(lib_a-svfprintf.o)
 *fill*         0x000000008002a47a        0x2 
 .rodata        0x000000008002a47c      0x184 /usr/local/xenon/xenon/lib/32/libc.a(lib_a-vfiprintf.o)
 .rodata.cst4   0x000000008002a600        0x8 /usr/local/xenon/xenon/lib/32/libc.a(lib_a-vfiprintf.o)
 .rodata.str1.4
                0x000000008002a608       0x2f /usr/local/xenon/xenon/lib/32/libc.a(lib_a-vfiprintf.o)
 .rodata        0x000000008002a608      0x184 /usr/local/xenon/xenon/lib/32/libc.a(lib_a-vfprintf.o)
 .rodata.cst4   0x000000008002a78c        0x4 /usr/local/xenon/xenon/lib/32/libc.a(lib_a-vfprintf.o)
 .rodata.cst8   0x000000008002a78c        0x8 /usr/local/xenon/xenon/lib/32/libc.a(lib_a-vfprintf.o)
 .rodata.str1.4
                0x000000008002a78c       0x42 /usr/local/xenon/xenon/lib/32/libc.a(lib_a-vfprintf.o)
 .rodata        0x000000008002a78c      0x101 /usr/local/xenon/xenon/lib/32/libc.a(lib_a-ctype_.o)
                0x000000008002a78c                _ctype_
 *fill*         0x000000008002a88d        0x3 
 .rodata.cst4   0x000000008002a890       0x18 /usr/local/xenon/xenon/lib/32/libc.a(lib_a-dtoa.o)
                                         0x1c (size before relaxing)
 .rodata.cst8   0x000000008002a8a8       0x18 /usr/local/xenon/xenon/lib/32/libc.a(lib_a-dtoa.o)
 .rodata.str1.4
                0x000000008002a8c0       0x10 /usr/local/xenon/xenon/lib/32/libc.a(lib_a-dtoa.o)
                                         0x12 (size before relaxing)
 .rodata        0x000000008002a8d0      0x128 /usr/local/xenon/xenon/lib/32/libc.a(lib_a-mprec.o)
                0x000000008002a8e0                __mprec_tens
                0x000000008002a9a8                __mprec_tinytens
                0x000000008002a9d0                __mprec_bigtens
 .rodata.cst4   0x000000008002a9f8        0x8 /usr/local/xenon/xenon/lib/32/libc.a(lib_a-mprec.o)
 .rodata        0x000000008002a9f8      0x184 /usr/local/xenon/xenon/lib/32/libc.a(lib_a-svfiprintf.o)
 .rodata.str1.4
                0x000000008002ab7c       0x2f /usr/local/xenon/xenon/lib/32/libc.a(lib_a-svfiprintf.o)

.ctors          0x000000008002ab7c        0x0
                0x000000008002ab7c                __CTOR_LIST__ = .
 *(.ctors)
                0x000000008002ab7c                __CTOR_END__ = .

.dtors          0x000000008002ab7c        0x0
                0x000000008002ab7c                __DTOR_LIST__ = .
 *(.dtors)
                0x000000008002ab7c                __DTOR_END__ = .

.eh_frame_hdr   0x000000008002ab7c       0xe4
 *(.eh_frame_hdr)
 .eh_frame_hdr  0x000000008002ab7c       0xe4 /usr/local/xenon/lib/gcc/xenon/6.3.0/32/libgcc.a(crtsavgpr.o)
                0x000000008002ab7c                __GNU_EH_FRAME_HDR

.eh_frame       0x000000008002ac60      0x5e8
                0x000000008002ac60                PROVIDE (__eh_frame_start, .)
 *(.eh_frame)
 .eh_frame      0x000000008002ac60        0x0 /usr/local/xenon/lib/gcc/xenon/6.3.0/../../../../xenon/lib/../lib/crt1.o
 .eh_frame      0x000000008002ac60       0x28 /usr/local/xenon/lib/gcc/xenon/6.3.0/32/libgcc.a(crtsavgpr.o)
 .eh_frame      0x000000008002ac88       0x7c /usr/local/xenon/lib/gcc/xenon/6.3.0/32/libgcc.a(crtresxgpr.o)
 .eh_frame      0x000000008002ad04      0x4b8 /usr/local/xenon/lib/gcc/xenon/6.3.0/32/libgcc.a(unwind-dw2-fde-dip.o)
                                        0x4cc (size before relaxing)
 .eh_frame      0x000000008002b1bc       0x40 /usr/local/xenon/lib/gcc/xenon/6.3.0/32/libgcc.a(_udivdi3.o)
                                         0x54 (size before relaxing)
 .eh_frame      0x000000008002b1fc       0x44 /usr/local/xenon/lib/gcc/xenon/6.3.0/32/libgcc.a(_umoddi3.o)
                                         0x58 (size before relaxing)
 .eh_frame      0x000000008002b240        0x4 /usr/local/xenon/lib/gcc/xenon/6.3.0/32/crtend.o
                0x000000008002b244        0x4 LONG 0x0

.rela.dyn       0x000000008002b248        0x0
 .rela.iplt     0x000000008002b248        0x0 /usr/local/xenon/lib/gcc/xenon/6.3.0/../../../../xenon/lib/../lib/crt1.o
 .rela.text.call_ctors
                0x000000008002b248        0x0 /usr/local/xenon/lib/gcc/xenon/6.3.0/../../../../xenon/lib/../lib/crt1.o
 .rela.text.c_register_frame
                0x000000008002b248        0x0 /usr/local/xenon/lib/gcc/xenon/6.3.0/../../../../xenon/lib/../lib/crt1.o
 .rela.text.__crtmain
                0x000000008002b248        0x0 /usr/local/xenon/lib/gcc/xenon/6.3.0/../../../../xenon/lib/../lib/crt1.o
 .rela.text     0x000000008002b248        0x0 /usr/local/xenon/lib/gcc/xenon/6.3.0/../../../../xenon/lib/../lib/crt1.o
 .rela.text.__check_argv
                0x000000008002b248        0x0 /usr/local/xenon/lib/gcc/xenon/6.3.0/../../../../xenon/lib/../lib/crt1.o
 .rela.text.console_init
                0x000000008002b248        0x0 /usr/local/xenon/lib/gcc/xenon/6.3.0/../../../../xenon/lib/../lib/crt1.o
 .rela.text.console_close
                0x000000008002b248        0x0 /usr/local/xenon/lib/gcc/xenon/6.3.0/../../../../xenon/lib/../lib/crt1.o
 .rela.text.__dirreset
                0x000000008002b248        0x0 /usr/local/xenon/lib/gcc/xenon/6.3.0/../../../../xenon/lib/../lib/crt1.o
 .rela.text.__dirnext
                0x000000008002b248        0x0 /usr/local/xenon/lib/gcc/xenon/6.3.0/../../../../xenon/lib/../lib/crt1.o
 .rela.text.__libc_lock_init
                0x000000008002b248        0x0 /usr/local/xenon/lib/gcc/xenon/6.3.0/../../../../xenon/lib/../lib/crt1.o
 .rela.text.__libc_lock_close
                0x000000008002b248        0x0 /usr/local/xenon/lib/gcc/xenon/6.3.0/../../../../xenon/lib/../lib/crt1.o
 .rela.text.__libc_lock_release
                0x000000008002b248        0x0 /usr/local/xenon/lib/gcc/xenon/6.3.0/../../../../xenon/lib/../lib/crt1.o
 .rela.text.__libc_lock_acquire
                0x000000008002b248        0x0 /usr/local/xenon/lib/gcc/xenon/6.3.0/../../../../xenon/lib/../lib/crt1.o
 .rela.text.__malloc_lock
                0x000000008002b248        0x0 /usr/local/xenon/lib/gcc/xenon/6.3.0/../../../../xenon/lib/../lib/crt1.o
 .rela.text.__malloc_unlock
                0x000000008002b248        0x0 /usr/local/xenon/lib/gcc/xenon/6.3.0/../../../../xenon/lib/../lib/crt1.o
 .rela.text._exit
                0x000000008002b248        0x0 /usr/local/xenon/lib/gcc/xenon/6.3.0/../../../../xenon/lib/../lib/crt1.o
 .rela.text.sbrk
                0x000000008002b248        0x0 /usr/local/xenon/lib/gcc/xenon/6.3.0/../../../../xenon/lib/../lib/crt1.o
 .rela.text.execve
                0x000000008002b248        0x0 /usr/local/xenon/lib/gcc/xenon/6.3.0/../../../../xenon/lib/../lib/crt1.o
 .rela.text.execv
                0x000000008002b248        0x0 /usr/local/xenon/lib/gcc/xenon/6.3.0/../../../../xenon/lib/../lib/crt1.o
 .rela.text.execvp
                0x000000008002b248        0x0 /usr/local/xenon/lib/gcc/xenon/6.3.0/../../../../xenon/lib/../lib/crt1.o
 .rela.text.fork
                0x000000008002b248        0x0 /usr/local/xenon/lib/gcc/xenon/6.3.0/../../../../xenon/lib/../lib/crt1.o
 .rela.text.getpid
                0x000000008002b248        0x0 /usr/local/xenon/lib/gcc/xenon/6.3.0/../../../../xenon/lib/../lib/crt1.o
 .rela.text.getrusage
                0x000000008002b248        0x0 /usr/local/xenon/lib/gcc/xenon/6.3.0/../../../../xenon/lib/../lib/crt1.o
 .rela.text.gettimeofday
                0x000000008002b248        0x0 /usr/local/xenon/lib/gcc/xenon/6.3.0/../../../../xenon/lib/../lib/crt1.o
 .rela.text.kill
                0x000000008002b248        0x0 /usr/local/xenon/lib/gcc/xenon/6.3.0/../../../../xenon/lib/../lib/crt1.o
 .rela.text.open
                0x000000008002b248        0x0 /usr/local/xenon/lib/gcc/xenon/6.3.0/../../../../xenon/lib/../lib/crt1.o
 .rela.text.read
                0x000000008002b248        0x0 /usr/local/xenon/lib/gcc/xenon/6.3.0/../../../../xenon/lib/../lib/crt1.o
 .rela.text.write
                0x000000008002b248        0x0 /usr/local/xenon/lib/gcc/xenon/6.3.0/../../../../xenon/lib/../lib/crt1.o
 .rela.text.fstat
                0x000000008002b248        0x0 /usr/local/xenon/lib/gcc/xenon/6.3.0/../../../../xenon/lib/../lib/crt1.o
 .rela.text.stat
                0x000000008002b248        0x0 /usr/local/xenon/lib/gcc/xenon/6.3.0/../../../../xenon/lib/../lib/crt1.o
 .rela.text.statvfs
                0x000000008002b248        0x0 /usr/local/xenon/lib/gcc/xenon/6.3.0/../../../../xenon/lib/../lib/crt1.o
 .rela.text.fsync
                0x000000008002b248        0x0 /usr/local/xenon/lib/gcc/xenon/6.3.0/../../../../xenon/lib/../lib/crt1.o
 .rela.text.ftruncate
                0x000000008002b248        0x0 /usr/local/xenon/lib/gcc/xenon/6.3.0/../../../../xenon/lib/../lib/crt1.o
 .rela.text.link
                0x000000008002b248        0x0 /usr/local/xenon/lib/gcc/xenon/6.3.0/../../../../xenon/lib/../lib/crt1.o
 .rela.text.lseek
                0x000000008002b248        0x0 /usr/local/xenon/lib/gcc/xenon/6.3.0/../../../../xenon/lib/../lib/crt1.o
 .rela.text.rename
                0x000000008002b248        0x0 /usr/local/xenon/lib/gcc/xenon/6.3.0/../../../../xenon/lib/../lib/crt1.o
 .rela.text.unlink
                0x000000008002b248        0x0 /usr/local/xenon/lib/gcc/xenon/6.3.0/../../../../xenon/lib/../lib/crt1.o
 .rela.text.close
                0x000000008002b248        0x0 /usr/local/xenon/lib/gcc/xenon/6.3.0/../../../../xenon/lib/../lib/crt1.o
 .rela.text.chdir
                0x000000008002b248        0x0 /usr/local/xenon/lib/gcc/xenon/6.3.0/../../../../xenon/lib/../lib/crt1.o
 .rela.text.getcwd
                0x000000008002b248        0x0 /usr/local/xenon/lib/gcc/xenon/6.3.0/../../../../xenon/lib/../lib/crt1.o
 .rela.text.chmod
                0x000000008002b248        0x0 /usr/local/xenon/lib/gcc/xenon/6.3.0/../../../../xenon/lib/../lib/crt1.o
 .rela.text.fchmod
                0x000000008002b248        0x0 /usr/local/xenon/lib/gcc/xenon/6.3.0/../../../../xenon/lib/../lib/crt1.o
 .rela.text.opendir
                0x000000008002b248        0x0 /usr/local/xenon/lib/gcc/xenon/6.3.0/../../../../xenon/lib/../lib/crt1.o
 .rela.text.closedir
                0x000000008002b248        0x0 /usr/local/xenon/lib/gcc/xenon/6.3.0/../../../../xenon/lib/../lib/crt1.o
 .rela.text.mkdir
                0x000000008002b248        0x0 /usr/local/xenon/lib/gcc/xenon/6.3.0/../../../../xenon/lib/../lib/crt1.o
 .rela.text.xenon_sbrk
                0x000000008002b248        0x0 /usr/local/xenon/lib/gcc/xenon/6.3.0/../../../../xenon/lib/../lib/crt1.o
 .rela.text.kmem_init
                0x000000008002b248        0x0 /usr/local/xenon/lib/gcc/xenon/6.3.0/../../../../xenon/lib/../lib/crt1.o
 .rela.text.usbctrl_set_led_callback
                0x000000008002b248        0x0 /usr/local/xenon/lib/gcc/xenon/6.3.0/../../../../xenon/lib/../lib/crt1.o
 .rela.text.usbctrl_set_rol