Archive member included to satisfy reference by file (symbol)

/usr/local/xenon/usr/lib/libxenon.a(argv.o)
                              /usr/local/xenon/lib/gcc/xenon/6.3.0/../../../../xenon/lib/../lib/crt1.o (__check_argv)
/usr/local/xenon/usr/lib/libxenon.a(startup_from_xell.o)
                              (_start)
/usr/local/xenon/usr/lib/libxenon.a(console.o)
                              main.o (console_putch)
/usr/local/xenon/usr/lib/libxenon.a(input.o)
                              main.o (get_controller_data)
/usr/local/xenon/usr/lib/libxenon.a(newlib.o)
                              /usr/local/xenon/usr/lib/libxenon.a(console.o) (stdout_hook)
/usr/local/xenon/usr/lib/libxenon.a(xenon_syscalls.o)
                              /usr/local/xenon/usr/lib/libxenon.a(newlib.o) (__syscalls)
/usr/local/xenon/usr/lib/libxenon.a(lib_malloc.o)
                              main.o (kmem_init)
/usr/local/xenon/usr/lib/libxenon.a(atomic.o)
                              /usr/local/xenon/usr/lib/libxenon.a(startup_from_xell.o) (atomic_clearset)
/usr/local/xenon/usr/lib/libxenon.a(cache.o)
                              /usr/local/xenon/usr/lib/libxenon.a(console.o) (memdcbst)
/usr/local/xenon/usr/lib/libxenon.a(except.o)
                              /usr/local/xenon/usr/lib/libxenon.a(startup_from_xell.o) (secondary_lock)
/usr/local/xenon/usr/lib/libxenon.a(c_except.o)
                              /usr/local/xenon/usr/lib/libxenon.a(except.o) (crashdump)
/usr/local/xenon/usr/lib/libxenon.a(vm.o)
                              /usr/local/xenon/usr/lib/libxenon.a(except.o) (vm_segfault_handler)
/usr/local/xenon/usr/lib/libxenon.a(time.o)
                              /usr/local/xenon/usr/lib/libxenon.a(c_except.o) (delay)
/usr/local/xenon/usr/lib/libxenon.a(usbctrl.o)
                              /usr/local/xenon/usr/lib/libxenon.a(input.o) (usbctrl_set_rumble)
/usr/local/xenon/usr/lib/libxenon.a(usbd.o)
                              /usr/local/xenon/usr/lib/libxenon.a(usbctrl.o) (usb_open_pipe)
/usr/local/xenon/usr/lib/libxenon.a(usbdevs.o)
                              /usr/local/xenon/usr/lib/libxenon.a(usbd.o) (usb_find_driver)
/usr/local/xenon/usr/lib/libxenon.a(usbhid.o)
                              /usr/local/xenon/usr/lib/libxenon.a(usbdevs.o) (usbhid_driver)
/usr/local/xenon/usr/lib/libxenon.a(usbhub.o)
                              /usr/local/xenon/usr/lib/libxenon.a(usbd.o) (usb_scan)
/usr/local/xenon/usr/lib/libxenon.a(usbmain.o)
                              /usr/local/xenon/usr/lib/libxenon.a(xenon_syscalls.o) (usb_shutdown)
/usr/local/xenon/usr/lib/libxenon.a(tinyehci.o)
                              /usr/local/xenon/usr/lib/libxenon.a(usbmain.o) (USBStorage_Init)
/usr/local/xenon/usr/lib/libxenon.a(debug.o)
                              /usr/local/xenon/usr/lib/libxenon.a(xenon_syscalls.o) (data_breakpoint)
/usr/local/xenon/usr/lib/libxenon.a(xenon_smc.o)
                              main.o (xenon_smc_send_message)
/usr/local/xenon/usr/lib/libxenon.a(xenon_power.o)
                              /usr/local/xenon/usr/lib/libxenon.a(xenon_syscalls.o) (xenon_is_thread_task_running)
/usr/local/xenon/usr/lib/libxenon.a(sound.o)
                              main.o (xenon_sound_init)
/usr/local/xenon/usr/lib/libxenon.a(xenon_uart.o)
                              /usr/local/xenon/usr/lib/libxenon.a(newlib.o) (putch)
/usr/local/xenon/usr/lib/libxenon.a(xenon_config.o)
                              /usr/local/xenon/usr/lib/libxenon.a(xenon_power.o) (xenon_config_init)
/usr/local/xenon/usr/lib/libxenon.a(xenos.o)
                              main.o (xenos_init)
/usr/local/xenon/usr/lib/libxenon.a(xenos_edid.o)
                              /usr/local/xenon/usr/lib/libxenon.a(xenos.o) (xenos_get_edid)
/usr/local/xenon/usr/lib/libxenon.a(enet.o)
                              /usr/local/xenon/usr/lib/libxenon.a(xenon_syscalls.o) (enet_quiesce)
/usr/local/xenon/usr/lib/libxenon.a(xb360.o)
                              /usr/local/xenon/usr/lib/libxenon.a(xenos.o) (xenon_get_XenosID)
/usr/local/xenon/usr/lib/libxenon.a(dummy.o)
                              /usr/local/xenon/usr/lib/libxenon.a(usbdevs.o) (dummy_driver)
/usr/local/xenon/usr/lib/libxenon.a(ohci.o)
                              /usr/local/xenon/usr/lib/libxenon.a(usbmain.o) (ohci_driver)
/usr/local/xenon/usr/lib/libxenon.a(usbdebug.o)
                              /usr/local/xenon/usr/lib/libxenon.a(usbhub.o) (usb_dbg_dumpportstatus)
/usr/local/xenon/usr/lib/libxenon.a(usb_os.o)
                              /usr/local/xenon/usr/lib/libxenon.a(tinyehci.o) (ehci_maligned)
/usr/local/xenon/usr/lib/libxenon.a(xenon_gpio.o)
                              /usr/local/xenon/usr/lib/libxenon.a(sound.o) (xenon_gpio_control)
/usr/local/xenon/usr/lib/libxenon.a(cpusleep.o)
                              /usr/local/xenon/usr/lib/libxenon.a(xenon_power.o) (cpusleep)
/usr/local/xenon/usr/lib/libxenon.a(xenon_secotp.o)
[...]
Memory Configuration

Name             Origin             Length             Attributes
*default*        0x0000000000000000 0xffffffffffffffff

Linker script and memory map

LOAD /usr/local/xenon/lib/gcc/xenon/6.3.0/../../../../xenon/lib/../lib/crt1.o
LOAD /usr/local/xenon/lib/gcc/xenon/6.3.0/../../../../xenon/lib/../lib/crti.o
LOAD /usr/local/xenon/lib/gcc/xenon/6.3.0/32/crtbegin.o
LOAD main.o
LOAD /usr/local/xenon/usr/lib/libxenon.a
LOAD /usr/local/xenon/xenon/lib/32/libm.a
LOAD /usr/local/xenon/lib/gcc/xenon/6.3.0/32/libgcc.a
LOAD /usr/local/xenon/xenon/lib/32/libc.a
LOAD /usr/local/xenon/lib/gcc/xenon/6.3.0/32/libgcc.a
LOAD /usr/local/xenon/lib/gcc/xenon/6.3.0/32/crtend.o
LOAD /usr/local/xenon/lib/gcc/xenon/6.3.0/../../../../xenon/lib/../lib/crtn.o
                0x0000000080000000                . = 0x80000000

.text           0x0000000080000000    0x1f414
 *(.except*)
 .except        0x0000000080000000     0x1e30 /usr/local/xenon/usr/lib/libxenon.a(except.o)
                0x0000000080000000                secondary_lock
                0x0000000080000000                exc_base
                0x0000000080000004                secondary_alive
 *(.pagetable)
 .pagetable     0x0000000080001e30       0x40 /usr/local/xenon/usr/lib/libxenon.a(vm.o)
                0x0000000080001e30                pagetable
                0x0000000080001e70                pagetable_end = .
 *(.init*)
 .init          0x0000000080001e70        0xc /usr/local/xenon/lib/gcc/xenon/6.3.0/../../../../xenon/lib/../lib/crti.o
                0x0000000080001e70                _init
 *(.fini*)
 .fini          0x0000000080001e7c        0xc /usr/local/xenon/lib/gcc/xenon/6.3.0/../../../../xenon/lib/../lib/crti.o
                0x0000000080001e7c                _fini
 *(.text*)
 .text.call_ctors
                0x0000000080001e88       0x48 /usr/local/xenon/lib/gcc/xenon/6.3.0/../../../../xenon/lib/../lib/crt1.o
                0x0000000080001e88                call_ctors
 .text.c_register_frame
                0x0000000080001ed0        0xc /usr/local/xenon/lib/gcc/xenon/6.3.0/../../../../xenon/lib/../lib/crt1.o
                0x0000000080001ed0                c_register_frame
 .text.__crtmain
                0x0000000080001edc       0x2c /usr/local/xenon/lib/gcc/xenon/6.3.0/../../../../xenon/lib/../lib/crt1.o
                0x0000000080001edc                __crtmain
 .text.getTemp  0x0000000080001f08      0x460 main.o
                0x0000000080001f08                getTemp
 .text.startup.main
                0x0000000080002368      0x268 main.o
                0x0000000080002368                main
 .text.__check_argv
                0x00000000800025d0       0x28 /usr/local/xenon/usr/lib/libxenon.a(argv.o)
                0x00000000800025d0                __check_argv
 *fill*         0x00000000800025f8        0x8 
 .text          0x0000000080002600      0x2f4 /usr/local/xenon/usr/lib/libxenon.a(startup_from_xell.o)
                0x0000000080002600                _start
                0x00000000800027f8                wait
                0x0000000080002880                return_to_xell
 .text.console_clrscr
                0x00000000800028f4       0x7c /usr/local/xenon/usr/lib/libxenon.a(console.o)
                0x00000000800028f4                console_clrscr
 .text.console_newline
                0x0000000080002970       0xd4 /usr/local/xenon/usr/lib/libxenon.a(console.o)
                0x0000000080002970                console_newline
 .text.console_putch
                0x0000000080002a44      0x184 /usr/local/xenon/usr/lib/libxenon.a(console.o)
                0x0000000080002a44                console_putch
 .text.console_stdout_hook
                0x0000000080002bc8       0x3c /usr/local/xenon/usr/lib/libxenon.a(console.o)
 .text.console_init
                0x0000000080002c04      0x148 /usr/local/xenon/usr/lib/libxenon.a(console.o)
                0x0000000080002c04                console_init
 .text.console_set_colors
                0x0000000080002d4c       0x14 /usr/local/xenon/usr/lib/libxenon.a(console.o)
                0x0000000080002d4c                console_set_colors
 .text.get_controller_data
                0x0000000080002d60       0x5c /usr/local/xenon/usr/lib/libxenon.a(input.o)
                0x0000000080002d60                get_controller_data
 .text.set_controller_data
                0x0000000080002dbc       0x50 /usr/local/xenon/usr/lib/libxenon.a(input.o)
                0x0000000080002dbc                set_controller_data
 .text.vfs_console_write
                0x0000000080002e0c       0x88 /usr/local/xenon/usr/lib/libxenon.a(newlib.o)
                0x0000000080002e0c                vfs_console_write
 .text.__malloc_lock
                0x0000000080002e94       0x18 /usr/local/xenon/usr/lib/libxenon.a(newlib.o)
                0x0000000080002e94                __malloc_lock
 .text.__malloc_unlock
                0x0000000080002eac       0x18 /usr/local/xenon/usr/lib/libxenon.a(newlib.o)
                0x0000000080002eac                __malloc_unlock
 .text._exit    0x0000000080002ec4       0x2c /usr/local/xenon/usr/lib/libxenon.a(newlib.o)
                0x0000000080002ec4                _exit
 .text.sbrk     0x0000000080002ef0       0x34 /usr/local/xenon/usr/lib/libxenon.a(newlib.o)
                0x0000000080002ef0                sbrk
 .text.abort    0x0000000080002f24       0x2c /usr/local/xenon/usr/lib/libxenon.a(newlib.o)
                0x0000000080002f24                abort
 .text.isatty   0x0000000080002f50        0x8 /usr/local/xenon/usr/lib/libxenon.a(newlib.o)
                0x0000000080002f50                isatty
 .text.__release_handle
                0x0000000080002f58       0x4c /usr/local/xenon/usr/lib/libxenon.a(newlib.o)
                0x0000000080002f58                __release_handle
 .text.__get_handle
                0x0000000080002fa4       0x28 /usr/local/xenon/usr/lib/libxenon.a(newlib.o)
                0x0000000080002fa4                __get_handle
 .text.read     0x0000000080002fcc       0xa4 /usr/local/xenon/usr/lib/libxenon.a(newlib.o)
                0x0000000080002fcc                read
 .text.write    0x0000000080003070       0xb0 /usr/local/xenon/usr/lib/libxenon.a(newlib.o)
                0x0000000080003070                write
 .text.fstat    0x0000000080003120       0xa0 /usr/local/xenon/usr/lib/libxenon.a(newlib.o)
                0x0000000080003120                fstat
 .text.lseek    0x00000000800031c0       0xa4 /usr/local/xenon/usr/lib/libxenon.a(newlib.o)
                0x00000000800031c0                lseek
 .text.close    0x0000000080003264       0x88 /usr/local/xenon/usr/lib/libxenon.a(newlib.o)
                0x0000000080003264                close
 .text.xenon_sbrk
                0x00000000800032ec       0x2c /usr/local/xenon/usr/lib/libxenon.a(xenon_syscalls.o)
 .text.xenon_gettimeofday
                0x0000000080003318       0xa4 /usr/local/xenon/usr/lib/libxenon.a(xenon_syscalls.o)
 .text.xenon_malloc_unlock
                0x00000000800033bc       0xc4 /usr/local/xenon/usr/lib/libxenon.a(xenon_syscalls.o)
 .text.xenon_malloc_lock
                0x0000000080003480       0xf0 /usr/local/xenon/usr/lib/libxenon.a(xenon_syscalls.o)
 .text.shutdown_drivers
                0x0000000080003570       0x30 /usr/local/xenon/usr/lib/libxenon.a(xenon_syscalls.o)
                0x0000000080003570                shutdown_drivers
 .text.try_return_to_xell
                0x00000000800035a0       0x64 /usr/local/xenon/usr/lib/libxenon.a(xenon_syscalls.o)
                0x00000000800035a0                try_return_to_xell
 .text.xenon_exit
                0x0000000080003604      0x154 /usr/local/xenon/usr/lib/libxenon.a(xenon_syscalls.o)
 .text.kfree    0x0000000080003758       0xb4 /usr/local/xenon/usr/lib/libxenon.a(lib_malloc.o)
                0x0000000080003758                kfree
 .text.lib_outofmemory
                0x000000008000380c        0xc /usr/local/xenon/usr/lib/libxenon.a(lib_malloc.o)
                0x000000008000380c                lib_outofmemory
 .text.kmalloc  0x0000000080003818      0x130 /usr/local/xenon/usr/lib/libxenon.a(lib_malloc.o)
                0x0000000080003818                kmalloc
 .text.kmem_init
                0x0000000080003948       0x70 /usr/local/xenon/usr/lib/libxenon.a(lib_malloc.o)
                0x0000000080003948                kmem_init
 .text          0x00000000800039b8       0x94 /usr/local/xenon/usr/lib/libxenon.a(atomic.o)
                0x00000000800039b8                atomic_inc
                0x00000000800039cc                atomic_dec
                0x00000000800039e0                atomic_clearset
                0x00000000800039f8                lock
                0x0000000080003a34                unlock
 .text          0x0000000080003a4c       0xa8 /usr/local/xenon/usr/lib/libxenon.a(cache.o)
                0x0000000080003a4c                memdcbt
                0x0000000080003a74                memdcbst
                0x0000000080003a9c                memdcbf
                0x0000000080003ac4                memicbi
 .text.flush_console
                0x0000000080003af4       0x48 /usr/local/xenon/usr/lib/libxenon.a(c_except.o)
 .text.crashdump
                0x0000000080003b3c      0x2b4 /usr/local/xenon/usr/lib/libxenon.a(c_except.o)
                0x0000000080003b3c                crashdump
 .text.tdelay   0x0000000080003df0       0x50 /usr/local/xenon/usr/lib/libxenon.a(time.o)
 .text.udelay   0x0000000080003e40       0x24 /usr/local/xenon/usr/lib/libxenon.a(time.o)
                0x0000000080003e40                udelay
 .text.mdelay   0x0000000080003e64       0x18 /usr/local/xenon/usr/lib/libxenon.a(time.o)
                0x0000000080003e64                mdelay
 .text.delay    0x0000000080003e7c       0x18 /usr/local/xenon/usr/lib/libxenon.a(time.o)
                0x0000000080003e7c                delay
 .text.usbctrl_queue_intreq
                0x0000000080003e94       0x4c /usr/local/xenon/usr/lib/libxenon.a(usbctrl.o)
 .text.usbctrl_set_led_callback
                0x0000000080003ee0       0x38 /usr/local/xenon/usr/lib/libxenon.a(usbctrl.o)
 .text.usbctrl_set_rol
                0x0000000080003f18       0x2c /usr/local/xenon/usr/lib/libxenon.a(usbctrl.o)
                0x0000000080003f18                usbctrl_set_rol
 .text.usbctrl_detach
                0x0000000080003f44       0x88 /usr/local/xenon/usr/lib/libxenon.a(usbctrl.o)
 .text.usbctrl_set_leds
                0x0000000080003fcc      0x120 /usr/local/xenon/usr/lib/libxenon.a(usbctrl.o)
                0x0000000080003fcc                usbctrl_set_leds
 .text.usbctrl_ireq_callback
                0x00000000800040ec      0x260 /usr/local/xenon/usr/lib/libxenon.a(usbctrl.o)
 .text.usbctrl_poll
                0x000000008000434c       0xc0 /usr/local/xenon/usr/lib/libxenon.a(usbctrl.o)
                0x000000008000434c                usbctrl_poll
 .text.usbctrl_attach
                0x000000008000440c      0x2f8 /usr/local/xenon/usr/lib/libxenon.a(usbctrl.o)
 .text.usb_create_pipe
                0x0000000080004704       0xcc /usr/local/xenon/usr/lib/libxenon.a(usbd.o)
                0x0000000080004704                usb_create_pipe
 .text.usb_open_pipe
                0x00000000800047d0       0x78 /usr/local/xenon/usr/lib/libxenon.a(usbd.o)
                0x00000000800047d0                usb_open_pipe
 .text.usb_destroy_all_pipes
                0x0000000080004848       0x74 /usr/local/xenon/usr/lib/libxenon.a(usbd.o)
                0x0000000080004848                usb_destroy_all_pipes
 .text.usb_destroy_device
                0x00000000800048bc       0x50 /usr/local/xenon/usr/lib/libxenon.a(usbd.o)
                0x00000000800048bc                usb_destroy_device
 .text.usb_create_device
                0x000000008000490c       0x80 /usr/local/xenon/usr/lib/libxenon.a(usbd.o)
                0x000000008000490c                usb_create_device
 .text.usb_make_request
                0x000000008000498c       0x8c /usr/local/xenon/usr/lib/libxenon.a(usbd.o)
                0x000000008000498c                usb_make_request
 .text.usb_poll
                0x0000000080004a18       0x10 /usr/local/xenon/usr/lib/libxenon.a(usbd.o)
                0x0000000080004a18                usb_poll
 .text.usb_daemon
                0x0000000080004a28       0x18 /usr/local/xenon/usr/lib/libxenon.a(usbd.o)
                0x0000000080004a28                usb_daemon
 .text.usb_free_request
                0x0000000080004a40       0x28 /usr/local/xenon/usr/lib/libxenon.a(usbd.o)
                0x0000000080004a40                usb_free_request
 .text.usb_delay_ms
                0x0000000080004a68        0x8 /usr/local/xenon/usr/lib/libxenon.a(usbd.o)
                0x0000000080004a68                usb_delay_ms
 .text.usb_queue_request
                0x0000000080004a70       0x34 /usr/local/xenon/usr/lib/libxenon.a(usbd.o)
                0x0000000080004a70                usb_queue_request
 .text.usb_wait_request
                0x0000000080004aa4       0x3c /usr/local/xenon/usr/lib/libxenon.a(usbd.o)
                0x0000000080004aa4                usb_wait_request
 .text.usb_sync_request
                0x0000000080004ae0       0x30 /usr/local/xenon/usr/lib/libxenon.a(usbd.o)
                0x0000000080004ae0                usb_sync_request
 .text.usb_new_address
                0x0000000080004b10       0x2c /usr/local/xenon/usr/lib/libxenon.a(usbd.o)
                0x0000000080004b10                usb_new_address
 .text.usb_set_ep0mps
                0x0000000080004b3c       0x58 /usr/local/xenon/usr/lib/libxenon.a(usbd.o)
                0x0000000080004b3c                usb_set_ep0mps
 .text.usb_clear_stall
                0x0000000080004b94      0x100 /usr/local/xenon/usr/lib/libxenon.a(usbd.o)
                0x0000000080004b94                usb_clear_stall
 .text.usb_std_request
                0x0000000080004c94      0x22c /usr/local/xenon/usr/lib/libxenon.a(usbd.o)
                0x0000000080004c94                usb_std_request
 .text.usb_simple_request
                0x0000000080004ec0       0x18 /usr/local/xenon/usr/lib/libxenon.a(usbd.o)
                0x0000000080004ec0                usb_simple_request
 .text.usb_set_configuration
                0x0000000080004ed8       0x14 /usr/local/xenon/usr/lib/libxenon.a(usbd.o)
                0x0000000080004ed8                usb_set_configuration
 .text.usb_set_address
                0x0000000080004eec       0x98 /usr/local/xenon/usr/lib/libxenon.a(usbd.o)
                0x0000000080004eec                usb_set_address
 .text.usb_get_descriptor
                0x0000000080004f84       0x20 /usr/local/xenon/usr/lib/libxenon.a(usbd.o)
                0x0000000080004f84                usb_get_descriptor
 .text.usb_get_string
                0x0000000080004fa4       0xf8 /usr/local/xenon/usr/lib/libxenon.a(usbd.o)
                0x0000000080004fa4                usb_get_string
 .text.usb_get_device_descriptor
                0x000000008000509c       0x94 /usr/local/xenon/usr/lib/libxenon.a(usbd.o)
                0x000000008000509c                usb_get_device_descriptor
 .text.usb_get_config_descriptor
                0x0000000080005130       0x8c /usr/local/xenon/usr/lib/libxenon.a(usbd.o)
                0x0000000080005130                usb_get_config_descriptor
 .text.usb_get_device_status
                0x00000000800051bc       0x1c /usr/local/xenon/usr/lib/libxenon.a(usbd.o)
                0x00000000800051bc                usb_get_device_status
 .text.usb_complete_request
                0x00000000800051d8       0x20 /usr/local/xenon/usr/lib/libxenon.a(usbd.o)
                0x00000000800051d8                usb_complete_request
 .text.usb_initroot
                0x00000000800051f8      0x148 /usr/local/xenon/usr/lib/libxenon.a(usbd.o)
                0x00000000800051f8                usb_initroot
 .text.usb_find_cfg_descr
                0x0000000080005340       0x4c /usr/local/xenon/usr/lib/libxenon.a(usbd.o)
                0x0000000080005340                usb_find_cfg_descr
 .text.usb_find_driver
                0x000000008000538c      0x148 /usr/local/xenon/usr/lib/libxenon.a(usbdevs.o)
                0x000000008000538c                usb_find_driver
 .text.usbhid_detach
                0x00000000800054d4        0x8 /usr/local/xenon/usr/lib/libxenon.a(usbhid.o)
 .text.usbhid_attach
                0x00000000800054dc      0x160 /usr/local/xenon/usr/lib/libxenon.a(usbhid.o)
 .text.usbhid_ireq_callback
                0x000000008000563c      0x170 /usr/local/xenon/usr/lib/libxenon.a(usbhid.o)
 .text.usbhub_markdetached1
                0x00000000800057ac       0x14 /usr/local/xenon/usr/lib/libxenon.a(usbhub.o)
 .text.usbhub_get_port_status
                0x00000000800057c0       0x1c /usr/local/xenon/usr/lib/libxenon.a(usbhub.o)
 .text.usbhub_ireq_callback
                0x00000000800057dc       0x88 /usr/local/xenon/usr/lib/libxenon.a(usbhub.o)
 .text.usbhub_map_tree1
                0x0000000080005864       0x78 /usr/local/xenon/usr/lib/libxenon.a(usbhub.o)
 .text.usbhub_detach
                0x00000000800058dc      0x144 /usr/local/xenon/usr/lib/libxenon.a(usbhub.o)
 .text.usbhub_attach
                0x0000000080005a20      0x194 /usr/local/xenon/usr/lib/libxenon.a(usbhub.o)
 .text.usbhub_map_tree
                0x0000000080005bb4       0x14 /usr/local/xenon/usr/lib/libxenon.a(usbhub.o)
                0x0000000080005bb4                usbhub_map_tree
 .text.usbhub_map_from_device
                0x0000000080005bc8       0x10 /usr/local/xenon/usr/lib/libxenon.a(usbhub.o)
                0x0000000080005bc8                usbhub_map_from_device
 .text.usbhub_scan1
                0x0000000080005bd8      0x530 /usr/local/xenon/usr/lib/libxenon.a(usbhub.o)
 .text.usb_scan
                0x0000000080006108       0x10 /usr/local/xenon/usr/lib/libxenon.a(usbhub.o)
                0x0000000080006108                usb_scan
 .text.usb_init_one_ohci
                0x0000000080006118       0xcc /usr/local/xenon/usr/lib/libxenon.a(usbmain.o)
 .text.usb_shutdown
                0x00000000800061e4       0x54 /usr/local/xenon/usr/lib/libxenon.a(usbmain.o)
                0x00000000800061e4                usb_shutdown
 .text.usb_init
                0x0000000080006238       0xe0 /usr/local/xenon/usr/lib/libxenon.a(usbmain.o)
                0x0000000080006238                usb_init
 .text.usb_do_poll
                0x0000000080006318       0xac /usr/local/xenon/usr/lib/libxenon.a(usbmain.o)
                0x0000000080006318                usb_do_poll
 .text.qtd_fill
                0x00000000800063c4       0x9c /usr/local/xenon/usr/lib/libxenon.a(tinyehci.o)
 .text.ehci_qtd_alloc
                0x0000000080006460       0x78 /usr/local/xenon/usr/lib/libxenon.a(tinyehci.o)
 .text.handshake.isra.5
                0x00000000800064d8      0x148 /usr/local/xenon/usr/lib/libxenon.a(tinyehci.o)
 .text.ehci_mem_init
                0x0000000080006620       0xf0 /usr/local/xenon/usr/lib/libxenon.a(tinyehci.o)
                0x0000000080006620                ehci_mem_init
 .text.qh_urb_transaction
                0x0000000080006710      0x1b4 /usr/local/xenon/usr/lib/libxenon.a(tinyehci.o)
                0x0000000080006710                qh_urb_transaction
 .text.ehci_do_urb
                0x00000000800068c4      0x39c /usr/local/xenon/usr/lib/libxenon.a(tinyehci.o)
                0x00000000800068c4                ehci_do_urb
 .text.ehci_control_message
                0x0000000080006c60       0x6c /usr/local/xenon/usr/lib/libxenon.a(tinyehci.o)
                0x0000000080006c60                ehci_control_message
 .text.ehci_bulk_message
                0x0000000080006ccc       0x48 /usr/local/xenon/usr/lib/libxenon.a(tinyehci.o)
                0x0000000080006ccc                ehci_bulk_message
 .text.__send_cbw
                0x0000000080006d14      0x11c /usr/local/xenon/usr/lib/libxenon.a(tinyehci.o)
 .text.ehci_reset_port_old
                0x0000000080006e30      0x190 /usr/local/xenon/usr/lib/libxenon.a(tinyehci.o)
                0x0000000080006e30                ehci_reset_port_old
 .text.ehci_adquire_port
                0x0000000080006fc0       0x80 /usr/local/xenon/usr/lib/libxenon.a(tinyehci.o)
                0x0000000080006fc0                ehci_adquire_port
 .text.ehci_reset_usb_port
                0x0000000080007040      0x148 /usr/local/xenon/usr/lib/libxenon.a(tinyehci.o)
                0x0000000080007040                ehci_reset_usb_port
 .text.ehci_reset_port2
                0x0000000080007188       0x5c /usr/local/xenon/usr/lib/libxenon.a(tinyehci.o)
                0x0000000080007188                ehci_reset_port2
 .text.USB_FreeDescriptors
                0x00000000800071e4       0xc4 /usr/local/xenon/usr/lib/libxenon.a(tinyehci.o)
                0x00000000800071e4                USB_FreeDescriptors
 .text.USB_GetDescriptors
                0x00000000800072a8      0x348 /usr/local/xenon/usr/lib/libxenon.a(tinyehci.o)
                0x00000000800072a8                USB_GetDescriptors
 .text.USB_GetConfiguration
                0x00000000800075f0       0x80 /usr/local/xenon/usr/lib/libxenon.a(tinyehci.o)
                0x00000000800075f0                USB_GetConfiguration
 .text.USB_SetConfiguration
                0x0000000080007670       0x1c /usr/local/xenon/usr/lib/libxenon.a(tinyehci.o)
                0x0000000080007670                USB_SetConfiguration
 .text.USB_SetAlternativeInterface
                0x000000008000768c       0x28 /usr/local/xenon/usr/lib/libxenon.a(tinyehci.o)
                0x000000008000768c                USB_SetAlternativeInterface
 .text.USB_ClearHalt
                0x00000000800076b4       0x1c /usr/local/xenon/usr/lib/libxenon.a(tinyehci.o)
                0x00000000800076b4                USB_ClearHalt
 .text.ehci_init_port
                0x00000000800076d0      0x148 /usr/local/xenon/usr/lib/libxenon.a(tinyehci.o)
                0x00000000800076d0                ehci_init_port
 .text.ehci_reset_port
                0x0000000080007818       0x50 /usr/local/xenon/usr/lib/libxenon.a(tinyehci.o)
                0x0000000080007818                ehci_reset_port
 .text.ehci_reset_device
                0x0000000080007868        0x8 /usr/local/xenon/usr/lib/libxenon.a(tinyehci.o)
                0x0000000080007868                ehci_reset_device
 .text.ehci_discover
                0x0000000080007870       0x54 /usr/local/xenon/usr/lib/libxenon.a(tinyehci.o)
                0x0000000080007870                ehci_discover
 .text.EHCI_do_one
                0x00000000800078c4      0x10c /usr/local/xenon/usr/lib/libxenon.a(tinyehci.o)
 .text.find_ehci_data
                0x00000000800079d0       0x3c /usr/local/xenon/usr/lib/libxenon.a(tinyehci.o)
                0x00000000800079d0                find_ehci_data
 .text.USBStorage_Close
                0x0000000080007a0c       0x40 /usr/local/xenon/usr/lib/libxenon.a(tinyehci.o)
                0x0000000080007a0c                USBStorage_Close
 .text.USBStorage_ReadCapacity
                0x0000000080007a4c       0xbc /usr/local/xenon/usr/lib/libxenon.a(tinyehci.o)
                0x0000000080007a4c                USBStorage_ReadCapacity
 .text.USBStorage_MountLUN
                0x0000000080007b08      0x1c0 /usr/local/xenon/usr/lib/libxenon.a(tinyehci.o)
                0x0000000080007b08                USBStorage_MountLUN
 .text.__usbstorage_reset.isra.9
                0x0000000080007cc8      0x1a0 /usr/local/xenon/usr/lib/libxenon.a(tinyehci.o)
 .text.USBStorage_Open
                0x0000000080007e68      0x320 /usr/local/xenon/usr/lib/libxenon.a(tinyehci.o)
                0x0000000080007e68                USBStorage_Open
 .text.__cycle.constprop.14
                0x0000000080008188      0x29c /usr/local/xenon/usr/lib/libxenon.a(tinyehci.o)
 .text.USBStorage_Inquiry
                0x0000000080008424       0xa4 /usr/local/xenon/usr/lib/libxenon.a(tinyehci.o)
                0x0000000080008424                USBStorage_Inquiry
 .text.USBStorage_Try_Device
                0x00000000800084c8      0x154 /usr/local/xenon/usr/lib/libxenon.a(tinyehci.o)
                0x00000000800084c8                USBStorage_Try_Device
 .text.USBStorage_Init
                0x000000008000861c      0x208 /usr/local/xenon/usr/lib/libxenon.a(tinyehci.o)
                0x000000008000861c                USBStorage_Init
 .text.EHCI_Init
                0x0000000080008824       0x50 /usr/local/xenon/usr/lib/libxenon.a(tinyehci.o)
                0x0000000080008824                EHCI_Init
 .text.data_breakpoint
                0x0000000080008874       0x40 /usr/local/xenon/usr/lib/libxenon.a(debug.o)
                0x0000000080008874                data_breakpoint
 .text.uprintf  0x00000000800088b4       0x94 /usr/local/xenon/usr/lib/libxenon.a(xenon_smc.o)
                0x00000000800088b4                uprintf
 .text.xenon_smc_send_message
                0x0000000080008948       0x50 /usr/local/xenon/usr/lib/libxenon.a(xenon_smc.o)
                0x0000000080008948                xenon_smc_send_message
 .text.xenon_smc_receive_message
                0x0000000080008998       0x58 /usr/local/xenon/usr/lib/libxenon.a(xenon_smc.o)
                0x0000000080008998                xenon_smc_receive_message
 .text.xenon_smc_handle_bulk
                0x00000000800089f0       0x68 /usr/local/xenon/usr/lib/libxenon.a(xenon_smc.o)
                0x00000000800089f0                xenon_smc_handle_bulk
 .text.xenon_smc_receive_response
                0x0000000080008a58       0x44 /usr/local/xenon/usr/lib/libxenon.a(xenon_smc.o)
                0x0000000080008a58                xenon_smc_receive_response
 .text.xenon_smc_ana_write
                0x0000000080008a9c       0x98 /usr/local/xenon/usr/lib/libxenon.a(xenon_smc.o)
                0x0000000080008a9c                xenon_smc_ana_write
 .text.xenon_smc_ana_read
                0x0000000080008b34       0x9c /usr/local/xenon/usr/lib/libxenon.a(xenon_smc.o)
                0x0000000080008b34                xenon_smc_ana_read
 .text.xenon_smc_i2c_ddc_lock
                0x0000000080008bd0       0x78 /usr/local/xenon/usr/lib/libxenon.a(xenon_smc.o)
                0x0000000080008bd0                xenon_smc_i2c_ddc_lock
 .text.xenon_smc_i2c_write
                0x0000000080008c48       0xa4 /usr/local/xenon/usr/lib/libxenon.a(xenon_smc.o)
                0x0000000080008c48                xenon_smc_i2c_write
 .text.xenon_smc_i2c_read
                0x0000000080008cec       0xbc /usr/local/xenon/usr/lib/libxenon.a(xenon_smc.o)
                0x0000000080008cec                xenon_smc_i2c_read
 .text.xenon_smc_power_reboot
                0x0000000080008da8       0x48 /usr/local/xenon/usr/lib/libxenon.a(xenon_smc.o)
                0x0000000080008da8                xenon_smc_power_reboot
 .text.xenon_smc_read_avpack
                0x0000000080008df0       0x44 /usr/local/xenon/usr/lib/libxenon.a(xenon_smc.o)
                0x0000000080008df0                xenon_smc_read_avpack
 .text.xenon_smc_set_fan_algorithm
                0x0000000080008e34       0x3c /usr/local/xenon/usr/lib/libxenon.a(xenon_smc.o)
                0x0000000080008e34                xenon_smc_set_fan_algorithm
 .text.wakeup_cpus
                0x0000000080008e70       0xb8 /usr/local/xenon/usr/lib/libxenon.a(xenon_power.o)
                0x0000000080008e70                wakeup_cpus
 .text.prepare_sleep
                0x0000000080008f28       0x74 /usr/local/xenon/usr/lib/libxenon.a(xenon_power.o)
                0x0000000080008f28                prepare_sleep
 .text.xenon_thread_sleep
                0x0000000080008f9c       0x58 /usr/local/xenon/usr/lib/libxenon.a(xenon_power.o)
                0x0000000080008f9c                xenon_thread_sleep
 .text.xenon_set_speed
                0x0000000080008ff4      0x304 /usr/local/xenon/usr/lib/libxenon.a(xenon_power.o)
                0x0000000080008ff4                xenon_set_speed
 .text.xenon_run_thread_task
                0x00000000800092f8       0x3c /usr/local/xenon/usr/lib/libxenon.a(xenon_power.o)
                0x00000000800092f8                xenon_run_thread_task
 .text.xenon_is_thread_task_running
                0x0000000080009334       0x1c /usr/local/xenon/usr/lib/libxenon.a(xenon_power.o)
                0x0000000080009334                xenon_is_thread_task_running
 .text.xenon_thread_startup
                0x0000000080009350       0x48 /usr/local/xenon/usr/lib/libxenon.a(xenon_power.o)
                0x0000000080009350                xenon_thread_startup
 .text.xenon_set_single_thread_mode
                0x0000000080009398       0x98 /usr/local/xenon/usr/lib/libxenon.a(xenon_power.o)
                0x0000000080009398                xenon_set_single_thread_mode
 .text.xenon_make_it_faster
                0x0000000080009430       0xfc /usr/local/xenon/usr/lib/libxenon.a(xenon_power.o)
                0x0000000080009430                xenon_make_it_faster
 .text.xenon_sound_init
                0x000000008000952c      0x1b4 /usr/local/xenon/usr/lib/libxenon.a(sound.o)
                0x000000008000952c                xenon_sound_init
 .text.putch    0x00000000800096e0       0x50 /usr/local/xenon/usr/lib/libxenon.a(xenon_uart.o)
                0x00000000800096e0                putch
 .text.uart_puts
                0x0000000080009730       0x30 /usr/local/xenon/usr/lib/libxenon.a(xenon_uart.o)
                0x0000000080009730                uart_puts
 .text.xenon_config_init
                0x0000000080009760       0xa4 /usr/local/xenon/usr/lib/libxenon.a(xenon_config.o)
                0x0000000080009760                xenon_config_init
 .text.xenon_config_get_avregion
                0x0000000080009804       0xa0 /usr/local/xenon/usr/lib/libxenon.a(xenon_config.o)
                0x0000000080009804                xenon_config_get_avregion
 .text.xenon_config_get_vid_delta
                0x00000000800098a4       0x40 /usr/local/xenon/usr/lib/libxenon.a(xenon_config.o)
                0x00000000800098a4                xenon_config_get_vid_delta
 .text.xenos_ana_write
                0x00000000800098e4       0xac /usr/local/xenon/usr/lib/libxenon.a(xenos.o)
 .text.xenos_init_ana_new
                0x0000000080009990      0x4fc /usr/local/xenon/usr/lib/libxenon.a(xenos.o)
                0x0000000080009990                xenos_init_ana_new
 .text.xenos_init_phase0
                0x0000000080009e8c       0xa0 /usr/local/xenon/usr/lib/libxenon.a(xenos.o)
                0x0000000080009e8c                xenos_init_phase0
 .text.xenos_init_phase1
                0x0000000080009f2c      0x334 /usr/local/xenon/usr/lib/libxenon.a(xenos.o)
                0x0000000080009f2c                xenos_init_phase1
 .text.xenos_ana_preinit
                0x000000008000a260       0xcc /usr/local/xenon/usr/lib/libxenon.a(xenos.o)
                0x000000008000a260                xenos_ana_preinit
 .text.xenos_set_mode_f1
                0x000000008000a32c       0xf8 /usr/local/xenon/usr/lib/libxenon.a(xenos.o)
                0x000000008000a32c                xenos_set_mode_f1
 .text.xenos_set_mode_f2
                0x000000008000a424      0x248 /usr/local/xenon/usr/lib/libxenon.a(xenos.o)
                0x000000008000a424                xenos_set_mode_f2
 .text.xenos_set_mode
                0x000000008000a66c      0x2c8 /usr/local/xenon/usr/lib/libxenon.a(xenos.o)
                0x000000008000a66c                xenos_set_mode
 .text.xenos_hdmi_vga_mode_fix
                0x000000008000a934       0x40 /usr/local/xenon/usr/lib/libxenon.a(xenos.o)
                0x000000008000a934                xenos_hdmi_vga_mode_fix
 .text.xenos_autoset_mode
                0x000000008000a974      0x150 /usr/local/xenon/usr/lib/libxenon.a(xenos.o)
                0x000000008000a974                xenos_autoset_mode
 .text.xenos_init
                0x000000008000aac4      0x148 /usr/local/xenon/usr/lib/libxenon.a(xenos.o)
                0x000000008000aac4                xenos_init
 .text.xenos_is_overscan
                0x000000008000ac0c       0x38 /usr/local/xenon/usr/lib/libxenon.a(xenos.o)
                0x000000008000ac0c                xenos_is_overscan
 .text.xenos_is_initialized
                0x000000008000ac44       0x14 /usr/local/xenon/usr/lib/libxenon.a(xenos.o)
                0x000000008000ac44                xenos_is_initialized
 .text.xenos_do_probe_ddc_edid
                0x000000008000ac58      0x194 /usr/local/xenon/usr/lib/libxenon.a(xenos_edid.o)
                0x000000008000ac58                xenos_do_probe_ddc_edid
 .text.xenos_ddc_read_edid
                0x000000008000adec      0x128 /usr/local/xenon/usr/lib/libxenon.a(xenos_edid.o)
 .text.xenos_get_edid
                0x000000008000af14       0xa4 /usr/local/xenon/usr/lib/libxenon.a(xenos_edid.o)
                0x000000008000af14                xenos_get_edid
 .text.xenos_detect_hdmi_monitor
                0x000000008000afb8       0xe0 /usr/local/xenon/usr/lib/libxenon.a(xenos_edid.o)
                0x000000008000afb8                xenos_detect_hdmi_monitor
 .text.enet_quiesce
                0x000000008000b098       0x18 /usr/local/xenon/usr/lib/libxenon.a(enet.o)
                0x000000008000b098                enet_quiesce
 .text.print_key
                0x000000008000b0b0       0x74 /usr/local/xenon/usr/lib/libxenon.a(xb360.o)
                0x000000008000b0b0                print_key
 .text.cpu_get_key
                0x000000008000b124       0x90 /usr/local/xenon/usr/lib/libxenon.a(xb360.o)
                0x000000008000b124                cpu_get_key
 .text.xenon_get_DVE
                0x000000008000b1b4       0x34 /usr/local/xenon/usr/lib/libxenon.a(xb360.o)
                0x000000008000b1b4                xenon_get_DVE
 .text.xenon_get_PCIBridgeRevisionID
                0x000000008000b1e8       0x14 /usr/local/xenon/usr/lib/libxenon.a(xb360.o)
                0x000000008000b1e8                xenon_get_PCIBridgeRevisionID
 .text.xenon_get_XenosID
                0x000000008000b1fc       0x10 /usr/local/xenon/usr/lib/libxenon.a(xb360.o)
                0x000000008000b1fc                xenon_get_XenosID
 .text.xenon_get_console_type
                0x000000008000b20c       0xc0 /usr/local/xenon/usr/lib/libxenon.a(xb360.o)
                0x000000008000b20c                xenon_get_console_type
 .text.xenon_logical_nand_data_ok
                0x000000008000b2cc       0x18 /usr/local/xenon/usr/lib/libxenon.a(xb360.o)
                0x000000008000b2cc                xenon_logical_nand_data_ok
 .text.xenon_get_logical_nand_data
                0x000000008000b2e4       0x50 /usr/local/xenon/usr/lib/libxenon.a(xb360.o)
                0x000000008000b2e4                xenon_get_logical_nand_data
 .text.get_virtual_cpukey
                0x000000008000b334       0x84 /usr/local/xenon/usr/lib/libxenon.a(xb360.o)
                0x000000008000b334                get_virtual_cpukey
 .text.xenon_get_kv_size
                0x000000008000b3b8       0x40 /usr/local/xenon/usr/lib/libxenon.a(xb360.o)
                0x000000008000b3b8                xenon_get_kv_size
 .text.xenon_get_kv_offset
                0x000000008000b3f8       0x40 /usr/local/xenon/usr/lib/libxenon.a(xb360.o)
                0x000000008000b3f8                xenon_get_kv_offset
 .text.kv_read  0x000000008000b438      0x19c /usr/local/xenon/usr/lib/libxenon.a(xb360.o)
                0x000000008000b438                kv_read
 .text.kv_get_dvd_key
                0x000000008000b5d4      0x114 /usr/local/xenon/usr/lib/libxenon.a(xb360.o)
                0x000000008000b5d4                kv_get_dvd_key
 .text.print_cpu_dvd_keys
                0x000000008000b6e8       0xcc /usr/local/xenon/usr/lib/libxenon.a(xb360.o)
                0x000000008000b6e8                print_cpu_dvd_keys
 .text.dummy_attach
                0x000000008000b7b4        0x8 /usr/local/xenon/usr/lib/libxenon.a(dummy.o)
 .text.dummy_detach
                0x000000008000b7bc        0x8 /usr/local/xenon/usr/lib/libxenon.a(dummy.o)
 .text._ohci_allocept
                0x000000008000b7c4       0x64 /usr/local/xenon/usr/lib/libxenon.a(ohci.o)
 .text._ohci_allocxfer
                0x000000008000b828       0x5c /usr/local/xenon/usr/lib/libxenon.a(ohci.o)
 .text.ohci_stop
                0x000000008000b884       0x14 /usr/local/xenon/usr/lib/libxenon.a(ohci.o)
 .text.ohci_delete
                0x000000008000b898        0x4 /usr/local/xenon/usr/lib/libxenon.a(ohci.o)
 .text.ohci_ept_cleartoggle
                0x000000008000b89c       0x44 /usr/local/xenon/usr/lib/libxenon.a(ohci.o)
 .text.ohci_ept_setaddr
                0x000000008000b8e0       0x38 /usr/local/xenon/usr/lib/libxenon.a(ohci.o)
 .text.ohci_ept_setmps
                0x000000008000b918       0x40 /usr/local/xenon/usr/lib/libxenon.a(ohci.o)
 .text._ohci_queueept
                0x000000008000b958       0x5c /usr/local/xenon/usr/lib/libxenon.a(ohci.o)
 .text.ohci_ept_create
                0x000000008000b9b4      0x130 /usr/local/xenon/usr/lib/libxenon.a(ohci.o)
 .text.ohci_ept_delete
                0x000000008000bae4      0x1b0 /usr/local/xenon/usr/lib/libxenon.a(ohci.o)
 .text.ohci_start
                0x000000008000bc94      0x164 /usr/local/xenon/usr/lib/libxenon.a(ohci.o)
 .text.ohci_roothub_strdscr
                0x000000008000bdf8       0x6c /usr/local/xenon/usr/lib/libxenon.a(ohci.o)
 .text.ohci_intr
                0x000000008000be64      0x1e4 /usr/local/xenon/usr/lib/libxenon.a(ohci.o)
 .text._ohci_dma_alloc
                0x000000008000c048       0x50 /usr/local/xenon/usr/lib/libxenon.a(ohci.o)
 .text.ohci_xfer
                0x000000008000c098      0x728 /usr/local/xenon/usr/lib/libxenon.a(ohci.o)
 .text.ohci_create
                0x000000008000c7c0      0x29c /usr/local/xenon/usr/lib/libxenon.a(ohci.o)
 .text.getstringmaybe
                0x000000008000ca5c       0x6c /usr/local/xenon/usr/lib/libxenon.a(usbdebug.o)
 .text.usb_dbg_dumpportstatus
                0x000000008000cac8      0x244 /usr/local/xenon/usr/lib/libxenon.a(usbdebug.o)
                0x000000008000cac8                usb_dbg_dumpportstatus
 .text.usb_dbg_dumpdescriptors
                0x000000008000cd0c      0x620 /usr/local/xenon/usr/lib/libxenon.a(usbdebug.o)
                0x000000008000cd0c                usb_dbg_dumpdescriptors
 .text.ehci_maligned
                0x000000008000d32c       0x88 /usr/local/xenon/usr/lib/libxenon.a(usb_os.o)
                0x000000008000d32c                ehci_maligned
 .text.ehci_virt_to_dma
                0x000000008000d3b4        0x8 /usr/local/xenon/usr/lib/libxenon.a(usb_os.o)
                0x000000008000d3b4                ehci_virt_to_dma
 .text.ehci_dma_map_to
                0x000000008000d3bc       0x24 /usr/local/xenon/usr/lib/libxenon.a(usb_os.o)
                0x000000008000d3bc                ehci_dma_map_to
 .text.ehci_dma_map_from
                0x000000008000d3e0       0x24 /usr/local/xenon/usr/lib/libxenon.a(usb_os.o)
                0x000000008000d3e0                ehci_dma_map_from
 .text.ehci_dma_map_bidir
                0x000000008000d404       0x24 /usr/local/xenon/usr/lib/libxenon.a(usb_os.o)
                0x000000008000d404                ehci_dma_map_bidir
 .text.ehci_dma_unmap_bidir
                0x000000008000d428        0x8 /usr/local/xenon/usr/lib/libxenon.a(usb_os.o)
                0x000000008000d428                ehci_dma_unmap_bidir
 .text.ehci_dma_unmap_from
                0x000000008000d430        0x4 /usr/local/xenon/usr/lib/libxenon.a(usb_os.o)
                0x000000008000d430                ehci_dma_unmap_from
 .text.ehci_dma_unmap_to
                0x000000008000d434        0x4 /usr/local/xenon/usr/lib/libxenon.a(usb_os.o)
                0x000000008000d434                ehci_dma_unmap_to
 .text.ehci_usleep
                0x000000008000d438        0x4 /usr/local/xenon/usr/lib/libxenon.a(usb_os.o)
                0x000000008000d438                ehci_usleep
 .text.ehci_msleep
                0x000000008000d43c        0x4 /usr/local/xenon/usr/lib/libxenon.a(usb_os.o)
                0x000000008000d43c                ehci_msleep
 .text.USB_Alloc
                0x000000008000d440        0x4 /usr/local/xenon/usr/lib/libxenon.a(usb_os.o)
                0x000000008000d440                USB_Alloc
 .text.USB_Free
                0x000000008000d444        0x4 /usr/local/xenon/usr/lib/libxenon.a(usb_os.o)
                0x000000008000d444                USB_Free
 .text.xenon_gpio_control
                0x000000008000d448       0x5c /usr/local/xenon/usr/lib/libxenon.a(xenon_gpio.o)
                0x000000008000d448                xenon_gpio_control
 .text.xenon_gpio_set_oe
                0x000000008000d4a4       0x1c /usr/local/xenon/usr/lib/libxenon.a(xenon_gpio.o)
                0x000000008000d4a4                xenon_gpio_set_oe
 .text.xenon_gpio_set
                0x000000008000d4c0       0x1c /usr/local/xenon/usr/lib/libxenon.a(xenon_gpio.o)
                0x000000008000d4c0                xenon_gpio_set
 .text          0x000000008000d4dc       0x3c /usr/local/xenon/usr/lib/libxenon.a(cpusleep.o)
                0x000000008000d4dc                cpusleep
 .text.xenon_secotp_read_line
                0x000000008000d518       0x20 /usr/local/xenon/usr/lib/libxenon.a(xenon_secotp.o)
                0x000000008000d518                xenon_secotp_read_line
 .text.sfcx_readreg
                0x000000008000d538       0x10 /usr/local/xenon/usr/lib/libxenon.a(xenon_sfcx.o)
                0x000000008000d538                sfcx_readreg
 .text.sfcx_init
                0x000000008000d548      0x2dc /usr/local/xenon/usr/lib/libxenon.a(xenon_sfcx.o)
                0x000000008000d548                sfcx_init
 .text.HMAC_SHA1_UpdateKey.part.0
                0x000000008000d824       0xbc /usr/local/xenon/usr/lib/libxenon.a(hmac_sha1.o)
 .text.HMAC_SHA1_Init
                0x000000008000d8e0       0x58 /usr/local/xenon/usr/lib/libxenon.a(hmac_sha1.o)
                0x000000008000d8e0                HMAC_SHA1_Init
 .text.HMAC_SHA1_UpdateKey
                0x000000008000d938        0xc /usr/local/xenon/usr/lib/libxenon.a(hmac_sha1.o)
                0x000000008000d938                HMAC_SHA1_UpdateKey
 .text.HMAC_SHA1_EndKey
                0x000000008000d944       0xa8 /usr/local/xenon/usr/lib/libxenon.a(hmac_sha1.o)
                0x000000008000d944                HMAC_SHA1_EndKey
 .text.HMAC_SHA1_StartMessage
                0x000000008000d9ec       0x48 /usr/local/xenon/usr/lib/libxenon.a(hmac_sha1.o)
                0x000000008000d9ec                HMAC_SHA1_StartMessage
 .text.HMAC_SHA1_UpdateMessage
                0x000000008000da34        0x8 /usr/local/xenon/usr/lib/libxenon.a(hmac_sha1.o)
                0x000000008000da34                HMAC_SHA1_UpdateMessage
 .text.HMAC_SHA1_EndMessage
                0x000000008000da3c       0x68 /usr/local/xenon/usr/lib/libxenon.a(hmac_sha1.o)
                0x000000008000da3c                HMAC_SHA1_EndMessage
 .text.HMAC_SHA1_Done
                0x000000008000daa4       0x44 /usr/local/xenon/usr/lib/libxenon.a(hmac_sha1.o)
                0x000000008000daa4                HMAC_SHA1_Done
 .text.HMAC_SHA1
                0x000000008000dae8       0x84 /usr/local/xenon/usr/lib/libxenon.a(hmac_sha1.o)
                0x000000008000dae8                HMAC_SHA1
 .text.rc4_init
                0x000000008000db6c       0x60 /usr/local/xenon/usr/lib/libxenon.a(rc4.o)
                0x000000008000db6c                rc4_init
 .text.rc4_crypt
                0x000000008000dbcc       0x70 /usr/local/xenon/usr/lib/libxenon.a(rc4.o)
                0x000000008000dbcc                rc4_crypt
 .text.SHA1_Transform
                0x000000008000dc3c     0x111c /usr/local/xenon/usr/lib/libxenon.a(sha1.o)
                0x000000008000dc3c                SHA1_Transform
 .text.SHA1_Init
                0x000000008000ed58       0x4c /usr/local/xenon/usr/lib/libxenon.a(sha1.o)
                0x000000008000ed58                SHA1_Init
 .text.SHA1_Update
                0x000000008000eda4       0xe0 /usr/local/xenon/usr/lib/libxenon.a(sha1.o)
                0x000000008000eda4                SHA1_Update
 .text.SHA1_Final
                0x000000008000ee84      0x104 /usr/local/xenon/usr/lib/libxenon.a(sha1.o)
                0x000000008000ee84                SHA1_Final
 .text.q_enqueue
                0x000000008000ef88       0x18 /usr/local/xenon/usr/lib/libxenon.a(lib_queue.o)
                0x000000008000ef88                q_enqueue
 .text.q_deqnext
                0x000000008000efa0       0x30 /usr/local/xenon/usr/lib/libxenon.a(lib_queue.o)
                0x000000008000efa0                q_deqnext
 .text          0x000000008000efd0       0x4c /usr/local/xenon/lib/gcc/xenon/6.3.0/32/libgcc.a(crtsavgpr.o)
                0x000000008000efd0                _savegpr_14
                0x000000008000efd4                _savegpr_15
                0x000000008000efd8                _savegpr_16
                0x000000008000efdc                _savegpr_17
                0x000000008000efe0                _savegpr_18
                0x000000008000efe4                _savegpr_19
                0x000000008000efe8                _savegpr_20
                0x000000008000efec                _savegpr_21
                0x000000008000eff0                _savegpr_22
                0x000000008000eff4                _savegpr_23
                0x000000008000eff8                _savegpr_24
                0x000000008000effc                _savegpr_25
                0x000000008000f000                _savegpr_26
                0x000000008000f004                _savegpr_27
                0x000000008000f008                _savegpr_28
                0x000000008000f00c                _savegpr_29
                0x000000008000f010                _savegpr_30
                0x000000008000f014                _savegpr_31
 .text          0x000000008000f01c       0x58 /usr/local/xenon/lib/gcc/xenon/6.3.0/32/libgcc.a(crtresxgpr.o)
                0x000000008000f01c                _restgpr_14_x
                0x000000008000f020                _restgpr_15_x
                0x000000008000f024                _restgpr_16_x
                0x000000008000f028                _restgpr_17_x
                0x000000008000f02c                _restgpr_18_x
                0x000000008000f030                _restgpr_19_x
                0x000000008000f034                _restgpr_20_x
                0x000000008000f038                _restgpr_21_x
                0x000000008000f03c                _restgpr_22_x
                0x000000008000f040                _restgpr_23_x
                0x000000008000f044                _restgpr_24_x
                0x000000008000f048                _restgpr_25_x
                0x000000008000f04c                _restgpr_26_x
                0x000000008000f050                _restgpr_27_x
                0x000000008000f054                _restgpr_28_x
                0x000000008000f058                _restgpr_29_x
                0x000000008000f05c                _restgpr_30_x
                0x000000008000f060                _restgpr_31_x
 *fill*         0x000000008000f074        0x4 
 .text          0x000000008000f078     0x1af8 /usr/local/xenon/lib/gcc/xenon/6.3.0/32/libgcc.a(unwind-dw2-fde-dip.o)
                0x0000000080010504                __register_frame_info_bases
                0x000000008001057c                __register_frame_info
                0x00000000800105fc                __register_frame
                0x0000000080010684                __register_frame_info_table_bases
                0x00000000800106ec                __register_frame_info_table
                0x0000000080010754                __register_frame_table
                0x00000000800107d4                __deregister_frame_info_bases
                0x0000000080010930                __deregister_frame_info
                0x0000000080010948                __deregister_frame
                0x0000000080010984                _Unwind_Find_FDE
 .text          0x0000000080010b70       0x78 /usr/local/xenon/xenon/lib/32/libc.a(lib_a-assert.o)
                0x0000000080010b70                __assert_func
                0x0000000080010bd0                __assert
 .text          0x0000000080010be8       0x40 /usr/local/xenon/xenon/lib/32/libc.a(lib_a-exit.o)
                0x0000000080010be8                exit
 .text          0x0000000080010c28      0x158 /usr/local/xenon/xenon/lib/32/libc.a(lib_a-fclose.o)
                0x0000000080010c28                _fclose_r
                0x0000000080010d70                fclose
 .text          0x0000000080010d80      0x37c /usr/local/xenon/xenon/lib/32/libc.a(lib_a-fflush.o)
                0x0000000080010d80                __sflush_r
                0x0000000080011058                _fflush_r
                0x00000000800110d0                fflush
 *fill*         0x00000000800110fc        0x4 
 .text          0x0000000080011100      0x3f4 /usr/local/xenon/xenon/lib/32/libc.a(lib_a-findfp.o)
                0x0000000080011108                _cleanup_r
                0x00000000800112c8                __sfmoreglue
                0x0000000080011348                __sfp
                0x0000000080011480                _cleanup
                0x0000000080011498                __sinit
                0x00000000800114a8                __sfp_lock_acquire
                0x00000000800114b0                __sfp_lock_release
                0x00000000800114b8                __sinit_lock_acquire
                0x00000000800114c0                __sinit_lock_release
                0x00000000800114c8                __fp_lock_all
                0x00000000800114e0                __fp_unlock_all
 *fill*         0x00000000800114f4        0x4 
 .text          0x00000000800114f8      0x110 /usr/local/xenon/xenon/lib/32/libc.a(lib_a-fiprintf.o)
                0x00000000800114f8                _fiprintf_r
                0x0000000080011578                fiprintf
 .text          0x0000000080011608      0x468 /usr/local/xenon/xenon/lib/32/libc.a(lib_a-freer.o)
                0x0000000080011608                _malloc_trim_r
                0x0000000080011748                _free_r
 .text          0x0000000080011a70       0x80 /usr/local/xenon/xenon/lib/32/libc.a(lib_a-fstatr.o)
                0x0000000080011a70                _fstat_r
 .text          0x0000000080011af0      0x1d0 /usr/local/xenon/xenon/lib/32/libc.a(lib_a-fwalk.o)
                0x0000000080011af0                _fwalk
                0x0000000080011bd0                _fwalk_reent
 .text          0x0000000080011cc0      0x11c /usr/local/xenon/xenon/lib/32/libc.a(lib_a-locale.o)
                0x0000000080011cc0                _setlocale_r
                0x0000000080011d60                __locale_mb_cur_max
                0x0000000080011d90                __locale_ctype_ptr_l
                0x0000000080011d98                __locale_ctype_ptr
                0x0000000080011dc8                setlocale
 *fill*         0x0000000080011ddc        0x4 
 .text          0x0000000080011de0      0x23c /usr/local/xenon/xenon/lib/32/libc.a(lib_a-makebuf.o)
                0x0000000080011de0                __swhatbuf_r
                0x0000000080011ed0                __smakebuf_r
 *fill*         0x000000008001201c        0x4 
 .text          0x0000000080012020       0x20 /usr/local/xenon/xenon/lib/32/libc.a(lib_a-malloc.o)
                0x0000000080012020                malloc
                0x0000000080012030                free
 .text          0x0000000080012040      0x94c /usr/local/xenon/xenon/lib/32/libc.a(lib_a-mallocr.o)
                0x0000000080012040                _malloc_r
 *fill*         0x000000008001298c        0x4 
 .text          0x0000000080012990       0xc0 /usr/local/xenon/xenon/lib/32/libc.a(lib_a-mbtowc_r.o)
                0x0000000080012990                _mbtowc_r
                0x00000000800129c8                __ascii_mbtowc
 .text          0x0000000080012a50       0xa0 /usr/local/xenon/xenon/lib/32/libc.a(lib_a-memcmp.o)
                0x0000000080012a50                memcmp
 .text          0x0000000080012af0      0x108 /usr/local/xenon/xenon/lib/32/libc.a(lib_a-memcpy.o)
                0x0000000080012af0                memcpy
 .text          0x0000000080012bf8      0x110 /usr/local/xenon/xenon/lib/32/libc.a(lib_a-memset.o)
                0x0000000080012bf8                memset
 .text          0x0000000080012d08      0x120 /usr/local/xenon/xenon/lib/32/libc.a(lib_a-printf.o)
                0x0000000080012d08                _printf_r
                0x0000000080012d90                printf
 .text          0x0000000080012e28       0x20 /usr/local/xenon/xenon/lib/32/libc.a(lib_a-putchar.o)
                0x0000000080012e28                _putchar_r
                0x0000000080012e30                putchar
 .text          0x0000000080012e48       0xe8 /usr/local/xenon/xenon/lib/32/libc.a(lib_a-puts.o)
                0x0000000080012e48                _puts_r
                0x0000000080012f20                puts
 .text          0x0000000080012f30       0x78 /usr/local/xenon/xenon/lib/32/libc.a(lib_a-sbrkr.o)
                0x0000000080012f30                _sbrk_r
 .text          0x0000000080012fa8      0x18c /usr/local/xenon/xenon/lib/32/libc.a(lib_a-sprintf.o)
                0x0000000080012fa8                _sprintf_r
                0x0000000080013068                sprintf
 *fill*         0x0000000080013134        0x4 
 .text          0x0000000080013138      0x184 /usr/local/xenon/xenon/lib/32/libc.a(lib_a-stdio.o)
                0x0000000080013138                __sread
                0x00000000800131a0                __seofread
                0x00000000800131a8                __swrite
                0x0000000080013240                __sseek
                0x00000000800132b0                __sclose
 *fill*         0x00000000800132bc        0x4 
 .text          0x00000000800132c0       0x98 /usr/local/xenon/xenon/lib/32/libc.a(lib_a-strcat.o)
                0x00000000800132c0                strcat
 .text          0x0000000080013358       0xc0 /usr/local/xenon/xenon/lib/32/libc.a(lib_a-strcmp.o)
                0x0000000080013358                strcmp
 .text          0x0000000080013418       0x84 /usr/local/xenon/xenon/lib/32/libc.a(lib_a-strcpy.o)
                0x0000000080013418                strcpy
 *fill*         0x000000008001349c        0x4 
 .text          0x00000000800134a0       0xb0 /usr/local/xenon/xenon/lib/32/libc.a(lib_a-strlen.o)
                0x00000000800134a0                strlen
 .text          0x0000000080013550     0x221c /usr/local/xenon/xenon/lib/32/libc.a(lib_a-svfprintf.o)
                0x0000000080013550                _svfprintf_r
 *fill*         0x000000008001576c        0x4 
 .text          0x0000000080015770     0x16a8 /usr/local/xenon/xenon/lib/32/libc.a(lib_a-vfiprintf.o)
                0x00000000800158b8                __sprint_r
                0x00000000800158d8                _vfiprintf_r
                0x0000000080016d28                vfiprintf
 .text          0x0000000080016e18     0x2378 /usr/local/xenon/xenon/lib/32/libc.a(lib_a-vfprintf.o)
                0x0000000080016e18                _vfprintf_r
                0x00000000800190a0                vfprintf
 .text          0x0000000080019190       0x78 /usr/local/xenon/xenon/lib/32/libc.a(lib_a-vsprintf.o)
                0x0000000080019190                _vsprintf_r
                0x00000000800191f0                vsprintf
 .text          0x0000000080019208       0x78 /usr/local/xenon/xenon/lib/32/libc.a(lib_a-wctomb_r.o)
                0x0000000080019208                _wctomb_r
                0x0000000080019240                __ascii_wctomb
 .text          0x0000000080019280       0x80 /usr/local/xenon/xenon/lib/32/libc.a(lib_a-writer.o)
                0x0000000080019280                _write_r
 .text          0x0000000080019300      0x1b0 /usr/local/xenon/xenon/lib/32/libc.a(lib_a-wsetup.o)
                0x0000000080019300                __swsetup_r
 .text          0x00000000800194b0      0x1e4 /usr/local/xenon/xenon/lib/32/libc.a(lib_a-__call_atexit.o)
                0x00000000800194b0                __call_exitprocs
 *fill*         0x0000000080019694        0x4 
 .text          0x0000000080019698       0x78 /usr/local/xenon/xenon/lib/32/libc.a(lib_a-closer.o)
                0x0000000080019698                _close_r
 .text          0x0000000080019710     0x1500 /usr/local/xenon/xenon/lib/32/libc.a(lib_a-dtoa.o)
                0x0000000080019968                _dtoa_r
 .text          0x000000008001ac10      0x254 /usr/local/xenon/xenon/lib/32/libc.a(lib_a-fputwc.o)
                0x000000008001ac10                __fputwc
                0x000000008001ada0                _fputwc_r
                0x000000008001add0                fputwc
 *fill*         0x000000008001ae64        0x4 
 .text          0x000000008001ae68      0x5cc /usr/local/xenon/xenon/lib/32/libc.a(lib_a-fvwrite.o)
                0x000000008001ae68                __sfvwrite_r
 *fill*         0x000000008001b434        0x4 
 .text          0x000000008001b438       0x78 /usr/local/xenon/xenon/lib/32/libc.a(lib_a-isattyr.o)
                0x000000008001b438                _isatty_r
 .text          0x000000008001b4b0       0x68 /usr/local/xenon/xenon/lib/32/libc.a(lib_a-localeconv.o)
                0x000000008001b4b0                __localeconv_l
                0x000000008001b4b8                _localeconv_r
                0x000000008001b4e8                localeconv
 .text          0x000000008001b518       0x80 /usr/local/xenon/xenon/lib/32/libc.a(lib_a-lseekr.o)
                0x000000008001b518                _lseek_r
 .text          0x000000008001b598      0x100 /usr/local/xenon/xenon/lib/32/libc.a(lib_a-memchr.o)
                0x000000008001b598                memchr
 .text          0x000000008001b698      0x148 /usr/local/xenon/xenon/lib/32/libc.a(lib_a-memmove.o)
                0x000000008001b698                memmove
 .text          0x000000008001b7e0     0x1350 /usr/local/xenon/xenon/lib/32/libc.a(lib_a-mprec.o)
                0x000000008001b7e0                _Balloc
                0x000000008001b8a8                _Bfree
                0x000000008001b8d0                __multadd
                0x000000008001b9f0                __s2b
                0x000000008001bb30                __hi0bits
                0x000000008001bbb0                __lo0bits
                0x000000008001bc90                __i2b
                0x000000008001bcd0                __multiply
                0x000000008001bf50                __pow5mult
                0x000000008001c0c8                __lshift
                0x000000008001c258                __mcmp
                0x000000008001c2c0                __mdiff
                0x000000008001c500                __ulp
                0x000000008001c5a0                __b2d
                0x000000008001c730                __d2b
                0x000000008001c8c8                __ratio
                0x000000008001c9a8                _mprec_log10
                0x000000008001c9f0                __copybits
                0x000000008001ca88                __any_on
 .text          0x000000008001cb30      0x16c /usr/local/xenon/xenon/lib/32/libc.a(lib_a-putc.o)
                0x000000008001cb30                _putc_r
                0x000000008001cbd8                putc
 *fill*         0x000000008001cc9c        0x4 
 .text          0x000000008001cca0       0x80 /usr/local/xenon/xenon/lib/32/libc.a(lib_a-readr.o)
                0x000000008001cca0                _read_r
 .text          0x000000008001cd20      0x5d8 /usr/local/xenon/xenon/lib/32/libc.a(lib_a-reallocr.o)
                0x000000008001cd20                _realloc_r
 .text          0x000000008001d2f8     0x1508 /usr/local/xenon/xenon/lib/32/libc.a(lib_a-svfiprintf.o)
                0x000000008001d2f8                __ssprint_r
                0x000000008001d568                _svfiprintf_r
 .text          0x000000008001e800      0x1c4 /usr/local/xenon/xenon/lib/32/libc.a(lib_a-wbuf.o)
                0x000000008001e800                __swbuf_r
                0x000000008001e9b0                __swbuf
 *fill*         0x000000008001e9c4        0x4 
 .text          0x000000008001e9c8      0x18c /usr/local/xenon/xenon/lib/32/libc.a(lib_a-wcrtomb.o)
                0x000000008001e9c8                _wcrtomb_r
                0x000000008001ea90                wcrtomb
 *fill*         0x000000008001eb54        0x4 
 .text          0x000000008001eb58       0xc8 /usr/local/xenon/xenon/lib/32/libc.a(lib_a-callocr.o)
                0x000000008001eb58                _calloc_r
 .text          0x000000008001ec20      0x424 /usr/local/xenon/lib/gcc/xenon/6.3.0/32/libgcc.a(_udivdi3.o)
                0x000000008001ec20                __udivdi3
 *fill*         0x000000008001f044        0x4 
 .text          0x000000008001f048      0x3cc /usr/local/xenon/lib/gcc/xenon/6.3.0/32/libgcc.a(_umoddi3.o)
                0x000000008001f048                __umoddi3

.glink          0x000000008001f414        0x0
 .glink         0x000000008001f414        0x0 /usr/local/xenon/lib/gcc/xenon/6.3.0/../../../../xenon/lib/../lib/crt1.o

.elfldr         0x000000008001f414        0x0
                0x000000008001f414                elfldr_start = .
 *(.elfldr)
                0x000000008001f414                elfldr_end = .

.data           0x000000008001f418     0x7f94
 *(.data*)
 .data.devoptab_list
                0x000000008001f418       0x40 /usr/local/xenon/usr/lib/libxenon.a(newlib.o)
                0x000000008001f418                devoptab_list
 .data.__syscalls
                0x000000008001f458       0x24 /usr/local/xenon/usr/lib/libxenon.a(xenon_syscalls.o)
                0x000000008001f458                __syscalls
 .data.lockowner
                0x000000008001f47c        0x4 /usr/local/xenon/usr/lib/libxenon.a(xenon_syscalls.o)
 .data.usbctrl_driver
                0x000000008001f480        0xc /usr/local/xenon/usr/lib/libxenon.a(usbctrl.o)
                0x000000008001f480                usbctrl_driver
 .data.usb_drivers
                0x000000008001f48c       0xa0 /usr/local/xenon/usr/lib/libxenon.a(usbdevs.o)
                0x000000008001f48c                usb_drivers
 .data.usbhid_driver
                0x000000008001f52c        0xc /usr/local/xenon/usr/lib/libxenon.a(usbhid.o)
                0x000000008001f52c                usbhid_driver
 .data.usbhid_scantable
                0x000000008001f538      0x650 /usr/local/xenon/usr/lib/libxenon.a(usbhid.o)
 .data.usbhub_driver
                0x000000008001fb88        0xc /usr/local/xenon/usr/lib/libxenon.a(usbhub.o)
                0x000000008001fb88                usbhub_driver
 .data.usbroothub_driver
                0x000000008001fb94        0xc /usr/local/xenon/usr/lib/libxenon.a(usbhub.o)
                0x000000008001fb94                usbroothub_driver
 .data.smc_snd.2864
                0x000000008001fba0       0x20 /usr/local/xenon/usr/lib/libxenon.a(sound.o)
 .data.ana_hdmi_720p
                0x000000008001fbc0      0x400 /usr/local/xenon/usr/lib/libxenon.a(xenos.o)
                0x000000008001fbc0                ana_hdmi_720p
 .data.ana_hdmi_720p_corona
                0x000000008001ffc0      0x400 /usr/local/xenon/usr/lib/libxenon.a(xenos.o)
                0x000000008001ffc0                ana_hdmi_720p_corona
 .data.ana_ntsc
                0x00000000800203c0      0x400 /usr/local/xenon/usr/lib/libxenon.a(xenos.o)
                0x00000000800203c0                ana_ntsc
 .data.ana_ntsc_corona
                0x00000000800207c0      0x400 /usr/local/xenon/usr/lib/libxenon.a(xenos.o)
                0x00000000800207c0                ana_ntsc_corona
 .data.ana_pal50
                0x0000000080020bc0      0x400 /usr/local/xenon/usr/lib/libxenon.a(xenos.o)
                0x0000000080020bc0                ana_pal50
 .data.ana_pal50_corona
                0x0000000080020fc0      0x400 /usr/local/xenon/usr/lib/libxenon.a(xenos.o)
                0x0000000080020fc0                ana_pal50_corona
 .data.ana_pal60
                0x00000000800213c0      0x400 /usr/local/xenon/usr/lib/libxenon.a(xenos.o)
                0x00000000800213c0                ana_pal60
 .data.ana_pal60_corona
                0x00000000800217c0      0x400 /usr/local/xenon/usr/lib/libxenon.a(xenos.o)
                0x00000000800217c0                ana_pal60_corona
 .data.ana_vga_1024x768
                0x0000000080021bc0      0x400 /usr/local/xenon/usr/lib/libxenon.a(xenos.o)
                0x0000000080021bc0                ana_vga_1024x768
 .data.ana_vga_1024x768_corona
                0x0000000080021fc0      0x400 /usr/local/xenon/usr/lib/libxenon.a(xenos.o)
                0x0000000080021fc0                ana_vga_1024x768_corona
 .data.ana_vga_1280x1024
                0x00000000800223c0      0x400 /usr/local/xenon/usr/lib/libxenon.a(xenos.o)
                0x00000000800223c0                ana_vga_1280x1024
 .data.ana_vga_1280x1024_corona
                0x00000000800227c0      0x400 /usr/local/xenon/usr/lib/libxenon.a(xenos.o)
                0x00000000800227c0                ana_vga_1280x1024_corona
 .data.ana_vga_1280x720
                0x0000000080022bc0      0x400 /usr/local/xenon/usr/lib/libxenon.a(xenos.o)
                0x0000000080022bc0                ana_vga_1280x720
 .data.ana_vga_1280x720_corona
                0x0000000080022fc0      0x400 /usr/local/xenon/usr/lib/libxenon.a(xenos.o)
                0x0000000080022fc0                ana_vga_1280x720_corona
 .data.ana_vga_1280x768
                0x00000000800233c0      0x400 /usr/local/xenon/usr/lib/libxenon.a(xenos.o)
                0x00000000800233c0                ana_vga_1280x768
 .data.ana_vga_1280x768_corona
                0x00000000800237c0      0x400 /usr/local/xenon/usr/lib/libxenon.a(xenos.o)
                0x00000000800237c0                ana_vga_1280x768_corona
 .data.ana_vga_1360x768
                0x0000000080023bc0      0x400 /usr/local/xenon/usr/lib/libxenon.a(xenos.o)
                0x0000000080023bc0                ana_vga_1360x768
 .data.ana_vga_1360x768_corona
                0x0000000080023fc0      0x400 /usr/local/xenon/usr/lib/libxenon.a(xenos.o)
                0x0000000080023fc0                ana_vga_1360x768_corona
 .data.ana_vga_1440x900
                0x00000000800243c0      0x400 /usr/local/xenon/usr/lib/libxenon.a(xenos.o)
                0x00000000800243c0                ana_vga_1440x900
 .data.ana_vga_1440x900_corona
                0x00000000800247c0      0x400 /usr/local/xenon/usr/lib/libxenon.a(xenos.o)
                0x00000000800247c0                ana_vga_1440x900_corona
 .data.ana_vga_640x480
                0x0000000080024bc0      0x400 /usr/local/xenon/usr/lib/libxenon.a(xenos.o)
                0x0000000080024bc0                ana_vga_640x480
 .data.ana_vga_640x480_corona
                0x0000000080024fc0      0x400 /usr/local/xenon/usr/lib/libxenon.a(xenos.o)
                0x0000000080024fc0                ana_vga_640x480_corona
 .data.ana_yuv_480p
                0x00000000800253c0      0x400 /usr/local/xenon/usr/lib/libxenon.a(xenos.o)
                0x00000000800253c0                ana_yuv_480p
 .data.ana_yuv_480p_corona
                0x00000000800257c0      0x400 /usr/local/xenon/usr/lib/libxenon.a(xenos.o)
                0x00000000800257c0                ana_yuv_480p_corona
 .data.ana_yuv_720p
                0x0000000080025bc0      0x400 /usr/local/xenon/usr/lib/libxenon.a(xenos.o)
                0x0000000080025bc0                ana_yuv_720p
 .data.ana_yuv_720p_corona
                0x0000000080025fc0      0x400 /usr/local/xenon/usr/lib/libxenon.a(xenos.o)
                0x0000000080025fc0                ana_yuv_720p_corona
 .data.xenos_modes
                0x00000000800263c0      0x30c /usr/local/xenon/usr/lib/libxenon.a(xenos.o)
                0x00000000800263c0                xenos_modes
 .data.xenos_modes_corona
                0x00000000800266cc      0x30c /usr/local/xenon/usr/lib/libxenon.a(xenos.o)
                0x00000000800266cc                xenos_modes_corona
 .data.dummy_driver
                0x00000000800269d8        0xc /usr/local/xenon/usr/lib/libxenon.a(dummy.o)
                0x00000000800269d8                dummy_driver
 .data.ohci_driver
                0x00000000800269e4       0x2c /usr/local/xenon/usr/lib/libxenon.a(ohci.o)
                0x00000000800269e4                ohci_driver
 .data          0x0000000080026a10      0x428 /usr/local/xenon/xenon/lib/32/libc.a(lib_a-impure.o)
 .data          0x0000000080026e38      0x16c /usr/local/xenon/xenon/lib/32/libc.a(lib_a-locale.o)
                0x0000000080026e38                __global_locale
 .data          0x0000000080026fa4      0x408 /usr/local/xenon/xenon/lib/32/libc.a(lib_a-mallocr.o)
                0x0000000080026fa4                __malloc_av_

.got2           0x00000000800273ac       0x14
 .got2          0x00000000800273ac       0x14 /usr/local/xenon/lib/gcc/xenon/6.3.0/32/libgcc.a(unwind-dw2-fde-dip.o)

.sdata          0x00000000800273c0       0x24
 *(.sdata*)
 .sdata         0x00000000800273c0        0x0 /usr/local/xenon/lib/gcc/xenon/6.3.0/../../../../xenon/lib/../lib/crt1.o
                0x000000008002f3c0                _SDA_BASE_
 .sdata2        0x00000000800273c0        0x0 /usr/local/xenon/lib/gcc/xenon/6.3.0/../../../../xenon/lib/../lib/crt1.o
                0x000000008002f3c0                _SDA2_BASE_
 .sdata         0x00000000800273c0        0x4 /usr/local/xenon/usr/lib/libxenon.a(startup_from_xell.o)
                0x00000000800273c0                __system_argv
 .sdata.console_color
                0x00000000800273c4        0x8 /usr/local/xenon/usr/lib/libxenon.a(console.o)
                0x00000000800273c4                console_color
 .sdata.usb_timeout
                0x00000000800273cc        0x4 /usr/local/xenon/usr/lib/libxenon.a(tinyehci.o)
                0x00000000800273cc                usb_timeout
 .sdata.xenon_smc_last_ir
                0x00000000800273d0        0x4 /usr/local/xenon/usr/lib/libxenon.a(xenon_smc.o)
                0x00000000800273d0                xenon_smc_last_ir
 .sdata         0x00000000800273d4        0x8 /usr/local/xenon/xenon/lib/32/libc.a(lib_a-impure.o)
                0x00000000800273d4                _global_impure_ptr
                0x00000000800273d8                _impure_ptr
 .sdata         0x00000000800273dc        0x8 /usr/local/xenon/xenon/lib/32/libc.a(lib_a-mallocr.o)
                0x00000000800273dc                __malloc_sbrk_base
                0x00000000800273e0                __malloc_trim_threshold

.rodata         0x00000000800273e8     0x364c
 *(.rodata*)
 .rodata.getTemp.cst4
                0x00000000800273e8       0x10 main.o
 .rodata.getTemp.cst8
                0x00000000800273f8        0x8 main.o
 .rodata.getTemp.str1.8
                0x0000000080027400       0x59 main.o
 *fill*         0x0000000080027459        0x3 
 .rodata.main.cst4
                0x000000008002745c        0x4 main.o
 .rodata.main.str1.8
                0x0000000080027460      0x125 main.o
 *fill*         0x0000000080027585        0x3 
 .rodata.str1.8
                0x0000000080027588       0xd0 main.o
                                         0xce (size before relaxing)
 .rodata.console_init.str1.1
                0x0000000080027658       0x33 /usr/local/xenon/usr/lib/libxenon.a(console.o)
 *fill*         0x000000008002768b        0x5 
 .rodata.fontdata_8x16
                0x0000000080027690     0x1000 /usr/local/xenon/usr/lib/libxenon.a(console.o)
                0x0000000080027690                fontdata_8x16
 .rodata.AddDevice.str1.1
                0x0000000080028690        0x8 /usr/local/xenon/usr/lib/libxenon.a(newlib.o)
 .rodata.abort.str1.1
                0x0000000080028698        0xf /usr/local/xenon/usr/lib/libxenon.a(newlib.o)
 *fill*         0x00000000800286a7        0x1 
 .rodata.console_optab
                0x00000000800286a8       0x64 /usr/local/xenon/usr/lib/libxenon.a(newlib.o)
                0x00000000800286a8                console_optab
 .rodata.dotab_stdnull
                0x000000008002870c       0x64 /usr/local/xenon/usr/lib/libxenon.a(newlib.o)
                0x000000008002870c                dotab_stdnull
 .rodata.str1.1
                0x0000000080028770        0x7 /usr/local/xenon/usr/lib/libxenon.a(newlib.o)
 *fill*         0x0000000080028777        0x1 
 .rodata.__func__.4659
                0x0000000080028778       0x12 /usr/local/xenon/usr/lib/libxenon.a(xenon_syscalls.o)
 *fill*         0x000000008002878a        0x6 
 .rodata.__func__.4665
                0x0000000080028790       0x14 /usr/local/xenon/usr/lib/libxenon.a(xenon_syscalls.o)
 .rodata.try_return_to_xell.str1.1
                0x00000000800287a4       0x11 /usr/local/xenon/usr/lib/libxenon.a(xenon_syscalls.o)
 .rodata.xenon_exit.str1.1
                0x00000000800287b5       0x63 /usr/local/xenon/usr/lib/libxenon.a(xenon_syscalls.o)
 .rodata.xenon_malloc_lock.str1.1
                0x0000000080028818        0x9 /usr/local/xenon/usr/lib/libxenon.a(xenon_syscalls.o)
 .rodata.xenon_malloc_unlock.str1.1
                0x0000000080028821       0x40 /usr/local/xenon/usr/lib/libxenon.a(xenon_syscalls.o)
 .rodata.kmem_init.str1.1
                0x0000000080028861       0x35 /usr/local/xenon/usr/lib/libxenon.a(lib_malloc.o)
 .rodata.lib_outofmemory.str1.1
                0x0000000080028896       0x16 /usr/local/xenon/usr/lib/libxenon.a(lib_malloc.o)
 .rodata.crashdump.str1.1
                0x00000000800288ac       0xec /usr/local/xenon/usr/lib/libxenon.a(c_except.o)
                                         0xf0 (size before relaxing)
 .rodata.str1.1
                0x0000000080028998       0x14 /usr/local/xenon/usr/lib/libxenon.a(usbctrl.o)
 .rodata.usbctrl_attach.str1.1
                0x00000000800289ac       0x5f /usr/local/xenon/usr/lib/libxenon.a(usbctrl.o)
 .rodata.usbctrl_detach.str1.1
                0x0000000080028a0b       0x42 /usr/local/xenon/usr/lib/libxenon.a(usbctrl.o)
 .rodata.usbctrl_set_leds.str1.1
                0x0000000080028a4d       0x16 /usr/local/xenon/usr/lib/libxenon.a(usbctrl.o)
 .rodata.usb_create_pipe.str1.1
                0x0000000080028a63       0x32 /usr/local/xenon/usr/lib/libxenon.a(usbd.o)
 .rodata.usb_free_request.str1.1
                0x0000000080028a95       0x34 /usr/local/xenon/usr/lib/libxenon.a(usbd.o)
 .rodata.usb_initroot.str1.1
                0x0000000080028ac9       0x73 /usr/local/xenon/usr/lib/libxenon.a(usbd.o)
 .rodata.usb_find_driver.str1.1
                0x0000000080028b3c       0x5a /usr/local/xenon/usr/lib/libxenon.a(usbdevs.o)
 .rodata.str1.1
                0x0000000080028b96       0x2e /usr/local/xenon/usr/lib/libxenon.a(usbhid.o)
 .rodata.usbhid_attach.str1.1
                0x0000000080028bc4       0x19 /usr/local/xenon/usr/lib/libxenon.a(usbhid.o)
 *fill*         0x0000000080028bdd        0x3 
 .rodata.usbhid_devtypes
                0x0000000080028be0        0xc /usr/local/xenon/usr/lib/libxenon.a(usbhid.o)
 .rodata.usbhid_ireq_callback.str1.1
                0x0000000080028bec        0x3 /usr/local/xenon/usr/lib/libxenon.a(usbhid.o)
 .rodata.str1.1
                0x0000000080028bef       0x11 /usr/local/xenon/usr/lib/libxenon.a(usbhub.o)
 .rodata.usbhub_detach.str1.1
                0x0000000080028c00       0x76 /usr/local/xenon/usr/lib/libxenon.a(usbhub.o)
 .rodata.usbhub_scan1.str1.1
                0x0000000080028c76      0x176 /usr/local/xenon/usr/lib/libxenon.a(usbhub.o)
 .rodata.usb_init.str1.1
                0x0000000080028dec       0x5a /usr/local/xenon/usr/lib/libxenon.a(usbmain.o)
 .rodata.usb_init_one_ohci.str1.1
                0x0000000080028e46       0x75 /usr/local/xenon/usr/lib/libxenon.a(usbmain.o)
 .rodata.EHCI_do_one.str1.1
                0x0000000080028ebb       0x20 /usr/local/xenon/usr/lib/libxenon.a(tinyehci.o)
 .rodata.USBStorage_Init.str1.1
                0x0000000080028edb       0x47 /usr/local/xenon/usr/lib/libxenon.a(tinyehci.o)
 .rodata.ehci_reset_usb_port.str1.1
                0x0000000080028f22       0x33 /usr/local/xenon/usr/lib/libxenon.a(tinyehci.o)
 .rodata.xenon_smc_ana_read.str1.1
                0x0000000080028f55       0x2e /usr/local/xenon/usr/lib/libxenon.a(xenon_smc.o)
 .rodata.xenon_smc_ana_write.str1.1
                0x0000000080028f83       0x2f /usr/local/xenon/usr/lib/libxenon.a(xenon_smc.o)
 .rodata.xenon_smc_handle_bulk.str1.1
                0x0000000080028fb2       0x46 /usr/local/xenon/usr/lib/libxenon.a(xenon_smc.o)
 .rodata.xenon_smc_i2c_ddc_lock.str1.1
                0x0000000080028ff8       0x27 /usr/local/xenon/usr/lib/libxenon.a(xenon_smc.o)
 .rodata.xenon_smc_i2c_read.str1.1
                0x000000008002901f       0x2e /usr/local/xenon/usr/lib/libxenon.a(xenon_smc.o)
 .rodata.xenon_smc_i2c_write.str1.1
                0x000000008002904d       0x2f /usr/local/xenon/usr/lib/libxenon.a(xenon_smc.o)
 .rodata.xenon_make_it_faster.str1.1
                0x000000008002907c      0x10a /usr/local/xenon/usr/lib/libxenon.a(xenon_power.o)
 .rodata.xenon_set_speed.str1.1
                0x0000000080029186       0x44 /usr/local/xenon/usr/lib/libxenon.a(xenon_power.o)
 .rodata.xenon_config_get_avregion.str1.1
                0x00000000800291ca       0x20 /usr/local/xenon/usr/lib/libxenon.a(xenon_config.o)
 .rodata.xenon_config_init.str1.1
                0x00000000800291ea       0x20 /usr/local/xenon/usr/lib/libxenon.a(xenon_config.o)
 *fill*         0x000000008002920a        0x2 
 .rodata        0x000000008002920c      0x140 /usr/local/xenon/usr/lib/libxenon.a(xenos.o)
 *fill*         0x000000008002934c        0x4 
 .rodata.CSWTCH.44
                0x0000000080029350        0x4 /usr/local/xenon/usr/lib/libxenon.a(xenos.o)
 *fill*         0x0000000080029354        0x4 
 .rodata.__func__.4400
                0x0000000080029358       0x12 /usr/local/xenon/usr/lib/libxenon.a(xenos.o)
 .rodata.str1.1
                0x000000008002936a       0x94 /usr/local/xenon/usr/lib/libxenon.a(xenos.o)
 .rodata.xenos_ana_write.str1.1
                0x00000000800293fe       0x33 /usr/local/xenon/usr/lib/libxenon.a(xenos.o)
 .rodata.xenos_autoset_mode.str1.1
                0x0000000080029431       0x17 /usr/local/xenon/usr/lib/libxenon.a(xenos.o)
 .rodata.xenos_init.str1.1
                0x0000000080029448       0x57 /usr/local/xenon/usr/lib/libxenon.a(xenos.o)
 .rodata.xenos_init_ana_new.str1.1
                0x000000008002949f       0xf5 /usr/local/xenon/usr/lib/libxenon.a(xenos.o)
 .rodata.xenos_init_phase1.str1.1
                0x0000000080029594       0x85 /usr/local/xenon/usr/lib/libxenon.a(xenos.o)
 .rodata.xenos_is_overscan.str1.1
                0x0000000080029619       0x16 /usr/local/xenon/usr/lib/libxenon.a(xenos.o)
 .rodata.xenos_set_mode.str1.1
                0x000000008002962f       0x29 /usr/local/xenon/usr/lib/libxenon.a(xenos.o)
 .rodata.edid_header
                0x0000000080029658        0x8 /usr/local/xenon/usr/lib/libxenon.a(xenos_edid.o)
 .rodata.xenos_ddc_read_edid.str1.1
                0x0000000080029660       0xa5 /usr/local/xenon/usr/lib/libxenon.a(xenos_edid.o)
 .rodata.xenos_get_edid.str1.1
                0x0000000080029705       0x61 /usr/local/xenon/usr/lib/libxenon.a(xenos_edid.o)
 .rodata.kv_get_dvd_key.str1.1
                0x0000000080029766      0x15c /usr/local/xenon/usr/lib/libxenon.a(xb360.o)
 .rodata.print_cpu_dvd_keys.str1.1
                0x00000000800298c2       0x62 /usr/local/xenon/usr/lib/libxenon.a(xb360.o)
 .rodata.print_key.str1.1
                0x0000000080029924        0xa /usr/local/xenon/usr/lib/libxenon.a(xb360.o)
 .rodata.str1.1
                0x000000008002992e        0xd /usr/local/xenon/usr/lib/libxenon.a(dummy.o)
 *fill*         0x000000008002993b        0x1 
 .rodata.ohci_xfer
                0x000000008002993c       0x50 /usr/local/xenon/usr/lib/libxenon.a(ohci.o)
 .rodata.ohci_revbits
                0x000000008002998c       0x80 /usr/local/xenon/usr/lib/libxenon.a(ohci.o)
 .rodata.ohci_root_cfgdsc
                0x0000000080029a0c        0x9 /usr/local/xenon/usr/lib/libxenon.a(ohci.o)
 .rodata.ohci_root_devdsc
                0x0000000080029a15       0x12 /usr/local/xenon/usr/lib/libxenon.a(ohci.o)
 .rodata.ohci_root_epdsc
                0x0000000080029a27        0x7 /usr/local/xenon/usr/lib/libxenon.a(ohci.o)
 .rodata.ohci_root_hubdsc
                0x0000000080029a2e       0x47 /usr/local/xenon/usr/lib/libxenon.a(ohci.o)
 .rodata.ohci_root_ifdsc
                0x0000000080029a75        0x9 /usr/local/xenon/usr/lib/libxenon.a(ohci.o)
 .rodata.ohci_xfer.str1.1
                0x0000000080029a7e        0x8 /usr/local/xenon/usr/lib/libxenon.a(ohci.o)
                                         0x11 (size before relaxing)
 *fill*         0x0000000080029a86        0x2 
 .rodata.eptattribs.4047
                0x0000000080029a88       0x10 /usr/local/xenon/usr/lib/libxenon.a(usbdebug.o)
 .rodata.getstringmaybe.str1.1
                0x0000000080029a98        0x8 /usr/local/xenon/usr/lib/libxenon.a(usbdebug.o)
                                          0x1 (size before relaxing)
 .rodata.str1.1
                0x0000000080029a98       0x1c /usr/local/xenon/usr/lib/libxenon.a(usbdebug.o)
 .rodata.usb_dbg_dumpdescriptors.str1.1
                0x0000000080029ab4      0x4a8 /usr/local/xenon/usr/lib/libxenon.a(usbdebug.o)
 .rodata.usb_dbg_dumpportstatus.str1.1
                0x0000000080029f5c       0xd8 /usr/local/xenon/usr/lib/libxenon.a(usbdebug.o)
                                         0xdb (size before relaxing)
 .rodata        0x000000008002a034       0x24 /usr/local/xenon/usr/lib/libxenon.a(xenon_gpio.o)
 .rodata.sfcx_init.str1.1
                0x000000008002a058       0x7e /usr/local/xenon/usr/lib/libxenon.a(xenon_sfcx.o)
 .rodata        0x000000008002a0d6        0x2 /usr/local/xenon/usr/lib/libxenon.a(sha1.o)
 .rodata.SHA1_Final.str1.1
                0x000000008002a0d8        0x2 /usr/local/xenon/usr/lib/libxenon.a(sha1.o)
 *fill*         0x000000008002a0da        0x2 
 .rodata        0x000000008002a0dc       0x34 /usr/local/xenon/lib/gcc/xenon/6.3.0/32/libgcc.a(unwind-dw2-fde-dip.o)
 .rodata.str1.4
                0x000000008002a110       0x3f /usr/local/xenon/xenon/lib/32/libc.a(lib_a-assert.o)
                                         0x43 (size before relaxing)
 *fill*         0x000000008002a14f        0x1 
 .rodata.str1.4
                0x000000008002a150        0xe /usr/local/xenon/xenon/lib/32/libc.a(lib_a-locale.o)
                                         0x12 (size before relaxing)
 *fill*         0x000000008002a15e        0x2 
 .rodata.str1.4
                0x000000008002a160        0x2 /usr/local/xenon/xenon/lib/32/libc.a(lib_a-puts.o)
 *fill*         0x000000008002a162        0x2 
 .rodata        0x000000008002a164      0x184 /usr/local/xenon/xenon/lib/32/libc.a(lib_a-svfprintf.o)
 .rodata.cst4   0x000000008002a2e8        0x4 /usr/local/xenon/xenon/lib/32/libc.a(lib_a-svfprintf.o)
 .rodata.cst8   0x000000008002a2e8        0x8 /usr/local/xenon/xenon/lib/32/libc.a(lib_a-svfprintf.o)
 .rodata.str1.4
                0x000000008002a2f0       0x42 /usr/local/xenon/xenon/lib/32/libc.a(lib_a-svfprintf.o)
 *fill*         0x000000008002a332        0x2 
 .rodata        0x000000008002a334      0x184 /usr/local/xenon/xenon/lib/32/libc.a(lib_a-vfiprintf.o)
 .rodata.cst4   0x000000008002a4b8        0x8 /usr/local/xenon/xenon/lib/32/libc.a(lib_a-vfiprintf.o)
 .rodata.str1.4
                0x000000008002a4c0       0x2f /usr/local/xenon/xenon/lib/32/libc.a(lib_a-vfiprintf.o)
 .rodata        0x000000008002a4c0      0x184 /usr/local/xenon/xenon/lib/32/libc.a(lib_a-vfprintf.o)
 .rodata.cst4   0x000000008002a644        0x4 /usr/local/xenon/xenon/lib/32/libc.a(lib_a-vfprintf.o)
 .rodata.cst8   0x000000008002a644        0x8 /usr/local/xenon/xenon/lib/32/libc.a(lib_a-vfprintf.o)
 .rodata.str1.4
                0x000000008002a644       0x42 /usr/local/xenon/xenon/lib/32/libc.a(lib_a-vfprintf.o)
 .rodata        0x000000008002a644      0x101 /usr/local/xenon/xenon/lib/32/libc.a(lib_a-ctype_.o)
                0x000000008002a644                _ctype_
 *fill*         0x000000008002a745        0x3 
 .rodata.cst4   0x000000008002a748       0x18 /usr/local/xenon/xenon/lib/32/libc.a(lib_a-dtoa.o)
                                         0x1c (size before relaxing)
 .rodata.cst8   0x000000008002a760       0x18 /usr/local/xenon/xenon/lib/32/libc.a(lib_a-dtoa.o)
 .rodata.str1.4
                0x000000008002a778       0x10 /usr/local/xenon/xenon/lib/32/libc.a(lib_a-dtoa.o)
                                         0x12 (size before relaxing)
 .rodata        0x000000008002a788      0x128 /usr/local/xenon/xenon/lib/32/libc.a(lib_a-mprec.o)
                0x000000008002a798                __mprec_tens
                0x000000008002a860                __mprec_tinytens
                0x000000008002a888                __mprec_bigtens
 .rodata.cst4   0x000000008002a8b0        0x8 /usr/local/xenon/xenon/lib/32/libc.a(lib_a-mprec.o)
 .rodata        0x000000008002a8b0      0x184 /usr/local/xenon/xenon/lib/32/libc.a(lib_a-svfiprintf.o)
 .rodata.str1.4
                0x000000008002aa34       0x2f /usr/local/xenon/xenon/lib/32/libc.a(lib_a-svfiprintf.o)

.ctors          0x000000008002aa34        0x0
                0x000000008002aa34                __CTOR_LIST__ = .
 *(.ctors)
                0x000000008002aa34                __CTOR_END__ = .

.dtors          0x000000008002aa34        0x0
                0x000000008002aa34                __DTOR_LIST__ = .
 *(.dtors)
                0x000000008002aa34                __DTOR_END__ = .

.eh_frame_hdr   0x000000008002aa34       0xe4
 *(.eh_frame_hdr)
 .eh_frame_hdr  0x000000008002aa34       0xe4 /usr/local/xenon/lib/gcc/xenon/6.3.0/32/libgcc.a(crtsavgpr.o)
                0x000000008002aa34                __GNU_EH_FRAME_HDR

.eh_frame       0x000000008002ab18      0x5e8
                0x000000008002ab18                PROVIDE (__eh_frame_start, .)
 *(.eh_frame)
 .eh_frame      0x000000008002ab18        0x0 /usr/local/xenon/lib/gcc/xenon/6.3.0/../../../../xenon/lib/../lib/crt1.o
 .eh_frame      0x000000008002ab18       0x28 /usr/local/xenon/lib/gcc/xenon/6.3.0/32/libgcc.a(crtsavgpr.o)
 .eh_frame      0x000000008002ab40       0x7c /usr/local/xenon/lib/gcc/xenon/6.3.0/32/libgcc.a(crtresxgpr.o)
 .eh_frame      0x000000008002abbc      0x4b8 /usr/local/xenon/lib/gcc/xenon/6.3.0/32/libgcc.a(unwind-dw2-fde-dip.o)
                                        0x4cc (size before relaxing)
 .eh_frame      0x000000008002b074       0x40 /usr/local/xenon/lib/gcc/xenon/6.3.0/32/libgcc.a(_udivdi3.o)
                                         0x54 (size before relaxing)
 .eh_frame      0x000000008002b0b4       0x44 /usr/local/xenon/lib/gcc/xenon/6.3.0/32/libgcc.a(_umoddi3.o)
                                         0x58 (size before relaxing)
 .eh_frame      0x000000008002b0f8        0x4 /usr/local/xenon/lib/gcc/xenon/6.3.0/32/crtend.o
                0x000000008002b0fc        0x4 LONG 0x0

.rela.dyn       0x000000008002b100        0x0
 .rela.iplt     0x000000008002b100        0x0 /usr/local/xenon/lib/gcc/xenon/6.3.0/../../../../xenon/lib/../lib/crt1.o
 .rela.text.call_ctors
                0x000000008002b100        0x0 /usr/local/xenon/lib/gcc/xenon/6.3.0/../../../../xenon/lib/../lib/crt1.o
 .rela.text.c_register_frame
                0x000000008002b100        0x0 /usr/local/xenon/lib/gcc/xenon/6.3.0/../../../../xenon/lib/../lib/crt1.o
 .rela.text.__crtmain
                0x000000008002b100        0x0 /usr/local/xenon/lib/gcc/xenon/6.3.0/../../../../xenon/lib/../lib/crt1.o
 .rela.text     0x000000008002b100        0x0 /usr/local/xenon/lib/gcc/xenon/6.3.0/../../../../xenon/lib/../lib/crt1.o
 .rela.text.__check_argv
                0x000000008002b100        0x0 /usr/local/xenon/lib/gcc/xenon/6.3.0/../../../../xenon/lib/../lib/crt1.o
 .rela.text.console_init
                0x000000008002b100        0x0 /usr/local/xenon/lib/gcc/xenon/6.3.0/../../../../xenon/lib/../lib/crt1.o
 .rela.text.console_close
                0x000000008002b100        0x0 /usr/local/xenon/lib/gcc/xenon/6.3.0/../../../../xenon/lib/../lib/crt1.o
 .rela.text.__dirreset
                0x000000008002b100        0x0 /usr/local/xenon/lib/gcc/xenon/6.3.0/../../../../xenon/lib/../lib/crt1.o
 .rela.text.__dirnext
                0x000000008002b100        0x0 /usr/local/xenon/lib/gcc/xenon/6.3.0/../../../../xenon/lib/../lib/crt1.o
 .rela.text.__libc_lock_init
                0x000000008002b100        0x0 /usr/local/xenon/lib/gcc/xenon/6.3.0/../../../../xenon/lib/../lib/crt1.o
 .rela.text.__libc_lock_close
                0x000000008002b100        0x0 /usr/local/xenon/lib/gcc/xenon/6.3.0/../../../../xenon/lib/../lib/crt1.o
 .rela.text.__libc_lock_release
                0x000000008002b100        0x0 /usr/local/xenon/lib/gcc/xenon/6.3.0/../../../../xenon/lib/../lib/crt1.o
 .rela.text.__libc_lock_acquire
                0x000000008002b100        0x0 /usr/local/xenon/lib/gcc/xenon/6.3.0/../../../../xenon/lib/../lib/crt1.o
 .rela.text.__malloc_lock
                0x000000008002b100        0x0 /usr/local/xenon/lib/gcc/xenon/6.3.0/../../../../xenon/lib/../lib/crt1.o
 .rela.text.__malloc_unlock
                0x000000008002b100        0x0 /usr/local/xenon/lib/gcc/xenon/6.3.0/../../../../xenon/lib/../lib/crt1.o
 .rela.text._exit
                0x000000008002b100        0x0 /usr/local/xenon/lib/gcc/xenon/6.3.0/../../../../xenon/lib/../lib/crt1.o
 .rela.text.sbrk
                0x000000008002b100        0x0 /usr/local/xenon/lib/gcc/xenon/6.3.0/../../../../xenon/lib/../lib/crt1.o
 .rela.text.execve
                0x000000008002b100        0x0 /usr/local/xenon/lib/gcc/xenon/6.3.0/../../../../xenon/lib/../lib/crt1.o
 .rela.text.execv
                0x000000008002b100        0x0 /usr/local/xenon/lib/gcc/xenon/6.3.0/../../../../xenon/lib/../lib/crt1.o
 .rela.text.execvp
                0x000000008002b100        0x0 /usr/local/xenon/lib/gcc/xenon/6.3.0/../../../../xenon/lib/../lib/crt1.o
 .rela.text.fork
                0x000000008002b100        0x0 /usr/local/xenon/lib/gcc/xenon/6.3.0/../../../../xenon/lib/../lib/crt1.o
 .rela.text.getpid
                0x000000008002b100        0x0 /usr/local/xenon/lib/gcc/xenon/6.3.0/../../../../xenon/lib/../lib/crt1.o
 .rela.text.getrusage
                0x000000008002b100        0x0 /usr/local/xenon/lib/gcc/xenon/6.3.0/../../../../xenon/lib/../lib/crt1.o
 .rela.text.gettimeofday
                0x000000008002b100        0x0 /usr/local/xenon/lib/gcc/xenon/6.3.0/../../../../xenon/lib/../lib/crt1.o
 .rela.text.kill
                0x000000008002b100        0x0 /usr/local/xenon/lib/gcc/xenon/6.3.0/../../../../xenon/lib/../lib/crt1.o
 .rela.text.open
                0x000000008002b100        0x0 /usr/local/xenon/lib/gcc/xenon/6.3.0/../../../../xenon/lib/../lib/crt1.o
 .rela.text.read
                0x000000008002b100        0x0 /usr/local/xenon/lib/gcc/xenon/6.3.0/../../../../xenon/lib/../lib/crt1.o
 .rela.text.write
                0x000000008002b100        0x0 /usr/local/xenon/lib/gcc/xenon/6.3.0/../../../../xenon/lib/../lib/crt1.o
 .rela.text.fstat
                0x000000008002b100        0x0 /usr/local/xenon/lib/gcc/xenon/6.3.0/../../../../xenon/lib/../lib/crt1.o
 .rela.text.stat
                0x000000008002b100        0x0 /usr/local/xenon/lib/gcc/xenon/6.3.0/../../../../xenon/lib/../lib/crt1.o
 .rela.text.statvfs
                0x000000008002b100        0x0 /usr/local/xenon/lib/gcc/xenon/6.3.0/../../../../xenon/lib/../lib/crt1.o
 .rela.text.fsync
                0x000000008002b100        0x0 /usr/local/xenon/lib/gcc/xenon/6.3.0/../../../../xenon/lib/../lib/crt1.o
 .rela.text.ftruncate
                0x000000008002b100        0x0 /usr/local/xenon/lib/gcc/xenon/6.3.0/../../../../xenon/lib/../lib/crt1.o
 .rela.text.link
                0x000000008002b100        0x0 /usr/local/xenon/lib/gcc/xenon/6.3.0/../../../../xenon/lib/../lib/crt1.o
 .rela.text.lseek
                0x000000008002b100        0x0 /usr/local/xenon/lib/gcc/xenon/6.3.0/../../../../xenon/lib/../lib/crt1.o
 .rela.text.rename
                0x000000008002b100        0x0 /usr/local/xenon/lib/gcc/xenon/6.3.0/../../../../xenon/lib/../lib/crt1.o
 .rela.text.unlink
                0x000000008002b100        0x0 /usr/local/xenon/lib/gcc/xenon/6.3.0/../../../../xenon/lib/../lib/crt1.o
 .rela.text.close
                0x000000008002b100        0x0 /usr/local/xenon/lib/gcc/xenon/6.3.0/../../../../xenon/lib/../lib/crt1.o
 .rela.text.chdir
                0x000000008002b100        0x0 /usr/local/xenon/lib/gcc/xenon/6.3.0/../../../../xenon/lib/../lib/crt1.o
 .rela.text.getcwd
                0x000000008002b100        0x0 /usr/local/xenon/lib/gcc/xenon/6.3.0/../../../../xenon/lib/../lib/crt1.o
 .rela.text.chmod
                0x000000008002b100        0x0 /usr/local/xenon/lib/gcc/xenon/6.3.0/../../../../xenon/lib/../lib/crt1.o
 .rela.text.fchmod
                0x000000008002b100        0x0 /usr/local/xenon/lib/gcc/xenon/6.3.0/../../../../xenon/lib/../lib/crt1.o
 .rela.text.opendir
                0x000000008002b100        0x0 /usr/local/xenon/lib/gcc/xenon/6.3.0/../../../../xenon/lib/../lib/crt1.o
 .rela.text.closedir
                0x000000008002b100        0x0 /usr/local/xenon/lib/gcc/xenon/6.3.0/../../../../xenon/lib/../lib/crt1.o
 .rela.text.mkdir
                0x000000008002b100        0x0 /usr/local/xenon/lib/gcc/xenon/6.3.0/../../../../xenon/lib/../lib/crt1.o
 .rela.text.xenon_sbrk
                0x000000008002b100        0x0 /usr/local/xenon/lib/gcc/xenon/6.3.0/../../../../xenon/lib/../lib/crt1.o
 .rela.text.kmem_init
                0x000000008002b100        0x0 /usr/local/xenon/lib/gcc/xenon/6.3.0/../../../../xenon/lib/../lib/crt1.o
 .rela.text.usbctrl_set_led_callback
                0x000000008002b100        0x0 /usr/local/xenon/lib/gcc/xenon/6.3.0/../../../../xenon/lib/../lib/crt1.o
 .rela.text.usbctrl_set_rol
                0x000000008002b100        0x0 /usr/local/xenon/lib/gcc/xenon/6.3.0/../../../../xenon/lib/../lib/crt1.o
 .rela.text.usbctrl_set_leds
                0x000000008002b100        0x0 /usr/local/xenon/lib/gcc/xenon/6.3.0/../../../../xenon/lib/../lib/crt1.o
 .rela.text.usbctrl_poll